/itf-fi-ml/shared/users/ziyuzh/svm/src/features_reindex.py:21: PerformanceWarning: DataFrame is highly fragmented.  This is usually the result of calling `frame.insert` many times, which has poor performance.  Consider joining all columns at once using pd.concat(axis=1) instead. To get a de-fragmented frame, use `newframe = frame.copy()`
  df['label'] = df['string_id'].isin(pos_genes_list).astype(int)
/itf-fi-ml/shared/users/ziyuzh/svm/src/features_reindex.py:22: PerformanceWarning: DataFrame is highly fragmented.  This is usually the result of calling `frame.insert` many times, which has poor performance.  Consider joining all columns at once using pd.concat(axis=1) instead. To get a de-fragmented frame, use `newframe = frame.copy()`
  df['test'] = df['string_id'].isin(dga[(dga['disease_id'] == disease) & (dga['first_pub_year'] > time)]['string_id']).astype(int)
['ppi_2017_700'] 49 15554
ICD10_C16 79
train test split
later fusion
/itf-fi-ml/shared/users/ziyuzh/svm/src/features_reindex.py:21: PerformanceWarning: DataFrame is highly fragmented.  This is usually the result of calling `frame.insert` many times, which has poor performance.  Consider joining all columns at once using pd.concat(axis=1) instead. To get a de-fragmented frame, use `newframe = frame.copy()`
  df['label'] = df['string_id'].isin(pos_genes_list).astype(int)
/itf-fi-ml/shared/users/ziyuzh/svm/src/features_reindex.py:22: PerformanceWarning: DataFrame is highly fragmented.  This is usually the result of calling `frame.insert` many times, which has poor performance.  Consider joining all columns at once using pd.concat(axis=1) instead. To get a de-fragmented frame, use `newframe = frame.copy()`
  df['test'] = df['string_id'].isin(dga[(dga['disease_id'] == disease) & (dga['first_pub_year'] > time)]['string_id']).astype(int)
ICD10_C18 41
train test split
later fusion
/itf-fi-ml/shared/users/ziyuzh/svm/src/features_reindex.py:21: PerformanceWarning: DataFrame is highly fragmented.  This is usually the result of calling `frame.insert` many times, which has poor performance.  Consider joining all columns at once using pd.concat(axis=1) instead. To get a de-fragmented frame, use `newframe = frame.copy()`
  df['label'] = df['string_id'].isin(pos_genes_list).astype(int)
/itf-fi-ml/shared/users/ziyuzh/svm/src/features_reindex.py:22: PerformanceWarning: DataFrame is highly fragmented.  This is usually the result of calling `frame.insert` many times, which has poor performance.  Consider joining all columns at once using pd.concat(axis=1) instead. To get a de-fragmented frame, use `newframe = frame.copy()`
  df['test'] = df['string_id'].isin(dga[(dga['disease_id'] == disease) & (dga['first_pub_year'] > time)]['string_id']).astype(int)
ICD10_C43 34
train test split
later fusion
Feature: ppi_2017_700, Epoch 1/100, Train Loss: 0.5830, Val Loss: 0.4704, Train AUC: 0.4869, Val AUC: 0.3420
Feature: ppi_2017_700, Epoch 2/100, Train Loss: 0.4702, Val Loss: 0.4678, Train AUC: 0.4732, Val AUC: 0.4848
Feature: ppi_2017_700, Epoch 3/100, Train Loss: 0.4510, Val Loss: 0.4699, Train AUC: 0.5527, Val AUC: 0.3680
Feature: ppi_2017_700, Epoch 4/100, Train Loss: 0.4526, Val Loss: 0.4669, Train AUC: 0.5399, Val AUC: 0.4026
Feature: ppi_2017_700, Epoch 5/100, Train Loss: 0.4379, Val Loss: 0.4667, Train AUC: 0.5962, Val AUC: 0.4286
Feature: ppi_2017_700, Epoch 6/100, Train Loss: 0.4682, Val Loss: 0.4671, Train AUC: 0.4545, Val AUC: 0.4242
Feature: ppi_2017_700, Epoch 7/100, Train Loss: 0.4605, Val Loss: 0.4650, Train AUC: 0.5076, Val AUC: 0.4502
Feature: ppi_2017_700, Epoch 8/100, Train Loss: 0.4640, Val Loss: 0.4647, Train AUC: 0.5015, Val AUC: 0.4719
Feature: ppi_2017_700, Epoch 9/100, Train Loss: 0.4790, Val Loss: 0.4643, Train AUC: 0.3974, Val AUC: 0.4892
Feature: ppi_2017_700, Epoch 10/100, Train Loss: 0.4528, Val Loss: 0.4639, Train AUC: 0.5291, Val AUC: 0.5325
Feature: ppi_2017_700, Epoch 11/100, Train Loss: 0.4695, Val Loss: 0.4635, Train AUC: 0.4525, Val AUC: 0.5801
Feature: ppi_2017_700, Epoch 12/100, Train Loss: 0.4424, Val Loss: 0.4635, Train AUC: 0.5839, Val AUC: 0.5931
Fe/itf-fi-ml/shared/users/ziyuzh/svm/src/features_reindex.py:21: PerformanceWarning: DataFrame is highly fragmented.  This is usually the result of calling `frame.insert` many times, which has poor performance.  Consider joining all columns at once using pd.concat(axis=1) instead. To get a de-fragmented frame, use `newframe = frame.copy()`
  df['label'] = df['string_id'].isin(pos_genes_list).astype(int)
/itf-fi-ml/shared/users/ziyuzh/svm/src/features_reindex.py:22: PerformanceWarning: DataFrame is highly fragmented.  This is usually the result of calling `frame.insert` many times, which has poor performance.  Consider joining all columns at once using pd.concat(axis=1) instead. To get a de-fragmented frame, use `newframe = frame.copy()`
  df['test'] = df['string_id'].isin(dga[(dga['disease_id'] == disease) & (dga['first_pub_year'] > time)]['string_id']).astype(int)
ICD10_C45 31
train test split
later fusion
Feature: ppi_2017_700, Epoch 1/100, Train Loss: 0.5757, Val Loss: 0.4572, Train AUC: 0.5233, Val AUC: 0.4000
Feature: ppi_2017_700, Epoch 2/100, Train Loss: 0.4443, Val Loss: 0.4514, Train AUC: 0.6035, Val AUC: 0.4778
Feature: ppi_2017_700, Epoch 3/100, Train Loss: 0.4554, Val Loss: 0.4549, Train AUC: 0.5601, Val AUC: 0.4889
Feature: ppi_2017_700, Epoch 4/100, Train Loss: 0.4680, Val Loss: 0.4522, Train AUC: 0.4986, Val AUC: 0.5778
Feature: ppi_2017_700, Epoch 5/100, Train Loss: 0.4595, Val Loss: 0.4490, Train AUC: 0.5309, Val AUC: 0.5722
Feature: ppi_2017_700, Epoch 6/100, Train Loss: 0.4688, Val Loss: 0.4482, Train AUC: 0.4833, Val AUC: 0.6111
Feature: ppi_2017_700, Epoch 7/100, Train Loss: 0.4870, Val Loss: 0.4494, Train AUC: 0.3903, Val AUC: 0.6167
Feature: ppi_2017_700, Epoch 8/100, Train Loss: 0.4604, Val Loss: 0.4493, Train AUC: 0.5462, Val AUC: 0.6167
Feature: ppi_2017_700, Epoch 9/100, Train Loss: 0.4664, Val Loss: 0.4487, Train AUC: 0.4826, Val AUC: 0.6222
Feature: ppi_2017_700, Epoch 10/100, Train Loss: 0.4655, Val Loss: 0.4478, Train AUC: 0.4802, Val AUC: 0.6444
Feature: ppi_2017_700, Epoch 11/100, Train Loss: 0.4235, Val Loss: 0.4475, Train AUC: 0.6830, Val AUC: 0.6611
Feature: ppi_2017_700, Epoch 12/100, Train Loss: 0.4506, Val Loss: 0.4474, Train AUC: 0.5628, Val AUC: 0.6667
Feature: ppi_2017_700, Epoch 13/100, Train Loss: 0.4707, Val Loss: 0.4472, Train AUC: 0.4990, Val AUC: 0.6667
Feature: ppi_2017_700, Epoch 14/100, Train Loss: 0.4522, Val Loss: 0.4472, Train AUC: 0.5573, Val AUC: 0.6722
Feature: ppi_2017_700, Epoch 15/100, Train Loss: 0.4581, Val Loss: 0.4468, Train AUC: 0.5503, Val AUC: 0.6778
Feature: ppi_2017_700, Epoch 16/100, Train Loss: 0.4369, Val Loss: 0.4465, Train AUC: 0.6382, Val AUC: 0.6778
Feature: ppi_2017_700, Epoch 17/100, Train Loss: 0.4760, Val Loss: 0.4466, Train AUC: 0.4219, Val AUC: 0.6722
Feature: ppi_2017_700, Epoch 18/100, Train Loss: 0.4569, Val Loss: 0.4463, Train AUC: 0.5601, Val AUC: 0.6722
Feature: ppi_2017_700, Epoch 19/100, Train Loss: 0.4762, Val Loss: 0.4463, Train AUC: 0.4201, Val AUC: 0.6667
Feature: ppi_2017_700, Epoch 20/100, Train Loss: 0.4585, Val Loss: 0.4459, Train AUC: 0.5233, Val AUC: 0.6611
Feature: ppi_2017_700, Epoch 21/100, Train Loss: 0.4453, Val Loss: 0.4458, Train AUC: 0.5944, Val AUC: 0.6722
Feature: ppi_2017_700, Epoch 22/100, Train Loss: 0.4589, Val Loss: 0.4457, Train AUC: 0.5104, Val AUC: 0.6778
Feature: ppi_2017_700, Epoch 23/100, Train Loss: 0.4669, Val Loss: 0.4461, Train AUC: 0.5007, Val AUC: 0.6889
Feature: ppi_2017_700, Epoch 24/100, Train Loss: 0.4488, Val Loss: 0.4464, Train AUC: 0.6080, Val AUC: 0.6944
Feature: ppi_2017_700, Epoch 25/100, Train Loss: 0.4509, Val Loss: 0.4452, Train AUC: 0.5750, Val AUC: 0.6944
Feature: ppi_2017_700, Epoch 26/100, Train Loss: 0.4354, Val Loss: 0.4439, Train AUC: 0.6528, Val AUC: 0.6722
Feature: ppi_2017_700, Epoch 27/100, Train Loss: 0.4631, Val Loss: 0.4427, Train AUC: 0.5184, Val AUC: 0.6889
Feature: ppi_2017_700, Epoch 28/100, Train Loss: 0.4596, Val Loss: 0.4434, Train AUC: 0.5066, Val AUC: 0.6778
Feature: ppi_2017_700, Epoch 29/100, Train Loss: 0.4424, Val Loss: 0.4419, Train AUC: 0.5944, Val AUC: 0.6833
Feature: ppi_2017_700, Epoch 30/100, Train Loss: 0.4210, Val Loss: 0.4421, Train AUC: 0.6750, Val AUC: 0.6889
Feature: ppi_2017_700, Epoch 31/100, Train Loss: 0.4213, Val Loss: 0.4437, Train AUC: 0.7111, Val AUC: 0.6778
Feature: ppi_2017_700, Epoch 32/100, Train Loss: 0.4388, Val Loss: 0.4414, Train AUC: 0.6181, Val AUC: 0.6833
Feature: ppi_2017_700, Epoch 33/100, Train Loss: 0.4329, Val Loss: 0.4399, Train AUC: 0.6531, Val AUC: 0.6889
Feature: ppi_2017_700, Epoch 34/100, Train Loss: 0.4337, Val Loss: 0.4403, Train AUC: 0.6372, Val AUC: 0.6722
Feature: ppi_2017_700, Epoch 35/100, Train Loss: 0.4408, Val Loss: 0.4393, Train AUC: 0.6361, Val AUC: 0.6889
Feature: ppi_2017_700, Epoch 36/100, Train Loss: 0.4557, Val Loss: 0.4380, Train AUC: 0.5708, Val AUC: 0.6778
Feature: ppi_2017_700, Epoch 37/100, Train Loss: 0.4347, Val Loss: 0.4368, Train AUC: 0.6313, Val AUC: 0.6833
Feature: ppi_2017_700, Epoch 38/100, Train Loss: 0.4174, Val Loss: 0.4355, Train AUC: 0.7292, Val AUC: 0.6833
Feature: ppi_2017_700, Epoch 39/100, Train Loss: 0.4678, Val Loss: 0.4401, Train AUC: 0.5840, Val AUC: 0.7056
Feature: ppi_2017_700, Epoch 40/100, Train Loss: 0.4175, Val Loss: 0.4420, Train AUC: 0.7163, Val AUC: 0.6722
Feature: ppi_2017_700, Epoch 41/100, Train Loss: 0.4283, Val Loss: 0.4363, Train AUC: 0.6590, Val AUC: 0.6556
Feature: ppi_2017_700, Epoch 42/100, Train Loss: 0.4129, Val Loss: 0.4367, Train AUC: 0.7295, Val AUC: 0.6944
Feature: ppi_2017_700, Epoch 43/100, Train Loss: 0.4271, Val Loss: 0.4330, Train AUC: 0.6743, Val AUC: 0.6556
Feature: ppi_2017_700, Epoch 44/100, Train Loss: 0.4036, Val Loss: 0.4316, Train AUC: 0.7399, Val AUC: 0.6667
Feature: ppi_2017_700, Epoch 45/100, Train Loss: 0.3762, Val Loss: 0.4318, Train AUC: 0.8271, Val AUC: 0.6833
Feature: ppi_2017_700, Epoch 46/100, Train Loss: 0.4189, Val Loss: 0.4278, Train AUC: 0.6920, Val AUC: 0.6889
Feature: ppi_2017_700, Epoch 47/100, Train Loss: 0.3953, Val Loss: 0.4269, Train AUC: 0.7910, Val AUC: 0.6722
Feature: ppi_2017_700, Epoch 48/100, Train Loss: 0.3835, Val Loss: 0.4309, Train AUC: 0.7951, Val AUC: 0.6833
Feature: ppi_2017_700, Epoch 49/100, Train Loss: 0.3840, Val Loss: 0.4243, Train AUC: 0.8222, Val AUC: 0.6889
Feature: ppi_2017_700, Epoch 50/100, Train Loss: 0.3506, Val Loss: 0.4224, Train AUC: 0.8708, Val AUC: 0.6722
Feature: ppi_2017_700, Epoch 51/100, Train Loss: 0.3822, Val Loss: 0.4208, Train AUC: 0.7729, Val AUC: 0.7056
Feature: ppi_2017_700, Epoch 52/100, Train Loss: 0.3789, Val Loss: 0.4280, Train AUC: 0.7878, Val AUC: 0.6778
Feature: ppi_2017_700, Epoch 53/100, Train Loss: 0.3519, Val Loss: 0.4341, Train AUC: 0.8344, Val AUC: 0.6500
Feature: ppi_2017_700, Epoch 54/100, Train Loss: 0.3909, Val Loss: 0.4270, Train AUC: 0.7858, Val AUC: 0.6778
Feature: ppi_2017_700, Epoch 55/100, Train Loss: 0.3800, Val Loss: 0.4258, Train AUC: 0.8170, Val AUC: 0.6611
Feature: ppi_2017_700, Epoch 56/100, Train Loss: 0.3595, Val Loss: 0.4220, Train AUC: 0.8368, Val AUC: 0.6944
Early stopping for feature ppi_2017_700 at epoch 56
Best Train AUC for feature ppi_2017_700: 0.7729
Best Val AUC for feature ppi_2017_700: 0.7056
/itf-fi-ml/shared/users/ziyuzh/svm/src/features_reindex.py:21: PerformanceWarning: DataFrame is highly fragmented.  This is usually the result of calling `frame.insert` many times, which has poor performance.  Consider joining all columns at once using pd.concat(axis=1) instead. To get a de-fragmented frame, use `newframe = frame.copy()`
  df['label'] = df['string_id'].isin(pos_genes_list).astype(int)
/itf-fi-ml/shared/users/ziyuzh/svm/src/features_reindex.py:22: PerformanceWarning: DataFrame is highly fragmented.  This is usually the result of calling `frame.insert` many times, which has poor performance.  Consider joining all columns at once using pd.concat(axis=1) instead. To get a de-fragmented frame, use `newframe = frame.copy()`
  df['test'] = df['string_id'].isin(dga[(dga['disease_id'] == disease) & (dga['first_pub_year'] > time)]['string_id']).astype(int)
ICD10_C50 412
train test split
later fusion
Feature: ppi_2017_700, Epoch 1/100, Train Loss: 0.4704, Val Loss: 0.4486, Train AUC: 0.5234, Val AUC: 0.5634
Feature: ppi_2017_700, Epoch 2/100, Train Loss: 0.4662, Val Loss: 0.4482, Train AUC: 0.4565, Val AUC: 0.5916
Feature: ppi_2017_700, Epoch 3/100, Train Loss: 0.4594, Val Loss: 0.4508, Train AUC: 0.5069, Val AUC: 0.6276
Feature: ppi_2017_700, Epoch 4/100, Train Loss: 0.4621, Val Loss: 0.4510, Train AUC: 0.4861, Val AUC: 0.6486
Feature: ppi_2017_700, Epoch 5/100, Train Loss: 0.4608, Val Loss: 0.4471, Train AUC: 0.4978, Val AUC: 0.6581
Feature: ppi_2017_700, Epoch 6/100, Train Loss: 0.4599, Val Loss: 0.4468, Train AUC: 0.4960, Val AUC: 0.6646
Feature: ppi_2017_700, Epoch 7/100, Train Loss: 0.4563, Val Loss: 0.4495, Train AUC: 0.5130, Val AUC: 0.6757
Feature: ppi_2017_700, Epoch 8/100, Train Loss: 0.4547, Val Loss: 0.4465, Train AUC: 0.5244, Val AUC: 0.6750
Feature: ppi_2017_700, Epoch 9/100, Train Loss: 0.4553, Val Loss: 0.4467, Train AUC: 0.5299, Val AUC: 0.6757
Feature: ppi_2017_700, Epoch 10/100, Train Loss: 0.4591, Val Loss: 0.4477, Train AUC: 0.4965, Val AUC: 0.6800
Feature: ppi_2017_700, Epoch 11/100, Train Loss: 0.4561, Val Loss: 0.4464, Train AUC: 0.5115, Val AUC: 0.6839
Feature: ppi_2017_700, Epoch 12/100, Train Loss: 0.4557, Val Loss: 0.4472, Train AUC: 0.5188, Val AUC: 0.6777
Feature: ppi_2017_700, Epoch 13/100, Train Loss: 0.4581, Val Loss: 0.4458, Train AUC: 0.5024, Val AUC: 0.6855
Feature: ppi_2017_700, Epoch 14/100, Train Loss: 0.4549, Val Loss: 0.4454, Train AUC: 0.5147, Val AUC: 0.6900
Feature: ppi_2017_700, Epoch 15/100, Train Loss: 0.4566, Val Loss: 0.4444, Train AUC: 0.5092, Val AUC: 0.6895
Feature: ppi_2017_700, Epoch 16/100, Train Loss: 0.4550, Val Loss: 0.4446, Train AUC: 0.5241, Val AUC: 0.6833
Feature: ppi_2017_700, Epoch 17/100, Train Loss: 0.4533, Val Loss: 0.4438, Train AUC: 0.5369, Val AUC: 0.6942
Feature: ppi_2017_700, Epoch 18/100, Train Loss: 0.4570, Val Loss: 0.4431, Train AUC: 0.5029, Val AUC: 0.6938
Feature: ppi_2017_700, Epoch 19/100, Train Loss: 0.4541, Val Loss: 0.4417, Train AUC: 0.5235, Val AUC: 0.6926
Feature: ppi_2017_700, Epoch 20/100, Train Loss: 0.4534, Val Loss: 0.4407, Train AUC: 0.5336, Val AUC: 0.6945
Feature: ppi_2017_700, Epoch 21/100, Train Loss: 0.4540, Val Loss: 0.4402, Train AUC: 0.5250, Val AUC: 0.6896
Feature: ppi_2017_700, Epoch 22/100, Train Loss: 0.4491, Val Loss: 0.4388, Train AUC: 0.5645, Val AUC: 0.6887
Feature: ppi_2017_700, Epoch 23/100, Train Loss: 0.4476, Val Loss: 0.4423, Train AUC: 0.5775, Val AUC: 0.6934
Feature: ppi_2017_700, Epoch 24/100, Train Loss: 0.4480, Val Loss: 0.4376, Train AUC: 0.5699, Val AUC: 0.6873
Feature: ppi_2017_700, Epoch 25/100, Train Loss: 0.4417, Val Loss: 0.4352, Train AUC: 0.6047, Val AUC: 0.6896
Feature: ppi_2017_700, Epoch 26/100, Train Loss: 0.4492, Val Loss: 0.4396, Train AUC: 0.5753, Val AUC: 0.6896
Feature: ppi_2017_700, Epoch 27/100, Train Loss: 0.4478, Val Loss: 0.4370, Train AUC: 0.5789, Val AUC: 0.6881
Feature: ppi_2017_700, Epoch 28/100, Train Loss: 0.4507, Val Loss: 0.4404, Train AUC: 0.5582, Val AUC: 0.6880
Feature: ppi_2017_700, Epoch 29/100, Train Loss: 0.4421, Val Loss: 0.4311, Train AUC: 0.5962, Val AUC: 0.6917
Feature: ppi_2017_700, Epoch 30/100, Train Loss: 0.4453, Val Loss: 0.4348, Train AUC: 0.5888, Val AUC: 0.6854
Feature: ppi_2017_700, Epoch 31/100, Train Loss: 0.4387, Val Loss: 0.4277, Train AUC: 0.6161, Val AUC: 0.6875
Feature: ppi_2017_700, Epoch 32/100, Train Loss: 0.4430, Val Loss: 0.4263, Train AUC: 0.6025, Val AUC: 0.6897
Feature: ppi_2017_700, Epoch 33/100, Train Loss: 0.4376, Val Loss: 0.4270, Train AUC: 0.6356, Val AUC: 0.6902
Feature: ppi_2017_700, Epoch 34/100, Train Loss: 0.4455, Val Loss: 0.4272, Train AUC: 0.6037, Val AUC: 0.6885
Feature: ppi_2017_700, Epoch 35/100, Train Loss: 0.4383, Val Loss: 0.4269, Train AUC: 0.6240, Val AUC: 0.6877
Feature: ppi_2017_700, Epoch 36/100, Train Loss: 0.4282, Val Loss: 0.4324, Train AUC: 0.6598, Val AUC: 0.6870
Feature: ppi_2017_700, Epoch 37/100, Train Loss: 0.4324, Val Loss: 0.4334, Train AUC: 0.6415, Val AUC: 0.6844
Early stopping for feature ppi_2017_700 at epoch 37
Best Train AUC for feature ppi_2017_700: 0.6025
Best Val AUC for feature ppi_2017_700: 0.6897
Feature ppi_2017_700 excluded from fusion due to low Val AUC: 0.6897
No features passed the AUC threshold. Fusion result is None.
/itf-fi-ml/shared/users/ziyuzh/svm/src/features_reindex.py:21: PerformanceWarning: DataFrame is highly fragmented.  This is usually the result of calling `frame.insert` many times, which has poor performance.  Consider joining all columns at once using pd.concat(axis=1) instead. To get a de-fragmented frame, use `newframe = frame.copy()`
  df['label'] = df['string_id'].isin(pos_genes_list).astype(int)
/itf-fi-ml/shared/users/ziyuzh/svm/src/features_reindex.py:22: PerformanceWarning: DataFrame is highly fragmented.  This is usually the result of calling `frame.insert` many times, which has poor performance.  Consider joining all columns at once using pd.concat(axis=1) instead. To get a de-fragmented frame, use `newframe = frame.copy()`
  df['test'] = df['string_id'].isin(dga[(dga['disease_id'] == disease) & (dga['first_pub_year'] > time)]['string_id']).astype(int)
ICD10_C56 92
train test split
later fusion
/itf-fi-ml/shared/users/ziyuzh/svm/src/features_reindex.py:21: PerformanceWarning: DataFrame is highly fragmented.  This is usually the result of calling `frame.insert` many times, which has poor performance.  Consider joining all columns at once using pd.concat(axis=1) instead. To get a de-fragmented frame, use `newframe = frame.copy()`
  df['label'] = df['string_id'].isin(pos_genes_list).astype(int)
/itf-fi-ml/shared/users/ziyuzh/svm/src/features_reindex.py:22: PerformanceWarning: DataFrame is highly fragmented.  This is usually the result of calling `frame.insert` many times, which has poor performance.  Consider joining all columns at once using pd.concat(axis=1) instead. To get a de-fragmented frame, use `newframe = frame.copy()`
  df['test'] = df['string_id'].isin(dga[(dga['disease_id'] == disease) & (dga['first_pub_year'] > time)]['string_id']).astype(int)
ICD10_C67 150
train test split
later fusion
Feature: ppi_2017_700, Epoch 1/100, Train Loss: 0.4980, Val Loss: 0.4513, Train AUC: 0.4964, Val AUC: 0.5615
Feature: ppi_2017_700, Epoch 2/100, Train Loss: 0.4692, Val Loss: 0.4516, Train AUC: 0.4826, Val AUC: 0.6121
Feature: ppi_2017_700, Epoch 3/100, Train Loss: 0.4650, Val Loss: 0.4493, Train AUC: 0.4959, Val AUC: 0.6296
Feature: ppi_2017_700, Epoch 4/100, Train Loss: 0.4716, Val Loss: 0.4491, Train AUC: 0.4516, Val AUC: 0.6367
Feature: ppi_2017_700, Epoch 5/100, Train Loss: 0.4625, Val Loss: 0.4501, Train AUC: 0.4813, Val AUC: 0.6660
Feature: ppi_2017_700, Epoch 6/100, Train Loss: 0.4584, Val Loss: 0.4486, Train AUC: 0.5007, Val AUC: 0.6861
Feature: ppi_2017_700, Epoch 7/100, Train Loss: 0.4568, Val Loss: 0.4482, Train AUC: 0.5163, Val AUC: 0.7148
Feature: ppi_2017_700, Epoch 8/100, Train Loss: 0.4582, Val Loss: 0.4481, Train AUC: 0.4900, Val AUC: 0.7266
Feature: ppi_2017_700, Epoch 9/100, Train Loss: 0.4564, Val Loss: 0.4475, Train AUC: 0.4979, Val AUC: 0.7485
Feature: ppi_2017_700, Epoch 10/100, Train Loss: 0.4596, Val Loss: 0.4486, Train AUC: 0.5033, Val AUC: 0.7604
Feature: ppi_2017_700, Epoch 11/100, Train Loss: 0.4512, Val Loss: 0.4469, Train AUC: 0.5475, Val AUC: 0.7621
Feature: ppi_2017_700, Epoch 12/100, Train Loss: 0.4569, Val Loss: 0.4473, Train AUC: 0.5068, Val AUC: 0.7689
Feature: ppi_2017_700, Epoch 13/100, Train Loss: 0.4559, Val Loss: 0.4462, Train AUC: 0.5354, Val AUC: 0.7633
Feature: ppi_2017_700, Epoch 14/100, Train Loss: 0.4558, Val Loss: 0.4452, Train AUC: 0.5245, Val AUC: 0.7820
Feature: ppi_2017_700, Epoch 15/100, Train Loss: 0.4507, Val Loss: 0.4454, Train AUC: 0.5626, Val AUC: 0.7769
Feature: ppi_2017_700, Epoch 16/100, Train Loss: 0.4534, Val Loss: 0.4440, Train AUC: 0.5393, Val AUC: 0.7899
Feature: ppi_2017_700, Epoch 17/100, Train Loss: 0.4493, Val Loss: 0.4432, Train AUC: 0.5596, Val AUC: 0.7843
Feature: ppi_2017_700, Epoch 18/100, Train Loss: 0.4453, Val Loss: 0.4430, Train AUC: 0.5717, Val AUC: 0.7876
Feature: ppi_2017_700, Epoch 19/100, Train Loss: 0.4576, Val Loss: 0.4408, Train AUC: 0.5156, Val AUC: 0.7959
Feature: ppi_2017_700, Epoch 20/100, Train Loss: 0.4416, Val Loss: 0.4402, Train AUC: 0.6078, Val AUC: 0.7932
Feature: ppi_2017_700, Epoch 21/100, Train Loss: 0.4518, Val Loss: 0.4398, Train AUC: 0.5487, Val AUC: 0.7911
Feature: ppi_2017_700, Epoch 22/100, Train Loss: 0.4396, Val Loss: 0.4387, Train AUC: 0.6046, Val AUC: 0.7917
Feature: ppi_2017_700, Epoch 23/100, Train Loss: 0.4347, Val Loss: 0.4339, Train AUC: 0.6372, Val AUC: 0.7932
Feature: ppi_2017_700, Epoch 24/100, Train Loss: 0.4453, Val Loss: 0.4338, Train AUC: 0.5836, Val AUC: 0.7994
Feature: ppi_2017_700, Epoch 25/100, Train Loss: 0.4487, Val Loss: 0.4303, Train AUC: 0.5690, Val AUC: 0.8053
Feature: ppi_2017_700, Epoch 26/100, Train Loss: 0.4301, Val Loss: 0.4257, Train AUC: 0.6559, Val AUC: 0.7959
Feature: ppi_2017_700, Epoch 27/100, Train Loss: 0.4339, Val Loss: 0.4170, Train AUC: 0.6294, Val AUC: 0.7944
Feature: ppi_2017_700, Epoch 28/100, Train Loss: 0.4239, Val Loss: 0.4475, Train AUC: 0.6832, Val AUC: 0.7938
Feature: ppi_2017_700, Epoch 29/100, Train Loss: 0.4511, Val Loss: 0.4455, Train AUC: 0.5889, Val AUC: 0.7920
Feature: ppi_2017_700, Epoch 30/100, Train Loss: 0.4593, Val Loss: 0.4277, Train AUC: 0.5532, Val AUC: 0.8000
Feature: ppi_2017_700, Epoch 31/100, Train Loss: 0.4457, Val Loss: 0.4230, Train AUC: 0.6008, Val AUC: 0.8000
Feature: ppi_2017_700, Epoch 32/100, Train Loss: 0.4123, Val Loss: 0.4141, Train AUC: 0.7165, Val AUC: 0.7979
Feature: ppi_2017_700, Epoch 33/100, Train Loss: 0.4200, Val Loss: 0.4071, Train AUC: 0.6853, Val AUC: 0.8000
Feature: ppi_2017_700, Epoch 34/100, Train Loss: 0.3955, Val Loss: 0.3960, Train AUC: 0.7501, Val AUC: 0.7959
Feature: ppi_2017_700, Epoch 35/100, Train Loss: 0.4108, Val Loss: 0.4272, Train AUC: 0.7130, Val AUC: 0.7947
Feature: ppi_2017_700, Epoch 36/100, Train Loss: 0.4308, Val Loss: 0.4221, Train AUC: 0.6695, Val AUC: 0.7944
Feature: ppi_2017_700, Epoch 37/100, Train Loss: 0.4351, Val Loss: 0.4128, Train AUC: 0.6491, Val AUC: 0.7920
Feature: ppi_2017_700, Epoch 38/100, Train Loss: 0.4163, Val Loss: 0.4134, Train AUC: 0.7050, Val AUC: 0.7953
Feature: ppi_2017_700, Epoch 39/100, Train Loss: 0.4221, Val Loss: 0.4114, Train AUC: 0.6818, Val AUC: 0.7876
Early stopping for feature ppi_2017_700 at epoch 39
Best Train AUC for feature ppi_2017_700: 0.7501
Best Val AUC for feature ppi_2017_700: 0.7959
/itf-fi-ml/shared/users/ziyuzh/svm/src/features_reindex.py:21: PerformanceWarning: DataFrame is highly fragmented.  This is usually the result of calling `frame.insert` many times, which has poor performance.  Consider joining all columns at once using pd.concat(axis=1) instead. To get a de-fragmented frame, use `newframe = frame.copy()`
  df['label'] = df['string_id'].isin(pos_genes_list).astype(int)
/itf-fi-ml/shared/users/ziyuzh/svm/src/features_reindex.py:22: PerformanceWarning: DataFrame is highly fragmented.  This is usually the result of calling `frame.insert` many times, which has poor performance.  Consider joining all columns at once using pd.concat(axis=1) instead. To get a de-fragmented frame, use `newframe = frame.copy()`
  df['test'] = df['string_id'].isin(dga[(dga['disease_id'] == disease) & (dga['first_pub_year'] > time)]['string_id']).astype(int)
ICD10_C81 20
train test split
later fusion
/itf-fi-ml/shared/users/ziyuzh/svm/src/features_reindex.py:21: PerformanceWarning: DataFrame is highly fragmented.  This is usually the result of calling `frame.insert` many times, which has poor performance.  Consider joining all columns at once using pd.concat(axis=1) instead. To get a de-fragmented frame, use `newframe = frame.copy()`
  df['label'] = df['string_id'].isin(pos_genes_list).astype(int)
/itf-fi-ml/shared/users/ziyuzh/svm/src/features_reindex.py:22: PerformanceWarning: DataFrame is highly fragmented.  This is usually the result of calling `frame.insert` many times, which has poor performance.  Consider joining all columns at once using pd.concat(axis=1) instead. To get a de-fragmented frame, use `newframe = frame.copy()`
  df['test'] = df['string_id'].isin(dga[(dga['disease_id'] == disease) & (dga['first_pub_year'] > time)]['string_id']).astype(int)
ICD10_D57 16
train test split
later fusion
Feature: ppi_2017_700, Epoch 1/100, Train Loss: 0.7176, Val Loss: 0.4824, Train AUC: 0.5682, Val AUC: 0.6429
Feature: ppi_2017_700, Epoch 2/100, Train Loss: 0.5050, Val Loss: 0.4645, Train AUC: 0.4416, Val AUC: 0.5952
Feature: ppi_2017_700, Epoch 3/100, Train Loss: 0.4524, Val Loss: 0.4659, Train AUC: 0.5487, Val AUC: 0.5714
Feature: ppi_2017_700, Epoch 4/100, Train Loss: 0.4555, Val Loss: 0.4664, Train AUC: 0.5032, Val AUC: 0.5476
Feature: ppi_2017_700, Epoch 5/100, Train Loss: 0.4676, Val Loss: 0.4669, Train AUC: 0.4968, Val AUC: 0.5476
Feature: ppi_2017_700, Epoch 6/100, Train Loss: 0.4398, Val Loss: 0.4668, Train AUC: 0.6104, Val AUC: 0.5238
Feature: ppi_2017_700, Epoch 7/100, Train Loss: 0.4377, Val Loss: 0.4676, Train AUC: 0.6071, Val AUC: 0.4762
Early stopping for feature ppi_2017_700 at epoch 7
Best Train AUC for feature ppi_2017_700: 0.4416
Best Val AUC for feature ppi_2017_700: 0.5952
Feature ppi_2017_700 excluded from fusion due to low Val AUC: 0.5952
No features passed the AUC threshold. Fusion result is None.
/itf-fi-ml/shared/users/ziyuzh/svm/src/features_reindex.py:21: PerformanceWarning: DataFrame is highly fragmented.  This is usually the result of calling `frame.insert` many times, which has poor performance.  Consider joining all columns at once using pd.concat(axis=1) instead. To get a de-fragmented frame, use `newframe = frame.copy()`
  df['label'] = df['string_id'].isin(pos_genes_list).astype(int)
/itf-fi-ml/shared/users/ziyuzh/svm/src/features_reindex.py:22: PerformanceWarning: DataFrame is highly fragmented.  This is usually the result of calling `frame.insert` many times, which has poor performance.  Consider joining all columns at once using pd.concat(axis=1) instead. To get a de-fragmented frame, use `newframe = frame.copy()`
  df['test'] = df['string_id'].isin(dga[(dga['disease_id'] == disease) & (dga['first_pub_year'] > time)]['string_id']).astype(int)
ICD10_D83 17
train test split
later fusion
Feature: ppi_2017_700, Epoch 1/100, Train Loss: 0.6923, Val Loss: 0.4913, Train AUC: 0.4028, Val AUC: 0.3556
Feature: ppi_2017_700, Epoch 2/100, Train Loss: 0.4888, Val Loss: 0.4552, Train AUC: 0.4681, Val AUC: 0.4222
Feature: ppi_2017_700, Epoch 3/100, Train Loss: 0.4948, Val Loss: 0.4514, Train AUC: 0.3778, Val AUC: 0.4444
Feature: ppi_2017_700, Epoch 4/100, Train Loss: 0.4840, Val Loss: 0.4528, Train AUC: 0.4194, Val AUC: 0.4667
Feature: ppi_2017_700, Epoch 5/100, Train Loss: 0.4712, Val Loss: 0.4531, Train AUC: 0.5000, Val AUC: 0.5111
Feature: ppi_2017_700, Epoch 6/100, Train Loss: 0.4646, Val Loss: 0.4503, Train AUC: 0.5167, Val AUC: 0.5556
Feature: ppi_2017_700, Epoch 7/100, Train Loss: 0.4630, Val Loss: 0.4483, Train AUC: 0.4903, Val AUC: 0.6667
Feature: ppi_2017_700, Epoch 8/100, Train Loss: 0.4684, Val Loss: 0.4474, Train AUC: 0.4639, Val AUC: 0.8000
Feature: ppi_2017_700, Epoch 9/100, Train Loss: 0.4534, Val Loss: 0.4470, Train AUC: 0.5597, Val AUC: 0.8444
Feature: ppi_2017_700, Epoch 10/100, Train Loss: 0.4633, Val Loss: 0.4466, Train AUC: 0.4806, Val AUC: 0.8667
Feature: ppi_2017_700, Epoch 11/100, Train Loss: 0.4732, Val Loss: 0.4467, Train AUC: 0.4653, Val AUC: 0.8444
Feature: ppi_2017_700, Epoch 12/100, Train Loss: 0.4634, Val Loss: 0.4464, Train AUC: 0.5319, Val AUC: 0.8444
Feature: ppi_2017_700, Epoch 13/100, Train Loss: 0.4637, Val Loss: 0.4464, Train AUC: 0.5056, Val AUC: 0.8444
Feature: ppi_2017_700, Epoch 14/100, Train Loss: 0.4491, Val Loss: 0.4468, Train AUC: 0.5764, Val AUC: 0.8667
Feature: ppi_2017_700, Epoch 15/100, Train Loss: 0.4519, Val Loss: 0.4479, Train AUC: 0.5306, Val AUC: 0.8667
Feature: ppi_2017_700, Epoch 16/100, Train Loss: 0.4757, Val Loss: 0.4485, Train AUC: 0.4014, Val AUC: 0.8667
Feature: ppi_2017_700, Epoch 17/100, Train Loss: 0.4650, Val Loss: 0.4484, Train AUC: 0.4972, Val AUC: 0.8667
Feature: ppi_2017_700, Epoch 18/100, Train Loss: 0.4468, Val Loss: 0.4465, Train AUC: 0.6181, Val AUC: 0.9111
Early stopping for feature ppi_2017_700 at epoch 18
Best Train AUC for feature ppi_2017_700: 0.5056
Best Val AUC for feature ppi_2017_700: 0.8444
/itf-fi-ml/shared/users/ziyuzh/svm/src/features_reindex.py:21: PerformanceWarning: DataFrame is highly fragmented.  This is usually the result of calling `frame.insert` many times, which has poor performance.  Consider joining all columns at once using pd.concat(axis=1) instead. To get a de-fragmented frame, use `newframe = frame.copy()`
  df['label'] = df['string_id'].isin(pos_genes_list).astype(int)
/itf-fi-ml/shared/users/ziyuzh/svm/src/features_reindex.py:22: PerformanceWarning: DataFrame is highly fragmented.  This is usually the result of calling `frame.insert` many times, which has poor performance.  Consider joining all columns at once using pd.concat(axis=1) instead. To get a de-fragmented frame, use `newframe = frame.copy()`
  df['test'] = df['string_id'].isin(dga[(dga['disease_id'] == disease) & (dga['first_pub_year'] > time)]['string_id']).astype(int)
ICD10_E10 79
train test split
later fusion
Feature: ppi_2017_700, Epoch 1/100, Train Loss: 0.5135, Val Loss: 0.4685, Train AUC: 0.5193, Val AUC: 0.4151
Feature: ppi_2017_700, Epoch 2/100, Train Loss: 0.4709, Val Loss: 0.4590, Train AUC: 0.4713, Val AUC: 0.5280
Feature: ppi_2017_700, Epoch 3/100, Train Loss: 0.4725, Val Loss: 0.4561, Train AUC: 0.4383, Val AUC: 0.6042
Feature: ppi_2017_700, Epoch 4/100, Train Loss: 0.4597, Val Loss: 0.4554, Train AUC: 0.4952, Val AUC: 0.6587
Feature: ppi_2017_700, Epoch 5/100, Train Loss: 0.4508, Val Loss: 0.4540, Train AUC: 0.5513, Val AUC: 0.7107
Feature: ppi_2017_700, Epoch 6/100, Train Loss: 0.4509, Val Loss: 0.4527, Train AUC: 0.5388, Val AUC: 0.7420
Feature: ppi_2017_700, Epoch 7/100, Train Loss: 0.4459, Val Loss: 0.4520, Train AUC: 0.5587, Val AUC: 0.7628
Feature: ppi_2017_700, Epoch 8/100, Train Loss: 0.4432, Val Loss: 0.4511, Train AUC: 0.5756, Val AUC: 0.7772
Feature: ppi_2017_700, Epoch 9/100, Train Loss: 0.4465, Val Loss: 0.4494, Train AUC: 0.5678, Val AUC: 0.7925
Feature: ppi_2017_700, Epoch 10/100, Train Loss: 0.4441, Val Loss: 0.4485, Train AUC: 0.5725, Val AUC: 0.8045
Feature: ppi_2017_700, Epoch 11/100, Train Loss: 0.4519, Val Loss: 0.4469, Train AUC: 0.5232, Val AUC: 0.8117
Feature: ppi_2017_700, Epoch 12/100, Train Loss: 0.4423, Val Loss: 0.4454, Train AUC: 0.5907, Val AUC: 0.8237
Feature: ppi_2017_700, Epoch 13/100, Train Loss: 0.4420, Val Loss: 0.4430, Train AUC: 0.6105, Val AUC: 0.8293
Feature: ppi_2017_700, Epoch 14/100, Train Loss: 0.4515, Val Loss: 0.4396, Train AUC: 0.5336, Val AUC: 0.8317
Feature: ppi_2017_700, Epoch 15/100, Train Loss: 0.4418, Val Loss: 0.4391, Train AUC: 0.5996, Val AUC: 0.8293
Feature: ppi_2017_700, Epoch 16/100, Train Loss: 0.4369, Val Loss: 0.4344, Train AUC: 0.6272, Val AUC: 0.8309
Feature: ppi_2017_700, Epoch 17/100, Train Loss: 0.4347, Val Loss: 0.4287, Train AUC: 0.6282, Val AUC: 0.8349
Feature: ppi_2017_700, Epoch 18/100, Train Loss: 0.4354, Val Loss: 0.4222, Train AUC: 0.6311, Val AUC: 0.8413
Feature: ppi_2017_700, Epoch 19/100, Train Loss: 0.4265, Val Loss: 0.4145, Train AUC: 0.6591, Val AUC: 0.8421
Feature: ppi_2017_700, Epoch 20/100, Train Loss: 0.4137, Val Loss: 0.4027, Train AUC: 0.7202, Val AUC: 0.8550
Feature: ppi_2017_700, Epoch 21/100, Train Loss: 0.4033, Val Loss: 0.3986, Train AUC: 0.7396, Val AUC: 0.8446
Feature: ppi_2017_700, Epoch 22/100, Train Loss: 0.3794, Val Loss: 0.3748, Train AUC: 0.7953, Val AUC: 0.8438
Feature: ppi_2017_700, Epoch 23/100, Train Loss: 0.4140, Val Loss: 0.3932, Train AUC: 0.7223, Val AUC: 0.8542
Feature: ppi_2017_700, Epoch 24/100, Train Loss: 0.3833, Val Loss: 0.3809, Train AUC: 0.7895, Val AUC: 0.8486
Feature: ppi_2017_700, Epoch 25/100, Train Loss: 0.3623, Val Loss: 0.3818, Train AUC: 0.8127, Val AUC: 0.8454
Feature: ppi_2017_700, Epoch 26/100, Train Loss: 0.4025, Val Loss: 0.3827, Train AUC: 0.7358, Val AUC: 0.8429
Feature: ppi_2017_700, Epoch 27/100, Train Loss: 0.3965, Val Loss: 0.3844, Train AUC: 0.7352, Val AUC: 0.8405
Early stopping for feature ppi_2017_700 at epoch 27
Best Train AUC for feature ppi_2017_700: 0.7953
Best Val AUC for feature ppi_2017_700: 0.8438
/itf-fi-ml/shared/users/ziyuzh/svm/src/features_reindex.py:21: PerformanceWarning: DataFrame is highly fragmented.  This is usually the result of calling `frame.insert` many times, which has poor performance.  Consider joining all columns at once using pd.concat(axis=1) instead. To get a de-fragmented frame, use `newframe = frame.copy()`
  df['label'] = df['string_id'].isin(pos_genes_list).astype(int)
/itf-fi-ml/shared/users/ziyuzh/svm/src/features_reindex.py:22: PerformanceWarning: DataFrame is highly fragmented.  This is usually the result of calling `frame.insert` many times, which has poor performance.  Consider joining all columns at once using pd.concat(axis=1) instead. To get a de-fragmented frame, use `newframe = frame.copy()`
  df['test'] = df['string_id'].isin(dga[(dga['disease_id'] == disease) & (dga['first_pub_year'] > time)]['string_id']).astype(int)
ICD10_E11 205
train test split
later fusion
Feature: ppi_2017_700, Epoch 1/100, Train Loss: 0.4894, Val Loss: 0.4522, Train AUC: 0.4916, Val AUC: 0.6195
Feature: ppi_2017_700, Epoch 2/100, Train Loss: 0.4687, Val Loss: 0.4513, Train AUC: 0.4862, Val AUC: 0.7520
Feature: ppi_2017_700, Epoch 3/100, Train Loss: 0.4639, Val Loss: 0.4506, Train AUC: 0.4836, Val AUC: 0.7654
Feature: ppi_2017_700, Epoch 4/100, Train Loss: 0.4540, Val Loss: 0.4488, Train AUC: 0.5337, Val AUC: 0.8015
Feature: ppi_2017_700, Epoch 5/100, Train Loss: 0.4532, Val Loss: 0.4479, Train AUC: 0.5425, Val AUC: 0.8208
Feature: ppi_2017_700, Epoch 6/100, Train Loss: 0.4529, Val Loss: 0.4467, Train AUC: 0.5256, Val AUC: 0.8282
Feature: ppi_2017_700, Epoch 7/100, Train Loss: 0.4536, Val Loss: 0.4460, Train AUC: 0.5276, Val AUC: 0.8484
Feature: ppi_2017_700, Epoch 8/100, Train Loss: 0.4582, Val Loss: 0.4454, Train AUC: 0.4977, Val AUC: 0.8544
Feature: ppi_2017_700, Epoch 9/100, Train Loss: 0.4507, Val Loss: 0.4404, Train AUC: 0.5523, Val AUC: 0.8544
Feature: ppi_2017_700, Epoch 10/100, Train Loss: 0.4485, Val Loss: 0.4358, Train AUC: 0.5687, Val AUC: 0.8597
Feature: ppi_2017_700, Epoch 11/100, Train Loss: 0.4587, Val Loss: 0.4357, Train AUC: 0.5143, Val AUC: 0.8540
Feature: ppi_2017_700, Epoch 12/100, Train Loss: 0.4456, Val Loss: 0.4371, Train AUC: 0.5966, Val AUC: 0.8574
Feature: ppi_2017_700, Epoch 13/100, Train Loss: 0.4432, Val Loss: 0.4298, Train AUC: 0.5927, Val AUC: 0.8677
Feature: ppi_2017_700, Epoch 14/100, Train Loss: 0.4402, Val Loss: 0.4204, Train AUC: 0.6164, Val AUC: 0.8631
Feature: ppi_2017_700, Epoch 15/100, Train Loss: 0.4371, Val Loss: 0.4077, Train AUC: 0.6330, Val AUC: 0.8694
Feature: ppi_2017_700, Epoch 16/100, Train Loss: 0.4240, Val Loss: 0.3800, Train AUC: 0.6751, Val AUC: 0.8701
Feature: ppi_2017_700, Epoch 17/100, Train Loss: 0.4069, Val Loss: 0.4153, Train AUC: 0.7277, Val AUC: 0.8676
Feature: ppi_2017_700, Epoch 18/100, Train Loss: 0.4114, Val Loss: 0.3933, Train AUC: 0.7099, Val AUC: 0.8697
Feature: ppi_2017_700, Epoch 19/100, Train Loss: 0.3923, Val Loss: 0.3690, Train AUC: 0.7509, Val AUC: 0.8716
Feature: ppi_2017_700, Epoch 20/100, Train Loss: 0.4149, Val Loss: 0.3725, Train AUC: 0.6982, Val AUC: 0.8687
Feature: ppi_2017_700, Epoch 21/100, Train Loss: 0.3955, Val Loss: 0.4308, Train AUC: 0.7540, Val AUC: 0.8616
Feature: ppi_2017_700, Epoch 22/100, Train Loss: 0.4030, Val Loss: 0.3744, Train AUC: 0.7282, Val AUC: 0.8656
Feature: ppi_2017_700, Epoch 23/100, Train Loss: 0.3719, Val Loss: 0.3496, Train AUC: 0.7969, Val AUC: 0.8684
Feature: ppi_2017_700, Epoch 24/100, Train Loss: 0.3868, Val Loss: 0.3876, Train AUC: 0.7622, Val AUC: 0.8557
Feature: ppi_2017_700, Epoch 25/100, Train Loss: 0.3761, Val Loss: 0.3443, Train AUC: 0.7887, Val AUC: 0.8585
Feature: ppi_2017_700, Epoch 26/100, Train Loss: 0.3549, Val Loss: 0.3277, Train AUC: 0.8185, Val AUC: 0.8688
Feature: ppi_2017_700, Epoch 27/100, Train Loss: 0.3534, Val Loss: 0.3452, Train AUC: 0.8161, Val AUC: 0.8693
Feature: ppi_2017_700, Epoch 28/100, Train Loss: 0.3666, Val Loss: 0.3352, Train AUC: 0.7908, Val AUC: 0.8665
Feature: ppi_2017_700, Epoch 29/100, Train Loss: 0.3586, Val Loss: 0.3290, Train AUC: 0.8071, Val AUC: 0.8687
Feature: ppi_2017_700, Epoch 30/100, Train Loss: 0.3496, Val Loss: 0.3499, Train AUC: 0.8216, Val AUC: 0.8704
Feature: ppi_2017_700, Epoch 31/100, Train Loss: 0.3777, Val Loss: 0.3566, Train AUC: 0.7793, Val AUC: 0.8673
Early stopping for feature ppi_2017_700 at epoch 31
Best Train AUC for feature ppi_2017_700: 0.8185
Best Val AUC for feature ppi_2017_700: 0.8688
/itf-fi-ml/shared/users/ziyuzh/svm/src/features_reindex.py:21: PerformanceWarning: DataFrame is highly fragmented.  This is usually the result of calling `frame.insert` many times, which has poor performance.  Consider joining all columns at once using pd.concat(axis=1) instead. To get a de-fragmented frame, use `newframe = frame.copy()`
  df['label'] = df['string_id'].isin(pos_genes_list).astype(int)
/itf-fi-ml/shared/users/ziyuzh/svm/src/features_reindex.py:22: PerformanceWarning: DataFrame is highly fragmented.  This is usually the result of calling `frame.insert` many times, which has poor performance.  Consider joining all columns at once using pd.concat(axis=1) instead. To get a de-fragmented frame, use `newframe = frame.copy()`
  df['test'] = df['string_id'].isin(dga[(dga['disease_id'] == disease) & (dga['first_pub_year'] > time)]['string_id']).astype(int)
ICD10_E66 212
train test split
later fusion
/itf-fi-ml/shared/users/ziyuzh/svm/src/features_reindex.py:21: PerformanceWarning: DataFrame is highly fragmented.  This is usually the result of calling `frame.insert` many times, which has poor performance.  Consider joining all columns at once using pd.concat(axis=1) instead. To get a de-fragmented frame, use `newframe = frame.copy()`
  df['label'] = df['string_id'].isin(pos_genes_list).astype(int)
/itf-fi-ml/shared/users/ziyuzh/svm/src/features_reindex.py:22: PerformanceWarning: DataFrame is highly fragmented.  This is usually the result of calling `frame.insert` many times, which has poor performance.  Consider joining all columns at once using pd.concat(axis=1) instead. To get a de-fragmented frame, use `newframe = frame.copy()`
  df['test'] = df['string_id'].isin(dga[(dga['disease_id'] == disease) & (dga['first_pub_year'] > time)]['string_id']).astype(int)
ICD10_E84 33
train test split
later fusion
Feature: ppi_2017_700, Epoch 1/100, Train Loss: 0.6103, Val Loss: 0.4504, Train AUC: 0.4055, Val AUC: 0.3229
Feature: ppi_2017_700, Epoch 2/100, Train Loss: 0.4994, Val Loss: 0.4411, Train AUC: 0.3629, Val AUC: 0.2969
Feature: ppi_2017_700, Epoch 3/100, Train Loss: 0.4805, Val Loss: 0.4380, Train AUC: 0.4416, Val AUC: 0.4635
Feature: ppi_2017_700, Epoch 4/100, Train Loss: 0.4612, Val Loss: 0.4371, Train AUC: 0.5320, Val AUC: 0.4688
Feature: ppi_2017_700, Epoch 5/100, Train Loss: 0.4478, Val Loss: 0.4357, Train AUC: 0.6016, Val AUC: 0.5260
Feature: ppi_2017_700, Epoch 6/100, Train Loss: 0.4677, Val Loss: 0.4355, Train AUC: 0.5177, Val AUC: 0.5885
Feature: ppi_2017_700, Epoch 7/100, Train Loss: 0.4634, Val Loss: 0.4341, Train AUC: 0.5242, Val AUC: 0.6562
Feature: ppi_2017_700, Epoch 8/100, Train Loss: 0.4493, Val Loss: 0.4342, Train AUC: 0.6075, Val AUC: 0.6823
Feature: ppi_2017_700, Epoch 9/100, Train Loss: 0.4655, Val Loss: 0.4341, Train AUC: 0.5086, Val AUC: 0.6667
Feature: ppi_2017_700, Epoch 10/100, Train Loss: 0.4462, Val Loss: 0.4339, Train AUC: 0.5948, Val AUC: 0.6823
Feature: ppi_2017_700, Epoch 11/100, Train Loss: 0.4621, Val Loss: 0.4335, Train AUC: 0.4924, Val AUC: 0.6771
Feature: ppi_2017_700, Epoch 12/100, Train Loss: 0.4745, Val Loss: 0.4338, Train AUC: 0.4468, Val AUC: 0.6823
Feature: ppi_2017_700, Epoch 13/100, Train Loss: 0.4408, Val Loss: 0.4344, Train AUC: 0.6153, Val AUC: 0.6927
Feature: ppi_2017_700, Epoch 14/100, Train Loss: 0.4562, Val Loss: 0.4348, Train AUC: 0.5486, Val AUC: 0.6875
Feature: ppi_2017_700, Epoch 15/100, Train Loss: 0.4748, Val Loss: 0.4329, Train AUC: 0.4537, Val AUC: 0.6875
Feature: ppi_2017_700, Epoch 16/100, Train Loss: 0.4545, Val Loss: 0.4336, Train AUC: 0.5587, Val AUC: 0.6667
Feature: ppi_2017_700, Epoch 17/100, Train Loss: 0.4598, Val Loss: 0.4341, Train AUC: 0.5294, Val AUC: 0.6771
Feature: ppi_2017_700, Epoch 18/100, Train Loss: 0.4761, Val Loss: 0.4332, Train AUC: 0.4462, Val AUC: 0.6823
Feature: ppi_2017_700, Epoch 19/100, Train Loss: 0.4396, Val Loss: 0.4327, Train AUC: 0.6485, Val AUC: 0.6823
Feature: ppi_2017_700, Epoch 20/100, Train Loss: 0.4504, Val Loss: 0.4321, Train AUC: 0.5867, Val AUC: 0.7396
Feature: ppi_2017_700, Epoch 21/100, Train Loss: 0.4408, Val Loss: 0.4321, Train AUC: 0.6338, Val AUC: 0.7448
Feature: ppi_2017_700, Epoch 22/100, Train Loss: 0.4483, Val Loss: 0.4308, Train AUC: 0.6146, Val AUC: 0.7396
Feature: ppi_2017_700, Epoch 23/100, Train Loss: 0.4506, Val Loss: 0.4279, Train AUC: 0.5704, Val AUC: 0.7448
Feature: ppi_2017_700, Epoch 24/100, Train Loss: 0.4339, Val Loss: 0.4260, Train AUC: 0.6758, Val AUC: 0.7604
Feature: ppi_2017_700, Epoch 25/100, Train Loss: 0.4296, Val Loss: 0.4267, Train AUC: 0.6829, Val AUC: 0.7188
Feature: ppi_2017_700, Epoch 26/100, Train Loss: 0.4392, Val Loss: 0.4254, Train AUC: 0.6215, Val AUC: 0.7083
Feature: ppi_2017_700, Epoch 27/100, Train Loss: 0.4192, Val Loss: 0.4248, Train AUC: 0.7070, Val AUC: 0.7188
Feature: ppi_2017_700, Epoch 28/100, Train Loss: 0.4347, Val Loss: 0.4240, Train AUC: 0.6556, Val AUC: 0.7083
Feature: ppi_2017_700, Epoch 29/100, Train Loss: 0.4358, Val Loss: 0.4241, Train AUC: 0.6533, Val AUC: 0.6979
Feature: ppi_2017_700, Epoch 30/100, Train Loss: 0.4188, Val Loss: 0.4172, Train AUC: 0.7285, Val AUC: 0.7344
Feature: ppi_2017_700, Epoch 31/100, Train Loss: 0.3828, Val Loss: 0.4178, Train AUC: 0.8621, Val AUC: 0.7240
Feature: ppi_2017_700, Epoch 32/100, Train Loss: 0.3969, Val Loss: 0.4127, Train AUC: 0.8163, Val AUC: 0.6771
Feature: ppi_2017_700, Epoch 33/100, Train Loss: 0.3792, Val Loss: 0.4146, Train AUC: 0.8059, Val AUC: 0.6823
Feature: ppi_2017_700, Epoch 34/100, Train Loss: 0.3792, Val Loss: 0.4083, Train AUC: 0.8322, Val AUC: 0.7188
Feature: ppi_2017_700, Epoch 35/100, Train Loss: 0.3955, Val Loss: 0.4091, Train AUC: 0.7899, Val AUC: 0.7292
Feature: ppi_2017_700, Epoch 36/100, Train Loss: 0.3891, Val Loss: 0.4049, Train AUC: 0.7685, Val AUC: 0.7708
Feature: ppi_2017_700, Epoch 37/100, Train Loss: 0.4127, Val Loss: 0.4046, Train AUC: 0.7376, Val AUC: 0.7240
Feature: ppi_2017_700, Epoch 38/100, Train Loss: 0.3592, Val Loss: 0.4055, Train AUC: 0.8592, Val AUC: 0.7240
Feature: ppi_2017_700, Epoch 39/100, Train Loss: 0.3673, Val Loss: 0.4076, Train AUC: 0.8163, Val AUC: 0.7396
Feature: ppi_2017_700, Epoch 40/100, Train Loss: 0.3611, Val Loss: 0.3888, Train AUC: 0.8673, Val AUC: 0.7448
Feature: ppi_2017_700, Epoch 41/100, Train Loss: 0.3115, Val Loss: 0.3881, Train AUC: 0.9327, Val AUC: 0.7500
Feature: ppi_2017_700, Epoch 42/100, Train Loss: 0.2983, Val Loss: 0.3836, Train AUC: 0.9385, Val AUC: 0.7292
Feature: ppi_2017_700, Epoch 43/100, Train Loss: 0.3163, Val Loss: 0.4118, Train AUC: 0.8946, Val AUC: 0.7135
Feature: ppi_2017_700, Epoch 44/100, Train Loss: 0.3752, Val Loss: 0.3899, Train AUC: 0.7759, Val AUC: 0.7500
Feature: ppi_2017_700, Epoch 45/100, Train Loss: 0.3203, Val Loss: 0.3903, Train AUC: 0.8878, Val AUC: 0.7812
Feature: ppi_2017_700, Epoch 46/100, Train Loss: 0.3101, Val Loss: 0.3759, Train AUC: 0.9057, Val AUC: 0.7760
Feature: ppi_2017_700, Epoch 47/100, Train Loss: 0.3217, Val Loss: 0.3915, Train AUC: 0.8833, Val AUC: 0.7448
Feature: ppi_2017_700, Epoch 48/100, Train Loss: 0.3460, Val Loss: 0.3673, Train AUC: 0.8387, Val AUC: 0.7656
Feature: ppi_2017_700, Epoch 49/100, Train Loss: 0.3242, Val Loss: 0.3692, Train AUC: 0.8644, Val AUC: 0.7552
Feature: ppi_2017_700, Epoch 50/100, Train Loss: 0.3814, Val Loss: 0.3752, Train AUC: 0.8546, Val AUC: 0.7500
Feature: ppi_2017_700, Epoch 51/100, Train Loss: 0.3327, Val Loss: 0.4270, Train AUC: 0.8663, Val AUC: 0.7135
Feature: ppi_2017_700, Epoch 52/100, Train Loss: 0.3236, Val Loss: 0.3936, Train AUC: 0.8569, Val AUC: 0.7292
Feature: ppi_2017_700, Epoch 53/100, Train Loss: 0.3381, Val Loss: 0.3933, Train AUC: 0.9057, Val AUC: 0.7344
Early stopping for feature ppi_2017_700 at epoch 53
Best Train AUC for feature ppi_2017_700: 0.8387
Best Val AUC for feature ppi_2017_700: 0.7656
/itf-fi-ml/shared/users/ziyuzh/svm/src/features_reindex.py:21: PerformanceWarning: DataFrame is highly fragmented.  This is usually the result of calling `frame.insert` many times, which has poor performance.  Consider joining all columns at once using pd.concat(axis=1) instead. To get a de-fragmented frame, use `newframe = frame.copy()`
  df['label'] = df['string_id'].isin(pos_genes_list).astype(int)
/itf-fi-ml/shared/users/ziyuzh/svm/src/features_reindex.py:22: PerformanceWarning: DataFrame is highly fragmented.  This is usually the result of calling `frame.insert` many times, which has poor performance.  Consider joining all columns at once using pd.concat(axis=1) instead. To get a de-fragmented frame, use `newframe = frame.copy()`
  df['test'] = df['string_id'].isin(dga[(dga['disease_id'] == disease) & (dga['first_pub_year'] > time)]['string_id']).astype(int)
ICD10_F20 627
train test split
later fusion
/itf-fi-ml/shared/users/ziyuzh/svm/src/features_reindex.py:21: PerformanceWarning: DataFrame is highly fragmented.  This is usually the result of calling `frame.insert` many times, which has poor performance.  Consider joining all columns at once using pd.concat(axis=1) instead. To get a de-fragmented frame, use `newframe = frame.copy()`
  df['label'] = df['string_id'].isin(pos_genes_list).astype(int)
/itf-fi-ml/shared/users/ziyuzh/svm/src/features_reindex.py:22: PerformanceWarning: DataFrame is highly fragmented.  This is usually the result of calling `frame.insert` many times, which has poor performance.  Consider joining all columns at once using pd.concat(axis=1) instead. To get a de-fragmented frame, use `newframe = frame.copy()`
  df['test'] = df['string_id'].isin(dga[(dga['disease_id'] == disease) & (dga['first_pub_year'] > time)]['string_id']).astype(int)
ICD10_F31 335
train test split
later fusion
/itf-fi-ml/shared/users/ziyuzh/svm/src/features_reindex.py:21: PerformanceWarning: DataFrame is highly fragmented.  This is usually the result of calling `frame.insert` many times, which has poor performance.  Consider joining all columns at once using pd.concat(axis=1) instead. To get a de-fragmented frame, use `newframe = frame.copy()`
  df['label'] = df['string_id'].isin(pos_genes_list).astype(int)
/itf-fi-ml/shared/users/ziyuzh/svm/src/features_reindex.py:22: PerformanceWarning: DataFrame is highly fragmented.  This is usually the result of calling `frame.insert` many times, which has poor performance.  Consider joining all columns at once using pd.concat(axis=1) instead. To get a de-fragmented frame, use `newframe = frame.copy()`
  df['test'] = df['string_id'].isin(dga[(dga['disease_id'] == disease) & (dga['first_pub_year'] > time)]['string_id']).astype(int)
ICD10_F72 26
train test split
later fusion
/itf-fi-ml/shared/users/ziyuzh/svm/src/features_reindex.py:21: PerformanceWarning: DataFrame is highly fragmented.  This is usually the result of calling `frame.insert` many times, which has poor performance.  Consider joining all columns at once using pd.concat(axis=1) instead. To get a de-fragmented frame, use `newframe = frame.copy()`
  df['label'] = df['string_id'].isin(pos_genes_list).astype(int)
/itf-fi-ml/shared/users/ziyuzh/svm/src/features_reindex.py:22: PerformanceWarning: DataFrame is highly fragmented.  This is usually the result of calling `frame.insert` many times, which has poor performance.  Consider joining all columns at once using pd.concat(axis=1) instead. To get a de-fragmented frame, use `newframe = frame.copy()`
  df['test'] = df['string_id'].isin(dga[(dga['disease_id'] == disease) & (dga['first_pub_year'] > time)]['string_id']).astype(int)
ICD10_F90 19
train test split
later fusion
/itf-fi-ml/shared/users/ziyuzh/svm/src/features_reindex.py:21: PerformanceWarning: DataFrame is highly fragmented.  This is usually the result of calling `frame.insert` many times, which has poor performance.  Consider joining all columns at once using pd.concat(axis=1) instead. To get a de-fragmented frame, use `newframe = frame.copy()`
  df['label'] = df['string_id'].isin(pos_genes_list).astype(int)
/itf-fi-ml/shared/users/ziyuzh/svm/src/features_reindex.py:22: PerformanceWarning: DataFrame is highly fragmented.  This is usually the result of calling `frame.insert` many times, which has poor performance.  Consider joining all columns at once using pd.concat(axis=1) instead. To get a de-fragmented frame, use `newframe = frame.copy()`
  df['test'] = df['string_id'].isin(dga[(dga['disease_id'] == disease) & (dga['first_pub_year'] > time)]['string_id']).astype(int)
ICD10_G10 25
train test split
later fusion
/itf-fi-ml/shared/users/ziyuzh/svm/src/features_reindex.py:21: PerformanceWarning: DataFrame is highly fragmented.  This is usually the result of calling `frame.insert` many times, which has poor performance.  Consider joining all columns at once using pd.concat(axis=1) instead. To get a de-fragmented frame, use `newframe = frame.copy()`
  df['label'] = df['string_id'].isin(pos_genes_list).astype(int)
/itf-fi-ml/shared/users/ziyuzh/svm/src/features_reindex.py:22: PerformanceWarning: DataFrame is highly fragmented.  This is usually the result of calling `frame.insert` many times, which has poor performance.  Consider joining all columns at once using pd.concat(axis=1) instead. To get a de-fragmented frame, use `newframe = frame.copy()`
  df['test'] = df['string_id'].isin(dga[(dga['disease_id'] == disease) & (dga['first_pub_year'] > time)]['string_id']).astype(int)
ICD10_G20 105
train test split
later fusion
/itf-fi-ml/shared/users/ziyuzh/svm/src/features_reindex.py:21: PerformanceWarning: DataFrame is highly fragmented.  This is usually the result of calling `frame.insert` many times, which has poor performance.  Consider joining all columns at once using pd.concat(axis=1) instead. To get a de-fragmented frame, use `newframe = frame.copy()`
  df['label'] = df['string_id'].isin(pos_genes_list).astype(int)
/itf-fi-ml/shared/users/ziyuzh/svm/src/features_reindex.py:22: PerformanceWarning: DataFrame is highly fragmented.  This is usually the result of calling `frame.insert` many times, which has poor performance.  Consider joining all columns at once using pd.concat(axis=1) instead. To get a de-fragmented frame, use `newframe = frame.copy()`
  df['test'] = df['string_id'].isin(dga[(dga['disease_id'] == disease) & (dga['first_pub_year'] > time)]['string_id']).astype(int)
ICD10_G24 20
train test split
later fusion
/itf-fi-ml/shared/users/ziyuzh/svm/src/features_reindex.py:21: PerformanceWarning: DataFrame is highly fragmented.  This is usually the result of calling `frame.insert` many times, which has poor performance.  Consider joining all columns at once using pd.concat(axis=1) instead. To get a de-fragmented frame, use `newframe = frame.copy()`
  df['label'] = df['string_id'].isin(pos_genes_list).astype(int)
/itf-fi-ml/shared/users/ziyuzh/svm/src/features_reindex.py:22: PerformanceWarning: DataFrame is highly fragmented.  This is usually the result of calling `frame.insert` many times, which has poor performance.  Consider joining all columns at once using pd.concat(axis=1) instead. To get a de-fragmented frame, use `newframe = frame.copy()`
  df['test'] = df['string_id'].isin(dga[(dga['disease_id'] == disease) & (dga['first_pub_year'] > time)]['string_id']).astype(int)
ICD10_G30 148
train test split
later fusion
/itf-fi-ml/shared/users/ziyuzh/svm/src/features_reindex.py:21: PerformanceWarning: DataFrame is highly fragmented.  This is usually the result of calling `frame.insert` many times, which has poor performance.  Consider joining all columns at once using pd.concat(axis=1) instead. To get a de-fragmented frame, use `newframe = frame.copy()`
  df['label'] = df['string_id'].isin(pos_genes_list).astype(int)
/itf-fi-ml/shared/users/ziyuzh/svm/src/features_reindex.py:22: PerformanceWarning: DataFrame is highly fragmented.  This is usually the result of calling `frame.insert` many times, which has poor performance.  Consider joining all columns at once using pd.concat(axis=1) instead. To get a de-fragmented frame, use `newframe = frame.copy()`
  df['test'] = df['string_id'].isin(dga[(dga['disease_id'] == disease) & (dga['first_pub_year'] > time)]['string_id']).astype(int)
ICD10_G35 83
train test split
later fusion
/itf-fi-ml/shared/users/ziyuzh/svm/src/features_reindex.py:21: PerformanceWarning: DataFrame is highly fragmented.  This is usually the result of calling `frame.insert` many times, which has poor performance.  Consider joining all columns at once using pd.concat(axis=1) instead. To get a de-fragmented frame, use `newframe = frame.copy()`
  df['label'] = df['string_id'].isin(pos_genes_list).astype(int)
/itf-fi-ml/shared/users/ziyuzh/svm/src/features_reindex.py:22: PerformanceWarning: DataFrame is highly fragmented.  This is usually the result of calling `frame.insert` many times, which has poor performance.  Consider joining all columns at once using pd.concat(axis=1) instead. To get a de-fragmented frame, use `newframe = frame.copy()`
  df['test'] = df['string_id'].isin(dga[(dga['disease_id'] == disease) & (dga['first_pub_year'] > time)]['string_id']).astype(int)
ICD10_G40 90
train test split
later fusion
/itf-fi-ml/shared/users/ziyuzh/svm/src/features_reindex.py:21: PerformanceWarning: DataFrame is highly fragmented.  This is usually the result of calling `frame.insert` many times, which has poor performance.  Consider joining all columns at once using pd.concat(axis=1) instead. To get a de-fragmented frame, use `newframe = frame.copy()`
  df['label'] = df['string_id'].isin(pos_genes_list).astype(int)
/itf-fi-ml/shared/users/ziyuzh/svm/src/features_reindex.py:22: PerformanceWarning: DataFrame is highly fragmented.  This is usually the result of calling `frame.insert` many times, which has poor performance.  Consider joining all columns at once using pd.concat(axis=1) instead. To get a de-fragmented frame, use `newframe = frame.copy()`
  df['test'] = df['string_id'].isin(dga[(dga['disease_id'] == disease) & (dga['first_pub_year'] > time)]['string_id']).astype(int)
ICD10_G43 19
train test split
later fusion
Feature: ppi_2017_700, Epoch 1/100, Train Loss: 0.7394, Val Loss: 0.4630, Train AUC: 0.4069, Val AUC: 0.6000
Feature: ppi_2017_700, Epoch 2/100, Train Loss: 0.4621, Val Loss: 0.4457, Train AUC: 0.5833, Val AUC: 0.7111
Feature: ppi_2017_700, Epoch 3/100, Train Loss: 0.4551, Val Loss: 0.4503, Train AUC: 0.5389, Val AUC: 0.7333
Feature: ppi_2017_700, Epoch 4/100, Train Loss: 0.4697, Val Loss: 0.4496, Train AUC: 0.4583, Val AUC: 0.8000
Feature: ppi_2017_700, Epoch 5/100, Train Loss: 0.4821, Val Loss: 0.4475, Train AUC: 0.4458, Val AUC: 0.7556
Feature: ppi_2017_700, Epoch 6/100, Train Loss: 0.4831, Val Loss: 0.4465, Train AUC: 0.3944, Val AUC: 0.7778
Feature: ppi_2017_700, Epoch 7/100, Train Loss: 0.4582, Val Loss: 0.4481, Train AUC: 0.5083, Val AUC: 0.7556
Early stopping for feature ppi_2017_700 at epoch 7
Best Train AUC for feature ppi_2017_700: 0.5833
Best Val AUC for feature ppi_2017_700: 0.7111
/itf-fi-ml/shared/users/ziyuzh/svm/src/features_reindex.py:21: PerformanceWarning: DataFrame is highly fragmented.  This is usually the result of calling `frame.insert` many times, which has poor performance.  Consider joining all columns at once using pd.concat(axis=1) instead. To get a de-fragmented frame, use `newframe = frame.copy()`
  df['label'] = df['string_id'].isin(pos_genes_list).astype(int)
/itf-fi-ml/shared/users/ziyuzh/svm/src/features_reindex.py:22: PerformanceWarning: DataFrame is highly fragmented.  This is usually the result of calling `frame.insert` many times, which has poor performance.  Consider joining all columns at once using pd.concat(axis=1) instead. To get a de-fragmented frame, use `newframe = frame.copy()`
  df['test'] = df['string_id'].isin(dga[(dga['disease_id'] == disease) & (dga['first_pub_year'] > time)]['string_id']).astype(int)
ICD10_G91 17
train test split
later fusion
/itf-fi-ml/shared/users/ziyuzh/svm/src/features_reindex.py:21: PerformanceWarning: DataFrame is highly fragmented.  This is usually the result of calling `frame.insert` many times, which has poor performance.  Consider joining all columns at once using pd.concat(axis=1) instead. To get a de-fragmented frame, use `newframe = frame.copy()`
  df['label'] = df['string_id'].isin(pos_genes_list).astype(int)
/itf-fi-ml/shared/users/ziyuzh/svm/src/features_reindex.py:22: PerformanceWarning: DataFrame is highly fragmented.  This is usually the result of calling `frame.insert` many times, which has poor performance.  Consider joining all columns at once using pd.concat(axis=1) instead. To get a de-fragmented frame, use `newframe = frame.copy()`
  df['test'] = df['string_id'].isin(dga[(dga['disease_id'] == disease) & (dga['first_pub_year'] > time)]['string_id']).astype(int)
ICD10_H40 17
train test split
later fusion
/itf-fi-ml/shared/users/ziyuzh/svm/src/features_reindex.py:21: PerformanceWarning: DataFrame is highly fragmented.  This is usually the result of calling `frame.insert` many times, which has poor performance.  Consider joining all columns at once using pd.concat(axis=1) instead. To get a de-fragmented frame, use `newframe = frame.copy()`
  df['label'] = df['string_id'].isin(pos_genes_list).astype(int)
/itf-fi-ml/shared/users/ziyuzh/svm/src/features_reindex.py:22: PerformanceWarning: DataFrame is highly fragmented.  This is usually the result of calling `frame.insert` many times, which has poor performance.  Consider joining all columns at once using pd.concat(axis=1) instead. To get a de-fragmented frame, use `newframe = frame.copy()`
  df['test'] = df['string_id'].isin(dga[(dga['disease_id'] == disease) & (dga['first_pub_year'] > time)]['string_id']).astype(int)
ICD10_I10 28
train test split
later fusion
/itf-fi-ml/shared/users/ziyuzh/svm/src/features_reindex.py:21: PerformanceWarning: DataFrame is highly fragmented.  This is usually the result of calling `frame.insert` many times, which has poor performance.  Consider joining all columns at once using pd.concat(axis=1) instead. To get a de-fragmented frame, use `newframe = frame.copy()`
  df['label'] = df['string_id'].isin(pos_genes_list).astype(int)
/itf-fi-ml/shared/users/ziyuzh/svm/src/features_reindex.py:22: PerformanceWarning: DataFrame is highly fragmented.  This is usually the result of calling `frame.insert` many times, which has poor performance.  Consider joining all columns at once using pd.concat(axis=1) instead. To get a de-fragmented frame, use `newframe = frame.copy()`
  df['test'] = df['string_id'].isin(dga[(dga['disease_id'] == disease) & (dga['first_pub_year'] > time)]['string_id']).astype(int)
ICD10_I25 109
train test split
later fusion
/itf-fi-ml/shared/users/ziyuzh/svm/src/features_reindex.py:21: PerformanceWarning: DataFrame is highly fragmented.  This is usually the result of calling `frame.insert` many times, which has poor performance.  Consider joining all columns at once using pd.concat(axis=1) instead. To get a de-fragmented frame, use `newframe = frame.copy()`
  df['label'] = df['string_id'].isin(pos_genes_list).astype(int)
/itf-fi-ml/shared/users/ziyuzh/svm/src/features_reindex.py:22: PerformanceWarning: DataFrame is highly fragmented.  This is usually the result of calling `frame.insert` many times, which has poor performance.  Consider joining all columns at once using pd.concat(axis=1) instead. To get a de-fragmented frame, use `newframe = frame.copy()`
  df['test'] = df['string_id'].isin(dga[(dga['disease_id'] == disease) & (dga['first_pub_year'] > time)]['string_id']).astype(int)
ICD10_I42 122
train test split
later fusion
/itf-fi-ml/shared/users/ziyuzh/svm/src/features_reindex.py:21: PerformanceWarning: DataFrame is highly fragmented.  This is usually the result of calling `frame.insert` many times, which has poor performance.  Consider joining all columns at once using pd.concat(axis=1) instead. To get a de-fragmented frame, use `newframe = frame.copy()`
  df['label'] = df['string_id'].isin(pos_genes_list).astype(int)
/itf-fi-ml/shared/users/ziyuzh/svm/src/features_reindex.py:22: PerformanceWarning: DataFrame is highly fragmented.  This is usually the result of calling `frame.insert` many times, which has poor performance.  Consider joining all columns at once using pd.concat(axis=1) instead. To get a de-fragmented frame, use `newframe = frame.copy()`
  df['test'] = df['string_id'].isin(dga[(dga['disease_id'] == disease) & (dga['first_pub_year'] > time)]['string_id']).astype(int)
ICD10_I46 16
train test split
later fusion
/itf-fi-ml/shared/users/ziyuzh/svm/src/features_reindex.py:21: PerformanceWarning: DataFrame is highly fragmented.  This is usually the result of calling `frame.insert` many times, which has poor performance.  Consider joining all columns at once using pd.concat(axis=1) instead. To get a de-fragmented frame, use `newframe = frame.copy()`
  df['label'] = df['string_id'].isin(pos_genes_list).astype(int)
/itf-fi-ml/shared/users/ziyuzh/svm/src/features_reindex.py:22: PerformanceWarning: DataFrame is highly fragmented.  This is usually the result of calling `frame.insert` many times, which has poor performance.  Consider joining all columns at once using pd.concat(axis=1) instead. To get a de-fragmented frame, use `newframe = frame.copy()`
  df['test'] = df['string_id'].isin(dga[(dga['disease_id'] == disease) & (dga['first_pub_year'] > time)]['string_id']).astype(int)
ICD10_I50 127
train test split
later fusion
/itf-fi-ml/shared/users/ziyuzh/svm/src/features_reindex.py:21: PerformanceWarning: DataFrame is highly fragmented.  This is usually the result of calling `frame.insert` many times, which has poor performance.  Consider joining all columns at once using pd.concat(axis=1) instead. To get a de-fragmented frame, use `newframe = frame.copy()`
  df['label'] = df['string_id'].isin(pos_genes_list).astype(int)
/itf-fi-ml/shared/users/ziyuzh/svm/src/features_reindex.py:22: PerformanceWarning: DataFrame is highly fragmented.  This is usually the result of calling `frame.insert` many times, which has poor performance.  Consider joining all columns at once using pd.concat(axis=1) instead. To get a de-fragmented frame, use `newframe = frame.copy()`
  df['test'] = df['string_id'].isin(dga[(dga['disease_id'] == disease) & (dga['first_pub_year'] > time)]['string_id']).astype(int)
ICD10_I63 29
train test split
later fusion
/itf-fi-ml/shared/users/ziyuzh/svm/src/features_reindex.py:21: PerformanceWarning: DataFrame is highly fragmented.  This is usually the result of calling `frame.insert` many times, which has poor performance.  Consider joining all columns at once using pd.concat(axis=1) instead. To get a de-fragmented frame, use `newframe = frame.copy()`
  df['label'] = df['string_id'].isin(pos_genes_list).astype(int)
/itf-fi-ml/shared/users/ziyuzh/svm/src/features_reindex.py:22: PerformanceWarning: DataFrame is highly fragmented.  This is usually the result of calling `frame.insert` many times, which has poor performance.  Consider joining all columns at once using pd.concat(axis=1) instead. To get a de-fragmented frame, use `newframe = frame.copy()`
  df['test'] = df['string_id'].isin(dga[(dga['disease_id'] == disease) & (dga['first_pub_year'] > time)]['string_id']).astype(int)
ICD10_I70 55
train test split
later fusion
/itf-fi-ml/shared/users/ziyuzh/svm/src/features_reindex.py:21: PerformanceWarning: DataFrame is highly fragmented.  This is usually the result of calling `frame.insert` many times, which has poor performance.  Consider joining all columns at once using pd.concat(axis=1) instead. To get a de-fragmented frame, use `newframe = frame.copy()`
  df['label'] = df['string_id'].isin(pos_genes_list).astype(int)
/itf-fi-ml/shared/users/ziyuzh/svm/src/features_reindex.py:22: PerformanceWarning: DataFrame is highly fragmented.  This is usually the result of calling `frame.insert` many times, which has poor performance.  Consider joining all columns at once using pd.concat(axis=1) instead. To get a de-fragmented frame, use `newframe = frame.copy()`
  df['test'] = df['string_id'].isin(dga[(dga['disease_id'] == disease) & (dga['first_pub_year'] > time)]['string_id']).astype(int)
ICD10_J45 154
train test split
later fusion
/itf-fi-ml/shared/users/ziyuzh/svm/src/features_reindex.py:21: PerformanceWarning: DataFrame is highly fragmented.  This is usually the result of calling `frame.insert` many times, which has poor performance.  Consider joining all columns at once using pd.concat(axis=1) instead. To get a de-fragmented frame, use `newframe = frame.copy()`
  df['label'] = df['string_id'].isin(pos_genes_list).astype(int)
/itf-fi-ml/shared/users/ziyuzh/svm/src/features_reindex.py:22: PerformanceWarning: DataFrame is highly fragmented.  This is usually the result of calling `frame.insert` many times, which has poor performance.  Consider joining all columns at once using pd.concat(axis=1) instead. To get a de-fragmented frame, use `newframe = frame.copy()`
  df['test'] = df['string_id'].isin(dga[(dga['disease_id'] == disease) & (dga['first_pub_year'] > time)]['string_id']).astype(int)
ICD10_J80 43
train test split
later fusion
/itf-fi-ml/shared/users/ziyuzh/svm/src/features_reindex.py:21: PerformanceWarning: DataFrame is highly fragmented.  This is usually the result of calling `frame.insert` many times, which has poor performance.  Consider joining all columns at once using pd.concat(axis=1) instead. To get a de-fragmented frame, use `newframe = frame.copy()`
  df['label'] = df['string_id'].isin(pos_genes_list).astype(int)
/itf-fi-ml/shared/users/ziyuzh/svm/src/features_reindex.py:22: PerformanceWarning: DataFrame is highly fragmented.  This is usually the result of calling `frame.insert` many times, which has poor performance.  Consider joining all columns at once using pd.concat(axis=1) instead. To get a de-fragmented frame, use `newframe = frame.copy()`
  df['test'] = df['string_id'].isin(dga[(dga['disease_id'] == disease) & (dga['first_pub_year'] > time)]['string_id']).astype(int)
ICD10_K44 46
train test split
later fusion
/itf-fi-ml/shared/users/ziyuzh/svm/src/features_reindex.py:21: PerformanceWarning: DataFrame is highly fragmented.  This is usually the result of calling `frame.insert` many times, which has poor performance.  Consider joining all columns at once using pd.concat(axis=1) instead. To get a de-fragmented frame, use `newframe = frame.copy()`
  df['label'] = df['string_id'].isin(pos_genes_list).astype(int)
/itf-fi-ml/shared/users/ziyuzh/svm/src/features_reindex.py:22: PerformanceWarning: DataFrame is highly fragmented.  This is usually the result of calling `frame.insert` many times, which has poor performance.  Consider joining all columns at once using pd.concat(axis=1) instead. To get a de-fragmented frame, use `newframe = frame.copy()`
  df['test'] = df['string_id'].isin(dga[(dga['disease_id'] == disease) & (dga['first_pub_year'] > time)]['string_id']).astype(int)
ICD10_K51 60
train test split
later fusion
/itf-fi-ml/shared/users/ziyuzh/svm/src/features_reindex.py:21: PerformanceWarning: DataFrame is highly fragmented.  This is usually the result of calling `frame.insert` many times, which has poor performance.  Consider joining all columns at once using pd.concat(axis=1) instead. To get a de-fragmented frame, use `newframe = frame.copy()`
  df['label'] = df['string_id'].isin(pos_genes_list).astype(int)
/itf-fi-ml/shared/users/ziyuzh/svm/src/features_reindex.py:22: PerformanceWarning: DataFrame is highly fragmented.  This is usually the result of calling `frame.insert` many times, which has poor performance.  Consider joining all columns at once using pd.concat(axis=1) instead. To get a de-fragmented frame, use `newframe = frame.copy()`
  df['test'] = df['string_id'].isin(dga[(dga['disease_id'] == disease) & (dga['first_pub_year'] > time)]['string_id']).astype(int)
ICD10_L20 49
train test split
later fusion
/itf-fi-ml/shared/users/ziyuzh/svm/src/features_reindex.py:21: PerformanceWarning: DataFrame is highly fragmented.  This is usually the result of calling `frame.insert` many times, which has poor performance.  Consider joining all columns at once using pd.concat(axis=1) instead. To get a de-fragmented frame, use `newframe = frame.copy()`
  df['label'] = df['string_id'].isin(pos_genes_list).astype(int)
/itf-fi-ml/shared/users/ziyuzh/svm/src/features_reindex.py:22: PerformanceWarning: DataFrame is highly fragmented.  This is usually the result of calling `frame.insert` many times, which has poor performance.  Consider joining all columns at once using pd.concat(axis=1) instead. To get a de-fragmented frame, use `newframe = frame.copy()`
  df['test'] = df['string_id'].isin(dga[(dga['disease_id'] == disease) & (dga['first_pub_year'] > time)]['string_id']).astype(int)
ICD10_L40 56
train test split
later fusion
Feature: ppi_2017_700, Epoch 1/100, Train Loss: 0.5353, Val Loss: 0.4624, Train AUC: 0.5067, Val AUC: 0.4327
Feature: ppi_2017_700, Epoch 2/100, Train Loss: 0.4594, Val Loss: 0.4556, Train AUC: 0.5259, Val AUC: 0.5101
Feature: ppi_2017_700, Epoch 3/100, Train Loss: 0.4589, Val Loss: 0.4540, Train AUC: 0.5151, Val AUC: 0.5606
Feature: ppi_2017_700, Epoch 4/100, Train Loss: 0.4659, Val Loss: 0.4538, Train AUC: 0.4607, Val AUC: 0.5640
Feature: ppi_2017_700, Epoch 5/100, Train Loss: 0.4509, Val Loss: 0.4542, Train AUC: 0.5520, Val AUC: 0.6061
Feature: ppi_2017_700, Epoch 6/100, Train Loss: 0.4742, Val Loss: 0.4531, Train AUC: 0.4387, Val AUC: 0.6465
Feature: ppi_2017_700, Epoch 7/100, Train Loss: 0.4519, Val Loss: 0.4561, Train AUC: 0.5413, Val AUC: 0.6532
Feature: ppi_2017_700, Epoch 8/100, Train Loss: 0.4540, Val Loss: 0.4570, Train AUC: 0.5663, Val AUC: 0.6414
Feature: ppi_2017_700, Epoch 9/100, Train Loss: 0.4647, Val Loss: 0.4531, Train AUC: 0.4773, Val AUC: 0.6684
Feature: ppi_2017_700, Epoch 10/100, Train Loss: 0.4553, Val Loss: 0.4529, Train AUC: 0.5171, Val AUC: 0.6751
Feature: ppi_2017_700, Epoch 11/100, Train Loss: 0.4631, Val Loss: 0.4547, Train AUC: 0.4775, Val AUC: 0.6768
Feature: ppi_2017_700, Epoch 12/100, Train Loss: 0.4463, Val Loss: 0.4541, Train AUC: 0.5741, Val AUC: 0.7121
Feature: ppi_2017_700, Epoch 13/100, Train Loss: 0.4492, Val Loss: 0.4525, Train AUC: 0.5578, Val AUC: 0.7172
Feature: ppi_2017_700, Epoch 14/100, Train Loss: 0.4531, Val Loss: 0.4513, Train AUC: 0.5295, Val AUC: 0.7256
Feature: ppi_2017_700, Epoch 15/100, Train Loss: 0.4468, Val Loss: 0.4511, Train AUC: 0.5887, Val AUC: 0.7492
Feature: ppi_2017_700, Epoch 16/100, Train Loss: 0.4395, Val Loss: 0.4504, Train AUC: 0.6122, Val AUC: 0.7576
Feature: ppi_2017_700, Epoch 17/100, Train Loss: 0.4562, Val Loss: 0.4498, Train AUC: 0.5177, Val AUC: 0.7643
Feature: ppi_2017_700, Epoch 18/100, Train Loss: 0.4279, Val Loss: 0.4492, Train AUC: 0.6741, Val AUC: 0.7744
Feature: ppi_2017_700, Epoch 19/100, Train Loss: 0.4514, Val Loss: 0.4487, Train AUC: 0.5351, Val AUC: 0.7727
Feature: ppi_2017_700, Epoch 20/100, Train Loss: 0.4444, Val Loss: 0.4488, Train AUC: 0.5924, Val AUC: 0.7761
Feature: ppi_2017_700, Epoch 21/100, Train Loss: 0.4371, Val Loss: 0.4482, Train AUC: 0.6135, Val AUC: 0.7761
Feature: ppi_2017_700, Epoch 22/100, Train Loss: 0.4495, Val Loss: 0.4474, Train AUC: 0.5650, Val AUC: 0.7828
Feature: ppi_2017_700, Epoch 23/100, Train Loss: 0.4587, Val Loss: 0.4500, Train AUC: 0.5337, Val AUC: 0.7677
Feature: ppi_2017_700, Epoch 24/100, Train Loss: 0.4261, Val Loss: 0.4470, Train AUC: 0.6720, Val AUC: 0.7744
Feature: ppi_2017_700, Epoch 25/100, Train Loss: 0.4499, Val Loss: 0.4447, Train AUC: 0.5612, Val AUC: 0.7879
Feature: ppi_2017_700, Epoch 26/100, Train Loss: 0.4387, Val Loss: 0.4476, Train AUC: 0.6076, Val AUC: 0.7710
Feature: ppi_2017_700, Epoch 27/100, Train Loss: 0.4353, Val Loss: 0.4455, Train AUC: 0.6869, Val AUC: 0.7508
Feature: ppi_2017_700, Epoch 28/100, Train Loss: 0.4374, Val Loss: 0.4499, Train AUC: 0.6199, Val AUC: 0.7609
Feature: ppi_2017_700, Epoch 29/100, Train Loss: 0.4243, Val Loss: 0.4426, Train AUC: 0.6868, Val AUC: 0.7643
Feature: ppi_2017_700, Epoch 30/100, Train Loss: 0.4364, Val Loss: 0.4460, Train AUC: 0.6261, Val AUC: 0.7727
Feature: ppi_2017_700, Epoch 31/100, Train Loss: 0.4396, Val Loss: 0.4441, Train AUC: 0.6609, Val AUC: 0.7626
Feature: ppi_2017_700, Epoch 32/100, Train Loss: 0.4300, Val Loss: 0.4424, Train AUC: 0.7129, Val AUC: 0.7492
Feature: ppi_2017_700, Epoch 33/100, Train Loss: 0.4262, Val Loss: 0.4423, Train AUC: 0.6570, Val AUC: 0.7424
Feature: ppi_2017_700, Epoch 34/100, Train Loss: 0.4263, Val Loss: 0.4338, Train AUC: 0.6655, Val AUC: 0.7879
Feature: ppi_2017_700, Epoch 35/100, Train Loss: 0.4315, Val Loss: 0.4330, Train AUC: 0.6438, Val AUC: 0.7727
Feature: ppi_2017_700, Epoch 36/100, Train Loss: 0.3831, Val Loss: 0.4269, Train AUC: 0.8122, Val AUC: 0.7626
Feature: ppi_2017_700, Epoch 37/100, Train Loss: 0.4106, Val Loss: 0.4189, Train AUC: 0.7067, Val AUC: 0.7626
Feature: ppi_2017_700, Epoch 38/100, Train Loss: 0.3926, Val Loss: 0.4318, Train AUC: 0.7565, Val AUC: 0.7475
Feature: ppi_2017_700, Epoch 39/100, Train Loss: 0.3666, Val Loss: 0.4400, Train AUC: 0.8102, Val AUC: 0.7811
Feature: ppi_2017_700, Epoch 40/100, Train Loss: 0.3720, Val Loss: 0.4235, Train AUC: 0.8118, Val AUC: 0.7374
Feature: ppi_2017_700, Epoch 41/100, Train Loss: 0.4105, Val Loss: 0.4198, Train AUC: 0.7131, Val AUC: 0.7660
Feature: ppi_2017_700, Epoch 42/100, Train Loss: 0.3872, Val Loss: 0.4259, Train AUC: 0.7853, Val AUC: 0.7929
Early stopping for feature ppi_2017_700 at epoch 42
Best Train AUC for feature ppi_2017_700: 0.7067
Best Val AUC for feature ppi_2017_700: 0.7626
/itf-fi-ml/shared/users/ziyuzh/svm/src/features_reindex.py:21: PerformanceWarning: DataFrame is highly fragmented.  This is usually the result of calling `frame.insert` many times, which has poor performance.  Consider joining all columns at once using pd.concat(axis=1) instead. To get a de-fragmented frame, use `newframe = frame.copy()`
  df['label'] = df['string_id'].isin(pos_genes_list).astype(int)
/itf-fi-ml/shared/users/ziyuzh/svm/src/features_reindex.py:22: PerformanceWarning: DataFrame is highly fragmented.  This is usually the result of calling `frame.insert` many times, which has poor performance.  Consider joining all columns at once using pd.concat(axis=1) instead. To get a de-fragmented frame, use `newframe = frame.copy()`
  df['test'] = df['string_id'].isin(dga[(dga['disease_id'] == disease) & (dga['first_pub_year'] > time)]['string_id']).astype(int)
ICD10_L80 29
train test split
later fusion
/itf-fi-ml/shared/users/ziyuzh/svm/src/features_reindex.py:21: PerformanceWarning: DataFrame is highly fragmented.  This is usually the result of calling `frame.insert` many times, which has poor performance.  Consider joining all columns at once using pd.concat(axis=1) instead. To get a de-fragmented frame, use `newframe = frame.copy()`
  df['label'] = df['string_id'].isin(pos_genes_list).astype(int)
/itf-fi-ml/shared/users/ziyuzh/svm/src/features_reindex.py:22: PerformanceWarning: DataFrame is highly fragmented.  This is usually the result of calling `frame.insert` many times, which has poor performance.  Consider joining all columns at once using pd.concat(axis=1) instead. To get a de-fragmented frame, use `newframe = frame.copy()`
  df['test'] = df['string_id'].isin(dga[(dga['disease_id'] == disease) & (dga['first_pub_year'] > time)]['string_id']).astype(int)
ICD10_M32 80
train test split
later fusion
/itf-fi-ml/shared/users/ziyuzh/svm/src/features_reindex.py:21: PerformanceWarning: DataFrame is highly fragmented.  This is usually the result of calling `frame.insert` many times, which has poor performance.  Consider joining all columns at once using pd.concat(axis=1) instead. To get a de-fragmented frame, use `newframe = frame.copy()`
  df['label'] = df['string_id'].isin(pos_genes_list).astype(int)
/itf-fi-ml/shared/users/ziyuzh/svm/src/features_reindex.py:22: PerformanceWarning: DataFrame is highly fragmented.  This is usually the result of calling `frame.insert` many times, which has poor performance.  Consider joining all columns at once using pd.concat(axis=1) instead. To get a de-fragmented frame, use `newframe = frame.copy()`
  df['test'] = df['string_id'].isin(dga[(dga['disease_id'] == disease) & (dga['first_pub_year'] > time)]['string_id']).astype(int)
ICD10_M41 21
train test split
later fusion
/itf-fi-ml/shared/users/ziyuzh/svm/src/features_reindex.py:21: PerformanceWarning: DataFrame is highly fragmented.  This is usually the result of calling `frame.insert` many times, which has poor performance.  Consider joining all columns at once using pd.concat(axis=1) instead. To get a de-fragmented frame, use `newframe = frame.copy()`
  df['label'] = df['string_id'].isin(pos_genes_list).astype(int)
/itf-fi-ml/shared/users/ziyuzh/svm/src/features_reindex.py:22: PerformanceWarning: DataFrame is highly fragmented.  This is usually the result of calling `frame.insert` many times, which has poor performance.  Consider joining all columns at once using pd.concat(axis=1) instead. To get a de-fragmented frame, use `newframe = frame.copy()`
  df['test'] = df['string_id'].isin(dga[(dga['disease_id'] == disease) & (dga['first_pub_year'] > time)]['string_id']).astype(int)
ICD10_N04 65
train test split
later fusion
/itf-fi-ml/shared/users/ziyuzh/svm/src/features_reindex.py:21: PerformanceWarning: DataFrame is highly fragmented.  This is usually the result of calling `frame.insert` many times, which has poor performance.  Consider joining all columns at once using pd.concat(axis=1) instead. To get a de-fragmented frame, use `newframe = frame.copy()`
  df['label'] = df['string_id'].isin(pos_genes_list).astype(int)
/itf-fi-ml/shared/users/ziyuzh/svm/src/features_reindex.py:22: PerformanceWarning: DataFrame is highly fragmented.  This is usually the result of calling `frame.insert` many times, which has poor performance.  Consider joining all columns at once using pd.concat(axis=1) instead. To get a de-fragmented frame, use `newframe = frame.copy()`
  df['test'] = df['string_id'].isin(dga[(dga['disease_id'] == disease) & (dga['first_pub_year'] > time)]['string_id']).astype(int)
ICD10_N17 71
train test split
later fusion
/itf-fi-ml/shared/users/ziyuzh/svm/src/features_reindex.py:21: PerformanceWarning: DataFrame is highly fragmented.  This is usually the result of calling `frame.insert` many times, which has poor performance.  Consider joining all columns at once using pd.concat(axis=1) instead. To get a de-fragmented frame, use `newframe = frame.copy()`
  df['label'] = df['string_id'].isin(pos_genes_list).astype(int)
/itf-fi-ml/shared/users/ziyuzh/svm/src/features_reindex.py:22: PerformanceWarning: DataFrame is highly fragmented.  This is usually the result of calling `frame.insert` many times, which has poor performance.  Consider joining all columns at once using pd.concat(axis=1) instead. To get a de-fragmented frame, use `newframe = frame.copy()`
  df['test'] = df['string_id'].isin(dga[(dga['disease_id'] == disease) & (dga['first_pub_year'] > time)]['string_id']).astype(int)
ICD10_N18 73
train test split
later fusion
/itf-fi-ml/shared/users/ziyuzh/svm/src/features_reindex.py:21: PerformanceWarning: DataFrame is highly fragmented.  This is usually the result of calling `frame.insert` many times, which has poor performance.  Consider joining all columns at once using pd.concat(axis=1) instead. To get a de-fragmented frame, use `newframe = frame.copy()`
  df['label'] = df['string_id'].isin(pos_genes_list).astype(int)
/itf-fi-ml/shared/users/ziyuzh/svm/src/features_reindex.py:22: PerformanceWarning: DataFrame is highly fragmented.  This is usually the result of calling `frame.insert` many times, which has poor performance.  Consider joining all columns at once using pd.concat(axis=1) instead. To get a de-fragmented frame, use `newframe = frame.copy()`
  df['test'] = df['string_id'].isin(dga[(dga['disease_id'] == disease) & (dga['first_pub_year'] > time)]['string_id']).astype(int)
ICD10_N46 60
train test split
later fusion
/itf-fi-ml/shared/users/ziyuzh/svm/src/features_reindex.py:21: PerformanceWarning: DataFrame is highly fragmented.  This is usually the result of calling `frame.insert` many times, which has poor performance.  Consider joining all columns at once using pd.concat(axis=1) instead. To get a de-fragmented frame, use `newframe = frame.copy()`
  df['label'] = df['string_id'].isin(pos_genes_list).astype(int)
/itf-fi-ml/shared/users/ziyuzh/svm/src/features_reindex.py:22: PerformanceWarning: DataFrame is highly fragmented.  This is usually the result of calling `frame.insert` many times, which has poor performance.  Consider joining all columns at once using pd.concat(axis=1) instead. To get a de-fragmented frame, use `newframe = frame.copy()`
  df['test'] = df['string_id'].isin(dga[(dga['disease_id'] == disease) & (dga['first_pub_year'] > time)]['string_id']).astype(int)
ICD10_N80 118
train test split
later fusion
/itf-fi-ml/shared/users/ziyuzh/svm/src/features_reindex.py:21: PerformanceWarning: DataFrame is highly fragmented.  This is usually the result of calling `frame.insert` many times, which has poor performance.  Consider joining all columns at once using pd.concat(axis=1) instead. To get a de-fragmented frame, use `newframe = frame.copy()`
  df['label'] = df['string_id'].isin(pos_genes_list).astype(int)
/itf-fi-ml/shared/users/ziyuzh/svm/src/features_reindex.py:22: PerformanceWarning: DataFrame is highly fragmented.  This is usually the result of calling `frame.insert` many times, which has poor performance.  Consider joining all columns at once using pd.concat(axis=1) instead. To get a de-fragmented frame, use `newframe = frame.copy()`
  df['test'] = df['string_id'].isin(dga[(dga['disease_id'] == disease) & (dga['first_pub_year'] > time)]['string_id']).astype(int)
ICD10_N97 24
train test split
later fusion
