['uniport_ppi_2017', 'ppi_2017_dw_80', 'uniport_exp', 'uniport_seq', 'uniport_esm'] 54 15328
ICD10_C16 89
calculating kernels...
uniport_ppi_2017 {'C_num': 3, 'gamma_ratio': 2, 'gamma': '0.11589172360035828'} 0.7796267848263652 0.892819349962207
ppi_2017_dw_80 {'C_num': 3, 'gamma_ratio': 2, 'gamma': '0.09921342573773072'} 0.8515219907492968 0.9235071806500378
uniport_exp {'C_num': 1, 'gamma_ratio': 2, 'gamma': '0.07535652185784192'} 0.4356560047964508 0.7425547996976568
uniport_seq {'C_num': 9, 'gamma_ratio': 8, 'gamma': '0.43594641319632244'} 0.5319207700145575 0.7724867724867726
uniport_esm {'C_num': 27, 'gamma_ratio': 8, 'gamma': '0.0855454689435297'} 0.46984098743731906 0.6837490551776266
collect valid feature:  ['uniport_ppi_2017', 'ppi_2017_dw_80', 'uniport_exp', 'uniport_seq']
evaluation
early fusion
uniport_ppi_2017-ppi_2017_dw_80-uniport_exp-uniport_seq {'C_num': 9, 'gamma_ratio': 8, 'gamma': '0.43594641319632244'} 0.5319207700145575 0.7724867724867726
middle fusion
kernel fusion
grid search C for fused kernels
linear_fused 3 0.8312718802011213 0.9253212396069538
geo_fused 9 0.8068821827356129 0.9207860922146637
weighted_linear_fused 3 0.8196020447142954 0.9242630385487528
weighted_geo_fused 9 0.7920715366380661 0.9162509448223733
fused kernels evaluation
ICD10_C18 48
kernels existing
uniport_ppi_2017 {'C_num': 1, 'gamma_ratio': 2, 'gamma': '0.11589172360035828'} 0.6989402427441022 0.8684657356532357
ppi_2017_dw_80 {'C_num': 9, 'gamma_ratio': 2, 'gamma': '0.09921342573773072'} 0.7193308203072135 0.8845327126577128
uniport_exp {'C_num': 1, 'gamma_ratio': 2, 'gamma': '0.07535652185784192'} 0.2508177234015593 0.5981379731379731
uniport_seq {'C_num': 9, 'gamma_ratio': 2, 'gamma': '1.7437856527852897'} 0.6845380404387101 0.79934243996744
uniport_esm {'C_num': 3, 'gamma_ratio': 8, 'gamma': '0.0855454689435297'} 0.6275889320897549 0.7279313568376069
collect valid feature:  ['uniport_ppi_2017', 'ppi_2017_dw_80', 'uniport_seq', 'uniport_esm']
evaluation
early fusion
uniport_ppi_2017-ppi_2017_dw_80-uniport_seq-uniport_esm {'C_num': 3, 'gamma_ratio': 8, 'gamma': '0.0855454689435297'} 0.6275889320897549 0.7279313568376069
middle fusion
kernel fusion
grid search C for fused kernels
linear_fused 0.001 0.8019137942649386 0.8875391101953601
geo_fused 0.001 0.8050564838417648 0.903195907102157
weighted_linear_fused 0.001 0.7616623690393566 0.8723703958078959
weighted_geo_fused 0.001 0.7960115371443233 0.8487993487993489
fused kernels evaluation
ICD10_C43 45
kernels existing
uniport_ppi_2017 {'C_num': 3, 'gamma_ratio': 2, 'gamma': '0.11589172360035828'} 0.9124956347562873 0.9268043445860347
ppi_2017_dw_80 {'C_num': 3, 'gamma_ratio': 2, 'gamma': '0.09921342573773072'} 0.928630469292453 0.9392111930844326
uniport_exp {'C_num': 1, 'gamma_ratio': 8, 'gamma': '0.01883913046446048'} 0.4928684443662748 0.7358996572024741
uniport_seq {'C_num': 1, 'gamma_ratio': 4, 'gamma': '0.8718928263926449'} 0.7384346901072055 0.7832597436470676
uniport_esm {'C_num': 9, 'gamma_ratio': 2, 'gamma': '0.3421818757741188'} 0.6331705479641659 0.731076272449512
collect valid feature:  ['uniport_ppi_2017', 'ppi_2017_dw_80', 'uniport_exp', 'uniport_seq', 'uniport_esm']
evaluation
early fusion
uniport_ppi_2017-ppi_2017_dw_80-uniport_exp-uniport_seq-uniport_esm {'C_num': 9, 'gamma_ratio': 2, 'gamma': '0.3421818757741188'} 0.6331705479641659 0.731076272449512
middle fusion
kernel fusion
grid search C for fused kernels
linear_fused 3 0.9311739804765247 0.9395595797004249
geo_fused 9 0.8995646100165358 0.9210112527013936
weighted_linear_fused 3 0.9283305444527613 0.9333296072732692
weighted_geo_fused 9 0.8830778087275016 0.909667262836277
fused kernels evaluation
ICD10_C45 38
kernels existing
uniport_ppi_2017 {'C_num': 1, 'gamma_ratio': 2, 'gamma': '0.11589172360035828'} 0.7854582804677454 0.8577556983823511
ppi_2017_dw_80 {'C_num': 1, 'gamma_ratio': 2, 'gamma': '0.09921342573773072'} 0.8044145760712177 0.8814735341044172
uniport_exp {'C_num': 9, 'gamma_ratio': 2, 'gamma': '0.07535652185784192'} 0.33124991464534453 0.6452810659579565
uniport_seq {'C_num': 3, 'gamma_ratio': 2, 'gamma': '1.7437856527852897'} 0.33459304089022934 0.5454785827604443
uniport_esm {'C_num': 9, 'gamma_ratio': 4, 'gamma': '0.1710909378870594'} 0.21623889915831598 0.48995579601079337
collect valid feature:  ['uniport_ppi_2017', 'ppi_2017_dw_80']
evaluation
early fusion
uniport_ppi_2017-ppi_2017_dw_80 {'C_num': 9, 'gamma_ratio': 4, 'gamma': '0.1710909378870594'} 0.21623889915831598 0.48995579601079337
middle fusion
kernel fusion
grid search C for fused kernels
linear_fused 0.001 0.7974751686607523 0.8618433244292577
geo_fused 0.001 0.8016858540617874 0.8784531541670622
weighted_linear_fused 0.001 0.7974751686607523 0.8618433244292577
weighted_geo_fused 0.001 0.7947191685338408 0.877557096819392
fused kernels evaluation
ICD10_C50 529
kernels existing
uniport_ppi_2017 {'C_num': 1, 'gamma_ratio': 2, 'gamma': '0.11589172360035828'} 0.48837322739540623 0.7004897959183674
ppi_2017_dw_80 {'C_num': 1, 'gamma_ratio': 2, 'gamma': '0.09921342573773072'} 0.5110513652034 0.7305
uniport_exp {'C_num': 81, 'gamma_ratio': 8, 'gamma': '0.01883913046446048'} 0.33636605830597704 0.6316836734693878
uniport_seq {'C_num': 81, 'gamma_ratio': 2, 'gamma': '1.7437856527852897'} 0.3761987444147817 0.646734693877551
uniport_esm {'C_num': 9, 'gamma_ratio': 2, 'gamma': '0.3421818757741188'} 0.3176294467969239 0.6216190476190476
collect valid feature:  ['uniport_ppi_2017', 'ppi_2017_dw_80']
evaluation
early fusion
uniport_ppi_2017-ppi_2017_dw_80 {'C_num': 9, 'gamma_ratio': 2, 'gamma': '0.3421818757741188'} 0.3176294467969239 0.6216190476190476
middle fusion
kernel fusion
grid search C for fused kernels
linear_fused 1 0.5077641156392064 0.7251972789115646
geo_fused 1 0.4993500660321959 0.7215136054421768
weighted_linear_fused 1 0.5078354597467108 0.7253979591836734
weighted_geo_fused 1 0.499845678716065 0.7219523809523808
fused kernels evaluation
ICD10_C67 183
kernels existing
uniport_ppi_2017 {'C_num': 1, 'gamma_ratio': 4, 'gamma': '0.05794586180017914'} 0.7727655303602919 0.8504191321499014
ppi_2017_dw_80 {'C_num': 1, 'gamma_ratio': 2, 'gamma': '0.09921342573773072'} 0.8034159719270207 0.8576429980276133
uniport_exp {'C_num': 3, 'gamma_ratio': 2, 'gamma': '0.07535652185784192'} 0.3576237191775946 0.6178254437869822
uniport_seq {'C_num': 81, 'gamma_ratio': 4, 'gamma': '0.8718928263926449'} 0.4703428874585314 0.6601084812623274
uniport_esm {'C_num': 27, 'gamma_ratio': 8, 'gamma': '0.0855454689435297'} 0.4282723614923371 0.6296104536489152
collect valid feature:  ['uniport_ppi_2017', 'ppi_2017_dw_80']
evaluation
early fusion
uniport_ppi_2017-ppi_2017_dw_80 {'C_num': 27, 'gamma_ratio': 8, 'gamma': '0.0855454689435297'} 0.4282723614923371 0.6296104536489152
middle fusion
kernel fusion
grid search C for fused kernels
linear_fused 1 0.8010692444792405 0.8578155818540433
geo_fused 1 0.7934405247454043 0.8599605522682445
weighted_linear_fused 1 0.8004835912880245 0.8578895463510848
weighted_geo_fused 1 0.7920005517588512 0.8598372781065088
fused kernels evaluation
ICD10_C81 23
kernels existing
uniport_ppi_2017 {'C_num': 9, 'gamma_ratio': 8, 'gamma': '0.02897293090008957'} 0.9715931558267519 0.946580581157194
ppi_2017_dw_80 {'C_num': 3, 'gamma_ratio': 8, 'gamma': '0.02480335643443268'} 0.9509184058528694 0.962205581157194
uniport_exp {'C_num': 1, 'gamma_ratio': 2, 'gamma': '0.07535652185784192'} 0.44551746109760076 0.7551203277009728
uniport_seq {'C_num': 3, 'gamma_ratio': 8, 'gamma': '0.43594641319632244'} 0.7152123288643476 0.8184923835125448
uniport_esm {'C_num': 3, 'gamma_ratio': 8, 'gamma': '0.0855454689435297'} 0.4928041188689602 0.7250784050179212
collect valid feature:  ['uniport_ppi_2017', 'ppi_2017_dw_80', 'uniport_exp', 'uniport_seq', 'uniport_esm']
evaluation
early fusion
uniport_ppi_2017-ppi_2017_dw_80-uniport_exp-uniport_seq-uniport_esm {'C_num': 3, 'gamma_ratio': 8, 'gamma': '0.0855454689435297'} 0.4928041188689602 0.7250784050179212
middle fusion
kernel fusion
grid search C for fused kernels
linear_fused 0.001 0.8808875052688608 0.8842725934459805
geo_fused 0.001 0.9006603073721227 0.9410362263184844
weighted_linear_fused 0.001 0.9100298144093677 0.8863367255504352
weighted_geo_fused 0.001 0.8306540331142185 0.8988975294418843
fused kernels evaluation
ICD10_D46 15
kernels existing
uniport_ppi_2017 {'C_num': 3, 'gamma_ratio': 4, 'gamma': '0.05794586180017914'} 0.8818278576426403 0.9478562801932368
ppi_2017_dw_80 {'C_num': 1, 'gamma_ratio': 2, 'gamma': '0.09921342573773072'} 0.8780077528485503 0.9554045893719806
uniport_exp {'C_num': 1, 'gamma_ratio': 2, 'gamma': '0.07535652185784192'} 0.1962306419769304 0.6043176328502415
uniport_seq {'C_num': 9, 'gamma_ratio': 8, 'gamma': '0.43594641319632244'} 0.6408237422078482 0.7624094202898551
uniport_esm {'C_num': 3, 'gamma_ratio': 8, 'gamma': '0.0855454689435297'} 0.6236184079238696 0.745048309178744
collect valid feature:  ['uniport_ppi_2017', 'ppi_2017_dw_80', 'uniport_seq', 'uniport_esm']
evaluation
early fusion
uniport_ppi_2017-ppi_2017_dw_80-uniport_seq-uniport_esm {'C_num': 3, 'gamma_ratio': 8, 'gamma': '0.0855454689435297'} 0.6236184079238696 0.745048309178744
middle fusion
kernel fusion
grid search C for fused kernels
linear_fused 0.001 0.7241668133785834 0.9015096618357488
geo_fused 0.001 0.63537748631036 0.8058876811594202
weighted_linear_fused 0.001 0.7899526514784828 0.8522342995169083
weighted_geo_fused 0.001 0.5889905063884543 0.7711050724637681
fused kernels evaluation
ICD10_D57 22
kernels existing
uniport_ppi_2017 {'C_num': 9, 'gamma_ratio': 2, 'gamma': '0.11589172360035828'} 0.8937785359733891 0.9711399711399711
ppi_2017_dw_80 {'C_num': 9, 'gamma_ratio': 2, 'gamma': '0.09921342573773072'} 0.9294376382056134 0.9725829725829725
uniport_exp {'C_num': 9, 'gamma_ratio': 4, 'gamma': '0.03767826092892096'} 0.3237122466822906 0.7304133774722009
uniport_seq {'C_num': 1, 'gamma_ratio': 4, 'gamma': '0.8718928263926449'} 0.7567719135891694 0.8447924624395213
uniport_esm {'C_num': 1, 'gamma_ratio': 4, 'gamma': '0.1710909378870594'} 0.6834843597334608 0.8088871912401324
collect valid feature:  ['uniport_ppi_2017', 'ppi_2017_dw_80', 'uniport_exp', 'uniport_seq', 'uniport_esm']
evaluation
early fusion
uniport_ppi_2017-ppi_2017_dw_80-uniport_exp-uniport_seq-uniport_esm {'C_num': 1, 'gamma_ratio': 4, 'gamma': '0.1710909378870594'} 0.6834843597334608 0.8088871912401324
middle fusion
kernel fusion
grid search C for fused kernels
linear_fused 0.001 0.9367515144046425 0.9666199813258637
geo_fused 0.001 0.7849811039037832 0.9668109668109667
weighted_linear_fused 0.001 0.9011089629127804 0.9423860453272216
weighted_geo_fused 0.001 0.8027713766297816 0.910449028096087
fused kernels evaluation
ICD10_D66 15
kernels existing
uniport_ppi_2017 {'C_num': 9, 'gamma_ratio': 4, 'gamma': '0.05794586180017914'} 0.9417859981399421 0.8898550724637682
ppi_2017_dw_80 {'C_num': 3, 'gamma_ratio': 2, 'gamma': '0.09921342573773072'} 0.9216629005120671 0.8666666666666667
uniport_exp {'C_num': 1, 'gamma_ratio': 8, 'gamma': '0.01883913046446048'} 0.12455211839359043 0.5075785024154589
uniport_seq {'C_num': 9, 'gamma_ratio': 8, 'gamma': '0.43594641319632244'} 0.6382953818219347 0.8470108695652175
uniport_esm {'C_num': 9, 'gamma_ratio': 8, 'gamma': '0.0855454689435297'} 0.38429176044135244 0.7479166666666667
collect valid feature:  ['uniport_ppi_2017', 'ppi_2017_dw_80', 'uniport_seq', 'uniport_esm']
evaluation
early fusion
uniport_ppi_2017-ppi_2017_dw_80-uniport_seq-uniport_esm {'C_num': 9, 'gamma_ratio': 8, 'gamma': '0.0855454689435297'} 0.38429176044135244 0.7479166666666667
middle fusion
kernel fusion
grid search C for fused kernels
linear_fused 0.001 0.8445668997548733 0.8916364734299517
geo_fused 0.001 0.751275574624473 0.8545591787439614
weighted_linear_fused 0.001 0.900484068225832 0.8899456521739131
weighted_geo_fused 0.001 0.5586526343678444 0.8001207729468599
fused kernels evaluation
ICD10_D83 23
kernels existing
uniport_ppi_2017 {'C_num': 27, 'gamma_ratio': 8, 'gamma': '0.02897293090008957'} 0.9773045238486865 0.9795918367346937
ppi_2017_dw_80 {'C_num': 27, 'gamma_ratio': 8, 'gamma': '0.02480335643443268'} 0.9524353056452295 0.9564625850340137
uniport_exp {'C_num': 3, 'gamma_ratio': 4, 'gamma': '0.03767826092892096'} 0.5627387813387842 0.7795918367346939
uniport_seq {'C_num': 27, 'gamma_ratio': 8, 'gamma': '0.43594641319632244'} 0.7233953203352089 0.7619047619047619
uniport_esm {'C_num': 9, 'gamma_ratio': 4, 'gamma': '0.1710909378870594'} 0.664873845595438 0.7496598639455782
collect valid feature:  ['uniport_ppi_2017', 'ppi_2017_dw_80', 'uniport_exp', 'uniport_seq', 'uniport_esm']
evaluation
early fusion
uniport_ppi_2017-ppi_2017_dw_80-uniport_exp-uniport_seq-uniport_esm {'C_num': 9, 'gamma_ratio': 4, 'gamma': '0.1710909378870594'} 0.664873845595438 0.7496598639455782
middle fusion
kernel fusion
grid search C for fused kernels
linear_fused 0.001 0.811650757618957 0.9020408163265307
geo_fused 0.001 0.8302798953376124 0.8748299319727891
weighted_linear_fused 0.001 0.7786896500930732 0.8598639455782312
weighted_geo_fused 0.001 0.809954583426773 0.8761904761904761
fused kernels evaluation
ICD10_E10 104
kernels existing
uniport_ppi_2017 {'C_num': 1, 'gamma_ratio': 4, 'gamma': '0.05794586180017914'} 0.8125343782386857 0.9360302165201726
ppi_2017_dw_80 {'C_num': 1, 'gamma_ratio': 2, 'gamma': '0.09921342573773072'} 0.8373868214462025 0.9394054180899886
uniport_exp {'C_num': 1, 'gamma_ratio': 2, 'gamma': '0.07535652185784192'} 0.4690103202090239 0.6835040272058777
uniport_seq {'C_num': 3, 'gamma_ratio': 8, 'gamma': '0.43594641319632244'} 0.5814012463857131 0.7029389002983214
uniport_esm {'C_num': 3, 'gamma_ratio': 8, 'gamma': '0.0855454689435297'} 0.5782515370607423 0.7051281399272614
collect valid feature:  ['uniport_ppi_2017', 'ppi_2017_dw_80', 'uniport_seq', 'uniport_esm']
evaluation
early fusion
uniport_ppi_2017-ppi_2017_dw_80-uniport_seq-uniport_esm {'C_num': 3, 'gamma_ratio': 8, 'gamma': '0.0855454689435297'} 0.5782515370607423 0.7051281399272614
middle fusion
kernel fusion
grid search C for fused kernels
linear_fused 3 0.8058063397485192 0.9242395489407512
geo_fused 9 0.7732074645097248 0.9201629815532905
weighted_linear_fused 3 0.8075163078099484 0.925707184818712
weighted_geo_fused 9 0.7809482172945478 0.9254378441162947
fused kernels evaluation
ICD10_E11 266
kernels existing
uniport_ppi_2017 {'C_num': 1, 'gamma_ratio': 2, 'gamma': '0.11589172360035828'} 0.8530734075915496 0.9154332458616946
ppi_2017_dw_80 {'C_num': 1, 'gamma_ratio': 4, 'gamma': '0.04960671286886536'} 0.8557137649086831 0.9167593591542555
uniport_exp {'C_num': 27, 'gamma_ratio': 2, 'gamma': '0.07535652185784192'} 0.3822417815785711 0.6624478308487268
uniport_seq {'C_num': 3, 'gamma_ratio': 2, 'gamma': '1.7437856527852897'} 0.49825523566951985 0.7109836977140459
uniport_esm {'C_num': 9, 'gamma_ratio': 4, 'gamma': '0.1710909378870594'} 0.481661388678672 0.7145164591730667
collect valid feature:  ['uniport_ppi_2017', 'ppi_2017_dw_80', 'uniport_seq', 'uniport_esm']
evaluation
early fusion
uniport_ppi_2017-ppi_2017_dw_80-uniport_seq-uniport_esm {'C_num': 9, 'gamma_ratio': 4, 'gamma': '0.1710909378870594'} 0.481661388678672 0.7145164591730667
middle fusion
kernel fusion
grid search C for fused kernels
linear_fused 1 0.8623168958526938 0.9199942283572763
geo_fused 1 0.8400361317475272 0.9163959893010727
weighted_linear_fused 1 0.8642499096017119 0.920253078379072
weighted_geo_fused 1 0.8555490380010581 0.9205802642652835
fused kernels evaluation
ICD10_E66 255
kernels existing
uniport_ppi_2017 {'C_num': 1, 'gamma_ratio': 4, 'gamma': '0.05794586180017914'} 0.80081711333054 0.9010516212842278
ppi_2017_dw_80 {'C_num': 1, 'gamma_ratio': 8, 'gamma': '0.02480335643443268'} 0.7962898590037305 0.90465340033363
uniport_exp {'C_num': 1, 'gamma_ratio': 2, 'gamma': '0.07535652185784192'} 0.2960281495902897 0.6287490077681254
uniport_seq {'C_num': 1, 'gamma_ratio': 2, 'gamma': '1.7437856527852897'} 0.46261904745228416 0.7081319307748507
uniport_esm {'C_num': 3, 'gamma_ratio': 8, 'gamma': '0.0855454689435297'} 0.45681854464415395 0.7205574328668343
collect valid feature:  ['uniport_ppi_2017', 'ppi_2017_dw_80', 'uniport_seq', 'uniport_esm']
evaluation
early fusion
uniport_ppi_2017-ppi_2017_dw_80-uniport_seq-uniport_esm {'C_num': 3, 'gamma_ratio': 8, 'gamma': '0.0855454689435297'} 0.45681854464415395 0.7205574328668343
middle fusion
kernel fusion
grid search C for fused kernels
linear_fused 3 0.7733498659996015 0.8931722396972593
geo_fused 3 0.7763402862422885 0.9024992854460985
weighted_linear_fused 3 0.7893684464974983 0.8941224322900477
weighted_geo_fused 9 0.7924615709177697 0.8994756349977847
fused kernels evaluation
ICD10_E84 42
kernels existing
uniport_ppi_2017 {'C_num': 3, 'gamma_ratio': 2, 'gamma': '0.11589172360035828'} 0.8999408644455139 0.947926718067383
ppi_2017_dw_80 {'C_num': 3, 'gamma_ratio': 4, 'gamma': '0.04960671286886536'} 0.8852027294332121 0.9625697547692432
uniport_exp {'C_num': 1, 'gamma_ratio': 2, 'gamma': '0.07535652185784192'} 0.4832069650675989 0.6509950691536369
uniport_seq {'C_num': 1, 'gamma_ratio': 2, 'gamma': '1.7437856527852897'} 0.664452449533015 0.745248712640017
uniport_esm {'C_num': 9, 'gamma_ratio': 8, 'gamma': '0.0855454689435297'} 0.5664388235707113 0.73143633150027
collect valid feature:  ['uniport_ppi_2017', 'ppi_2017_dw_80', 'uniport_seq', 'uniport_esm']
evaluation
early fusion
uniport_ppi_2017-ppi_2017_dw_80-uniport_seq-uniport_esm {'C_num': 9, 'gamma_ratio': 8, 'gamma': '0.0855454689435297'} 0.5664388235707113 0.73143633150027
middle fusion
kernel fusion
grid search C for fused kernels
linear_fused 9 0.8908858604251461 0.9459976298211593
geo_fused 1 0.86947351557466 0.9379147422625683
weighted_linear_fused 9 0.8913677656272786 0.9488846263142938
weighted_geo_fused 9 0.8792117415793106 0.9325338273547992
fused kernels evaluation
ICD10_F01 33
kernels existing
uniport_ppi_2017 {'C_num': 3, 'gamma_ratio': 2, 'gamma': '0.11589172360035828'} 0.6782090012459318 0.8958333333333334
ppi_2017_dw_80 {'C_num': 1, 'gamma_ratio': 2, 'gamma': '0.09921342573773072'} 0.6777832319081422 0.8541666666666666
uniport_exp {'C_num': 1, 'gamma_ratio': 2, 'gamma': '0.07535652185784192'} 0.013778570547382978 0.40972222222222227
uniport_seq {'C_num': 1, 'gamma_ratio': 2, 'gamma': '1.7437856527852897'} 0.3489580130848002 0.7800925925925926
uniport_esm {'C_num': 1, 'gamma_ratio': 8, 'gamma': '0.0855454689435297'} 0.07820599315540215 0.6296296296296297
collect valid feature:  ['uniport_ppi_2017', 'ppi_2017_dw_80', 'uniport_seq']
evaluation
early fusion
uniport_ppi_2017-ppi_2017_dw_80-uniport_seq {'C_num': 1, 'gamma_ratio': 8, 'gamma': '0.0855454689435297'} 0.07820599315540215 0.6296296296296297
middle fusion
kernel fusion
Warning: All pathway overlaps are zero; using uniform weights.
grid search C for fused kernels
linear_fused 0.001 0.3383018286581319 0.7430555555555557
geo_fused 0.001 0.5600657827752858 0.6944444444444445
weighted_linear_fused 0.001 0.3383018286581319 0.7430555555555557
weighted_geo_fused 0.001 0.5600657827752858 0.6944444444444445
fused kernels evaluation
ICD10_F20 816
kernels existing
uniport_ppi_2017 {'C_num': 1, 'gamma_ratio': 2, 'gamma': '0.11589172360035828'} 0.6806488057285588 0.7992011594889279
ppi_2017_dw_80 {'C_num': 3, 'gamma_ratio': 2, 'gamma': '0.09921342573773072'} 0.6932186110250068 0.8160004530314665
uniport_exp {'C_num': 9, 'gamma_ratio': 2, 'gamma': '0.07535652185784192'} 0.3528326569804663 0.6516731715575971
uniport_seq {'C_num': 9, 'gamma_ratio': 2, 'gamma': '1.7437856527852897'} 0.5091891742418032 0.7194531732806619
uniport_esm {'C_num': 9, 'gamma_ratio': 2, 'gamma': '0.3421818757741188'} 0.4707866436151032 0.7049978422642541
collect valid feature:  ['uniport_ppi_2017', 'ppi_2017_dw_80', 'uniport_seq', 'uniport_esm']
evaluation
early fusion
uniport_ppi_2017-ppi_2017_dw_80-uniport_seq-uniport_esm {'C_num': 9, 'gamma_ratio': 2, 'gamma': '0.3421818757741188'} 0.4707866436151032 0.7049978422642541
middle fusion
kernel fusion
grid search C for fused kernels
linear_fused 1 0.6841008489193962 0.8152136309941049
geo_fused 1 0.6896558615797789 0.8339207991407548
weighted_linear_fused 1 0.6904134736552444 0.8167344838264702
weighted_geo_fused 1 0.6992510235495025 0.8346729798443774
fused kernels evaluation
ICD10_F31 428
kernels existing
uniport_ppi_2017 {'C_num': 1, 'gamma_ratio': 2, 'gamma': '0.11589172360035828'} 0.7860220372159478 0.84507727480567
ppi_2017_dw_80 {'C_num': 9, 'gamma_ratio': 2, 'gamma': '0.09921342573773072'} 0.7968852214701666 0.8670653863740284
uniport_exp {'C_num': 27, 'gamma_ratio': 2, 'gamma': '0.07535652185784192'} 0.38895450040442636 0.6435372656607226
uniport_seq {'C_num': 3, 'gamma_ratio': 2, 'gamma': '1.7437856527852897'} 0.6355404685526459 0.7548056698673983
uniport_esm {'C_num': 3, 'gamma_ratio': 2, 'gamma': '0.3421818757741188'} 0.6161129370932086 0.7300667581161409
collect valid feature:  ['uniport_ppi_2017', 'ppi_2017_dw_80', 'uniport_seq', 'uniport_esm']
evaluation
early fusion
uniport_ppi_2017-ppi_2017_dw_80-uniport_seq-uniport_esm {'C_num': 3, 'gamma_ratio': 2, 'gamma': '0.3421818757741188'} 0.6161129370932086 0.7300667581161409
middle fusion
kernel fusion
grid search C for fused kernels
linear_fused 1 0.8199915086594619 0.8742935528120713
geo_fused 27 0.8120985381662374 0.8717110196616368
weighted_linear_fused 9 0.8204970381115428 0.8687224508459077
weighted_geo_fused 27 0.8180988758510369 0.8744142661179698
fused kernels evaluation
ICD10_F72 31
kernels existing
uniport_ppi_2017 {'C_num': 3, 'gamma_ratio': 2, 'gamma': '0.11589172360035828'} 0.497392289472775 0.7123175883256527
ppi_2017_dw_80 {'C_num': 9, 'gamma_ratio': 4, 'gamma': '0.04960671286886536'} 0.6241598582994103 0.7525281618023554
uniport_exp {'C_num': 9, 'gamma_ratio': 2, 'gamma': '0.07535652185784192'} 0.04658821345585224 0.4900873655913978
uniport_seq {'C_num': 9, 'gamma_ratio': 8, 'gamma': '0.43594641319632244'} 0.04961834807518459 0.5536514336917562
uniport_esm {'C_num': 3, 'gamma_ratio': 2, 'gamma': '0.3421818757741188'} 0.2530643128116702 0.5405625960061444
collect valid feature:  ['uniport_ppi_2017', 'ppi_2017_dw_80']
evaluation
early fusion
uniport_ppi_2017-ppi_2017_dw_80 {'C_num': 3, 'gamma_ratio': 2, 'gamma': '0.3421818757741188'} 0.2530643128116702 0.5405625960061444
middle fusion
kernel fusion
grid search C for fused kernels
linear_fused 0.001 0.47585534944856933 0.7005008320532514
geo_fused 0.001 0.5317475089340605 0.6570980542754735
weighted_linear_fused 0.001 0.4320423471337105 0.6397289426523297
weighted_geo_fused 0.001 0.5057104526096292 0.6916202636968766
fused kernels evaluation
ICD10_F90 20
kernels existing
uniport_ppi_2017 {'C_num': 1, 'gamma_ratio': 2, 'gamma': '0.11589172360035828'} 0.5254039887322609 0.6272005772005772
ppi_2017_dw_80 {'C_num': 1, 'gamma_ratio': 2, 'gamma': '0.09921342573773072'} 0.5388157045740948 0.6514790764790764
uniport_exp {'C_num': 3, 'gamma_ratio': 2, 'gamma': '0.07535652185784192'} 0.03141905586225031 0.4209235209235209
uniport_seq {'C_num': 9, 'gamma_ratio': 4, 'gamma': '0.8718928263926449'} 0.10023479248225325 0.6919191919191919
uniport_esm {'C_num': 9, 'gamma_ratio': 8, 'gamma': '0.0855454689435297'} 0.15301893841445122 0.67994227994228
collect valid feature:  []
evaluation
no valid features, no early fusion
no valid features, no mid fusion
ICD10_G10 32
kernels existing
uniport_ppi_2017 {'C_num': 3, 'gamma_ratio': 2, 'gamma': '0.11589172360035828'} 0.8161685468834659 0.9385232414644179
ppi_2017_dw_80 {'C_num': 3, 'gamma_ratio': 2, 'gamma': '0.09921342573773072'} 0.7989397153084546 0.9275469628410805
uniport_exp {'C_num': 9, 'gamma_ratio': 2, 'gamma': '0.07535652185784192'} 0.2649632481305797 0.5771584624525801
uniport_seq {'C_num': 27, 'gamma_ratio': 8, 'gamma': '0.43594641319632244'} 0.5024373590572374 0.6827768636592166
uniport_esm {'C_num': 27, 'gamma_ratio': 8, 'gamma': '0.0855454689435297'} 0.5602898347164093 0.6406714200831848
collect valid feature:  ['uniport_ppi_2017', 'ppi_2017_dw_80']
evaluation
early fusion
uniport_ppi_2017-ppi_2017_dw_80 {'C_num': 27, 'gamma_ratio': 8, 'gamma': '0.0855454689435297'} 0.5602898347164093 0.6406714200831848
middle fusion
kernel fusion
grid search C for fused kernels
linear_fused 0.001 0.8166036010620675 0.9193541752365282
geo_fused 0.001 0.8297881783829156 0.9427441839206545
weighted_linear_fused 0.001 0.8166036010620675 0.9193541752365282
weighted_geo_fused 0.001 0.8296123601934339 0.9421031582796289
fused kernels evaluation
ICD10_G20 128
kernels existing
uniport_ppi_2017 {'C_num': 1, 'gamma_ratio': 2, 'gamma': '0.11589172360035828'} 0.8050482663007479 0.8375650012705851
ppi_2017_dw_80 {'C_num': 1, 'gamma_ratio': 2, 'gamma': '0.09921342573773072'} 0.797271501626201 0.8592568261848538
uniport_exp {'C_num': 1, 'gamma_ratio': 8, 'gamma': '0.01883913046446048'} 0.3622981322913741 0.6323844785864365
uniport_seq {'C_num': 1, 'gamma_ratio': 2, 'gamma': '1.7437856527852897'} 0.5649540200982212 0.7197653169689064
uniport_esm {'C_num': 81, 'gamma_ratio': 8, 'gamma': '0.0855454689435297'} 0.4682138600096332 0.6677807915434819
collect valid feature:  ['uniport_ppi_2017', 'ppi_2017_dw_80', 'uniport_seq']
evaluation
early fusion
uniport_ppi_2017-ppi_2017_dw_80-uniport_seq {'C_num': 81, 'gamma_ratio': 8, 'gamma': '0.0855454689435297'} 0.4682138600096332 0.6677807915434819
middle fusion
kernel fusion
grid search C for fused kernels
linear_fused 9 0.8202734249610003 0.8593218219215318
geo_fused 9 0.7943049242726637 0.860291024844143
weighted_linear_fused 9 0.8196519673120294 0.8577669379609191
weighted_geo_fused 9 0.808311891709783 0.8553928254889095
fused kernels evaluation
ICD10_G24 21
kernels existing
uniport_ppi_2017 {'C_num': 1, 'gamma_ratio': 2, 'gamma': '0.11589172360035828'} 0.6478940376919371 0.749192665571976
ppi_2017_dw_80 {'C_num': 1, 'gamma_ratio': 2, 'gamma': '0.09921342573773072'} 0.6683013906191761 0.7376026272577997
uniport_exp {'C_num': 1, 'gamma_ratio': 8, 'gamma': '0.01883913046446048'} 0.25603660264437755 0.4991926655719759
uniport_seq {'C_num': 9, 'gamma_ratio': 8, 'gamma': '0.43594641319632244'} 0.3316652637857132 0.6185823754789271
uniport_esm {'C_num': 9, 'gamma_ratio': 4, 'gamma': '0.1710909378870594'} 0.35138882268114574 0.6490421455938696
collect valid feature:  ['uniport_ppi_2017', 'ppi_2017_dw_80']
evaluation
early fusion
uniport_ppi_2017-ppi_2017_dw_80 {'C_num': 9, 'gamma_ratio': 4, 'gamma': '0.1710909378870594'} 0.35138882268114574 0.6490421455938696
middle fusion
kernel fusion
grid search C for fused kernels
linear_fused 0.001 0.7049753170820979 0.7186097427476738
geo_fused 0.001 0.6637341965437318 0.6909277504105091
weighted_linear_fused 0.001 0.7049752257724754 0.7163108921729612
weighted_geo_fused 0.001 0.6590158091936181 0.690927750410509
fused kernels evaluation
ICD10_G30 179
kernels existing
uniport_ppi_2017 {'C_num': 1, 'gamma_ratio': 2, 'gamma': '0.11589172360035828'} 0.849336743598537 0.9090247933884297
ppi_2017_dw_80 {'C_num': 1, 'gamma_ratio': 2, 'gamma': '0.09921342573773072'} 0.8747416411110006 0.9239669421487604
uniport_exp {'C_num': 1, 'gamma_ratio': 2, 'gamma': '0.07535652185784192'} 0.4343987474334386 0.6790523415977961
uniport_seq {'C_num': 3, 'gamma_ratio': 4, 'gamma': '0.8718928263926449'} 0.5166823054582833 0.7144683195592285
uniport_esm {'C_num': 9, 'gamma_ratio': 8, 'gamma': '0.0855454689435297'} 0.5192035303044388 0.738931129476584
collect valid feature:  ['uniport_ppi_2017', 'ppi_2017_dw_80', 'uniport_seq', 'uniport_esm']
evaluation
early fusion
uniport_ppi_2017-ppi_2017_dw_80-uniport_seq-uniport_esm {'C_num': 9, 'gamma_ratio': 8, 'gamma': '0.0855454689435297'} 0.5192035303044388 0.738931129476584
middle fusion
kernel fusion
grid search C for fused kernels
linear_fused 1 0.8650135124488663 0.9077685950413222
geo_fused 3 0.8411527379498054 0.9081212121212121
weighted_linear_fused 1 0.8676238116827318 0.9134104683195593
weighted_geo_fused 3 0.8654397699378027 0.9213223140495868
fused kernels evaluation
ICD10_G35 102
kernels existing
uniport_ppi_2017 {'C_num': 1, 'gamma_ratio': 2, 'gamma': '0.11589172360035828'} 0.8522182657102997 0.8992696801840792
ppi_2017_dw_80 {'C_num': 1, 'gamma_ratio': 4, 'gamma': '0.04960671286886536'} 0.8575869297848194 0.9175402948862441
uniport_exp {'C_num': 1, 'gamma_ratio': 4, 'gamma': '0.03767826092892096'} 0.622185992821012 0.7893528517420708
uniport_seq {'C_num': 9, 'gamma_ratio': 8, 'gamma': '0.43594641319632244'} 0.7248187834599902 0.8228050409913615
uniport_esm {'C_num': 3, 'gamma_ratio': 8, 'gamma': '0.0855454689435297'} 0.7370596211739819 0.8097477159749081
collect valid feature:  ['uniport_ppi_2017', 'ppi_2017_dw_80', 'uniport_exp', 'uniport_seq', 'uniport_esm']
evaluation
early fusion
uniport_ppi_2017-ppi_2017_dw_80-uniport_exp-uniport_seq-uniport_esm {'C_num': 3, 'gamma_ratio': 8, 'gamma': '0.0855454689435297'} 0.7370596211739819 0.8097477159749081
middle fusion
kernel fusion
grid search C for fused kernels
linear_fused 3 0.8615099245177312 0.9291352287390241
geo_fused 27 0.866660383628555 0.9365500008550786
weighted_linear_fused 3 0.8596099720831476 0.9303000663651274
weighted_geo_fused 27 0.8700286684746167 0.937268197864069
fused kernels evaluation
ICD10_G40 114
kernels existing
uniport_ppi_2017 {'C_num': 1, 'gamma_ratio': 2, 'gamma': '0.11589172360035828'} 0.7752019138946845 0.8836305984938565
ppi_2017_dw_80 {'C_num': 1, 'gamma_ratio': 2, 'gamma': '0.09921342573773072'} 0.8037483598488938 0.9028141101862861
uniport_exp {'C_num': 1, 'gamma_ratio': 2, 'gamma': '0.07535652185784192'} 0.31280378765003 0.6232263178755449
uniport_seq {'C_num': 3, 'gamma_ratio': 2, 'gamma': '1.7437856527852897'} 0.6254259120039134 0.7766944114149821
uniport_esm {'C_num': 3, 'gamma_ratio': 8, 'gamma': '0.0855454689435297'} 0.5659267588009488 0.7454617518826794
collect valid feature:  ['uniport_ppi_2017', 'ppi_2017_dw_80', 'uniport_seq', 'uniport_esm']
evaluation
early fusion
uniport_ppi_2017-ppi_2017_dw_80-uniport_seq-uniport_esm {'C_num': 3, 'gamma_ratio': 8, 'gamma': '0.0855454689435297'} 0.5659267588009488 0.7454617518826794
middle fusion
kernel fusion
grid search C for fused kernels
linear_fused 9 0.7974848343354384 0.8961553705905668
geo_fused 9 0.7885950636954688 0.8930638129211257
weighted_linear_fused 9 0.7981624805615123 0.8960760998810939
weighted_geo_fused 9 0.7812328140959134 0.8921125644074515
fused kernels evaluation
ICD10_G43 21
kernels existing
uniport_ppi_2017 {'C_num': 1, 'gamma_ratio': 2, 'gamma': '0.11589172360035828'} 0.8576701349880116 0.9346628679962014
ppi_2017_dw_80 {'C_num': 1, 'gamma_ratio': 2, 'gamma': '0.09921342573773072'} 0.8033290707595291 0.9349952516619183
uniport_exp {'C_num': 9, 'gamma_ratio': 2, 'gamma': '0.07535652185784192'} 0.4834277592218232 0.7365622032288699
uniport_seq {'C_num': 27, 'gamma_ratio': 8, 'gamma': '0.43594641319632244'} 0.8174621498731858 0.877920227920228
uniport_esm {'C_num': 27, 'gamma_ratio': 8, 'gamma': '0.0855454689435297'} 0.2971943730637933 0.6597340930674265
collect valid feature:  ['uniport_ppi_2017', 'ppi_2017_dw_80', 'uniport_exp', 'uniport_seq']
evaluation
early fusion
uniport_ppi_2017-ppi_2017_dw_80-uniport_exp-uniport_seq {'C_num': 27, 'gamma_ratio': 8, 'gamma': '0.0855454689435297'} 0.2971943730637933 0.6597340930674265
middle fusion
kernel fusion
grid search C for fused kernels
linear_fused 0.001 0.8589915148678454 0.9205128205128205
geo_fused 0.001 0.8478395136033828 0.93005698005698
weighted_linear_fused 0.001 0.8801982762304966 0.9236467236467236
weighted_geo_fused 0.001 0.8092476959832572 0.9374643874643874
fused kernels evaluation
ICD10_G91 20
kernels existing
uniport_ppi_2017 {'C_num': 1, 'gamma_ratio': 2, 'gamma': '0.11589172360035828'} 0.32528199091616766 0.7433876811594202
ppi_2017_dw_80 {'C_num': 3, 'gamma_ratio': 4, 'gamma': '0.04960671286886536'} 0.5005937341142318 0.6756340579710146
uniport_exp {'C_num': 9, 'gamma_ratio': 8, 'gamma': '0.01883913046446048'} 0.006690524578763841 0.33602053140096616
uniport_seq {'C_num': 3, 'gamma_ratio': 2, 'gamma': '1.7437856527852897'} 0.3821952196758012 0.6866847826086957
uniport_esm {'C_num': 1, 'gamma_ratio': 2, 'gamma': '0.3421818757741188'} 0.47117996412254737 0.776328502415459
collect valid feature:  ['uniport_ppi_2017', 'uniport_esm']
evaluation
early fusion
uniport_ppi_2017-uniport_esm {'C_num': 1, 'gamma_ratio': 2, 'gamma': '0.3421818757741188'} 0.47117996412254737 0.776328502415459
middle fusion
kernel fusion
grid search C for fused kernels
linear_fused 0.001 0.16875921155053988 0.6291968599033817
geo_fused 0.001 0.4951363478840425 0.6901268115942029
weighted_linear_fused 0.001 0.4615326246551568 0.7902475845410627
weighted_geo_fused 0.001 0.31656017747220794 0.6994263285024155
fused kernels evaluation
ICD10_H40 18
kernels existing
uniport_ppi_2017 {'C_num': 1, 'gamma_ratio': 2, 'gamma': '0.11589172360035828'} 0.6898413486517144 0.8349753694581281
ppi_2017_dw_80 {'C_num': 1, 'gamma_ratio': 2, 'gamma': '0.09921342573773072'} 0.7937646741690001 0.8612753147235908
uniport_exp {'C_num': 3, 'gamma_ratio': 2, 'gamma': '0.07535652185784192'} 0.3458180548863317 0.6477832512315271
uniport_seq {'C_num': 9, 'gamma_ratio': 4, 'gamma': '0.8718928263926449'} 0.5472820620185422 0.7489053092501369
uniport_esm {'C_num': 9, 'gamma_ratio': 4, 'gamma': '0.1710909378870594'} 0.5835026971620019 0.7281198686371101
collect valid feature:  ['uniport_ppi_2017', 'ppi_2017_dw_80', 'uniport_seq', 'uniport_esm']
evaluation
early fusion
uniport_ppi_2017-ppi_2017_dw_80-uniport_seq-uniport_esm {'C_num': 9, 'gamma_ratio': 4, 'gamma': '0.1710909378870594'} 0.5835026971620019 0.7281198686371101
middle fusion
kernel fusion
grid search C for fused kernels
linear_fused 0.001 0.7479915555704548 0.7514230979748221
geo_fused 0.001 0.7276772368034425 0.6730021893814997
weighted_linear_fused 0.001 0.5623228050368091 0.7738779419813903
weighted_geo_fused 0.001 0.3889587186344019 0.6046934865900383
fused kernels evaluation
ICD10_I10 35
kernels existing
uniport_ppi_2017 {'C_num': 3, 'gamma_ratio': 4, 'gamma': '0.05794586180017914'} 0.9346315624133115 0.9722222222222223
ppi_2017_dw_80 {'C_num': 3, 'gamma_ratio': 2, 'gamma': '0.09921342573773072'} 0.9587252728156131 0.9796296296296297
uniport_exp {'C_num': 9, 'gamma_ratio': 2, 'gamma': '0.07535652185784192'} 0.41670996912919317 0.75
uniport_seq {'C_num': 1, 'gamma_ratio': 2, 'gamma': '1.7437856527852897'} 0.42548637085343927 0.7685185185185185
uniport_esm {'C_num': 9, 'gamma_ratio': 4, 'gamma': '0.1710909378870594'} 0.3036024844011402 0.7444444444444445
collect valid feature:  ['uniport_ppi_2017', 'ppi_2017_dw_80', 'uniport_exp', 'uniport_seq', 'uniport_esm']
evaluation
early fusion
uniport_ppi_2017-ppi_2017_dw_80-uniport_exp-uniport_seq-uniport_esm {'C_num': 9, 'gamma_ratio': 4, 'gamma': '0.1710909378870594'} 0.3036024844011402 0.7444444444444445
middle fusion
kernel fusion
grid search C for fused kernels
linear_fused 0.001 0.8271669178740174 0.937037037037037
geo_fused 0.001 0.8124151392642069 0.9314814814814815
weighted_linear_fused 0.001 0.8296000376138051 0.9500000000000001
weighted_geo_fused 0.001 0.8402455852464016 0.9351851851851851
fused kernels evaluation
ICD10_I25 134
kernels existing
uniport_ppi_2017 {'C_num': 1, 'gamma_ratio': 2, 'gamma': '0.11589172360035828'} 0.8192710186203774 0.9106001500069296
ppi_2017_dw_80 {'C_num': 1, 'gamma_ratio': 4, 'gamma': '0.04960671286886536'} 0.8612433434117138 0.9376421600997872
uniport_exp {'C_num': 27, 'gamma_ratio': 2, 'gamma': '0.07535652185784192'} 0.4776762585087814 0.7221810773187892
uniport_seq {'C_num': 81, 'gamma_ratio': 8, 'gamma': '0.43594641319632244'} 0.47056022971771827 0.7039530698429005
uniport_esm {'C_num': 1, 'gamma_ratio': 8, 'gamma': '0.0855454689435297'} 0.42883178265137706 0.6518665773962384
collect valid feature:  ['uniport_ppi_2017', 'ppi_2017_dw_80', 'uniport_exp', 'uniport_seq']
evaluation
early fusion
uniport_ppi_2017-ppi_2017_dw_80-uniport_exp-uniport_seq {'C_num': 1, 'gamma_ratio': 8, 'gamma': '0.0855454689435297'} 0.42883178265137706 0.6518665773962384
middle fusion
kernel fusion
grid search C for fused kernels
linear_fused 3 0.874603045240141 0.9192187461784919
geo_fused 9 0.805992351768686 0.9121951965172305
weighted_linear_fused 3 0.8713945970846978 0.9202602345081159
weighted_geo_fused 3 0.8254439368013387 0.928290547729107
fused kernels evaluation
ICD10_I26 15
kernels existing
uniport_ppi_2017 {'C_num': 1, 'gamma_ratio': 2, 'gamma': '0.11589172360035828'} 0.688287391772949 0.8690519323671498
ppi_2017_dw_80 {'C_num': 1, 'gamma_ratio': 2, 'gamma': '0.09921342573773072'} 0.7478111557324688 0.9159722222222223
uniport_exp {'C_num': 9, 'gamma_ratio': 4, 'gamma': '0.03767826092892096'} 0.04837268346582616 0.4652173913043478
uniport_seq {'C_num': 1, 'gamma_ratio': 8, 'gamma': '0.43594641319632244'} 0.5785258776693039 0.6623490338164252
uniport_esm {'C_num': 1, 'gamma_ratio': 4, 'gamma': '0.1710909378870594'} 0.6101198652013281 0.5632246376811595
collect valid feature:  ['uniport_ppi_2017', 'ppi_2017_dw_80']
evaluation
early fusion
uniport_ppi_2017-ppi_2017_dw_80 {'C_num': 1, 'gamma_ratio': 4, 'gamma': '0.1710909378870594'} 0.6101198652013281 0.5632246376811595
middle fusion
kernel fusion
grid search C for fused kernels
linear_fused 0.001 0.7160551970377173 0.895108695652174
geo_fused 0.001 0.7103204865487046 0.8968599033816425
weighted_linear_fused 0.001 0.7160551970377173 0.895108695652174
weighted_geo_fused 0.001 0.7102989300744441 0.8939613526570048
fused kernels evaluation
ICD10_I42 152
kernels existing
uniport_ppi_2017 {'C_num': 3, 'gamma_ratio': 2, 'gamma': '0.11589172360035828'} 0.8365545448533792 0.9066773551658454
ppi_2017_dw_80 {'C_num': 1, 'gamma_ratio': 2, 'gamma': '0.09921342573773072'} 0.8400773491980433 0.9091590726279941
uniport_exp {'C_num': 1, 'gamma_ratio': 2, 'gamma': '0.07535652185784192'} 0.5590523479056162 0.702775415773892
uniport_seq {'C_num': 3, 'gamma_ratio': 8, 'gamma': '0.43594641319632244'} 0.6115077428338124 0.7127060459954508
uniport_esm {'C_num': 3, 'gamma_ratio': 8, 'gamma': '0.0855454689435297'} 0.5434049428288041 0.7102143908531658
collect valid feature:  ['uniport_ppi_2017', 'ppi_2017_dw_80', 'uniport_exp', 'uniport_seq', 'uniport_esm']
evaluation
early fusion
uniport_ppi_2017-ppi_2017_dw_80-uniport_exp-uniport_seq-uniport_esm {'C_num': 3, 'gamma_ratio': 8, 'gamma': '0.0855454689435297'} 0.5434049428288041 0.7102143908531658
middle fusion
kernel fusion
grid search C for fused kernels
linear_fused 3 0.8435178536712414 0.9091400761528887
geo_fused 3 0.7986780977395429 0.9030765720540508
weighted_linear_fused 3 0.8514422875525839 0.9150140392488771
weighted_geo_fused 3 0.8351430247511463 0.9162792917516439
fused kernels evaluation
ICD10_I50 152
kernels existing
uniport_ppi_2017 {'C_num': 1, 'gamma_ratio': 4, 'gamma': '0.05794586180017914'} 0.8185851673619627 0.9218071792038435
ppi_2017_dw_80 {'C_num': 1, 'gamma_ratio': 4, 'gamma': '0.04960671286886536'} 0.8276342165455007 0.9226663182518875
uniport_exp {'C_num': 9, 'gamma_ratio': 4, 'gamma': '0.03767826092892096'} 0.36197160575036763 0.6740126735322529
uniport_seq {'C_num': 9, 'gamma_ratio': 4, 'gamma': '0.8718928263926449'} 0.624495156089833 0.7699366024556379
uniport_esm {'C_num': 3, 'gamma_ratio': 8, 'gamma': '0.0855454689435297'} 0.5931712521504995 0.7300262594950775
collect valid feature:  ['uniport_ppi_2017', 'ppi_2017_dw_80', 'uniport_seq', 'uniport_esm']
evaluation
early fusion
uniport_ppi_2017-ppi_2017_dw_80-uniport_seq-uniport_esm {'C_num': 3, 'gamma_ratio': 8, 'gamma': '0.0855454689435297'} 0.5931712521504995 0.7300262594950775
middle fusion
kernel fusion
grid search C for fused kernels
linear_fused 1 0.8394226242529731 0.9184908526732313
geo_fused 9 0.8295887550840817 0.9217829074881286
weighted_linear_fused 3 0.8458913064598201 0.9183155717057093
weighted_geo_fused 9 0.837032108348283 0.9253370149309236
fused kernels evaluation
ICD10_I63 37
kernels existing
uniport_ppi_2017 {'C_num': 1, 'gamma_ratio': 2, 'gamma': '0.11589172360035828'} 0.8519492507219387 0.9302648046803511
ppi_2017_dw_80 {'C_num': 1, 'gamma_ratio': 2, 'gamma': '0.09921342573773072'} 0.8816942969112999 0.9459306684613522
uniport_exp {'C_num': 1, 'gamma_ratio': 2, 'gamma': '0.07535652185784192'} 0.6385141426853979 0.781113295432407
uniport_seq {'C_num': 9, 'gamma_ratio': 2, 'gamma': '1.7437856527852897'} 0.8365458466499364 0.8840383673083849
uniport_esm {'C_num': 3, 'gamma_ratio': 4, 'gamma': '0.1710909378870594'} 0.8440275736075923 0.8684485120049117
collect valid feature:  ['uniport_ppi_2017', 'ppi_2017_dw_80', 'uniport_exp', 'uniport_seq', 'uniport_esm']
evaluation
early fusion
uniport_ppi_2017-ppi_2017_dw_80-uniport_exp-uniport_seq-uniport_esm {'C_num': 3, 'gamma_ratio': 4, 'gamma': '0.1710909378870594'} 0.8440275736075923 0.8684485120049117
middle fusion
kernel fusion
grid search C for fused kernels
linear_fused 0.001 0.8907007442549135 0.9493591673603362
geo_fused 0.001 0.8914411655774922 0.9315694938868523
weighted_linear_fused 0.001 0.8680858445637565 0.9381010573295786
weighted_geo_fused 0.001 0.8927846205992056 0.9335545696591868
fused kernels evaluation
ICD10_I70 64
kernels existing
uniport_ppi_2017 {'C_num': 1, 'gamma_ratio': 2, 'gamma': '0.11589172360035828'} 0.8466836516421375 0.9553093259464451
ppi_2017_dw_80 {'C_num': 1, 'gamma_ratio': 2, 'gamma': '0.09921342573773072'} 0.8631710997719098 0.9588180978762696
uniport_exp {'C_num': 1, 'gamma_ratio': 2, 'gamma': '0.07535652185784192'} 0.30815311872630763 0.6566943674976915
uniport_seq {'C_num': 3, 'gamma_ratio': 8, 'gamma': '0.43594641319632244'} 0.5571094434325455 0.739796860572484
uniport_esm {'C_num': 9, 'gamma_ratio': 8, 'gamma': '0.0855454689435297'} 0.47725603955069235 0.7333333333333334
collect valid feature:  ['uniport_ppi_2017', 'ppi_2017_dw_80', 'uniport_seq', 'uniport_esm']
evaluation
early fusion
uniport_ppi_2017-ppi_2017_dw_80-uniport_seq-uniport_esm {'C_num': 9, 'gamma_ratio': 8, 'gamma': '0.0855454689435297'} 0.47725603955069235 0.7333333333333334
middle fusion
kernel fusion
grid search C for fused kernels
linear_fused 9 0.8569591444632049 0.9362880886426593
geo_fused 27 0.8314686112508505 0.9331486611265004
weighted_linear_fused 3 0.856050786240798 0.942566943674977
weighted_geo_fused 27 0.8746895461096376 0.9412742382271467
fused kernels evaluation
ICD10_J45 185
kernels existing
uniport_ppi_2017 {'C_num': 1, 'gamma_ratio': 2, 'gamma': '0.11589172360035828'} 0.8500884133613354 0.9483148148148147
ppi_2017_dw_80 {'C_num': 1, 'gamma_ratio': 2, 'gamma': '0.09921342573773072'} 0.8589565391183037 0.9502962962962963
uniport_exp {'C_num': 1, 'gamma_ratio': 2, 'gamma': '0.07535652185784192'} 0.5135421849444476 0.7390925925925925
uniport_seq {'C_num': 1, 'gamma_ratio': 4, 'gamma': '0.8718928263926449'} 0.7199263177013898 0.7938333333333333
uniport_esm {'C_num': 1, 'gamma_ratio': 8, 'gamma': '0.0855454689435297'} 0.668344646182281 0.785462962962963
collect valid feature:  ['uniport_ppi_2017', 'ppi_2017_dw_80', 'uniport_exp', 'uniport_seq', 'uniport_esm']
evaluation
early fusion
uniport_ppi_2017-ppi_2017_dw_80-uniport_exp-uniport_seq-uniport_esm {'C_num': 1, 'gamma_ratio': 8, 'gamma': '0.0855454689435297'} 0.668344646182281 0.785462962962963
middle fusion
kernel fusion
grid search C for fused kernels
linear_fused 1 0.8575942193556084 0.9567222222222221
geo_fused 3 0.8548046899951528 0.9472222222222223
weighted_linear_fused 1 0.8599635681562882 0.9570555555555557
weighted_geo_fused 3 0.8566171524847587 0.9500740740740742
fused kernels evaluation
ICD10_J62 16
kernels existing
uniport_ppi_2017 {'C_num': 3, 'gamma_ratio': 2, 'gamma': '0.11589172360035828'} 0.7285514094454425 0.831890331890332
ppi_2017_dw_80 {'C_num': 1, 'gamma_ratio': 2, 'gamma': '0.09921342573773072'} 0.7925797214356963 0.8596320346320346
uniport_exp {'C_num': 3, 'gamma_ratio': 2, 'gamma': '0.07535652185784192'} 0.5592031224262274 0.645959595959596
uniport_seq {'C_num': 3, 'gamma_ratio': 4, 'gamma': '0.8718928263926449'} 0.09632241968622518 0.5957792207792209
uniport_esm {'C_num': 1, 'gamma_ratio': 4, 'gamma': '0.1710909378870594'} 0.12247023599477404 0.6222943722943723
collect valid feature:  ['uniport_ppi_2017', 'ppi_2017_dw_80']
evaluation
early fusion
uniport_ppi_2017-ppi_2017_dw_80 {'C_num': 1, 'gamma_ratio': 4, 'gamma': '0.1710909378870594'} 0.12247023599477404 0.6222943722943723
middle fusion
kernel fusion
grid search C for fused kernels
linear_fused 0.001 0.7056437109655637 0.7949134199134199
geo_fused 0.001 0.7059388554572855 0.7993145743145743
weighted_linear_fused 0.001 0.7056437109655637 0.7949134199134199
weighted_geo_fused 0.001 0.7056679940555869 0.7987012987012987
fused kernels evaluation
ICD10_J80 51
kernels existing
uniport_ppi_2017 {'C_num': 1, 'gamma_ratio': 2, 'gamma': '0.11589172360035828'} 0.7276637541530837 0.8720624796103179
ppi_2017_dw_80 {'C_num': 1, 'gamma_ratio': 2, 'gamma': '0.09921342573773072'} 0.7332154402631098 0.8678323236925292
uniport_exp {'C_num': 1, 'gamma_ratio': 2, 'gamma': '0.07535652185784192'} 0.38583875745242474 0.6354231702721249
uniport_seq {'C_num': 1, 'gamma_ratio': 2, 'gamma': '1.7437856527852897'} 0.5493653509390407 0.7478880859572744
uniport_esm {'C_num': 3, 'gamma_ratio': 4, 'gamma': '0.1710909378870594'} 0.5658672671445331 0.7688191491456019
collect valid feature:  ['uniport_ppi_2017', 'ppi_2017_dw_80', 'uniport_seq', 'uniport_esm']
evaluation
early fusion
uniport_ppi_2017-ppi_2017_dw_80-uniport_seq-uniport_esm {'C_num': 3, 'gamma_ratio': 4, 'gamma': '0.1710909378870594'} 0.5658672671445331 0.7688191491456019
middle fusion
kernel fusion
grid search C for fused kernels
linear_fused 1 0.7493481324988828 0.8713530592960076
geo_fused 1 0.7029882030309523 0.8544498371637812
weighted_linear_fused 27 0.7322756318052607 0.8485099361029552
weighted_geo_fused 1 0.662860372451217 0.8116462699537647
fused kernels evaluation
ICD10_K44 59
kernels existing
uniport_ppi_2017 {'C_num': 1, 'gamma_ratio': 2, 'gamma': '0.11589172360035828'} 0.8158440397062344 0.9196311540164812
ppi_2017_dw_80 {'C_num': 9, 'gamma_ratio': 2, 'gamma': '0.09921342573773072'} 0.8332167528950237 0.9240108454004686
uniport_exp {'C_num': 3, 'gamma_ratio': 2, 'gamma': '0.07535652185784192'} 0.5178085439527326 0.7636484085178732
uniport_seq {'C_num': 9, 'gamma_ratio': 8, 'gamma': '0.43594641319632244'} 0.3624380493564881 0.7015321478722006
uniport_esm {'C_num': 81, 'gamma_ratio': 8, 'gamma': '0.0855454689435297'} 0.3763198037798259 0.6378113866134355
collect valid feature:  ['uniport_ppi_2017', 'ppi_2017_dw_80', 'uniport_exp', 'uniport_seq']
evaluation
early fusion
uniport_ppi_2017-ppi_2017_dw_80-uniport_exp-uniport_seq {'C_num': 81, 'gamma_ratio': 8, 'gamma': '0.0855454689435297'} 0.3763198037798259 0.6378113866134355
middle fusion
kernel fusion
grid search C for fused kernels
linear_fused 3 0.7915070061931484 0.9303110416791845
geo_fused 9 0.7613230754751122 0.911792523160666
weighted_linear_fused 3 0.7914124119119728 0.9093918920422555
weighted_geo_fused 3 0.7839854200065132 0.9074652673462983
fused kernels evaluation
ICD10_K51 74
kernels existing
uniport_ppi_2017 {'C_num': 1, 'gamma_ratio': 4, 'gamma': '0.05794586180017914'} 0.8004256677209215 0.9068491820785399
ppi_2017_dw_80 {'C_num': 3, 'gamma_ratio': 2, 'gamma': '0.09921342573773072'} 0.8554279343232415 0.9237198694385239
uniport_exp {'C_num': 1, 'gamma_ratio': 2, 'gamma': '0.07535652185784192'} 0.6170339332621317 0.7565611701697329
uniport_seq {'C_num': 3, 'gamma_ratio': 2, 'gamma': '1.7437856527852897'} 0.6160034382184052 0.7272271278387487
uniport_esm {'C_num': 3, 'gamma_ratio': 4, 'gamma': '0.1710909378870594'} 0.6351182679254169 0.7529538504309148
collect valid feature:  ['uniport_ppi_2017', 'ppi_2017_dw_80', 'uniport_exp', 'uniport_seq', 'uniport_esm']
evaluation
early fusion
uniport_ppi_2017-ppi_2017_dw_80-uniport_exp-uniport_seq-uniport_esm {'C_num': 3, 'gamma_ratio': 4, 'gamma': '0.1710909378870594'} 0.6351182679254169 0.7529538504309148
middle fusion
kernel fusion
grid search C for fused kernels
linear_fused 3 0.8541078318444181 0.927907294879772
geo_fused 9 0.8327084367835808 0.9236485283885895
weighted_linear_fused 3 0.8467602024979778 0.9274810872670199
weighted_geo_fused 9 0.8315505256338073 0.9259411870268139
fused kernels evaluation
ICD10_L20 56
kernels existing
uniport_ppi_2017 {'C_num': 1, 'gamma_ratio': 4, 'gamma': '0.05794586180017914'} 0.9224274062600161 0.9326811314797584
ppi_2017_dw_80 {'C_num': 1, 'gamma_ratio': 8, 'gamma': '0.02480335643443268'} 0.9272123469174282 0.9122825644564775
uniport_exp {'C_num': 3, 'gamma_ratio': 2, 'gamma': '0.07535652185784192'} 0.427430200670399 0.7231712689378593
uniport_seq {'C_num': 1, 'gamma_ratio': 2, 'gamma': '1.7437856527852897'} 0.7576374198595387 0.793951852876338
uniport_esm {'C_num': 1, 'gamma_ratio': 2, 'gamma': '0.3421818757741188'} 0.7060071321202369 0.7677865930154261
collect valid feature:  ['uniport_ppi_2017', 'ppi_2017_dw_80', 'uniport_exp', 'uniport_seq', 'uniport_esm']
evaluation
early fusion
uniport_ppi_2017-ppi_2017_dw_80-uniport_exp-uniport_seq-uniport_esm {'C_num': 1, 'gamma_ratio': 2, 'gamma': '0.3421818757741188'} 0.7060071321202369 0.7677865930154261
middle fusion
kernel fusion
grid search C for fused kernels
linear_fused 9 0.9195595757806955 0.9257067091735284
geo_fused 3 0.9238300144873524 0.9258655045268318
weighted_linear_fused 3 0.9293045226407263 0.9272065336138562
weighted_geo_fused 3 0.9309011667128685 0.9260158013018424
fused kernels evaluation
ICD10_L40 70
kernels existing
uniport_ppi_2017 {'C_num': 3, 'gamma_ratio': 4, 'gamma': '0.05794586180017914'} 0.8450701513622705 0.9030461150026367
ppi_2017_dw_80 {'C_num': 3, 'gamma_ratio': 2, 'gamma': '0.09921342573773072'} 0.8498637132376717 0.9134064541673238
uniport_exp {'C_num': 1, 'gamma_ratio': 2, 'gamma': '0.07535652185784192'} 0.570096444883951 0.7593623408840801
uniport_seq {'C_num': 9, 'gamma_ratio': 4, 'gamma': '0.8718928263926449'} 0.6075028344744496 0.795056278751931
uniport_esm {'C_num': 27, 'gamma_ratio': 2, 'gamma': '0.3421818757741188'} 0.5299999009632855 0.7024431086931088
collect valid feature:  ['uniport_ppi_2017', 'ppi_2017_dw_80', 'uniport_exp', 'uniport_seq', 'uniport_esm']
evaluation
early fusion
uniport_ppi_2017-ppi_2017_dw_80-uniport_exp-uniport_seq-uniport_esm {'C_num': 27, 'gamma_ratio': 2, 'gamma': '0.3421818757741188'} 0.5299999009632855 0.7024431086931088
middle fusion
kernel fusion
grid search C for fused kernels
linear_fused 9 0.8316108370843982 0.9116477961586656
geo_fused 27 0.8163575891392258 0.9081696921370833
weighted_linear_fused 9 0.835492525702786 0.911783077543947
weighted_geo_fused 9 0.8251963805692771 0.9109304285934722
fused kernels evaluation
ICD10_M32 95
kernels existing
uniport_ppi_2017 {'C_num': 1, 'gamma_ratio': 4, 'gamma': '0.05794586180017914'} 0.8515838872888271 0.9162095493665445
ppi_2017_dw_80 {'C_num': 1, 'gamma_ratio': 2, 'gamma': '0.09921342573773072'} 0.8430348796700136 0.9174573146888442
uniport_exp {'C_num': 3, 'gamma_ratio': 8, 'gamma': '0.01883913046446048'} 0.5307249613159218 0.765360965255837
uniport_seq {'C_num': 3, 'gamma_ratio': 4, 'gamma': '0.8718928263926449'} 0.5963692732310845 0.7673458775115529
uniport_esm {'C_num': 3, 'gamma_ratio': 8, 'gamma': '0.0855454689435297'} 0.5290282573679975 0.7602968045514341
collect valid feature:  ['uniport_ppi_2017', 'ppi_2017_dw_80', 'uniport_exp', 'uniport_seq', 'uniport_esm']
evaluation
early fusion
uniport_ppi_2017-ppi_2017_dw_80-uniport_exp-uniport_seq-uniport_esm {'C_num': 3, 'gamma_ratio': 8, 'gamma': '0.0855454689435297'} 0.5290282573679975 0.7602968045514341
middle fusion
kernel fusion
grid search C for fused kernels
linear_fused 9 0.8557742855245015 0.9156519106103934
geo_fused 9 0.8329609588721659 0.9037952822846121
weighted_linear_fused 9 0.8598262720479205 0.916456004177645
weighted_geo_fused 27 0.8421384787771499 0.9096054443057726
fused kernels evaluation
ICD10_M34 35
kernels existing
uniport_ppi_2017 {'C_num': 3, 'gamma_ratio': 2, 'gamma': '0.11589172360035828'} 0.9066565595399695 0.962009664312296
ppi_2017_dw_80 {'C_num': 3, 'gamma_ratio': 2, 'gamma': '0.09921342573773072'} 0.8892745526472275 0.9617628351180981
uniport_exp {'C_num': 1, 'gamma_ratio': 8, 'gamma': '0.01883913046446048'} 0.43937204511558575 0.762922932330827
uniport_seq {'C_num': 27, 'gamma_ratio': 8, 'gamma': '0.43594641319632244'} 0.6456632195926301 0.7359782030834663
uniport_esm {'C_num': 3, 'gamma_ratio': 4, 'gamma': '0.1710909378870594'} 0.512245863677444 0.693383553580922
collect valid feature:  ['uniport_ppi_2017', 'ppi_2017_dw_80', 'uniport_exp', 'uniport_seq']
evaluation
early fusion
uniport_ppi_2017-ppi_2017_dw_80-uniport_exp-uniport_seq {'C_num': 3, 'gamma_ratio': 4, 'gamma': '0.1710909378870594'} 0.512245863677444 0.693383553580922
middle fusion
kernel fusion
grid search C for fused kernels
linear_fused 0.001 0.9042093669825095 0.9288775917065392
geo_fused 0.001 0.8910541011798964 0.9232408673198146
weighted_linear_fused 0.001 0.9035351836148768 0.9134982342219183
weighted_geo_fused 0.001 0.8844561716952396 0.9296228260044049
fused kernels evaluation
ICD10_M41 26
kernels existing
uniport_ppi_2017 {'C_num': 1, 'gamma_ratio': 2, 'gamma': '0.11589172360035828'} 0.5953354623453294 0.7815315315315315
ppi_2017_dw_80 {'C_num': 3, 'gamma_ratio': 2, 'gamma': '0.09921342573773072'} 0.7093538236752986 0.8095863720863722
uniport_exp {'C_num': 9, 'gamma_ratio': 2, 'gamma': '0.07535652185784192'} 0.09769001374887094 0.47800925925925924
uniport_seq {'C_num': 1, 'gamma_ratio': 2, 'gamma': '1.7437856527852897'} 0.3052133623181865 0.47998891748891753
uniport_esm {'C_num': 1, 'gamma_ratio': 8, 'gamma': '0.0855454689435297'} 0.40848773316165293 0.5650159087659087
collect valid feature:  ['uniport_ppi_2017', 'ppi_2017_dw_80']
evaluation
early fusion
uniport_ppi_2017-ppi_2017_dw_80 {'C_num': 1, 'gamma_ratio': 8, 'gamma': '0.0855454689435297'} 0.40848773316165293 0.5650159087659087
middle fusion
kernel fusion
grid search C for fused kernels
linear_fused 0.001 0.5571694264869979 0.7113184613184612
geo_fused 0.001 0.4937347613876697 0.6998650436150436
weighted_linear_fused 0.001 0.5608505395236966 0.7124758687258687
weighted_geo_fused 0.001 0.49460483551805484 0.701022451022451
fused kernels evaluation
ICD10_N04 72
kernels existing
uniport_ppi_2017 {'C_num': 1, 'gamma_ratio': 2, 'gamma': '0.11589172360035828'} 0.7809619734322389 0.9062837610470574
ppi_2017_dw_80 {'C_num': 3, 'gamma_ratio': 2, 'gamma': '0.09921342573773072'} 0.8804126400462579 0.9309518327636388
uniport_exp {'C_num': 9, 'gamma_ratio': 8, 'gamma': '0.01883913046446048'} 0.23363289255610917 0.6181245535424379
uniport_seq {'C_num': 1, 'gamma_ratio': 8, 'gamma': '0.43594641319632244'} 0.6472415805653905 0.7692456416886575
uniport_esm {'C_num': 1, 'gamma_ratio': 8, 'gamma': '0.0855454689435297'} 0.7448331335057515 0.7623178010378479
collect valid feature:  ['uniport_ppi_2017', 'ppi_2017_dw_80', 'uniport_seq', 'uniport_esm']
evaluation
early fusion
uniport_ppi_2017-ppi_2017_dw_80-uniport_seq-uniport_esm {'C_num': 1, 'gamma_ratio': 8, 'gamma': '0.0855454689435297'} 0.7448331335057515 0.7623178010378479
middle fusion
kernel fusion
grid search C for fused kernels
linear_fused 0.001 0.8054957170962161 0.932271280897815
geo_fused 0.001 0.7479376490973432 0.8883568295461924
weighted_linear_fused 0.001 0.7924392158628537 0.9339161633872329
weighted_geo_fused 0.001 0.7113654589939932 0.8351627024186931
fused kernels evaluation
ICD10_N17 87
kernels existing
uniport_ppi_2017 {'C_num': 1, 'gamma_ratio': 4, 'gamma': '0.05794586180017914'} 0.8950003803604213 0.9482248520710059
ppi_2017_dw_80 {'C_num': 1, 'gamma_ratio': 4, 'gamma': '0.04960671286886536'} 0.9049192177901325 0.9550295857988166
uniport_exp {'C_num': 3, 'gamma_ratio': 2, 'gamma': '0.07535652185784192'} 0.707693547226003 0.790828402366864
uniport_seq {'C_num': 3, 'gamma_ratio': 4, 'gamma': '0.8718928263926449'} 0.721835526060174 0.8611439842209072
uniport_esm {'C_num': 27, 'gamma_ratio': 8, 'gamma': '0.0855454689435297'} 0.6705096693996779 0.8413214990138066
collect valid feature:  ['uniport_ppi_2017', 'ppi_2017_dw_80', 'uniport_exp', 'uniport_seq', 'uniport_esm']
evaluation
early fusion
uniport_ppi_2017-ppi_2017_dw_80-uniport_exp-uniport_seq-uniport_esm {'C_num': 27, 'gamma_ratio': 8, 'gamma': '0.0855454689435297'} 0.6705096693996779 0.8413214990138066
middle fusion
kernel fusion
grid search C for fused kernels
linear_fused 3 0.874629815955556 0.9615384615384616
geo_fused 27 0.8981430563798288 0.9642998027613413
weighted_linear_fused 1 0.8852592779050809 0.9638067061143984
weighted_geo_fused 27 0.8983906396685142 0.9599605522682446
fused kernels evaluation
ICD10_N18 91
kernels existing
uniport_ppi_2017 {'C_num': 1, 'gamma_ratio': 2, 'gamma': '0.11589172360035828'} 0.9191235000441921 0.9694348310887889
ppi_2017_dw_80 {'C_num': 1, 'gamma_ratio': 2, 'gamma': '0.09921342573773072'} 0.924519409037377 0.96780832629068
uniport_exp {'C_num': 9, 'gamma_ratio': 2, 'gamma': '0.07535652185784192'} 0.4703953380965573 0.8015323528246127
uniport_seq {'C_num': 1, 'gamma_ratio': 2, 'gamma': '1.7437856527852897'} 0.646788357571393 0.7782278113575772
uniport_esm {'C_num': 9, 'gamma_ratio': 4, 'gamma': '0.1710909378870594'} 0.517995843115838 0.7535073484597743
collect valid feature:  ['uniport_ppi_2017', 'ppi_2017_dw_80', 'uniport_exp', 'uniport_seq', 'uniport_esm']
evaluation
early fusion
uniport_ppi_2017-ppi_2017_dw_80-uniport_exp-uniport_seq-uniport_esm {'C_num': 9, 'gamma_ratio': 4, 'gamma': '0.1710909378870594'} 0.517995843115838 0.7535073484597743
middle fusion
kernel fusion
grid search C for fused kernels
linear_fused 1 0.9152378843131969 0.9636757615973487
geo_fused 1 0.9076844184623624 0.9587162340924403
weighted_linear_fused 1 0.9198249412404161 0.9674674940043723
weighted_geo_fused 3 0.9204252571149021 0.9644920131491426
fused kernels evaluation
ICD10_N46 81
kernels existing
uniport_ppi_2017 {'C_num': 3, 'gamma_ratio': 2, 'gamma': '0.11589172360035828'} 0.7277610114320265 0.8409362359418582
ppi_2017_dw_80 {'C_num': 1, 'gamma_ratio': 2, 'gamma': '0.09921342573773072'} 0.7650773972984052 0.8189161295420666
uniport_exp {'C_num': 3, 'gamma_ratio': 2, 'gamma': '0.07535652185784192'} 0.2564349902919225 0.621187670053862
uniport_seq {'C_num': 1, 'gamma_ratio': 4, 'gamma': '0.8718928263926449'} 0.5692030172874661 0.7194338194150788
uniport_esm {'C_num': 9, 'gamma_ratio': 4, 'gamma': '0.1710909378870594'} 0.37852106023883064 0.6706928320028019
collect valid feature:  ['uniport_ppi_2017', 'ppi_2017_dw_80', 'uniport_seq']
evaluation
early fusion
uniport_ppi_2017-ppi_2017_dw_80-uniport_seq {'C_num': 9, 'gamma_ratio': 4, 'gamma': '0.1710909378870594'} 0.37852106023883064 0.6706928320028019
middle fusion
kernel fusion
grid search C for fused kernels
linear_fused 1 0.7557578623266706 0.8384042487303356
geo_fused 1 0.7287869397329264 0.8373639035183262
weighted_linear_fused 1 0.7544443172161369 0.8375330230184052
weighted_geo_fused 1 0.7327372485218491 0.8367362792962494
fused kernels evaluation
ICD10_N80 148
kernels existing
uniport_ppi_2017 {'C_num': 1, 'gamma_ratio': 2, 'gamma': '0.11589172360035828'} 0.7267179329407324 0.8435491172476234
ppi_2017_dw_80 {'C_num': 1, 'gamma_ratio': 2, 'gamma': '0.09921342573773072'} 0.7352098510529507 0.8266787384940395
uniport_exp {'C_num': 1, 'gamma_ratio': 2, 'gamma': '0.07535652185784192'} 0.46874363857016194 0.7244001810774107
uniport_seq {'C_num': 81, 'gamma_ratio': 8, 'gamma': '0.43594641319632244'} 0.599719946874945 0.7264825712992304
uniport_esm {'C_num': 9, 'gamma_ratio': 8, 'gamma': '0.0855454689435297'} 0.54277009761937 0.7226799456767768
collect valid feature:  ['uniport_ppi_2017', 'ppi_2017_dw_80', 'uniport_exp', 'uniport_seq', 'uniport_esm']
evaluation
early fusion
uniport_ppi_2017-ppi_2017_dw_80-uniport_exp-uniport_seq-uniport_esm {'C_num': 9, 'gamma_ratio': 8, 'gamma': '0.0855454689435297'} 0.54277009761937 0.7226799456767768
middle fusion
kernel fusion
grid search C for fused kernels
linear_fused 1 0.7588279497381145 0.861445601327901
geo_fused 9 0.7549725956025738 0.8606609325486646
weighted_linear_fused 1 0.7577749348549122 0.8583371057793873
weighted_geo_fused 1 0.7477284353322319 0.8525426286404104
fused kernels evaluation
ICD10_N97 28
kernels existing
uniport_ppi_2017 {'C_num': 27, 'gamma_ratio': 4, 'gamma': '0.05794586180017914'} 0.9644650956186444 0.9518889534133436
ppi_2017_dw_80 {'C_num': 27, 'gamma_ratio': 8, 'gamma': '0.02480335643443268'} 0.9642648074252631 0.9595592979739321
uniport_exp {'C_num': 27, 'gamma_ratio': 4, 'gamma': '0.03767826092892096'} 0.29227133753169765 0.7179878048780489
uniport_seq {'C_num': 27, 'gamma_ratio': 8, 'gamma': '0.43594641319632244'} 0.773249362786942 0.8478513356562137
uniport_esm {'C_num': 9, 'gamma_ratio': 8, 'gamma': '0.0855454689435297'} 0.8205523345626501 0.8276551813137178
collect valid feature:  ['uniport_ppi_2017', 'ppi_2017_dw_80', 'uniport_exp', 'uniport_seq', 'uniport_esm']
evaluation
early fusion
uniport_ppi_2017-ppi_2017_dw_80-uniport_exp-uniport_seq-uniport_esm {'C_num': 9, 'gamma_ratio': 8, 'gamma': '0.0855454689435297'} 0.8205523345626501 0.8276551813137178
middle fusion
kernel fusion
grid search C for fused kernels
linear_fused 0.001 0.8313239801619489 0.9014711575687185
geo_fused 0.001 0.8739878446402282 0.9062782294489612
weighted_linear_fused 0.001 0.876822664903376 0.904447348044909
weighted_geo_fused 0.001 0.8311733333618473 0.9213850174216027
fused kernels evaluation
ICD10_C23 18
kernels existing
uniport_ppi_2017 {'C_num': 1, 'gamma_ratio': 2, 'gamma': '0.11589172360035828'} 0.9034055316598238 0.9761904761904763
ppi_2017_dw_80 {'C_num': 1, 'gamma_ratio': 2, 'gamma': '0.09921342573773072'} 0.9478717528657382 0.9801587301587302
uniport_exp {'C_num': 9, 'gamma_ratio': 2, 'gamma': '0.07535652185784192'} 0.505799333653316 0.7228927203065135
uniport_seq {'C_num': 9, 'gamma_ratio': 4, 'gamma': '0.8718928263926449'} 0.13457812397037874 0.5355090311986864
uniport_esm {'C_num': 9, 'gamma_ratio': 8, 'gamma': '0.0855454689435297'} 0.09982618951988682 0.467200328407225
collect valid feature:  ['uniport_ppi_2017', 'ppi_2017_dw_80', 'uniport_exp']
evaluation
early fusion
uniport_ppi_2017-ppi_2017_dw_80-uniport_exp {'C_num': 9, 'gamma_ratio': 8, 'gamma': '0.0855454689435297'} 0.09982618951988682 0.467200328407225
middle fusion
kernel fusion
grid search C for fused kernels
linear_fused 0.001 0.902892508871723 0.9630268199233717
geo_fused 0.001 0.895107189113923 0.956759715380405
weighted_linear_fused 0.001 0.8834492294427893 0.9662698412698414
weighted_geo_fused 0.001 0.9222678140499362 0.9722222222222223
fused kernels evaluation
ICD10_C53 15
kernels existing
uniport_ppi_2017 {'C_num': 1, 'gamma_ratio': 2, 'gamma': '0.11589172360035828'} 0.9894419593685667 0.9953703703703703
ppi_2017_dw_80 {'C_num': 9, 'gamma_ratio': 8, 'gamma': '0.02480335643443268'} 0.9788839187371335 0.9907407407407408
uniport_exp {'C_num': 9, 'gamma_ratio': 8, 'gamma': '0.01883913046446048'} 0.29275910873403477 0.5277777777777778
uniport_seq {'C_num': 1, 'gamma_ratio': 8, 'gamma': '0.43594641319632244'} 0.38481757059282673 0.5375243664717348
uniport_esm {'C_num': 1, 'gamma_ratio': 4, 'gamma': '0.1710909378870594'} 0.4423290072983499 0.6413255360623782
collect valid feature:  ['uniport_ppi_2017', 'ppi_2017_dw_80']
evaluation
early fusion
uniport_ppi_2017-ppi_2017_dw_80 {'C_num': 1, 'gamma_ratio': 4, 'gamma': '0.1710909378870594'} 0.4423290072983499 0.6413255360623782
middle fusion
kernel fusion
grid search C for fused kernels
linear_fused 0.001 0.9568043275749701 0.9710038986354776
geo_fused 0.001 0.939185545153749 0.9744152046783626
weighted_linear_fused 0.001 0.9568043275749701 0.9710038986354776
weighted_geo_fused 0.001 0.939185545153749 0.9744152046783626
fused kernels evaluation
