['uniport_ppi_2019', 'ppi_2019_dw_40', 'diffusion_2019', 'uniport_bio', 'uniport_seq', 'uniport_esm'] 48 15686
ICD10_I10 35
kernels existing
uniport_ppi_2019 {'C_num': 1, 'gamma_ratio': 2, 'gamma': '0.5052695526173884'} 0.8812734134668928 0.9484551396316103
ppi_2019_dw_40 {'C_num': 3, 'gamma_ratio': 2, 'gamma': '0.48138034733416246'} 0.8563750799192867 0.9626941685765216
diffusion_2019 {'C_num': 1, 'gamma_ratio': '0.2', 'gamma': '0.2'} 0.9623329555644901 0.9752779899838723
uniport_bio {'C_num': 1, 'gamma_ratio': 2, 'gamma': '0.5427586367192363'} 0.8147691686759625 0.8629360835243188
uniport_seq {'C_num': 3, 'gamma_ratio': 2, 'gamma': '0.22444018226022353'} 0.4039533013473744 0.791783380018674
uniport_esm {'C_num': 3, 'gamma_ratio': 8, 'gamma': '0.02838808905526428'} 0.21661292131568388 0.7004074357015533
collect valid feature:  ['uniport_ppi_2019', 'ppi_2019_dw_40', 'diffusion_2019', 'uniport_bio', 'uniport_seq', 'uniport_esm']
evaluation
middle fusion
kernel fusion
/itf-fi-ml/shared/users/ziyuzh/svm/results/dw_auc_norm/2019/uniport_ppi_2019_K_2_0.5052695526173884.pkl /itf-fi-ml/shared/users/ziyuzh/svm/results/dw_auc_norm/2019/uniport_ppi_2019_logK_2_0.5052695526173884.pkl
/itf-fi-ml/shared/users/ziyuzh/svm/results/dw_auc_norm/2019/ppi_2019_dw_40_K_2_0.48138034733416246.pkl /itf-fi-ml/shared/users/ziyuzh/svm/results/dw_auc_norm/2019/ppi_2019_dw_40_logK_2_0.48138034733416246.pkl
/itf-fi-ml/shared/users/ziyuzh/svm/results/df/2019/uniport_diffusion_K_0.2.pkl /itf-fi-ml/shared/users/ziyuzh/svm/results/df/2019/uniport_diffusion_logK_0.2.pkl
/itf-fi-ml/shared/users/ziyuzh/svm/results/dw_auc_norm/2019/uniport_bio_K_2_0.5427586367192363.pkl /itf-fi-ml/shared/users/ziyuzh/svm/results/dw_auc_norm/2019/uniport_bio_logK_2_0.5427586367192363.pkl
/itf-fi-ml/shared/users/ziyuzh/svm/results/dw_auc_norm/2019/uniport_seq_K_2_0.22444018226022353.pkl /itf-fi-ml/shared/users/ziyuzh/svm/results/dw_auc_norm/2019/uniport_seq_logK_2_0.22444018226022353.pkl
/itf-fi-ml/shared/users/ziyuzh/svm/results/dw_auc_norm/2019/uniport_esm_K_8_0.02838808905526428.pkl /itf-fi-ml/shared/users/ziyuzh/svm/results/dw_auc_norm/2019/uniport_esm_logK_8_0.02838808905526428.pkl
grid search C for fused kernels
linear_fused 1 0.8275597915807748 0.9512350394703336
geo_fused 3 0.7657905631906213 0.9457601222307105
fused kernels evaluation
ICD10_I25 138
kernels existing
uniport_ppi_2019 {'C_num': 1, 'gamma_ratio': 2, 'gamma': '0.5052695526173884'} 0.7753235402893485 0.8932599145831696
ppi_2019_dw_40 {'C_num': 1, 'gamma_ratio': 2, 'gamma': '0.48138034733416246'} 0.7847062355303165 0.9137228400479613
diffusion_2019 {'C_num': 1, 'gamma_ratio': '1', 'gamma': '1'} 0.8481763481321435 0.9375480036640917
uniport_bio {'C_num': 1, 'gamma_ratio': 2, 'gamma': '0.5427586367192363'} 0.7689901737149798 0.8976901099894753
uniport_seq {'C_num': 27, 'gamma_ratio': 2, 'gamma': '0.22444018226022353'} 0.4575526018142497 0.6924178284293999
uniport_esm {'C_num': 1, 'gamma_ratio': 2, 'gamma': '0.11355235622105712'} 0.5083541402760755 0.7227986331663075
collect valid feature:  ['uniport_ppi_2019', 'ppi_2019_dw_40', 'diffusion_2019', 'uniport_bio', 'uniport_seq', 'uniport_esm']
evaluation
middle fusion
kernel fusion
/itf-fi-ml/shared/users/ziyuzh/svm/results/dw_auc_norm/2019/uniport_ppi_2019_K_2_0.5052695526173884.pkl /itf-fi-ml/shared/users/ziyuzh/svm/results/dw_auc_norm/2019/uniport_ppi_2019_logK_2_0.5052695526173884.pkl
/itf-fi-ml/shared/users/ziyuzh/svm/results/dw_auc_norm/2019/ppi_2019_dw_40_K_2_0.48138034733416246.pkl /itf-fi-ml/shared/users/ziyuzh/svm/results/dw_auc_norm/2019/ppi_2019_dw_40_logK_2_0.48138034733416246.pkl
/itf-fi-ml/shared/users/ziyuzh/svm/results/df/2019/uniport_diffusion_K_1.pkl /itf-fi-ml/shared/users/ziyuzh/svm/results/df/2019/uniport_diffusion_logK_1.pkl
/itf-fi-ml/shared/users/ziyuzh/svm/results/dw_auc_norm/2019/uniport_bio_K_2_0.5427586367192363.pkl /itf-fi-ml/shared/users/ziyuzh/svm/results/dw_auc_norm/2019/uniport_bio_logK_2_0.5427586367192363.pkl
/itf-fi-ml/shared/users/ziyuzh/svm/results/dw_auc_norm/2019/uniport_seq_K_2_0.22444018226022353.pkl /itf-fi-ml/shared/users/ziyuzh/svm/results/dw_auc_norm/2019/uniport_seq_logK_2_0.22444018226022353.pkl
/itf-fi-ml/shared/users/ziyuzh/svm/results/dw_auc_norm/2019/uniport_esm_K_2_0.11355235622105712.pkl /itf-fi-ml/shared/users/ziyuzh/svm/results/dw_auc_norm/2019/uniport_esm_logK_2_0.11355235622105712.pkl
grid search C for fused kernels
linear_fused 9 0.8144363327964332 0.9407302105603711
geo_fused 3 0.7594518688408632 0.9168328863177688
fused kernels evaluation
ICD10_I26 15
kernels existing
uniport_ppi_2019 {'C_num': 27, 'gamma_ratio': 4, 'gamma': '0.2526347763086942'} 0.9091586096133644 0.9496074879227052
ppi_2019_dw_40 {'C_num': 9, 'gamma_ratio': 8, 'gamma': '0.12034508683354062'} 0.9089464489676956 0.9154589371980677
diffusion_2019 {'C_num': 1, 'gamma_ratio': '2', 'gamma': '2'} 0.9180305505244521 0.8493961352657005
uniport_bio {'C_num': 3, 'gamma_ratio': 2, 'gamma': '0.5427586367192363'} 0.7463501598893756 0.9020833333333332
uniport_seq {'C_num': 3, 'gamma_ratio': 8, 'gamma': '0.05611004556505588'} 0.5644817125295373 0.7069444444444445
uniport_esm {'C_num': 9, 'gamma_ratio': 8, 'gamma': '0.02838808905526428'} 0.5355951762455818 0.7126811594202899
collect valid feature:  ['uniport_ppi_2019', 'ppi_2019_dw_40', 'diffusion_2019', 'uniport_bio', 'uniport_seq', 'uniport_esm']
evaluation
middle fusion
kernel fusion
/itf-fi-ml/shared/users/ziyuzh/svm/results/dw_auc_norm/2019/uniport_ppi_2019_K_4_0.2526347763086942.pkl /itf-fi-ml/shared/users/ziyuzh/svm/results/dw_auc_norm/2019/uniport_ppi_2019_logK_4_0.2526347763086942.pkl
/itf-fi-ml/shared/users/ziyuzh/svm/results/dw_auc_norm/2019/ppi_2019_dw_40_K_8_0.12034508683354062.pkl /itf-fi-ml/shared/users/ziyuzh/svm/results/dw_auc_norm/2019/ppi_2019_dw_40_logK_8_0.12034508683354062.pkl
/itf-fi-ml/shared/users/ziyuzh/svm/results/df/2019/uniport_diffusion_K_2.pkl /itf-fi-ml/shared/users/ziyuzh/svm/results/df/2019/uniport_diffusion_logK_2.pkl
/itf-fi-ml/shared/users/ziyuzh/svm/results/dw_auc_norm/2019/uniport_bio_K_2_0.5427586367192363.pkl /itf-fi-ml/shared/users/ziyuzh/svm/results/dw_auc_norm/2019/uniport_bio_logK_2_0.5427586367192363.pkl
/itf-fi-ml/shared/users/ziyuzh/svm/results/dw_auc_norm/2019/uniport_seq_K_8_0.05611004556505588.pkl /itf-fi-ml/shared/users/ziyuzh/svm/results/dw_auc_norm/2019/uniport_seq_logK_8_0.05611004556505588.pkl
/itf-fi-ml/shared/users/ziyuzh/svm/results/dw_auc_norm/2019/uniport_esm_K_8_0.02838808905526428.pkl /itf-fi-ml/shared/users/ziyuzh/svm/results/dw_auc_norm/2019/uniport_esm_logK_8_0.02838808905526428.pkl
grid search C for fused kernels
linear_fused 9 0.7613088305535306 0.9136775362318841
geo_fused 9 0.818889908977441 0.887590579710145
fused kernels evaluation
ICD10_I42 154
kernels existing
uniport_ppi_2019 {'C_num': 3, 'gamma_ratio': 2, 'gamma': '0.5052695526173884'} 0.8475532912759314 0.9080657439295688
ppi_2019_dw_40 {'C_num': 1, 'gamma_ratio': 2, 'gamma': '0.48138034733416246'} 0.8586189445880755 0.9124022181257995
diffusion_2019 {'C_num': 3, 'gamma_ratio': '2', 'gamma': '2'} 0.8424117705663248 0.8996640727321873
uniport_bio {'C_num': 1, 'gamma_ratio': 2, 'gamma': '0.5427586367192363'} 0.7782791273023841 0.8658681602163173
uniport_seq {'C_num': 1, 'gamma_ratio': 8, 'gamma': '0.05611004556505588'} 0.5966633792090207 0.7244764259738394
uniport_esm {'C_num': 3, 'gamma_ratio': 2, 'gamma': '0.11355235622105712'} 0.5031701441061899 0.7047802669299948
collect valid feature:  ['uniport_ppi_2019', 'ppi_2019_dw_40', 'diffusion_2019', 'uniport_bio', 'uniport_seq', 'uniport_esm']
evaluation
middle fusion
kernel fusion
/itf-fi-ml/shared/users/ziyuzh/svm/results/dw_auc_norm/2019/uniport_ppi_2019_K_2_0.5052695526173884.pkl /itf-fi-ml/shared/users/ziyuzh/svm/results/dw_auc_norm/2019/uniport_ppi_2019_logK_2_0.5052695526173884.pkl
/itf-fi-ml/shared/users/ziyuzh/svm/results/dw_auc_norm/2019/ppi_2019_dw_40_K_2_0.48138034733416246.pkl /itf-fi-ml/shared/users/ziyuzh/svm/results/dw_auc_norm/2019/ppi_2019_dw_40_logK_2_0.48138034733416246.pkl
/itf-fi-ml/shared/users/ziyuzh/svm/results/df/2019/uniport_diffusion_K_2.pkl /itf-fi-ml/shared/users/ziyuzh/svm/results/df/2019/uniport_diffusion_logK_2.pkl
/itf-fi-ml/shared/users/ziyuzh/svm/results/dw_auc_norm/2019/uniport_bio_K_2_0.5427586367192363.pkl /itf-fi-ml/shared/users/ziyuzh/svm/results/dw_auc_norm/2019/uniport_bio_logK_2_0.5427586367192363.pkl
/itf-fi-ml/shared/users/ziyuzh/svm/results/dw_auc_norm/2019/uniport_seq_K_8_0.05611004556505588.pkl /itf-fi-ml/shared/users/ziyuzh/svm/results/dw_auc_norm/2019/uniport_seq_logK_8_0.05611004556505588.pkl
/itf-fi-ml/shared/users/ziyuzh/svm/results/dw_auc_norm/2019/uniport_esm_K_2_0.11355235622105712.pkl /itf-fi-ml/shared/users/ziyuzh/svm/results/dw_auc_norm/2019/uniport_esm_logK_2_0.11355235622105712.pkl
grid search C for fused kernels
linear_fused 1 0.8692655915386761 0.9245506716912386
geo_fused 1 0.8469051136998585 0.9214902180023158
fused kernels evaluation
ICD10_I50 155
kernels existing
uniport_ppi_2019 {'C_num': 1, 'gamma_ratio': 4, 'gamma': '0.2526347763086942'} 0.8349680400250085 0.9092482422931315
ppi_2019_dw_40 {'C_num': 1, 'gamma_ratio': 8, 'gamma': '0.12034508683354062'} 0.8427353207222007 0.9205696773030466
diffusion_2019 {'C_num': 3, 'gamma_ratio': '2', 'gamma': '2'} 0.847597640583638 0.9281413376599964
uniport_bio {'C_num': 1, 'gamma_ratio': 8, 'gamma': '0.13568965917980907'} 0.714059849573588 0.8266089778258517
uniport_seq {'C_num': 27, 'gamma_ratio': 2, 'gamma': '0.22444018226022353'} 0.48050974431637056 0.7533802055164954
uniport_esm {'C_num': 9, 'gamma_ratio': 4, 'gamma': '0.05677617811052856'} 0.5002195823582598 0.764990084730485
collect valid feature:  ['uniport_ppi_2019', 'ppi_2019_dw_40', 'diffusion_2019', 'uniport_bio', 'uniport_seq', 'uniport_esm']
evaluation
middle fusion
kernel fusion
/itf-fi-ml/shared/users/ziyuzh/svm/results/dw_auc_norm/2019/uniport_ppi_2019_K_4_0.2526347763086942.pkl /itf-fi-ml/shared/users/ziyuzh/svm/results/dw_auc_norm/2019/uniport_ppi_2019_logK_4_0.2526347763086942.pkl
/itf-fi-ml/shared/users/ziyuzh/svm/results/dw_auc_norm/2019/ppi_2019_dw_40_K_8_0.12034508683354062.pkl /itf-fi-ml/shared/users/ziyuzh/svm/results/dw_auc_norm/2019/ppi_2019_dw_40_logK_8_0.12034508683354062.pkl
/itf-fi-ml/shared/users/ziyuzh/svm/results/df/2019/uniport_diffusion_K_2.pkl /itf-fi-ml/shared/users/ziyuzh/svm/results/df/2019/uniport_diffusion_logK_2.pkl
/itf-fi-ml/shared/users/ziyuzh/svm/results/dw_auc_norm/2019/uniport_bio_K_8_0.13568965917980907.pkl /itf-fi-ml/shared/users/ziyuzh/svm/results/dw_auc_norm/2019/uniport_bio_logK_8_0.13568965917980907.pkl
/itf-fi-ml/shared/users/ziyuzh/svm/results/dw_auc_norm/2019/uniport_seq_K_2_0.22444018226022353.pkl /itf-fi-ml/shared/users/ziyuzh/svm/results/dw_auc_norm/2019/uniport_seq_logK_2_0.22444018226022353.pkl
/itf-fi-ml/shared/users/ziyuzh/svm/results/dw_auc_norm/2019/uniport_esm_K_4_0.05677617811052856.pkl /itf-fi-ml/shared/users/ziyuzh/svm/results/dw_auc_norm/2019/uniport_esm_logK_4_0.05677617811052856.pkl
grid search C for fused kernels
linear_fused 3 0.8410150858339022 0.9263385613845322
geo_fused 3 0.8326171605083262 0.9194519560122588
fused kernels evaluation
ICD10_I63 37
kernels existing
uniport_ppi_2019 {'C_num': 1, 'gamma_ratio': 2, 'gamma': '0.5052695526173884'} 0.8767553446729361 0.9274886503846176
ppi_2019_dw_40 {'C_num': 1, 'gamma_ratio': 2, 'gamma': '0.48138034733416246'} 0.8830057668723746 0.9349087012734003
diffusion_2019 {'C_num': 1, 'gamma_ratio': '2', 'gamma': '2'} 0.9230949515476622 0.930188796202823
uniport_bio {'C_num': 1, 'gamma_ratio': 2, 'gamma': '0.5427586367192363'} 0.8363494947227025 0.9147029913394613
uniport_seq {'C_num': 1, 'gamma_ratio': 8, 'gamma': '0.05611004556505588'} 0.8155821595520457 0.8612166374439898
uniport_esm {'C_num': 3, 'gamma_ratio': 8, 'gamma': '0.02838808905526428'} 0.7539373428578736 0.8682684530872725
collect valid feature:  ['uniport_ppi_2019', 'ppi_2019_dw_40', 'diffusion_2019', 'uniport_bio', 'uniport_seq', 'uniport_esm']
evaluation
middle fusion
kernel fusion
/itf-fi-ml/shared/users/ziyuzh/svm/results/dw_auc_norm/2019/uniport_ppi_2019_K_2_0.5052695526173884.pkl /itf-fi-ml/shared/users/ziyuzh/svm/results/dw_auc_norm/2019/uniport_ppi_2019_logK_2_0.5052695526173884.pkl
/itf-fi-ml/shared/users/ziyuzh/svm/results/dw_auc_norm/2019/ppi_2019_dw_40_K_2_0.48138034733416246.pkl /itf-fi-ml/shared/users/ziyuzh/svm/results/dw_auc_norm/2019/ppi_2019_dw_40_logK_2_0.48138034733416246.pkl
/itf-fi-ml/shared/users/ziyuzh/svm/results/df/2019/uniport_diffusion_K_2.pkl /itf-fi-ml/shared/users/ziyuzh/svm/results/df/2019/uniport_diffusion_logK_2.pkl
/itf-fi-ml/shared/users/ziyuzh/svm/results/dw_auc_norm/2019/uniport_bio_K_2_0.5427586367192363.pkl /itf-fi-ml/shared/users/ziyuzh/svm/results/dw_auc_norm/2019/uniport_bio_logK_2_0.5427586367192363.pkl
/itf-fi-ml/shared/users/ziyuzh/svm/results/dw_auc_norm/2019/uniport_seq_K_8_0.05611004556505588.pkl /itf-fi-ml/shared/users/ziyuzh/svm/results/dw_auc_norm/2019/uniport_seq_logK_8_0.05611004556505588.pkl
/itf-fi-ml/shared/users/ziyuzh/svm/results/dw_auc_norm/2019/uniport_esm_K_8_0.02838808905526428.pkl /itf-fi-ml/shared/users/ziyuzh/svm/results/dw_auc_norm/2019/uniport_esm_logK_8_0.02838808905526428.pkl
grid search C for fused kernels
linear_fused 1 0.9306299876625527 0.9618459581200668
geo_fused 3 0.887192834592977 0.9401488585445336
fused kernels evaluation
ICD10_I70 65
kernels existing
uniport_ppi_2019 {'C_num': 1, 'gamma_ratio': 4, 'gamma': '0.2526347763086942'} 0.8655674486370085 0.9367568785044513
ppi_2019_dw_40 {'C_num': 1, 'gamma_ratio': 8, 'gamma': '0.12034508683354062'} 0.870391637885524 0.938556966226869
diffusion_2019 {'C_num': 1, 'gamma_ratio': '2', 'gamma': '2'} 0.8622075291417834 0.9534246565193167
uniport_bio {'C_num': 1, 'gamma_ratio': 8, 'gamma': '0.13568965917980907'} 0.6907707394598989 0.8590899391870267
uniport_seq {'C_num': 27, 'gamma_ratio': 8, 'gamma': '0.05611004556505588'} 0.6285260725910454 0.7578757542349776
uniport_esm {'C_num': 3, 'gamma_ratio': 2, 'gamma': '0.11355235622105712'} 0.5389025417172367 0.7440199094325308
collect valid feature:  ['uniport_ppi_2019', 'ppi_2019_dw_40', 'diffusion_2019', 'uniport_bio', 'uniport_seq', 'uniport_esm']
evaluation
middle fusion
kernel fusion
/itf-fi-ml/shared/users/ziyuzh/svm/results/dw_auc_norm/2019/uniport_ppi_2019_K_4_0.2526347763086942.pkl /itf-fi-ml/shared/users/ziyuzh/svm/results/dw_auc_norm/2019/uniport_ppi_2019_logK_4_0.2526347763086942.pkl
/itf-fi-ml/shared/users/ziyuzh/svm/results/dw_auc_norm/2019/ppi_2019_dw_40_K_8_0.12034508683354062.pkl /itf-fi-ml/shared/users/ziyuzh/svm/results/dw_auc_norm/2019/ppi_2019_dw_40_logK_8_0.12034508683354062.pkl
/itf-fi-ml/shared/users/ziyuzh/svm/results/df/2019/uniport_diffusion_K_2.pkl /itf-fi-ml/shared/users/ziyuzh/svm/results/df/2019/uniport_diffusion_logK_2.pkl
/itf-fi-ml/shared/users/ziyuzh/svm/results/dw_auc_norm/2019/uniport_bio_K_8_0.13568965917980907.pkl /itf-fi-ml/shared/users/ziyuzh/svm/results/dw_auc_norm/2019/uniport_bio_logK_8_0.13568965917980907.pkl
/itf-fi-ml/shared/users/ziyuzh/svm/results/dw_auc_norm/2019/uniport_seq_K_8_0.05611004556505588.pkl /itf-fi-ml/shared/users/ziyuzh/svm/results/dw_auc_norm/2019/uniport_seq_logK_8_0.05611004556505588.pkl
/itf-fi-ml/shared/users/ziyuzh/svm/results/dw_auc_norm/2019/uniport_esm_K_2_0.11355235622105712.pkl /itf-fi-ml/shared/users/ziyuzh/svm/results/dw_auc_norm/2019/uniport_esm_logK_2_0.11355235622105712.pkl
grid search C for fused kernels
linear_fused 1 0.8444040308300774 0.9406164426188699
geo_fused 81 0.8405270223928528 0.9444376281754923
fused kernels evaluation
ICD10_J45 187
kernels existing
uniport_ppi_2019 {'C_num': 1, 'gamma_ratio': 2, 'gamma': '0.5052695526173884'} 0.876498030599171 0.9519597641345822
ppi_2019_dw_40 {'C_num': 1, 'gamma_ratio': 2, 'gamma': '0.48138034733416246'} 0.8798033993435599 0.9470516822754075
diffusion_2019 {'C_num': 1, 'gamma_ratio': '1', 'gamma': '1'} 0.8881608933585601 0.9589316684009712
uniport_bio {'C_num': 1, 'gamma_ratio': 2, 'gamma': '0.5427586367192363'} 0.7761748192760686 0.921548733957683
uniport_seq {'C_num': 1, 'gamma_ratio': 2, 'gamma': '0.22444018226022353'} 0.7129077784592853 0.8053936871314602
uniport_esm {'C_num': 1, 'gamma_ratio': 8, 'gamma': '0.02838808905526428'} 0.684844002832083 0.8022199098161638
collect valid feature:  ['uniport_ppi_2019', 'ppi_2019_dw_40', 'diffusion_2019', 'uniport_bio', 'uniport_seq', 'uniport_esm']
evaluation
middle fusion
kernel fusion
/itf-fi-ml/shared/users/ziyuzh/svm/results/dw_auc_norm/2019/uniport_ppi_2019_K_2_0.5052695526173884.pkl /itf-fi-ml/shared/users/ziyuzh/svm/results/dw_auc_norm/2019/uniport_ppi_2019_logK_2_0.5052695526173884.pkl
/itf-fi-ml/shared/users/ziyuzh/svm/results/dw_auc_norm/2019/ppi_2019_dw_40_K_2_0.48138034733416246.pkl /itf-fi-ml/shared/users/ziyuzh/svm/results/dw_auc_norm/2019/ppi_2019_dw_40_logK_2_0.48138034733416246.pkl
/itf-fi-ml/shared/users/ziyuzh/svm/results/df/2019/uniport_diffusion_K_1.pkl /itf-fi-ml/shared/users/ziyuzh/svm/results/df/2019/uniport_diffusion_logK_1.pkl
/itf-fi-ml/shared/users/ziyuzh/svm/results/dw_auc_norm/2019/uniport_bio_K_2_0.5427586367192363.pkl /itf-fi-ml/shared/users/ziyuzh/svm/results/dw_auc_norm/2019/uniport_bio_logK_2_0.5427586367192363.pkl
/itf-fi-ml/shared/users/ziyuzh/svm/results/dw_auc_norm/2019/uniport_seq_K_2_0.22444018226022353.pkl /itf-fi-ml/shared/users/ziyuzh/svm/results/dw_auc_norm/2019/uniport_seq_logK_2_0.22444018226022353.pkl
/itf-fi-ml/shared/users/ziyuzh/svm/results/dw_auc_norm/2019/uniport_esm_K_8_0.02838808905526428.pkl /itf-fi-ml/shared/users/ziyuzh/svm/results/dw_auc_norm/2019/uniport_esm_logK_8_0.02838808905526428.pkl
grid search C for fused kernels
linear_fused 3 0.9096366719527126 0.9647069025320847
geo_fused 9 0.8700886689537023 0.9550121401318071
fused kernels evaluation
ICD10_J62 16
kernels existing
uniport_ppi_2019 {'C_num': 3, 'gamma_ratio': 2, 'gamma': '0.5052695526173884'} 0.8894173712485288 0.837012987012987
ppi_2019_dw_40 {'C_num': 1, 'gamma_ratio': 2, 'gamma': '0.48138034733416246'} 0.9117380275684219 0.830050505050505
diffusion_2019 {'C_num': 1, 'gamma_ratio': '2', 'gamma': '2'} 0.9188534122437143 0.8680375180375179
uniport_bio {'C_num': 1, 'gamma_ratio': 4, 'gamma': '0.27137931835961815'} 0.8543563527701498 0.8143939393939394
uniport_seq {'C_num': 3, 'gamma_ratio': 8, 'gamma': '0.05611004556505588'} 0.08051257955353974 0.6844516594516595
uniport_esm {'C_num': 9, 'gamma_ratio': 8, 'gamma': '0.02838808905526428'} 0.48871704836511065 0.7527417027417028
collect valid feature:  ['uniport_ppi_2019', 'ppi_2019_dw_40', 'diffusion_2019', 'uniport_bio', 'uniport_seq', 'uniport_esm']
evaluation
middle fusion
kernel fusion
/itf-fi-ml/shared/users/ziyuzh/svm/results/dw_auc_norm/2019/uniport_ppi_2019_K_2_0.5052695526173884.pkl /itf-fi-ml/shared/users/ziyuzh/svm/results/dw_auc_norm/2019/uniport_ppi_2019_logK_2_0.5052695526173884.pkl
/itf-fi-ml/shared/users/ziyuzh/svm/results/dw_auc_norm/2019/ppi_2019_dw_40_K_2_0.48138034733416246.pkl /itf-fi-ml/shared/users/ziyuzh/svm/results/dw_auc_norm/2019/ppi_2019_dw_40_logK_2_0.48138034733416246.pkl
/itf-fi-ml/shared/users/ziyuzh/svm/results/df/2019/uniport_diffusion_K_2.pkl /itf-fi-ml/shared/users/ziyuzh/svm/results/df/2019/uniport_diffusion_logK_2.pkl
/itf-fi-ml/shared/users/ziyuzh/svm/results/dw_auc_norm/2019/uniport_bio_K_4_0.27137931835961815.pkl /itf-fi-ml/shared/users/ziyuzh/svm/results/dw_auc_norm/2019/uniport_bio_logK_4_0.27137931835961815.pkl
/itf-fi-ml/shared/users/ziyuzh/svm/results/dw_auc_norm/2019/uniport_seq_K_8_0.05611004556505588.pkl /itf-fi-ml/shared/users/ziyuzh/svm/results/dw_auc_norm/2019/uniport_seq_logK_8_0.05611004556505588.pkl
/itf-fi-ml/shared/users/ziyuzh/svm/results/dw_auc_norm/2019/uniport_esm_K_8_0.02838808905526428.pkl /itf-fi-ml/shared/users/ziyuzh/svm/results/dw_auc_norm/2019/uniport_esm_logK_8_0.02838808905526428.pkl
grid search C for fused kernels
linear_fused 1 0.9475769209640345 0.8598484848484848
geo_fused 1 0.913873102729613 0.910930735930736
fused kernels evaluation
ICD10_J80 52
kernels existing
uniport_ppi_2019 {'C_num': 1, 'gamma_ratio': 2, 'gamma': '0.5052695526173884'} 0.7643645820329081 0.8754325259515571
ppi_2019_dw_40 {'C_num': 1, 'gamma_ratio': 2, 'gamma': '0.48138034733416246'} 0.7679751642304061 0.8692041522491349
diffusion_2019 {'C_num': 1, 'gamma_ratio': '2', 'gamma': '2'} 0.7401941100641971 0.8546712802768166
uniport_bio {'C_num': 1, 'gamma_ratio': 2, 'gamma': '0.5427586367192363'} 0.5418409565780763 0.8106113033448673
uniport_seq {'C_num': 3, 'gamma_ratio': 8, 'gamma': '0.05611004556505588'} 0.633705794365757 0.7577854671280276
uniport_esm {'C_num': 1, 'gamma_ratio': 2, 'gamma': '0.11355235622105712'} 0.7031067810079955 0.7605536332179931
collect valid feature:  ['uniport_ppi_2019', 'ppi_2019_dw_40', 'diffusion_2019', 'uniport_bio', 'uniport_seq', 'uniport_esm']
evaluation
middle fusion
kernel fusion
/itf-fi-ml/shared/users/ziyuzh/svm/results/dw_auc_norm/2019/uniport_ppi_2019_K_2_0.5052695526173884.pkl /itf-fi-ml/shared/users/ziyuzh/svm/results/dw_auc_norm/2019/uniport_ppi_2019_logK_2_0.5052695526173884.pkl
/itf-fi-ml/shared/users/ziyuzh/svm/results/dw_auc_norm/2019/ppi_2019_dw_40_K_2_0.48138034733416246.pkl /itf-fi-ml/shared/users/ziyuzh/svm/results/dw_auc_norm/2019/ppi_2019_dw_40_logK_2_0.48138034733416246.pkl
/itf-fi-ml/shared/users/ziyuzh/svm/results/df/2019/uniport_diffusion_K_2.pkl /itf-fi-ml/shared/users/ziyuzh/svm/results/df/2019/uniport_diffusion_logK_2.pkl
/itf-fi-ml/shared/users/ziyuzh/svm/results/dw_auc_norm/2019/uniport_bio_K_2_0.5427586367192363.pkl /itf-fi-ml/shared/users/ziyuzh/svm/results/dw_auc_norm/2019/uniport_bio_logK_2_0.5427586367192363.pkl
/itf-fi-ml/shared/users/ziyuzh/svm/results/dw_auc_norm/2019/uniport_seq_K_8_0.05611004556505588.pkl /itf-fi-ml/shared/users/ziyuzh/svm/results/dw_auc_norm/2019/uniport_seq_logK_8_0.05611004556505588.pkl
/itf-fi-ml/shared/users/ziyuzh/svm/results/dw_auc_norm/2019/uniport_esm_K_2_0.11355235622105712.pkl /itf-fi-ml/shared/users/ziyuzh/svm/results/dw_auc_norm/2019/uniport_esm_logK_2_0.11355235622105712.pkl
grid search C for fused kernels
linear_fused 1 0.7696291641056762 0.8641291810841983
geo_fused 1 0.7608356039283771 0.8821222606689735
fused kernels evaluation
ICD10_K44 60
kernels existing
uniport_ppi_2019 {'C_num': 1, 'gamma_ratio': 2, 'gamma': '0.5052695526173884'} 0.8403311430473241 0.9375870470043789
ppi_2019_dw_40 {'C_num': 1, 'gamma_ratio': 2, 'gamma': '0.48138034733416246'} 0.8405696037993424 0.9264868397639413
diffusion_2019 {'C_num': 1, 'gamma_ratio': '2', 'gamma': '2'} 0.8528819601366795 0.9448224006978476
uniport_bio {'C_num': 9, 'gamma_ratio': 2, 'gamma': '0.5427586367192363'} 0.6994085911019735 0.9031890142499542
uniport_seq {'C_num': 27, 'gamma_ratio': 4, 'gamma': '0.11222009113011176'} 0.6209950733613333 0.7850619647570846
uniport_esm {'C_num': 3, 'gamma_ratio': 4, 'gamma': '0.05677617811052856'} 0.6202262838903305 0.7415990024630705
collect valid feature:  ['uniport_ppi_2019', 'ppi_2019_dw_40', 'diffusion_2019', 'uniport_bio', 'uniport_seq', 'uniport_esm']
evaluation
middle fusion
kernel fusion
/itf-fi-ml/shared/users/ziyuzh/svm/results/dw_auc_norm/2019/uniport_ppi_2019_K_2_0.5052695526173884.pkl /itf-fi-ml/shared/users/ziyuzh/svm/results/dw_auc_norm/2019/uniport_ppi_2019_logK_2_0.5052695526173884.pkl
/itf-fi-ml/shared/users/ziyuzh/svm/results/dw_auc_norm/2019/ppi_2019_dw_40_K_2_0.48138034733416246.pkl /itf-fi-ml/shared/users/ziyuzh/svm/results/dw_auc_norm/2019/ppi_2019_dw_40_logK_2_0.48138034733416246.pkl
/itf-fi-ml/shared/users/ziyuzh/svm/results/df/2019/uniport_diffusion_K_2.pkl /itf-fi-ml/shared/users/ziyuzh/svm/results/df/2019/uniport_diffusion_logK_2.pkl
/itf-fi-ml/shared/users/ziyuzh/svm/results/dw_auc_norm/2019/uniport_bio_K_2_0.5427586367192363.pkl /itf-fi-ml/shared/users/ziyuzh/svm/results/dw_auc_norm/2019/uniport_bio_logK_2_0.5427586367192363.pkl
/itf-fi-ml/shared/users/ziyuzh/svm/results/dw_auc_norm/2019/uniport_seq_K_4_0.11222009113011176.pkl /itf-fi-ml/shared/users/ziyuzh/svm/results/dw_auc_norm/2019/uniport_seq_logK_4_0.11222009113011176.pkl
/itf-fi-ml/shared/users/ziyuzh/svm/results/dw_auc_norm/2019/uniport_esm_K_4_0.05677617811052856.pkl /itf-fi-ml/shared/users/ziyuzh/svm/results/dw_auc_norm/2019/uniport_esm_logK_4_0.05677617811052856.pkl
grid search C for fused kernels
linear_fused 9 0.8823021137684819 0.9513366272388054
geo_fused 3 0.8369606106846508 0.9457990664146066
fused kernels evaluation
ICD10_K51 74
kernels existing
uniport_ppi_2019 {'C_num': 1, 'gamma_ratio': 2, 'gamma': '0.5052695526173884'} 0.8304156046003722 0.8940771349862259
ppi_2019_dw_40 {'C_num': 1, 'gamma_ratio': 8, 'gamma': '0.12034508683354062'} 0.8319701293187998 0.9146005509641874
diffusion_2019 {'C_num': 1, 'gamma_ratio': '2', 'gamma': '2'} 0.8574792279764162 0.9378787878787879
uniport_bio {'C_num': 1, 'gamma_ratio': 2, 'gamma': '0.5427586367192363'} 0.7263994555823574 0.8509641873278236
uniport_seq {'C_num': 3, 'gamma_ratio': 2, 'gamma': '0.22444018226022353'} 0.5485766647543593 0.7214876033057852
uniport_esm {'C_num': 81, 'gamma_ratio': 8, 'gamma': '0.02838808905526428'} 0.5724004782441767 0.7136363636363635
collect valid feature:  ['uniport_ppi_2019', 'ppi_2019_dw_40', 'diffusion_2019', 'uniport_bio', 'uniport_seq', 'uniport_esm']
evaluation
middle fusion
kernel fusion
/itf-fi-ml/shared/users/ziyuzh/svm/results/dw_auc_norm/2019/uniport_ppi_2019_K_2_0.5052695526173884.pkl /itf-fi-ml/shared/users/ziyuzh/svm/results/dw_auc_norm/2019/uniport_ppi_2019_logK_2_0.5052695526173884.pkl
/itf-fi-ml/shared/users/ziyuzh/svm/results/dw_auc_norm/2019/ppi_2019_dw_40_K_8_0.12034508683354062.pkl /itf-fi-ml/shared/users/ziyuzh/svm/results/dw_auc_norm/2019/ppi_2019_dw_40_logK_8_0.12034508683354062.pkl
/itf-fi-ml/shared/users/ziyuzh/svm/results/df/2019/uniport_diffusion_K_2.pkl /itf-fi-ml/shared/users/ziyuzh/svm/results/df/2019/uniport_diffusion_logK_2.pkl
/itf-fi-ml/shared/users/ziyuzh/svm/results/dw_auc_norm/2019/uniport_bio_K_2_0.5427586367192363.pkl /itf-fi-ml/shared/users/ziyuzh/svm/results/dw_auc_norm/2019/uniport_bio_logK_2_0.5427586367192363.pkl
/itf-fi-ml/shared/users/ziyuzh/svm/results/dw_auc_norm/2019/uniport_seq_K_2_0.22444018226022353.pkl /itf-fi-ml/shared/users/ziyuzh/svm/results/dw_auc_norm/2019/uniport_seq_logK_2_0.22444018226022353.pkl
/itf-fi-ml/shared/users/ziyuzh/svm/results/dw_auc_norm/2019/uniport_esm_K_8_0.02838808905526428.pkl /itf-fi-ml/shared/users/ziyuzh/svm/results/dw_auc_norm/2019/uniport_esm_logK_8_0.02838808905526428.pkl
grid search C for fused kernels
linear_fused 1 0.7939468455645778 0.9184573002754822
geo_fused 1 0.7874687835716475 0.9090909090909092
fused kernels evaluation
ICD10_L20 58
kernels existing
uniport_ppi_2019 {'C_num': 1, 'gamma_ratio': 2, 'gamma': '0.5052695526173884'} 0.8640024776137191 0.9181902123730379
ppi_2019_dw_40 {'C_num': 1, 'gamma_ratio': 4, 'gamma': '0.24069017366708123'} 0.8784270213738782 0.9211449676823639
diffusion_2019 {'C_num': 1, 'gamma_ratio': '2', 'gamma': '2'} 0.8975215036066464 0.9427516158818098
uniport_bio {'C_num': 1, 'gamma_ratio': 8, 'gamma': '0.13568965917980907'} 0.7822840288313083 0.9228070175438597
uniport_seq {'C_num': 1, 'gamma_ratio': 2, 'gamma': '0.22444018226022353'} 0.7049992023045236 0.7750692520775623
uniport_esm {'C_num': 1, 'gamma_ratio': 4, 'gamma': '0.05677617811052856'} 0.7034148689540856 0.8112650046168053
collect valid feature:  ['uniport_ppi_2019', 'ppi_2019_dw_40', 'diffusion_2019', 'uniport_bio', 'uniport_seq', 'uniport_esm']
evaluation
middle fusion
kernel fusion
/itf-fi-ml/shared/users/ziyuzh/svm/results/dw_auc_norm/2019/uniport_ppi_2019_K_2_0.5052695526173884.pkl /itf-fi-ml/shared/users/ziyuzh/svm/results/dw_auc_norm/2019/uniport_ppi_2019_logK_2_0.5052695526173884.pkl
/itf-fi-ml/shared/users/ziyuzh/svm/results/dw_auc_norm/2019/ppi_2019_dw_40_K_4_0.24069017366708123.pkl /itf-fi-ml/shared/users/ziyuzh/svm/results/dw_auc_norm/2019/ppi_2019_dw_40_logK_4_0.24069017366708123.pkl
/itf-fi-ml/shared/users/ziyuzh/svm/results/df/2019/uniport_diffusion_K_2.pkl /itf-fi-ml/shared/users/ziyuzh/svm/results/df/2019/uniport_diffusion_logK_2.pkl
/itf-fi-ml/shared/users/ziyuzh/svm/results/dw_auc_norm/2019/uniport_bio_K_8_0.13568965917980907.pkl /itf-fi-ml/shared/users/ziyuzh/svm/results/dw_auc_norm/2019/uniport_bio_logK_8_0.13568965917980907.pkl
/itf-fi-ml/shared/users/ziyuzh/svm/results/dw_auc_norm/2019/uniport_seq_K_2_0.22444018226022353.pkl /itf-fi-ml/shared/users/ziyuzh/svm/results/dw_auc_norm/2019/uniport_seq_logK_2_0.22444018226022353.pkl
/itf-fi-ml/shared/users/ziyuzh/svm/results/dw_auc_norm/2019/uniport_esm_K_4_0.05677617811052856.pkl /itf-fi-ml/shared/users/ziyuzh/svm/results/dw_auc_norm/2019/uniport_esm_logK_4_0.05677617811052856.pkl
grid search C for fused kernels
linear_fused 9 0.8873925655412743 0.9383194829178209
geo_fused 3 0.8858641393109711 0.9383194829178209
fused kernels evaluation
ICD10_L40 73
kernels existing
uniport_ppi_2019 {'C_num': 1, 'gamma_ratio': 2, 'gamma': '0.5052695526173884'} 0.8450641144076986 0.9130788276990973
ppi_2019_dw_40 {'C_num': 1, 'gamma_ratio': 2, 'gamma': '0.48138034733416246'} 0.8436665263555133 0.9168110747123709
diffusion_2019 {'C_num': 1, 'gamma_ratio': '2', 'gamma': '2'} 0.8485813376832704 0.9244837089834705
uniport_bio {'C_num': 1, 'gamma_ratio': 2, 'gamma': '0.5427586367192363'} 0.766605493555279 0.881698976569257
uniport_seq {'C_num': 3, 'gamma_ratio': 4, 'gamma': '0.11222009113011176'} 0.5805059521584134 0.7783551089313151
uniport_esm {'C_num': 1, 'gamma_ratio': 8, 'gamma': '0.02838808905526428'} 0.5727067282897149 0.7742086886338914
collect valid feature:  ['uniport_ppi_2019', 'ppi_2019_dw_40', 'diffusion_2019', 'uniport_bio', 'uniport_seq', 'uniport_esm']
evaluation
middle fusion
kernel fusion
/itf-fi-ml/shared/users/ziyuzh/svm/results/dw_auc_norm/2019/uniport_ppi_2019_K_2_0.5052695526173884.pkl /itf-fi-ml/shared/users/ziyuzh/svm/results/dw_auc_norm/2019/uniport_ppi_2019_logK_2_0.5052695526173884.pkl
/itf-fi-ml/shared/users/ziyuzh/svm/results/dw_auc_norm/2019/ppi_2019_dw_40_K_2_0.48138034733416246.pkl /itf-fi-ml/shared/users/ziyuzh/svm/results/dw_auc_norm/2019/ppi_2019_dw_40_logK_2_0.48138034733416246.pkl
/itf-fi-ml/shared/users/ziyuzh/svm/results/df/2019/uniport_diffusion_K_2.pkl /itf-fi-ml/shared/users/ziyuzh/svm/results/df/2019/uniport_diffusion_logK_2.pkl
/itf-fi-ml/shared/users/ziyuzh/svm/results/dw_auc_norm/2019/uniport_bio_K_2_0.5427586367192363.pkl /itf-fi-ml/shared/users/ziyuzh/svm/results/dw_auc_norm/2019/uniport_bio_logK_2_0.5427586367192363.pkl
/itf-fi-ml/shared/users/ziyuzh/svm/results/dw_auc_norm/2019/uniport_seq_K_4_0.11222009113011176.pkl /itf-fi-ml/shared/users/ziyuzh/svm/results/dw_auc_norm/2019/uniport_seq_logK_4_0.11222009113011176.pkl
/itf-fi-ml/shared/users/ziyuzh/svm/results/dw_auc_norm/2019/uniport_esm_K_8_0.02838808905526428.pkl /itf-fi-ml/shared/users/ziyuzh/svm/results/dw_auc_norm/2019/uniport_esm_logK_8_0.02838808905526428.pkl
grid search C for fused kernels
linear_fused 3 0.8564031907523285 0.9333006845577828
geo_fused 1 0.8170322937434467 0.9135251251077684
fused kernels evaluation
ICD10_M32 97
kernels existing
uniport_ppi_2019 {'C_num': 1, 'gamma_ratio': 2, 'gamma': '0.5052695526173884'} 0.8478627720287166 0.9089424251324548
ppi_2019_dw_40 {'C_num': 1, 'gamma_ratio': 4, 'gamma': '0.24069017366708123'} 0.8523755823610136 0.9123531284738138
diffusion_2019 {'C_num': 3, 'gamma_ratio': '2', 'gamma': '2'} 0.8723709264675629 0.9094920477654324
uniport_bio {'C_num': 1, 'gamma_ratio': 2, 'gamma': '0.5427586367192363'} 0.7410698705579817 0.8595248459448687
uniport_seq {'C_num': 1, 'gamma_ratio': 2, 'gamma': '0.22444018226022353'} 0.5489770574799119 0.76619923567318
uniport_esm {'C_num': 1, 'gamma_ratio': 4, 'gamma': '0.05677617811052856'} 0.5715032389611777 0.7515987500417077
collect valid feature:  ['uniport_ppi_2019', 'ppi_2019_dw_40', 'diffusion_2019', 'uniport_bio', 'uniport_seq', 'uniport_esm']
evaluation
middle fusion
kernel fusion
/itf-fi-ml/shared/users/ziyuzh/svm/results/dw_auc_norm/2019/uniport_ppi_2019_K_2_0.5052695526173884.pkl /itf-fi-ml/shared/users/ziyuzh/svm/results/dw_auc_norm/2019/uniport_ppi_2019_logK_2_0.5052695526173884.pkl
/itf-fi-ml/shared/users/ziyuzh/svm/results/dw_auc_norm/2019/ppi_2019_dw_40_K_4_0.24069017366708123.pkl /itf-fi-ml/shared/users/ziyuzh/svm/results/dw_auc_norm/2019/ppi_2019_dw_40_logK_4_0.24069017366708123.pkl
/itf-fi-ml/shared/users/ziyuzh/svm/results/df/2019/uniport_diffusion_K_2.pkl /itf-fi-ml/shared/users/ziyuzh/svm/results/df/2019/uniport_diffusion_logK_2.pkl
/itf-fi-ml/shared/users/ziyuzh/svm/results/dw_auc_norm/2019/uniport_bio_K_2_0.5427586367192363.pkl /itf-fi-ml/shared/users/ziyuzh/svm/results/dw_auc_norm/2019/uniport_bio_logK_2_0.5427586367192363.pkl
/itf-fi-ml/shared/users/ziyuzh/svm/results/dw_auc_norm/2019/uniport_seq_K_2_0.22444018226022353.pkl /itf-fi-ml/shared/users/ziyuzh/svm/results/dw_auc_norm/2019/uniport_seq_logK_2_0.22444018226022353.pkl
/itf-fi-ml/shared/users/ziyuzh/svm/results/dw_auc_norm/2019/uniport_esm_K_4_0.05677617811052856.pkl /itf-fi-ml/shared/users/ziyuzh/svm/results/dw_auc_norm/2019/uniport_esm_logK_4_0.05677617811052856.pkl
grid search C for fused kernels
linear_fused 3 0.8559818882737611 0.93511165704316
geo_fused 9 0.8227173830533556 0.9168033829128318
fused kernels evaluation
ICD10_M34 38
kernels existing
uniport_ppi_2019 {'C_num': 1, 'gamma_ratio': 4, 'gamma': '0.2526347763086942'} 0.7912122486094537 0.9290577951339453
ppi_2019_dw_40 {'C_num': 1, 'gamma_ratio': 2, 'gamma': '0.48138034733416246'} 0.7879874420967047 0.9342352664668899
diffusion_2019 {'C_num': 1, 'gamma_ratio': '2', 'gamma': '2'} 0.8447658752105566 0.9263922222674205
uniport_bio {'C_num': 3, 'gamma_ratio': 2, 'gamma': '0.5427586367192363'} 0.5803706424439331 0.8026504314182791
uniport_seq {'C_num': 9, 'gamma_ratio': 8, 'gamma': '0.05611004556505588'} 0.4966396584004696 0.6996236107156255
uniport_esm {'C_num': 9, 'gamma_ratio': 8, 'gamma': '0.02838808905526428'} 0.5778375885021237 0.6918359344985469
collect valid feature:  ['uniport_ppi_2019', 'ppi_2019_dw_40', 'diffusion_2019', 'uniport_bio', 'uniport_seq', 'uniport_esm']
evaluation
middle fusion
kernel fusion
/itf-fi-ml/shared/users/ziyuzh/svm/results/dw_auc_norm/2019/uniport_ppi_2019_K_4_0.2526347763086942.pkl /itf-fi-ml/shared/users/ziyuzh/svm/results/dw_auc_norm/2019/uniport_ppi_2019_logK_4_0.2526347763086942.pkl
/itf-fi-ml/shared/users/ziyuzh/svm/results/dw_auc_norm/2019/ppi_2019_dw_40_K_2_0.48138034733416246.pkl /itf-fi-ml/shared/users/ziyuzh/svm/results/dw_auc_norm/2019/ppi_2019_dw_40_logK_2_0.48138034733416246.pkl
/itf-fi-ml/shared/users/ziyuzh/svm/results/df/2019/uniport_diffusion_K_2.pkl /itf-fi-ml/shared/users/ziyuzh/svm/results/df/2019/uniport_diffusion_logK_2.pkl
/itf-fi-ml/shared/users/ziyuzh/svm/results/dw_auc_norm/2019/uniport_bio_K_2_0.5427586367192363.pkl /itf-fi-ml/shared/users/ziyuzh/svm/results/dw_auc_norm/2019/uniport_bio_logK_2_0.5427586367192363.pkl
/itf-fi-ml/shared/users/ziyuzh/svm/results/dw_auc_norm/2019/uniport_seq_K_8_0.05611004556505588.pkl /itf-fi-ml/shared/users/ziyuzh/svm/results/dw_auc_norm/2019/uniport_seq_logK_8_0.05611004556505588.pkl
/itf-fi-ml/shared/users/ziyuzh/svm/results/dw_auc_norm/2019/uniport_esm_K_8_0.02838808905526428.pkl /itf-fi-ml/shared/users/ziyuzh/svm/results/dw_auc_norm/2019/uniport_esm_logK_8_0.02838808905526428.pkl
grid search C for fused kernels
linear_fused 1 0.7782668430034391 0.914212396100286
geo_fused 3 0.696906386789162 0.9283001577422518
fused kernels evaluation
ICD10_M41 27
kernels existing
uniport_ppi_2019 {'C_num': 9, 'gamma_ratio': 2, 'gamma': '0.5052695526173884'} 0.6550852047748348 0.7643728222996516
ppi_2019_dw_40 {'C_num': 9, 'gamma_ratio': 2, 'gamma': '0.48138034733416246'} 0.6849787076820291 0.786851529229578
diffusion_2019 {'C_num': 1, 'gamma_ratio': '2', 'gamma': '2'} 0.687772293331748 0.7484675441992515
uniport_bio {'C_num': 9, 'gamma_ratio': 2, 'gamma': '0.5427586367192363'} 0.5235745979689898 0.7102771325332301
uniport_seq {'C_num': 1, 'gamma_ratio': 8, 'gamma': '0.05611004556505588'} 0.5900833637573043 0.6682717124790295
uniport_esm {'C_num': 81, 'gamma_ratio': 8, 'gamma': '0.02838808905526428'} 0.4330606771191088 0.6682717124790295
collect valid feature:  ['uniport_ppi_2019', 'ppi_2019_dw_40', 'diffusion_2019', 'uniport_bio', 'uniport_seq', 'uniport_esm']
evaluation
middle fusion
kernel fusion
/itf-fi-ml/shared/users/ziyuzh/svm/results/dw_auc_norm/2019/uniport_ppi_2019_K_2_0.5052695526173884.pkl /itf-fi-ml/shared/users/ziyuzh/svm/results/dw_auc_norm/2019/uniport_ppi_2019_logK_2_0.5052695526173884.pkl
/itf-fi-ml/shared/users/ziyuzh/svm/results/dw_auc_norm/2019/ppi_2019_dw_40_K_2_0.48138034733416246.pkl /itf-fi-ml/shared/users/ziyuzh/svm/results/dw_auc_norm/2019/ppi_2019_dw_40_logK_2_0.48138034733416246.pkl
/itf-fi-ml/shared/users/ziyuzh/svm/results/df/2019/uniport_diffusion_K_2.pkl /itf-fi-ml/shared/users/ziyuzh/svm/results/df/2019/uniport_diffusion_logK_2.pkl
/itf-fi-ml/shared/users/ziyuzh/svm/results/dw_auc_norm/2019/uniport_bio_K_2_0.5427586367192363.pkl /itf-fi-ml/shared/users/ziyuzh/svm/results/dw_auc_norm/2019/uniport_bio_logK_2_0.5427586367192363.pkl
/itf-fi-ml/shared/users/ziyuzh/svm/results/dw_auc_norm/2019/uniport_seq_K_8_0.05611004556505588.pkl /itf-fi-ml/shared/users/ziyuzh/svm/results/dw_auc_norm/2019/uniport_seq_logK_8_0.05611004556505588.pkl
/itf-fi-ml/shared/users/ziyuzh/svm/results/dw_auc_norm/2019/uniport_esm_K_8_0.02838808905526428.pkl /itf-fi-ml/shared/users/ziyuzh/svm/results/dw_auc_norm/2019/uniport_esm_logK_8_0.02838808905526428.pkl
grid search C for fused kernels
linear_fused 3 0.7203612035379071 0.8121854432830043
geo_fused 1 0.6363938558975226 0.7277229319912246
fused kernels evaluation
ICD10_N04 73
kernels existing
uniport_ppi_2019 {'C_num': 1, 'gamma_ratio': 2, 'gamma': '0.5052695526173884'} 0.7592800749360621 0.8436998114190768
ppi_2019_dw_40 {'C_num': 3, 'gamma_ratio': 8, 'gamma': '0.12034508683354062'} 0.6858481674665606 0.7825558374658824
diffusion_2019 {'C_num': 1, 'gamma_ratio': '2', 'gamma': '2'} 0.7585932026381693 0.8324864010302542
uniport_bio {'C_num': 1, 'gamma_ratio': 8, 'gamma': '0.13568965917980907'} 0.716154011772206 0.8037479657607095
uniport_seq {'C_num': 1, 'gamma_ratio': 2, 'gamma': '0.22444018226022353'} 0.44979717878850156 0.6233751446926109
uniport_esm {'C_num': 3, 'gamma_ratio': 2, 'gamma': '0.11355235622105712'} 0.3978270816976836 0.6670010347390408
collect valid feature:  ['uniport_ppi_2019', 'ppi_2019_dw_40', 'diffusion_2019', 'uniport_bio', 'uniport_seq', 'uniport_esm']
evaluation
middle fusion
kernel fusion
/itf-fi-ml/shared/users/ziyuzh/svm/results/dw_auc_norm/2019/uniport_ppi_2019_K_2_0.5052695526173884.pkl /itf-fi-ml/shared/users/ziyuzh/svm/results/dw_auc_norm/2019/uniport_ppi_2019_logK_2_0.5052695526173884.pkl
/itf-fi-ml/shared/users/ziyuzh/svm/results/dw_auc_norm/2019/ppi_2019_dw_40_K_8_0.12034508683354062.pkl /itf-fi-ml/shared/users/ziyuzh/svm/results/dw_auc_norm/2019/ppi_2019_dw_40_logK_8_0.12034508683354062.pkl
/itf-fi-ml/shared/users/ziyuzh/svm/results/df/2019/uniport_diffusion_K_2.pkl /itf-fi-ml/shared/users/ziyuzh/svm/results/df/2019/uniport_diffusion_logK_2.pkl
/itf-fi-ml/shared/users/ziyuzh/svm/results/dw_auc_norm/2019/uniport_bio_K_8_0.13568965917980907.pkl /itf-fi-ml/shared/users/ziyuzh/svm/results/dw_auc_norm/2019/uniport_bio_logK_8_0.13568965917980907.pkl
/itf-fi-ml/shared/users/ziyuzh/svm/results/dw_auc_norm/2019/uniport_seq_K_2_0.22444018226022353.pkl /itf-fi-ml/shared/users/ziyuzh/svm/results/dw_auc_norm/2019/uniport_seq_logK_2_0.22444018226022353.pkl
/itf-fi-ml/shared/users/ziyuzh/svm/results/dw_auc_norm/2019/uniport_esm_K_2_0.11355235622105712.pkl /itf-fi-ml/shared/users/ziyuzh/svm/results/dw_auc_norm/2019/uniport_esm_logK_2_0.11355235622105712.pkl
grid search C for fused kernels
linear_fused 1 0.7123024879724321 0.8527960912706041
geo_fused 1 0.6613674880572732 0.8427215345318794
fused kernels evaluation
ICD10_N17 88
kernels existing
uniport_ppi_2019 {'C_num': 1, 'gamma_ratio': 4, 'gamma': '0.2526347763086942'} 0.899136631903621 0.9549461190192083
ppi_2019_dw_40 {'C_num': 1, 'gamma_ratio': 8, 'gamma': '0.12034508683354062'} 0.9008828270561597 0.9484761397231422
diffusion_2019 {'C_num': 1, 'gamma_ratio': '2', 'gamma': '2'} 0.8978768387375174 0.9545806419046956
uniport_bio {'C_num': 1, 'gamma_ratio': 2, 'gamma': '0.5427586367192363'} 0.7628853459029882 0.900491752905474
uniport_seq {'C_num': 81, 'gamma_ratio': 8, 'gamma': '0.05611004556505588'} 0.6231045079240395 0.808400484581279
uniport_esm {'C_num': 3, 'gamma_ratio': 8, 'gamma': '0.02838808905526428'} 0.590509949864004 0.7969673950280769
collect valid feature:  ['uniport_ppi_2019', 'ppi_2019_dw_40', 'diffusion_2019', 'uniport_bio', 'uniport_seq', 'uniport_esm']
evaluation
middle fusion
kernel fusion
/itf-fi-ml/shared/users/ziyuzh/svm/results/dw_auc_norm/2019/uniport_ppi_2019_K_4_0.2526347763086942.pkl /itf-fi-ml/shared/users/ziyuzh/svm/results/dw_auc_norm/2019/uniport_ppi_2019_logK_4_0.2526347763086942.pkl
/itf-fi-ml/shared/users/ziyuzh/svm/results/dw_auc_norm/2019/ppi_2019_dw_40_K_8_0.12034508683354062.pkl /itf-fi-ml/shared/users/ziyuzh/svm/results/dw_auc_norm/2019/ppi_2019_dw_40_logK_8_0.12034508683354062.pkl
/itf-fi-ml/shared/users/ziyuzh/svm/results/df/2019/uniport_diffusion_K_2.pkl /itf-fi-ml/shared/users/ziyuzh/svm/results/df/2019/uniport_diffusion_logK_2.pkl
/itf-fi-ml/shared/users/ziyuzh/svm/results/dw_auc_norm/2019/uniport_bio_K_2_0.5427586367192363.pkl /itf-fi-ml/shared/users/ziyuzh/svm/results/dw_auc_norm/2019/uniport_bio_logK_2_0.5427586367192363.pkl
/itf-fi-ml/shared/users/ziyuzh/svm/results/dw_auc_norm/2019/uniport_seq_K_8_0.05611004556505588.pkl /itf-fi-ml/shared/users/ziyuzh/svm/results/dw_auc_norm/2019/uniport_seq_logK_8_0.05611004556505588.pkl
/itf-fi-ml/shared/users/ziyuzh/svm/results/dw_auc_norm/2019/uniport_esm_K_8_0.02838808905526428.pkl /itf-fi-ml/shared/users/ziyuzh/svm/results/dw_auc_norm/2019/uniport_esm_logK_8_0.02838808905526428.pkl
grid search C for fused kernels
linear_fused 9 0.8761549143154787 0.9524944571602898
geo_fused 27 0.8721450047141784 0.9561482628941705
fused kernels evaluation
ICD10_N18 91
kernels existing
uniport_ppi_2019 {'C_num': 1, 'gamma_ratio': 2, 'gamma': '0.5052695526173884'} 0.9400609910498168 0.968555167062457
ppi_2019_dw_40 {'C_num': 1, 'gamma_ratio': 2, 'gamma': '0.48138034733416246'} 0.9379893909357313 0.9693719407905937
diffusion_2019 {'C_num': 3, 'gamma_ratio': '2', 'gamma': '2'} 0.9391141954457846 0.9683849841510105
uniport_bio {'C_num': 1, 'gamma_ratio': 2, 'gamma': '0.5427586367192363'} 0.8358568363214677 0.9338895942922788
uniport_seq {'C_num': 3, 'gamma_ratio': 8, 'gamma': '0.05611004556505588'} 0.6334588865328925 0.8219037656031407
uniport_esm {'C_num': 3, 'gamma_ratio': 8, 'gamma': '0.02838808905526428'} 0.6781271770725271 0.7880638796630466
collect valid feature:  ['uniport_ppi_2019', 'ppi_2019_dw_40', 'diffusion_2019', 'uniport_bio', 'uniport_seq', 'uniport_esm']
evaluation
middle fusion
kernel fusion
/itf-fi-ml/shared/users/ziyuzh/svm/results/dw_auc_norm/2019/uniport_ppi_2019_K_2_0.5052695526173884.pkl /itf-fi-ml/shared/users/ziyuzh/svm/results/dw_auc_norm/2019/uniport_ppi_2019_logK_2_0.5052695526173884.pkl
/itf-fi-ml/shared/users/ziyuzh/svm/results/dw_auc_norm/2019/ppi_2019_dw_40_K_2_0.48138034733416246.pkl /itf-fi-ml/shared/users/ziyuzh/svm/results/dw_auc_norm/2019/ppi_2019_dw_40_logK_2_0.48138034733416246.pkl
/itf-fi-ml/shared/users/ziyuzh/svm/results/df/2019/uniport_diffusion_K_2.pkl /itf-fi-ml/shared/users/ziyuzh/svm/results/df/2019/uniport_diffusion_logK_2.pkl
/itf-fi-ml/shared/users/ziyuzh/svm/results/dw_auc_norm/2019/uniport_bio_K_2_0.5427586367192363.pkl /itf-fi-ml/shared/users/ziyuzh/svm/results/dw_auc_norm/2019/uniport_bio_logK_2_0.5427586367192363.pkl
/itf-fi-ml/shared/users/ziyuzh/svm/results/dw_auc_norm/2019/uniport_seq_K_8_0.05611004556505588.pkl /itf-fi-ml/shared/users/ziyuzh/svm/results/dw_auc_norm/2019/uniport_seq_logK_8_0.05611004556505588.pkl
/itf-fi-ml/shared/users/ziyuzh/svm/results/dw_auc_norm/2019/uniport_esm_K_8_0.02838808905526428.pkl /itf-fi-ml/shared/users/ziyuzh/svm/results/dw_auc_norm/2019/uniport_esm_logK_8_0.02838808905526428.pkl
grid search C for fused kernels
linear_fused 3 0.9427760156762423 0.9696591928656266
geo_fused 9 0.9257285595401722 0.9591025531432845
fused kernels evaluation
ICD10_N46 86
kernels existing
uniport_ppi_2019 {'C_num': 1, 'gamma_ratio': 2, 'gamma': '0.5052695526173884'} 0.7162241083814836 0.8380585228549605
ppi_2019_dw_40 {'C_num': 1, 'gamma_ratio': 4, 'gamma': '0.24069017366708123'} 0.7076080440264508 0.8420714616643369
diffusion_2019 {'C_num': 1, 'gamma_ratio': '2', 'gamma': '2'} 0.7301857002476871 0.8748882114022063
uniport_bio {'C_num': 3, 'gamma_ratio': 2, 'gamma': '0.5427586367192363'} 0.8471501527253903 0.8889741101891229
uniport_seq {'C_num': 1, 'gamma_ratio': 2, 'gamma': '0.22444018226022353'} 0.5009377805476882 0.6394037589966343
uniport_esm {'C_num': 9, 'gamma_ratio': 2, 'gamma': '0.11355235622105712'} 0.4673028439293047 0.6721563353242742
collect valid feature:  ['uniport_ppi_2019', 'ppi_2019_dw_40', 'diffusion_2019', 'uniport_bio', 'uniport_seq', 'uniport_esm']
evaluation
middle fusion
kernel fusion
/itf-fi-ml/shared/users/ziyuzh/svm/results/dw_auc_norm/2019/uniport_ppi_2019_K_2_0.5052695526173884.pkl /itf-fi-ml/shared/users/ziyuzh/svm/results/dw_auc_norm/2019/uniport_ppi_2019_logK_2_0.5052695526173884.pkl
/itf-fi-ml/shared/users/ziyuzh/svm/results/dw_auc_norm/2019/ppi_2019_dw_40_K_4_0.24069017366708123.pkl /itf-fi-ml/shared/users/ziyuzh/svm/results/dw_auc_norm/2019/ppi_2019_dw_40_logK_4_0.24069017366708123.pkl
/itf-fi-ml/shared/users/ziyuzh/svm/results/df/2019/uniport_diffusion_K_2.pkl /itf-fi-ml/shared/users/ziyuzh/svm/results/df/2019/uniport_diffusion_logK_2.pkl
/itf-fi-ml/shared/users/ziyuzh/svm/results/dw_auc_norm/2019/uniport_bio_K_2_0.5427586367192363.pkl /itf-fi-ml/shared/users/ziyuzh/svm/results/dw_auc_norm/2019/uniport_bio_logK_2_0.5427586367192363.pkl
/itf-fi-ml/shared/users/ziyuzh/svm/results/dw_auc_norm/2019/uniport_seq_K_2_0.22444018226022353.pkl /itf-fi-ml/shared/users/ziyuzh/svm/results/dw_auc_norm/2019/uniport_seq_logK_2_0.22444018226022353.pkl
/itf-fi-ml/shared/users/ziyuzh/svm/results/dw_auc_norm/2019/uniport_esm_K_2_0.11355235622105712.pkl /itf-fi-ml/shared/users/ziyuzh/svm/results/dw_auc_norm/2019/uniport_esm_logK_2_0.11355235622105712.pkl
grid search C for fused kernels
linear_fused 1 0.8134653055316488 0.8999814152485907
geo_fused 1 0.8152343931807833 0.8646563831042203
fused kernels evaluation
ICD10_N80 151
kernels existing
uniport_ppi_2019 {'C_num': 1, 'gamma_ratio': 2, 'gamma': '0.5052695526173884'} 0.6971738048801663 0.8284266666666666
ppi_2019_dw_40 {'C_num': 1, 'gamma_ratio': 2, 'gamma': '0.48138034733416246'} 0.6876085516089586 0.8121866666666665
diffusion_2019 {'C_num': 1, 'gamma_ratio': '2', 'gamma': '2'} 0.6806289229932783 0.8625599999999999
uniport_bio {'C_num': 3, 'gamma_ratio': 2, 'gamma': '0.5427586367192363'} 0.5681276436486121 0.7735733333333332
uniport_seq {'C_num': 1, 'gamma_ratio': 2, 'gamma': '0.22444018226022353'} 0.6378401263316643 0.7625066666666668
uniport_esm {'C_num': 1, 'gamma_ratio': 2, 'gamma': '0.11355235622105712'} 0.612873761986415 0.7770133333333332
collect valid feature:  ['uniport_ppi_2019', 'ppi_2019_dw_40', 'diffusion_2019', 'uniport_bio', 'uniport_seq', 'uniport_esm']
evaluation
middle fusion
kernel fusion
/itf-fi-ml/shared/users/ziyuzh/svm/results/dw_auc_norm/2019/uniport_ppi_2019_K_2_0.5052695526173884.pkl /itf-fi-ml/shared/users/ziyuzh/svm/results/dw_auc_norm/2019/uniport_ppi_2019_logK_2_0.5052695526173884.pkl
/itf-fi-ml/shared/users/ziyuzh/svm/results/dw_auc_norm/2019/ppi_2019_dw_40_K_2_0.48138034733416246.pkl /itf-fi-ml/shared/users/ziyuzh/svm/results/dw_auc_norm/2019/ppi_2019_dw_40_logK_2_0.48138034733416246.pkl
/itf-fi-ml/shared/users/ziyuzh/svm/results/df/2019/uniport_diffusion_K_2.pkl /itf-fi-ml/shared/users/ziyuzh/svm/results/df/2019/uniport_diffusion_logK_2.pkl
/itf-fi-ml/shared/users/ziyuzh/svm/results/dw_auc_norm/2019/uniport_bio_K_2_0.5427586367192363.pkl /itf-fi-ml/shared/users/ziyuzh/svm/results/dw_auc_norm/2019/uniport_bio_logK_2_0.5427586367192363.pkl
/itf-fi-ml/shared/users/ziyuzh/svm/results/dw_auc_norm/2019/uniport_seq_K_2_0.22444018226022353.pkl /itf-fi-ml/shared/users/ziyuzh/svm/results/dw_auc_norm/2019/uniport_seq_logK_2_0.22444018226022353.pkl
/itf-fi-ml/shared/users/ziyuzh/svm/results/dw_auc_norm/2019/uniport_esm_K_2_0.11355235622105712.pkl /itf-fi-ml/shared/users/ziyuzh/svm/results/dw_auc_norm/2019/uniport_esm_logK_2_0.11355235622105712.pkl
grid search C for fused kernels
linear_fused 1 0.7123855235315779 0.8571733333333333
geo_fused 1 0.7268103301959116 0.8624266666666666
fused kernels evaluation
ICD10_N97 29
kernels existing
uniport_ppi_2019 {'C_num': 1, 'gamma_ratio': 2, 'gamma': '0.5052695526173884'} 0.8964633593221487 0.9415637860082304
ppi_2019_dw_40 {'C_num': 3, 'gamma_ratio': 4, 'gamma': '0.24069017366708123'} 0.8977063635591551 0.9193415637860082
diffusion_2019 {'C_num': 1, 'gamma_ratio': '2', 'gamma': '2'} 0.7936529366846258 0.9152263374485597
uniport_bio {'C_num': 9, 'gamma_ratio': 2, 'gamma': '0.5427586367192363'} 0.6262041229036944 0.854320987654321
uniport_seq {'C_num': 1, 'gamma_ratio': 4, 'gamma': '0.11222009113011176'} 0.6701033040131533 0.77119341563786
uniport_esm {'C_num': 1, 'gamma_ratio': 8, 'gamma': '0.02838808905526428'} 0.6232718801319094 0.8337448559670783
collect valid feature:  ['uniport_ppi_2019', 'ppi_2019_dw_40', 'diffusion_2019', 'uniport_bio', 'uniport_seq', 'uniport_esm']
evaluation
middle fusion
kernel fusion
/itf-fi-ml/shared/users/ziyuzh/svm/results/dw_auc_norm/2019/uniport_ppi_2019_K_2_0.5052695526173884.pkl /itf-fi-ml/shared/users/ziyuzh/svm/results/dw_auc_norm/2019/uniport_ppi_2019_logK_2_0.5052695526173884.pkl
/itf-fi-ml/shared/users/ziyuzh/svm/results/dw_auc_norm/2019/ppi_2019_dw_40_K_4_0.24069017366708123.pkl /itf-fi-ml/shared/users/ziyuzh/svm/results/dw_auc_norm/2019/ppi_2019_dw_40_logK_4_0.24069017366708123.pkl
/itf-fi-ml/shared/users/ziyuzh/svm/results/df/2019/uniport_diffusion_K_2.pkl /itf-fi-ml/shared/users/ziyuzh/svm/results/df/2019/uniport_diffusion_logK_2.pkl
/itf-fi-ml/shared/users/ziyuzh/svm/results/dw_auc_norm/2019/uniport_bio_K_2_0.5427586367192363.pkl /itf-fi-ml/shared/users/ziyuzh/svm/results/dw_auc_norm/2019/uniport_bio_logK_2_0.5427586367192363.pkl
/itf-fi-ml/shared/users/ziyuzh/svm/results/dw_auc_norm/2019/uniport_seq_K_4_0.11222009113011176.pkl /itf-fi-ml/shared/users/ziyuzh/svm/results/dw_auc_norm/2019/uniport_seq_logK_4_0.11222009113011176.pkl
/itf-fi-ml/shared/users/ziyuzh/svm/results/dw_auc_norm/2019/uniport_esm_K_8_0.02838808905526428.pkl /itf-fi-ml/shared/users/ziyuzh/svm/results/dw_auc_norm/2019/uniport_esm_logK_8_0.02838808905526428.pkl
grid search C for fused kernels
linear_fused 1 0.8895100970506796 0.9152263374485597
geo_fused 3 0.8444799872630094 0.9160493827160493
fused kernels evaluation
ICD10_C23 18
kernels existing
uniport_ppi_2019 {'C_num': 9, 'gamma_ratio': 2, 'gamma': '0.5052695526173884'} 0.8241012205941157 0.9012999452654625
ppi_2019_dw_40 {'C_num': 3, 'gamma_ratio': 2, 'gamma': '0.48138034733416246'} 0.8500227358317964 0.9303366174055828
diffusion_2019 {'C_num': 1, 'gamma_ratio': '2', 'gamma': '2'} 0.7641204696480872 0.9135194307608101
uniport_bio {'C_num': 3, 'gamma_ratio': 2, 'gamma': '0.5427586367192363'} 0.6979468476218519 0.8174329501915709
uniport_seq {'C_num': 27, 'gamma_ratio': 8, 'gamma': '0.05611004556505588'} 0.1641160633429989 0.602928297755884
uniport_esm {'C_num': 9, 'gamma_ratio': 8, 'gamma': '0.02838808905526428'} 0.09750728246272054 0.5018062397372742
collect valid feature:  ['uniport_ppi_2019', 'ppi_2019_dw_40', 'diffusion_2019', 'uniport_bio', 'uniport_seq', 'uniport_esm']
evaluation
middle fusion
kernel fusion
/itf-fi-ml/shared/users/ziyuzh/svm/results/dw_auc_norm/2019/uniport_ppi_2019_K_2_0.5052695526173884.pkl /itf-fi-ml/shared/users/ziyuzh/svm/results/dw_auc_norm/2019/uniport_ppi_2019_logK_2_0.5052695526173884.pkl
/itf-fi-ml/shared/users/ziyuzh/svm/results/dw_auc_norm/2019/ppi_2019_dw_40_K_2_0.48138034733416246.pkl /itf-fi-ml/shared/users/ziyuzh/svm/results/dw_auc_norm/2019/ppi_2019_dw_40_logK_2_0.48138034733416246.pkl
/itf-fi-ml/shared/users/ziyuzh/svm/results/df/2019/uniport_diffusion_K_2.pkl /itf-fi-ml/shared/users/ziyuzh/svm/results/df/2019/uniport_diffusion_logK_2.pkl
/itf-fi-ml/shared/users/ziyuzh/svm/results/dw_auc_norm/2019/uniport_bio_K_2_0.5427586367192363.pkl /itf-fi-ml/shared/users/ziyuzh/svm/results/dw_auc_norm/2019/uniport_bio_logK_2_0.5427586367192363.pkl
/itf-fi-ml/shared/users/ziyuzh/svm/results/dw_auc_norm/2019/uniport_seq_K_8_0.05611004556505588.pkl /itf-fi-ml/shared/users/ziyuzh/svm/results/dw_auc_norm/2019/uniport_seq_logK_8_0.05611004556505588.pkl
/itf-fi-ml/shared/users/ziyuzh/svm/results/dw_auc_norm/2019/uniport_esm_K_8_0.02838808905526428.pkl /itf-fi-ml/shared/users/ziyuzh/svm/results/dw_auc_norm/2019/uniport_esm_logK_8_0.02838808905526428.pkl
grid search C for fused kernels
linear_fused 3 0.7205908094544662 0.8939928845101259
geo_fused 3 0.778871879392958 0.8913793103448276
fused kernels evaluation
ICD10_C53 15
kernels existing
uniport_ppi_2019 {'C_num': 1, 'gamma_ratio': 2, 'gamma': '0.5052695526173884'} 0.9766318800016243 0.9416666666666668
ppi_2019_dw_40 {'C_num': 1, 'gamma_ratio': 2, 'gamma': '0.48138034733416246'} 0.9547087328236171 0.9708333333333333
diffusion_2019 {'C_num': 1, 'gamma_ratio': '2', 'gamma': '2'} 0.9771572683024964 0.9916666666666666
uniport_bio {'C_num': 3, 'gamma_ratio': 2, 'gamma': '0.5427586367192363'} 0.5826731921373083 0.8458333333333333
uniport_seq {'C_num': 3, 'gamma_ratio': 8, 'gamma': '0.05611004556505588'} 0.7118146598924134 0.6958333333333333
uniport_esm {'C_num': 9, 'gamma_ratio': 8, 'gamma': '0.02838808905526428'} 0.5765441469986562 0.6916666666666668
collect valid feature:  ['uniport_ppi_2019', 'ppi_2019_dw_40', 'diffusion_2019', 'uniport_bio', 'uniport_seq', 'uniport_esm']
evaluation
middle fusion
kernel fusion
/itf-fi-ml/shared/users/ziyuzh/svm/results/dw_auc_norm/2019/uniport_ppi_2019_K_2_0.5052695526173884.pkl /itf-fi-ml/shared/users/ziyuzh/svm/results/dw_auc_norm/2019/uniport_ppi_2019_logK_2_0.5052695526173884.pkl
/itf-fi-ml/shared/users/ziyuzh/svm/results/dw_auc_norm/2019/ppi_2019_dw_40_K_2_0.48138034733416246.pkl /itf-fi-ml/shared/users/ziyuzh/svm/results/dw_auc_norm/2019/ppi_2019_dw_40_logK_2_0.48138034733416246.pkl
/itf-fi-ml/shared/users/ziyuzh/svm/results/df/2019/uniport_diffusion_K_2.pkl /itf-fi-ml/shared/users/ziyuzh/svm/results/df/2019/uniport_diffusion_logK_2.pkl
/itf-fi-ml/shared/users/ziyuzh/svm/results/dw_auc_norm/2019/uniport_bio_K_2_0.5427586367192363.pkl /itf-fi-ml/shared/users/ziyuzh/svm/results/dw_auc_norm/2019/uniport_bio_logK_2_0.5427586367192363.pkl
/itf-fi-ml/shared/users/ziyuzh/svm/results/dw_auc_norm/2019/uniport_seq_K_8_0.05611004556505588.pkl /itf-fi-ml/shared/users/ziyuzh/svm/results/dw_auc_norm/2019/uniport_seq_logK_8_0.05611004556505588.pkl
/itf-fi-ml/shared/users/ziyuzh/svm/results/dw_auc_norm/2019/uniport_esm_K_8_0.02838808905526428.pkl /itf-fi-ml/shared/users/ziyuzh/svm/results/dw_auc_norm/2019/uniport_esm_logK_8_0.02838808905526428.pkl
grid search C for fused kernels
linear_fused 1 0.9432873669748654 0.9666666666666667
geo_fused 1 0.8712136810111124 0.9500000000000001
fused kernels evaluation
