['uniport_ppi_2019', 'ppi_2019_dw_40', 'uniport_bio', 'uniport_seq', 'uniport_esm'] 48 15686
ICD10_C16 90
calculating kernels...
uniport_ppi_2019 {'C_num': 9, 'gamma_ratio': 2, 'gamma': '0.5052695526173884'} 0.7183005053156061 0.8637985358168844
ppi_2019_dw_40 {'C_num': 1, 'gamma_ratio': 2, 'gamma': '0.48138034733416246'} 0.7181693220750089 0.8717225406827854
uniport_bio {'C_num': 3, 'gamma_ratio': 8, 'gamma': '0.13568965917980907'} 0.5464803304826745 0.8091873298295317
uniport_seq {'C_num': 27, 'gamma_ratio': 8, 'gamma': '0.05611004556505588'} 0.5277660633941801 0.7882928601583036
uniport_esm {'C_num': 9, 'gamma_ratio': 8, 'gamma': '0.02838808905526428'} 0.4629102431274626 0.7251731307541706
collect valid feature:  ['uniport_ppi_2019', 'ppi_2019_dw_40', 'uniport_bio']
evaluation
early fusion
uniport_ppi_2019-ppi_2019_dw_40-uniport_bio {'C_num': 9, 'gamma_ratio': 8, 'gamma': '0.08488421548601009'} 0.41857971302472424 0.709043250327654
middle fusion
kernel fusion
grid search C for fused kernels
linear_fused 1 0.7476313190466822 0.8973056618316558
geo_fused 9 0.7365484675439987 0.9065932368684662
fused kernels evaluation
ICD10_C18 50
kernels existing
uniport_ppi_2019 {'C_num': 3, 'gamma_ratio': 2, 'gamma': '0.5052695526173884'} 0.7064095355742465 0.8373816081616593
ppi_2019_dw_40 {'C_num': 1, 'gamma_ratio': 2, 'gamma': '0.48138034733416246'} 0.7437456742489269 0.8504374994144815
uniport_bio {'C_num': 1, 'gamma_ratio': 2, 'gamma': '0.5427586367192363'} 0.6462648014853456 0.7718345699483807
uniport_seq {'C_num': 1, 'gamma_ratio': 4, 'gamma': '0.11222009113011176'} 0.6333428200801157 0.7066177641625212
uniport_esm {'C_num': 27, 'gamma_ratio': 8, 'gamma': '0.02838808905526428'} 0.501226726999303 0.7070803237683032
collect valid feature:  ['uniport_ppi_2019', 'ppi_2019_dw_40']
evaluation
early fusion
uniport_ppi_2019-ppi_2019_dw_40 {'C_num': 1, 'gamma_ratio': 8, 'gamma': '0.08488421548601009'} 0.5520329485349142 0.6958196322007063
middle fusion
kernel fusion
grid search C for fused kernels
linear_fused 1 0.7219089504680927 0.845670988573802
geo_fused 1 0.7168660871300657 0.8485794540781754
fused kernels evaluation
ICD10_C43 47
kernels existing
uniport_ppi_2019 {'C_num': 9, 'gamma_ratio': 4, 'gamma': '0.2526347763086942'} 0.8580470527655292 0.8961772328548645
ppi_2019_dw_40 {'C_num': 9, 'gamma_ratio': 2, 'gamma': '0.48138034733416246'} 0.8874068852338176 0.899554520771626
uniport_bio {'C_num': 1, 'gamma_ratio': 2, 'gamma': '0.5427586367192363'} 0.8309335613321642 0.8313057739044581
uniport_seq {'C_num': 1, 'gamma_ratio': 4, 'gamma': '0.11222009113011176'} 0.7027329103499614 0.7447584396597554
uniport_esm {'C_num': 1, 'gamma_ratio': 2, 'gamma': '0.11355235622105712'} 0.6089695456986163 0.6879649407609932
collect valid feature:  ['uniport_ppi_2019', 'ppi_2019_dw_40', 'uniport_bio']
evaluation
early fusion
uniport_ppi_2019-ppi_2019_dw_40-uniport_bio {'C_num': 9, 'gamma_ratio': 2, 'gamma': '0.33953686194404037'} 0.5429328590616861 0.6636907135262399
middle fusion
kernel fusion
grid search C for fused kernels
linear_fused 3 0.9030534486664266 0.9099576592997645
geo_fused 1 0.9027665429572164 0.8974908863066758
fused kernels evaluation
ICD10_C50 544
kernels existing
uniport_ppi_2019 {'C_num': 9, 'gamma_ratio': 2, 'gamma': '0.5052695526173884'} 0.4617241390339477 0.6697529673495106
ppi_2019_dw_40 {'C_num': 1, 'gamma_ratio': 2, 'gamma': '0.48138034733416246'} 0.5260671622551726 0.6787701091778867
uniport_bio {'C_num': 1, 'gamma_ratio': 2, 'gamma': '0.5427586367192363'} 0.40861628354822205 0.6485076450239832
uniport_seq {'C_num': 27, 'gamma_ratio': 2, 'gamma': '0.22444018226022353'} 0.3401891701163067 0.6195697182464669
uniport_esm {'C_num': 9, 'gamma_ratio': 2, 'gamma': '0.11355235622105712'} 0.32108461096477997 0.5982253771073647
collect valid feature:  []
evaluation
no valid features, no early fusion
no valid features, no mid fusion
ICD10_C67 191
kernels existing
uniport_ppi_2019 {'C_num': 1, 'gamma_ratio': 2, 'gamma': '0.5052695526173884'} 0.746404901762935 0.836633509467824
ppi_2019_dw_40 {'C_num': 1, 'gamma_ratio': 4, 'gamma': '0.24069017366708123'} 0.7451055668958225 0.8482307878970267
uniport_bio {'C_num': 1, 'gamma_ratio': 2, 'gamma': '0.5427586367192363'} 0.6775325916492623 0.8097653076073685
uniport_seq {'C_num': 9, 'gamma_ratio': 2, 'gamma': '0.22444018226022353'} 0.45836484719639464 0.6588350907106163
uniport_esm {'C_num': 3, 'gamma_ratio': 4, 'gamma': '0.05677617811052856'} 0.4929808380758278 0.7114866736065443
collect valid feature:  ['uniport_ppi_2019', 'ppi_2019_dw_40', 'uniport_bio']
evaluation
early fusion
uniport_ppi_2019-ppi_2019_dw_40-uniport_bio {'C_num': 9, 'gamma_ratio': 8, 'gamma': '0.08488421548601009'} 0.46916833039260036 0.7027376773846606
middle fusion
kernel fusion
grid search C for fused kernels
linear_fused 1 0.7809066997421056 0.8617677897036934
geo_fused 1 0.7828762450461338 0.8564411773433065
fused kernels evaluation
ICD10_C81 23
kernels existing
uniport_ppi_2019 {'C_num': 1, 'gamma_ratio': 2, 'gamma': '0.5052695526173884'} 0.7899869646188455 0.9191308243727598
ppi_2019_dw_40 {'C_num': 1, 'gamma_ratio': 2, 'gamma': '0.48138034733416246'} 0.7716536493164113 0.9200668842805939
uniport_bio {'C_num': 1, 'gamma_ratio': 8, 'gamma': '0.13568965917980907'} 0.4483015692869406 0.7774257552483359
uniport_seq {'C_num': 3, 'gamma_ratio': 8, 'gamma': '0.05611004556505588'} 0.5696233275393379 0.7432315668202766
uniport_esm {'C_num': 9, 'gamma_ratio': 8, 'gamma': '0.02838808905526428'} 0.36426389582562163 0.6501536098310291
collect valid feature:  ['uniport_ppi_2019', 'ppi_2019_dw_40']
evaluation
early fusion
uniport_ppi_2019-ppi_2019_dw_40 {'C_num': 3, 'gamma_ratio': 4, 'gamma': '0.16976843097202018'} 0.4993264665102139 0.662306387608807
middle fusion
kernel fusion
grid search C for fused kernels
linear_fused 0.001 0.7362011660856931 0.9280113927291347
geo_fused 0.001 0.7810682607382482 0.9345558115719407
fused kernels evaluation
ICD10_D57 22
kernels existing
uniport_ppi_2019 {'C_num': 1, 'gamma_ratio': 2, 'gamma': '0.5052695526173884'} 0.7236929820888632 0.9414965986394558
ppi_2019_dw_40 {'C_num': 9, 'gamma_ratio': 2, 'gamma': '0.48138034733416246'} 0.7186458365471663 0.9156462585034012
uniport_bio {'C_num': 3, 'gamma_ratio': 2, 'gamma': '0.5427586367192363'} 0.7739036656200263 0.9482993197278912
uniport_seq {'C_num': 1, 'gamma_ratio': 4, 'gamma': '0.11222009113011176'} 0.44050397063976243 0.7605442176870749
uniport_esm {'C_num': 3, 'gamma_ratio': 8, 'gamma': '0.02838808905526428'} 0.5338491750694381 0.7768707482993197
collect valid feature:  ['uniport_ppi_2019', 'ppi_2019_dw_40', 'uniport_bio']
evaluation
early fusion
uniport_ppi_2019-ppi_2019_dw_40-uniport_bio {'C_num': 27, 'gamma_ratio': 8, 'gamma': '0.08488421548601009'} 0.6112608052374559 0.7687074829931971
middle fusion
kernel fusion
grid search C for fused kernels
linear_fused 0.001 0.743586666866409 0.9238095238095237
geo_fused 0.001 0.7667426890235244 0.9564625850340137
fused kernels evaluation
ICD10_D66 15
kernels existing
uniport_ppi_2019 {'C_num': 1, 'gamma_ratio': 2, 'gamma': '0.5052695526173884'} 0.94795671645382 0.9217391304347826
ppi_2019_dw_40 {'C_num': 1, 'gamma_ratio': 4, 'gamma': '0.24069017366708123'} 0.9551194359038325 0.9362318840579711
uniport_bio {'C_num': 1, 'gamma_ratio': 2, 'gamma': '0.5427586367192363'} 0.8895904185718452 0.8695652173913043
uniport_seq {'C_num': 3, 'gamma_ratio': 8, 'gamma': '0.05611004556505588'} 0.37228862222778236 0.8029891304347826
uniport_esm {'C_num': 3, 'gamma_ratio': 2, 'gamma': '0.11355235622105712'} 0.51635229041093 0.8058574879227053
collect valid feature:  ['uniport_ppi_2019', 'ppi_2019_dw_40', 'uniport_bio', 'uniport_seq', 'uniport_esm']
evaluation
early fusion
uniport_ppi_2019-ppi_2019_dw_40-uniport_bio-uniport_seq-uniport_esm {'C_num': 9, 'gamma_ratio': 4, 'gamma': '0.16976843097202018'} 0.47039317351753834 0.8290157004830917
middle fusion
kernel fusion
grid search C for fused kernels
linear_fused 0.001 0.9451330190276188 0.9072463768115941
geo_fused 0.001 0.741013895502411 0.8285326086956522
fused kernels evaluation
ICD10_D83 23
kernels existing
uniport_ppi_2019 {'C_num': 1, 'gamma_ratio': 2, 'gamma': '0.5052695526173884'} 0.9043498827735849 0.9210884353741496
ppi_2019_dw_40 {'C_num': 9, 'gamma_ratio': 2, 'gamma': '0.48138034733416246'} 0.915324645115331 0.942857142857143
uniport_bio {'C_num': 3, 'gamma_ratio': 8, 'gamma': '0.13568965917980907'} 0.836080113695969 0.9129251700680273
uniport_seq {'C_num': 3, 'gamma_ratio': 4, 'gamma': '0.11222009113011176'} 0.7335977206906286 0.8829931972789117
uniport_esm {'C_num': 27, 'gamma_ratio': 8, 'gamma': '0.02838808905526428'} 0.658004833440426 0.8231292517006802
collect valid feature:  ['uniport_ppi_2019', 'ppi_2019_dw_40', 'uniport_bio', 'uniport_seq', 'uniport_esm']
evaluation
early fusion
uniport_ppi_2019-ppi_2019_dw_40-uniport_bio-uniport_seq-uniport_esm {'C_num': 27, 'gamma_ratio': 8, 'gamma': '0.08488421548601009'} 0.6590118889211558 0.7741496598639456
middle fusion
kernel fusion
grid search C for fused kernels
linear_fused 0.001 0.9042855816031498 0.9197278911564627
geo_fused 0.001 0.8644348531743654 0.9115646258503401
fused kernels evaluation
ICD10_E11 269
kernels existing
uniport_ppi_2019 {'C_num': 1, 'gamma_ratio': 4, 'gamma': '0.2526347763086942'} 0.8091968263313886 0.8951915301329771
ppi_2019_dw_40 {'C_num': 1, 'gamma_ratio': 2, 'gamma': '0.48138034733416246'} 0.8125618988005364 0.8945072326240492
uniport_bio {'C_num': 1, 'gamma_ratio': 2, 'gamma': '0.5427586367192363'} 0.7199716251557938 0.8815238379440352
uniport_seq {'C_num': 27, 'gamma_ratio': 2, 'gamma': '0.22444018226022353'} 0.4574824828670359 0.6973758410637826
uniport_esm {'C_num': 1, 'gamma_ratio': 2, 'gamma': '0.11355235622105712'} 0.4535824998841025 0.654793520204693
collect valid feature:  ['uniport_ppi_2019', 'ppi_2019_dw_40', 'uniport_bio']
evaluation
early fusion
uniport_ppi_2019-ppi_2019_dw_40-uniport_bio {'C_num': 3, 'gamma_ratio': 8, 'gamma': '0.08488421548601009'} 0.42433801897818607 0.6473743218707139
middle fusion
kernel fusion
grid search C for fused kernels
linear_fused 1 0.8243704671345027 0.9221198584256297
geo_fused 9 0.8161213216162668 0.8968252193369098
fused kernels evaluation
ICD10_E66 259
kernels existing
uniport_ppi_2019 {'C_num': 1, 'gamma_ratio': 4, 'gamma': '0.2526347763086942'} 0.7757448355256811 0.8718094586512066
ppi_2019_dw_40 {'C_num': 1, 'gamma_ratio': 8, 'gamma': '0.12034508683354062'} 0.7748225406898882 0.87949150633535
uniport_bio {'C_num': 1, 'gamma_ratio': 2, 'gamma': '0.5427586367192363'} 0.7445239868841823 0.8232063408350986
uniport_seq {'C_num': 3, 'gamma_ratio': 8, 'gamma': '0.05611004556505588'} 0.46963724614337804 0.6918666677161966
uniport_esm {'C_num': 3, 'gamma_ratio': 2, 'gamma': '0.11355235622105712'} 0.4978056059510492 0.723666409781719
collect valid feature:  ['uniport_ppi_2019', 'ppi_2019_dw_40', 'uniport_bio']
evaluation
early fusion
uniport_ppi_2019-ppi_2019_dw_40-uniport_bio {'C_num': 3, 'gamma_ratio': 4, 'gamma': '0.16976843097202018'} 0.507116295277153 0.7022544957364721
middle fusion
kernel fusion
grid search C for fused kernels
linear_fused 1 0.808283724008556 0.886085715453941
geo_fused 1 0.7886006961661703 0.8882915540764681
fused kernels evaluation
ICD10_F01 33
kernels existing
uniport_ppi_2019 {'C_num': 9, 'gamma_ratio': 8, 'gamma': '0.1263173881543471'} 0.41106195576428944 0.7754629629629629
ppi_2019_dw_40 {'C_num': 9, 'gamma_ratio': 8, 'gamma': '0.12034508683354062'} 0.1248200681550936 0.6805555555555557
uniport_bio {'C_num': 1, 'gamma_ratio': 2, 'gamma': '0.5427586367192363'} 0.29165329868928463 0.6018518518518519
uniport_seq {'C_num': 9, 'gamma_ratio': 8, 'gamma': '0.05611004556505588'} 0.2920966461363366 0.7060185185185185
uniport_esm {'C_num': 9, 'gamma_ratio': 8, 'gamma': '0.02838808905526428'} 0.1337179529046262 0.7337962962962963
collect valid feature:  []
evaluation
no valid features, no early fusion
no valid features, no mid fusion
ICD10_F20 834
kernels existing
uniport_ppi_2019 {'C_num': 1, 'gamma_ratio': 2, 'gamma': '0.5052695526173884'} 0.708089214188984 0.804307217630854
ppi_2019_dw_40 {'C_num': 9, 'gamma_ratio': 2, 'gamma': '0.48138034733416246'} 0.6860036248736033 0.8183325619834712
uniport_bio {'C_num': 1, 'gamma_ratio': 2, 'gamma': '0.5427586367192363'} 0.668100657465053 0.8128000000000001
uniport_seq {'C_num': 3, 'gamma_ratio': 2, 'gamma': '0.22444018226022353'} 0.5107337718882693 0.7179574655647384
uniport_esm {'C_num': 9, 'gamma_ratio': 2, 'gamma': '0.11355235622105712'} 0.49325935391497416 0.7044857300275483
collect valid feature:  ['uniport_ppi_2019', 'ppi_2019_dw_40', 'uniport_bio']
evaluation
early fusion
uniport_ppi_2019-ppi_2019_dw_40-uniport_bio {'C_num': 27, 'gamma_ratio': 2, 'gamma': '0.33953686194404037'} 0.4768598953455239 0.6915085399449036
middle fusion
kernel fusion
grid search C for fused kernels
linear_fused 1 0.7553897684355618 0.8555230853994491
geo_fused 1 0.7436289429153787 0.8588138842975207
fused kernels evaluation
ICD10_F31 441
kernels existing
uniport_ppi_2019 {'C_num': 1, 'gamma_ratio': 2, 'gamma': '0.5052695526173884'} 0.7341480787595333 0.8271578142970396
ppi_2019_dw_40 {'C_num': 1, 'gamma_ratio': 2, 'gamma': '0.48138034733416246'} 0.7470325587481753 0.8338757780925254
uniport_bio {'C_num': 1, 'gamma_ratio': 2, 'gamma': '0.5427586367192363'} 0.7081057941289832 0.816951396748116
uniport_seq {'C_num': 1, 'gamma_ratio': 2, 'gamma': '0.22444018226022353'} 0.6130299664935398 0.750004237320419
uniport_esm {'C_num': 1, 'gamma_ratio': 2, 'gamma': '0.11355235622105712'} 0.5876367420180783 0.7381394399075564
collect valid feature:  ['uniport_ppi_2019', 'ppi_2019_dw_40', 'uniport_bio']
evaluation
early fusion
uniport_ppi_2019-ppi_2019_dw_40-uniport_bio {'C_num': 3, 'gamma_ratio': 4, 'gamma': '0.16976843097202018'} 0.5720494289013196 0.7345187557559839
middle fusion
kernel fusion
grid search C for fused kernels
linear_fused 1 0.767368352256122 0.8585849052635711
geo_fused 3 0.773705473909747 0.8605639468884899
fused kernels evaluation
ICD10_F72 31
kernels existing
uniport_ppi_2019 {'C_num': 9, 'gamma_ratio': 2, 'gamma': '0.5052695526173884'} 0.4667003079785161 0.6707482993197278
ppi_2019_dw_40 {'C_num': 9, 'gamma_ratio': 2, 'gamma': '0.48138034733416246'} 0.48663563915815217 0.6462585034013606
uniport_bio {'C_num': 9, 'gamma_ratio': 2, 'gamma': '0.5427586367192363'} 0.5485975226878603 0.6775510204081633
uniport_seq {'C_num': 3, 'gamma_ratio': 2, 'gamma': '0.22444018226022353'} 0.388940818212199 0.6734693877551021
uniport_esm {'C_num': 27, 'gamma_ratio': 4, 'gamma': '0.05677617811052856'} 0.44198040027082613 0.617687074829932
collect valid feature:  []
evaluation
no valid features, no early fusion
no valid features, no mid fusion
ICD10_F90 24
kernels existing
uniport_ppi_2019 {'C_num': 1, 'gamma_ratio': 8, 'gamma': '0.1263173881543471'} 0.5762355382262005 0.6497947454844007
ppi_2019_dw_40 {'C_num': 1, 'gamma_ratio': 8, 'gamma': '0.12034508683354062'} 0.4731629585974604 0.6366310892172962
uniport_bio {'C_num': 1, 'gamma_ratio': 2, 'gamma': '0.5427586367192363'} 0.5591402196237755 0.6996168582375478
uniport_seq {'C_num': 27, 'gamma_ratio': 8, 'gamma': '0.05611004556505588'} 0.30142366165159046 0.7165571975916804
uniport_esm {'C_num': 27, 'gamma_ratio': 8, 'gamma': '0.02838808905526428'} 0.5630566145924029 0.7850574712643678
collect valid feature:  []
evaluation
no valid features, no early fusion
no valid features, no mid fusion
ICD10_G10 32
kernels existing
uniport_ppi_2019 {'C_num': 9, 'gamma_ratio': 2, 'gamma': '0.5052695526173884'} 0.8375935535679598 0.9094108505873212
ppi_2019_dw_40 {'C_num': 1, 'gamma_ratio': 2, 'gamma': '0.48138034733416246'} 0.867353152490569 0.9428230266465562
uniport_bio {'C_num': 1, 'gamma_ratio': 2, 'gamma': '0.5427586367192363'} 0.777570377209444 0.8849707482060424
uniport_seq {'C_num': 27, 'gamma_ratio': 8, 'gamma': '0.05611004556505588'} 0.45439424406705936 0.6348679098679099
uniport_esm {'C_num': 3, 'gamma_ratio': 8, 'gamma': '0.02838808905526428'} 0.5064047562444742 0.6311474473239179
collect valid feature:  ['uniport_ppi_2019', 'ppi_2019_dw_40', 'uniport_bio']
evaluation
early fusion
uniport_ppi_2019-ppi_2019_dw_40-uniport_bio {'C_num': 1, 'gamma_ratio': 8, 'gamma': '0.08488421548601009'} 0.5331763311324229 0.6617167146578912
middle fusion
kernel fusion
grid search C for fused kernels
linear_fused 0.001 0.8544027749345071 0.922246217834453
geo_fused 0.001 0.8468640177491048 0.9497634718222953
fused kernels evaluation
ICD10_G20 137
kernels existing
uniport_ppi_2019 {'C_num': 1, 'gamma_ratio': 4, 'gamma': '0.2526347763086942'} 0.7849771332045923 0.8542551440329218
ppi_2019_dw_40 {'C_num': 1, 'gamma_ratio': 2, 'gamma': '0.48138034733416246'} 0.8184186801108781 0.8664362139917694
uniport_bio {'C_num': 9, 'gamma_ratio': 2, 'gamma': '0.5427586367192363'} 0.7794889307564802 0.8769218106995886
uniport_seq {'C_num': 1, 'gamma_ratio': 2, 'gamma': '0.22444018226022353'} 0.5349569899242598 0.6768065843621399
uniport_esm {'C_num': 9, 'gamma_ratio': 8, 'gamma': '0.02838808905526428'} 0.4683020482848041 0.6807572016460904
collect valid feature:  ['uniport_ppi_2019', 'ppi_2019_dw_40', 'uniport_bio']
evaluation
early fusion
uniport_ppi_2019-ppi_2019_dw_40-uniport_bio {'C_num': 9, 'gamma_ratio': 8, 'gamma': '0.08488421548601009'} 0.4315336176537447 0.6569547325102881
middle fusion
kernel fusion
grid search C for fused kernels
linear_fused 1 0.8473869625657097 0.8801975308641975
geo_fused 1 0.8427132327710639 0.8876707818930041
fused kernels evaluation
ICD10_G24 22
kernels existing
uniport_ppi_2019 {'C_num': 1, 'gamma_ratio': 8, 'gamma': '0.1263173881543471'} 0.8524309201657728 0.8759259259259261
ppi_2019_dw_40 {'C_num': 9, 'gamma_ratio': 8, 'gamma': '0.12034508683354062'} 0.7197136807958738 0.8907407407407407
uniport_bio {'C_num': 1, 'gamma_ratio': 2, 'gamma': '0.5427586367192363'} 0.7448027046647289 0.725925925925926
uniport_seq {'C_num': 1, 'gamma_ratio': 2, 'gamma': '0.22444018226022353'} 0.11924460157280836 0.4648148148148148
uniport_esm {'C_num': 9, 'gamma_ratio': 8, 'gamma': '0.02838808905526428'} 0.4034758943742455 0.5351851851851852
collect valid feature:  ['uniport_ppi_2019', 'ppi_2019_dw_40']
evaluation
early fusion
uniport_ppi_2019-ppi_2019_dw_40 {'C_num': 9, 'gamma_ratio': 8, 'gamma': '0.08488421548601009'} 0.27728562583480276 0.5518518518518518
middle fusion
kernel fusion
grid search C for fused kernels
linear_fused 0.001 0.7788924209852016 0.8666666666666667
geo_fused 0.001 0.7323379147980451 0.8555555555555555
fused kernels evaluation
ICD10_G30 183
kernels existing
uniport_ppi_2019 {'C_num': 1, 'gamma_ratio': 2, 'gamma': '0.5052695526173884'} 0.8509890273433983 0.9237238394817977
ppi_2019_dw_40 {'C_num': 1, 'gamma_ratio': 2, 'gamma': '0.48138034733416246'} 0.8622644664348184 0.9267945728863834
uniport_bio {'C_num': 1, 'gamma_ratio': 2, 'gamma': '0.5427586367192363'} 0.7148175704771121 0.8326379139628158
uniport_seq {'C_num': 27, 'gamma_ratio': 4, 'gamma': '0.11222009113011176'} 0.6987129736727535 0.8133475597682359
uniport_esm {'C_num': 27, 'gamma_ratio': 4, 'gamma': '0.05677617811052856'} 0.6372366336001453 0.7995966129739586
collect valid feature:  ['uniport_ppi_2019', 'ppi_2019_dw_40', 'uniport_bio', 'uniport_seq']
evaluation
early fusion
uniport_ppi_2019-ppi_2019_dw_40-uniport_bio-uniport_seq {'C_num': 81, 'gamma_ratio': 8, 'gamma': '0.08488421548601009'} 0.585501659805245 0.7810377473767295
middle fusion
kernel fusion
grid search C for fused kernels
linear_fused 9 0.8831023336503465 0.9377739898211414
geo_fused 81 0.8834690178772423 0.9319866981955546
fused kernels evaluation
ICD10_G40 120
kernels existing
uniport_ppi_2019 {'C_num': 1, 'gamma_ratio': 4, 'gamma': '0.2526347763086942'} 0.697118489439148 0.8076667853136309
ppi_2019_dw_40 {'C_num': 1, 'gamma_ratio': 2, 'gamma': '0.48138034733416246'} 0.6982690548169487 0.8031839776129116
uniport_bio {'C_num': 1, 'gamma_ratio': 2, 'gamma': '0.5427586367192363'} 0.7005916391745305 0.8128253549890605
uniport_seq {'C_num': 3, 'gamma_ratio': 4, 'gamma': '0.11222009113011176'} 0.5892428640203788 0.7560076812841497
uniport_esm {'C_num': 9, 'gamma_ratio': 4, 'gamma': '0.05677617811052856'} 0.49041791572377175 0.7243739380432638
collect valid feature:  ['uniport_ppi_2019', 'ppi_2019_dw_40', 'uniport_bio']
evaluation
early fusion
uniport_ppi_2019-ppi_2019_dw_40-uniport_bio {'C_num': 27, 'gamma_ratio': 8, 'gamma': '0.08488421548601009'} 0.4776706434179097 0.7086849965158523
middle fusion
kernel fusion
grid search C for fused kernels
linear_fused 1 0.7383672573938963 0.8489922423479349
geo_fused 3 0.7478903547780931 0.8530220222932333
fused kernels evaluation
ICD10_G43 23
kernels existing
uniport_ppi_2019 {'C_num': 3, 'gamma_ratio': 2, 'gamma': '0.5052695526173884'} 0.5992780146543161 0.792178699436764
ppi_2019_dw_40 {'C_num': 1, 'gamma_ratio': 2, 'gamma': '0.48138034733416246'} 0.6238048595083767 0.8539506528417818
uniport_bio {'C_num': 9, 'gamma_ratio': 2, 'gamma': '0.5427586367192363'} 0.5467569035758322 0.7699532770097287
uniport_seq {'C_num': 9, 'gamma_ratio': 4, 'gamma': '0.11222009113011176'} 0.5446667805202664 0.6675707245263697
uniport_esm {'C_num': 9, 'gamma_ratio': 2, 'gamma': '0.11355235622105712'} 0.45696381315393125 0.6777233742959549
collect valid feature:  ['ppi_2019_dw_40']
evaluation
early fusion
ppi_2019_dw_40 {'C_num': 1, 'gamma_ratio': 2, 'gamma': '0.48138034733416246'} 0.6238048595083767 0.8539506528417818
middle fusion
kernel fusion
grid search C for fused kernels
linear_fused 0.001 0.633441410739149 0.8247007808499743
geo_fused 0.001 0.633441410739149 0.8247007808499743
fused kernels evaluation
ICD10_G91 22
kernels existing
uniport_ppi_2019 {'C_num': 9, 'gamma_ratio': 4, 'gamma': '0.2526347763086942'} 0.34585390130848576 0.7084924879042527
ppi_2019_dw_40 {'C_num': 9, 'gamma_ratio': 4, 'gamma': '0.24069017366708123'} 0.24387610419551187 0.5529029793735676
uniport_bio {'C_num': 3, 'gamma_ratio': 2, 'gamma': '0.5427586367192363'} 0.6761645976291671 0.8275825481707834
uniport_seq {'C_num': 27, 'gamma_ratio': 8, 'gamma': '0.05611004556505588'} 0.35702454519724974 0.6249257278669044
uniport_esm {'C_num': 27, 'gamma_ratio': 8, 'gamma': '0.02838808905526428'} 0.29792648601226085 0.5653170359052712
collect valid feature:  ['uniport_bio']
evaluation
early fusion
uniport_bio {'C_num': 9, 'gamma_ratio': 2, 'gamma': '0.33953686194404037'} 0.34639377960270396 0.5684152448858332
middle fusion
kernel fusion
grid search C for fused kernels
linear_fused 0.001 0.6020626693227407 0.7734487734487735
geo_fused 0.001 0.6020626693227407 0.7734487734487735
fused kernels evaluation
ICD10_I10 35
kernels existing
uniport_ppi_2019 {'C_num': 1, 'gamma_ratio': 2, 'gamma': '0.5052695526173884'} 0.8812734134668928 0.9484551396316103
ppi_2019_dw_40 {'C_num': 3, 'gamma_ratio': 2, 'gamma': '0.48138034733416246'} 0.8563750799192867 0.9626941685765216
uniport_bio {'C_num': 1, 'gamma_ratio': 2, 'gamma': '0.5427586367192363'} 0.8147691686759625 0.8629360835243188
uniport_seq {'C_num': 3, 'gamma_ratio': 2, 'gamma': '0.22444018226022353'} 0.4039533013473744 0.791783380018674
uniport_esm {'C_num': 3, 'gamma_ratio': 8, 'gamma': '0.02838808905526428'} 0.21661292131568388 0.7004074357015533
collect valid feature:  ['uniport_ppi_2019', 'ppi_2019_dw_40', 'uniport_bio']
evaluation
early fusion
uniport_ppi_2019-ppi_2019_dw_40-uniport_bio {'C_num': 9, 'gamma_ratio': 8, 'gamma': '0.08488421548601009'} 0.1199850767092027 0.6922375010610304
middle fusion
kernel fusion
grid search C for fused kernels
linear_fused 0.001 0.8998906104308816 0.944996180290298
geo_fused 0.001 0.9101112692502937 0.96171802054155
fused kernels evaluation
ICD10_I25 138
kernels existing
uniport_ppi_2019 {'C_num': 1, 'gamma_ratio': 2, 'gamma': '0.5052695526173884'} 0.7753235402893485 0.8932599145831696
ppi_2019_dw_40 {'C_num': 1, 'gamma_ratio': 2, 'gamma': '0.48138034733416246'} 0.7847062355303165 0.9137228400479613
uniport_bio {'C_num': 1, 'gamma_ratio': 2, 'gamma': '0.5427586367192363'} 0.7689901737149798 0.8976901099894753
uniport_seq {'C_num': 27, 'gamma_ratio': 2, 'gamma': '0.22444018226022353'} 0.4575526018142497 0.6924178284293999
uniport_esm {'C_num': 1, 'gamma_ratio': 2, 'gamma': '0.11355235622105712'} 0.5083541402760755 0.7227986331663075
collect valid feature:  ['uniport_ppi_2019', 'ppi_2019_dw_40', 'uniport_bio']
evaluation
early fusion
uniport_ppi_2019-ppi_2019_dw_40-uniport_bio {'C_num': 3, 'gamma_ratio': 8, 'gamma': '0.08488421548601009'} 0.4876600594459357 0.709800172379493
middle fusion
kernel fusion
grid search C for fused kernels
linear_fused 1 0.8149677266170303 0.9408386416598437
geo_fused 3 0.8107824999582758 0.932262035938781
fused kernels evaluation
ICD10_I26 15
kernels existing
uniport_ppi_2019 {'C_num': 27, 'gamma_ratio': 4, 'gamma': '0.2526347763086942'} 0.9091586096133644 0.9496074879227052
ppi_2019_dw_40 {'C_num': 9, 'gamma_ratio': 8, 'gamma': '0.12034508683354062'} 0.9089464489676956 0.9154589371980677
uniport_bio {'C_num': 3, 'gamma_ratio': 2, 'gamma': '0.5427586367192363'} 0.7463501598893756 0.9020833333333332
uniport_seq {'C_num': 3, 'gamma_ratio': 8, 'gamma': '0.05611004556505588'} 0.5644817125295373 0.7069444444444445
uniport_esm {'C_num': 9, 'gamma_ratio': 8, 'gamma': '0.02838808905526428'} 0.5355951762455818 0.7126811594202899
collect valid feature:  ['uniport_ppi_2019', 'ppi_2019_dw_40', 'uniport_bio']
evaluation
early fusion
uniport_ppi_2019-ppi_2019_dw_40-uniport_bio {'C_num': 9, 'gamma_ratio': 8, 'gamma': '0.08488421548601009'} 0.4800270703588089 0.6385567632850243
middle fusion
kernel fusion
grid search C for fused kernels
linear_fused 0.001 0.8950803708760908 0.9461050724637682
geo_fused 0.001 0.9183423785522548 0.9194746376811594
fused kernels evaluation
ICD10_I42 154
kernels existing
uniport_ppi_2019 {'C_num': 3, 'gamma_ratio': 2, 'gamma': '0.5052695526173884'} 0.8475532912759314 0.9080657439295688
ppi_2019_dw_40 {'C_num': 1, 'gamma_ratio': 2, 'gamma': '0.48138034733416246'} 0.8586189445880755 0.9124022181257995
uniport_bio {'C_num': 1, 'gamma_ratio': 2, 'gamma': '0.5427586367192363'} 0.7782791273023841 0.8658681602163173
uniport_seq {'C_num': 1, 'gamma_ratio': 8, 'gamma': '0.05611004556505588'} 0.5966633792090207 0.7244764259738394
uniport_esm {'C_num': 3, 'gamma_ratio': 2, 'gamma': '0.11355235622105712'} 0.5031701441061899 0.7047802669299948
collect valid feature:  ['uniport_ppi_2019', 'ppi_2019_dw_40', 'uniport_bio']
evaluation
early fusion
uniport_ppi_2019-ppi_2019_dw_40-uniport_bio {'C_num': 9, 'gamma_ratio': 8, 'gamma': '0.08488421548601009'} 0.4742240951986085 0.6966485850195502
middle fusion
kernel fusion
grid search C for fused kernels
linear_fused 1 0.878711891560172 0.9304841884343554
geo_fused 27 0.8761118625452813 0.9214279610087122
fused kernels evaluation
ICD10_I50 155
kernels existing
uniport_ppi_2019 {'C_num': 1, 'gamma_ratio': 4, 'gamma': '0.2526347763086942'} 0.8349680400250085 0.9092482422931315
ppi_2019_dw_40 {'C_num': 1, 'gamma_ratio': 8, 'gamma': '0.12034508683354062'} 0.8427353207222007 0.9205696773030466
uniport_bio {'C_num': 1, 'gamma_ratio': 8, 'gamma': '0.13568965917980907'} 0.714059849573588 0.8266089778258517
uniport_seq {'C_num': 27, 'gamma_ratio': 2, 'gamma': '0.22444018226022353'} 0.48050974431637056 0.7533802055164954
uniport_esm {'C_num': 9, 'gamma_ratio': 4, 'gamma': '0.05677617811052856'} 0.5002195823582598 0.764990084730485
collect valid feature:  ['uniport_ppi_2019', 'ppi_2019_dw_40', 'uniport_bio']
evaluation
early fusion
uniport_ppi_2019-ppi_2019_dw_40-uniport_bio {'C_num': 9, 'gamma_ratio': 8, 'gamma': '0.08488421548601009'} 0.4731057772901297 0.7341265548945376
middle fusion
kernel fusion
grid search C for fused kernels
linear_fused 1 0.8377358766321765 0.920100955471426
geo_fused 27 0.8367229089864742 0.9202091220479538
fused kernels evaluation
ICD10_I63 37
kernels existing
uniport_ppi_2019 {'C_num': 1, 'gamma_ratio': 2, 'gamma': '0.5052695526173884'} 0.8767553446729361 0.9274886503846176
ppi_2019_dw_40 {'C_num': 1, 'gamma_ratio': 2, 'gamma': '0.48138034733416246'} 0.8830057668723746 0.9349087012734003
uniport_bio {'C_num': 1, 'gamma_ratio': 2, 'gamma': '0.5427586367192363'} 0.8363494947227025 0.9147029913394613
uniport_seq {'C_num': 1, 'gamma_ratio': 8, 'gamma': '0.05611004556505588'} 0.8155821595520457 0.8612166374439898
uniport_esm {'C_num': 3, 'gamma_ratio': 8, 'gamma': '0.02838808905526428'} 0.7539373428578736 0.8682684530872725
collect valid feature:  ['uniport_ppi_2019', 'ppi_2019_dw_40', 'uniport_bio', 'uniport_seq', 'uniport_esm']
evaluation
early fusion
uniport_ppi_2019-ppi_2019_dw_40-uniport_bio-uniport_seq-uniport_esm {'C_num': 3, 'gamma_ratio': 4, 'gamma': '0.16976843097202018'} 0.7259352274130367 0.8790129524349278
middle fusion
kernel fusion
grid search C for fused kernels
linear_fused 0.001 0.9160214881843713 0.9494979012804846
geo_fused 0.001 0.8884486474167979 0.9255102161297368
fused kernels evaluation
ICD10_I70 65
kernels existing
uniport_ppi_2019 {'C_num': 1, 'gamma_ratio': 4, 'gamma': '0.2526347763086942'} 0.8655674486370085 0.9367568785044513
ppi_2019_dw_40 {'C_num': 1, 'gamma_ratio': 8, 'gamma': '0.12034508683354062'} 0.870391637885524 0.938556966226869
uniport_bio {'C_num': 1, 'gamma_ratio': 8, 'gamma': '0.13568965917980907'} 0.6907707394598989 0.8590899391870267
uniport_seq {'C_num': 27, 'gamma_ratio': 8, 'gamma': '0.05611004556505588'} 0.6285260725910454 0.7578757542349776
uniport_esm {'C_num': 3, 'gamma_ratio': 2, 'gamma': '0.11355235622105712'} 0.5389025417172367 0.7440199094325308
collect valid feature:  ['uniport_ppi_2019', 'ppi_2019_dw_40', 'uniport_bio']
evaluation
early fusion
uniport_ppi_2019-ppi_2019_dw_40-uniport_bio {'C_num': 9, 'gamma_ratio': 2, 'gamma': '0.33953686194404037'} 0.5034544980214488 0.7669561358274951
middle fusion
kernel fusion
grid search C for fused kernels
linear_fused 3 0.8696615607023509 0.9374970364048033
geo_fused 3 0.8465631830951689 0.9341439507094847
fused kernels evaluation
ICD10_J45 187
kernels existing
uniport_ppi_2019 {'C_num': 1, 'gamma_ratio': 2, 'gamma': '0.5052695526173884'} 0.876498030599171 0.9519597641345822
ppi_2019_dw_40 {'C_num': 1, 'gamma_ratio': 2, 'gamma': '0.48138034733416246'} 0.8798033993435599 0.9470516822754075
uniport_bio {'C_num': 1, 'gamma_ratio': 2, 'gamma': '0.5427586367192363'} 0.7761748192760686 0.921548733957683
uniport_seq {'C_num': 1, 'gamma_ratio': 2, 'gamma': '0.22444018226022353'} 0.7129077784592853 0.8053936871314602
uniport_esm {'C_num': 1, 'gamma_ratio': 8, 'gamma': '0.02838808905526428'} 0.684844002832083 0.8022199098161638
collect valid feature:  ['uniport_ppi_2019', 'ppi_2019_dw_40', 'uniport_bio', 'uniport_seq', 'uniport_esm']
evaluation
early fusion
uniport_ppi_2019-ppi_2019_dw_40-uniport_bio-uniport_seq-uniport_esm {'C_num': 3, 'gamma_ratio': 8, 'gamma': '0.08488421548601009'} 0.6979524911925905 0.7966354491848767
middle fusion
kernel fusion
grid search C for fused kernels
linear_fused 1 0.9104075255113439 0.9625216788067985
geo_fused 81 0.8752526627316066 0.9531217481789801
fused kernels evaluation
ICD10_J62 16
kernels existing
uniport_ppi_2019 {'C_num': 3, 'gamma_ratio': 2, 'gamma': '0.5052695526173884'} 0.8894173712485288 0.837012987012987
ppi_2019_dw_40 {'C_num': 1, 'gamma_ratio': 2, 'gamma': '0.48138034733416246'} 0.9117380275684219 0.830050505050505
uniport_bio {'C_num': 1, 'gamma_ratio': 4, 'gamma': '0.27137931835961815'} 0.8543563527701498 0.8143939393939394
uniport_seq {'C_num': 3, 'gamma_ratio': 8, 'gamma': '0.05611004556505588'} 0.08051257955353974 0.6844516594516595
uniport_esm {'C_num': 9, 'gamma_ratio': 8, 'gamma': '0.02838808905526428'} 0.48871704836511065 0.7527417027417028
collect valid feature:  ['uniport_ppi_2019', 'ppi_2019_dw_40', 'uniport_bio']
evaluation
early fusion
uniport_ppi_2019-ppi_2019_dw_40-uniport_bio {'C_num': 9, 'gamma_ratio': 8, 'gamma': '0.08488421548601009'} 0.6129226318225826 0.7475108225108226
middle fusion
kernel fusion
grid search C for fused kernels
linear_fused 0.001 0.9250989255576726 0.8484848484848485
geo_fused 0.001 0.8710597995589754 0.8780663780663781
fused kernels evaluation
ICD10_J80 52
kernels existing
uniport_ppi_2019 {'C_num': 1, 'gamma_ratio': 2, 'gamma': '0.5052695526173884'} 0.7643645820329081 0.8754325259515571
ppi_2019_dw_40 {'C_num': 1, 'gamma_ratio': 2, 'gamma': '0.48138034733416246'} 0.7679751642304061 0.8692041522491349
uniport_bio {'C_num': 1, 'gamma_ratio': 2, 'gamma': '0.5427586367192363'} 0.5418409565780763 0.8106113033448673
uniport_seq {'C_num': 3, 'gamma_ratio': 8, 'gamma': '0.05611004556505588'} 0.633705794365757 0.7577854671280276
uniport_esm {'C_num': 1, 'gamma_ratio': 2, 'gamma': '0.11355235622105712'} 0.7031067810079955 0.7605536332179931
collect valid feature:  ['uniport_ppi_2019', 'ppi_2019_dw_40', 'uniport_bio']
evaluation
early fusion
uniport_ppi_2019-ppi_2019_dw_40-uniport_bio {'C_num': 1, 'gamma_ratio': 4, 'gamma': '0.16976843097202018'} 0.7249448002618727 0.7863898500576701
middle fusion
kernel fusion
grid search C for fused kernels
linear_fused 3 0.7703280555363232 0.8597462514417531
geo_fused 9 0.7618605592323511 0.8934256055363322
fused kernels evaluation
ICD10_K44 60
kernels existing
uniport_ppi_2019 {'C_num': 1, 'gamma_ratio': 2, 'gamma': '0.5052695526173884'} 0.8403311430473241 0.9375870470043789
ppi_2019_dw_40 {'C_num': 1, 'gamma_ratio': 2, 'gamma': '0.48138034733416246'} 0.8405696037993424 0.9264868397639413
uniport_bio {'C_num': 9, 'gamma_ratio': 2, 'gamma': '0.5427586367192363'} 0.6994085911019735 0.9031890142499542
uniport_seq {'C_num': 27, 'gamma_ratio': 4, 'gamma': '0.11222009113011176'} 0.6209950733613333 0.7850619647570846
uniport_esm {'C_num': 3, 'gamma_ratio': 4, 'gamma': '0.05677617811052856'} 0.6202262838903305 0.7415990024630705
collect valid feature:  ['uniport_ppi_2019', 'ppi_2019_dw_40', 'uniport_bio']
evaluation
early fusion
uniport_ppi_2019-ppi_2019_dw_40-uniport_bio {'C_num': 9, 'gamma_ratio': 8, 'gamma': '0.08488421548601009'} 0.5682027062496563 0.7134038004337465
middle fusion
kernel fusion
grid search C for fused kernels
linear_fused 9 0.857258154457634 0.9446421189097199
geo_fused 27 0.8604442688730343 0.9556670693740376
fused kernels evaluation
ICD10_K51 74
kernels existing
uniport_ppi_2019 {'C_num': 1, 'gamma_ratio': 2, 'gamma': '0.5052695526173884'} 0.8304156046003722 0.8940771349862259
ppi_2019_dw_40 {'C_num': 1, 'gamma_ratio': 8, 'gamma': '0.12034508683354062'} 0.8319701293187998 0.9146005509641874
uniport_bio {'C_num': 1, 'gamma_ratio': 2, 'gamma': '0.5427586367192363'} 0.7263994555823574 0.8509641873278236
uniport_seq {'C_num': 3, 'gamma_ratio': 2, 'gamma': '0.22444018226022353'} 0.5485766647543593 0.7214876033057852
uniport_esm {'C_num': 81, 'gamma_ratio': 8, 'gamma': '0.02838808905526428'} 0.5724004782441767 0.7136363636363635
collect valid feature:  ['uniport_ppi_2019', 'ppi_2019_dw_40', 'uniport_bio']
evaluation
early fusion
uniport_ppi_2019-ppi_2019_dw_40-uniport_bio {'C_num': 81, 'gamma_ratio': 8, 'gamma': '0.08488421548601009'} 0.5343576631249859 0.708953168044077
middle fusion
kernel fusion
grid search C for fused kernels
linear_fused 1 0.8240098261781738 0.9199724517906337
geo_fused 9 0.8181628105031212 0.9192837465564739
fused kernels evaluation
ICD10_L20 58
kernels existing
uniport_ppi_2019 {'C_num': 1, 'gamma_ratio': 2, 'gamma': '0.5052695526173884'} 0.8640024776137191 0.9181902123730379
ppi_2019_dw_40 {'C_num': 1, 'gamma_ratio': 4, 'gamma': '0.24069017366708123'} 0.8784270213738782 0.9211449676823639
uniport_bio {'C_num': 1, 'gamma_ratio': 8, 'gamma': '0.13568965917980907'} 0.7822840288313083 0.9228070175438597
uniport_seq {'C_num': 1, 'gamma_ratio': 2, 'gamma': '0.22444018226022353'} 0.7049992023045236 0.7750692520775623
uniport_esm {'C_num': 1, 'gamma_ratio': 4, 'gamma': '0.05677617811052856'} 0.7034148689540856 0.8112650046168053
collect valid feature:  ['uniport_ppi_2019', 'ppi_2019_dw_40', 'uniport_bio', 'uniport_esm']
evaluation
early fusion
uniport_ppi_2019-ppi_2019_dw_40-uniport_bio-uniport_esm {'C_num': 1, 'gamma_ratio': 8, 'gamma': '0.08488421548601009'} 0.6977479572568471 0.7900277008310249
middle fusion
kernel fusion
grid search C for fused kernels
linear_fused 9 0.8907690280138992 0.9383194829178209
geo_fused 27 0.8726176884256959 0.9405355493998154
fused kernels evaluation
ICD10_L40 73
kernels existing
uniport_ppi_2019 {'C_num': 1, 'gamma_ratio': 2, 'gamma': '0.5052695526173884'} 0.8450641144076986 0.9130788276990973
ppi_2019_dw_40 {'C_num': 1, 'gamma_ratio': 2, 'gamma': '0.48138034733416246'} 0.8436665263555133 0.9168110747123709
uniport_bio {'C_num': 1, 'gamma_ratio': 2, 'gamma': '0.5427586367192363'} 0.766605493555279 0.881698976569257
uniport_seq {'C_num': 3, 'gamma_ratio': 4, 'gamma': '0.11222009113011176'} 0.5805059521584134 0.7783551089313151
uniport_esm {'C_num': 1, 'gamma_ratio': 8, 'gamma': '0.02838808905526428'} 0.5727067282897149 0.7742086886338914
collect valid feature:  ['uniport_ppi_2019', 'ppi_2019_dw_40', 'uniport_bio']
evaluation
early fusion
uniport_ppi_2019-ppi_2019_dw_40-uniport_bio {'C_num': 3, 'gamma_ratio': 4, 'gamma': '0.16976843097202018'} 0.5829468796123124 0.7548638590783895
middle fusion
kernel fusion
grid search C for fused kernels
linear_fused 9 0.8773048907763842 0.9376360222300661
geo_fused 3 0.8595748020987855 0.9304832225201553
fused kernels evaluation
ICD10_M32 97
kernels existing
uniport_ppi_2019 {'C_num': 1, 'gamma_ratio': 2, 'gamma': '0.5052695526173884'} 0.8478627720287166 0.9089424251324548
ppi_2019_dw_40 {'C_num': 1, 'gamma_ratio': 4, 'gamma': '0.24069017366708123'} 0.8523755823610136 0.9123531284738138
uniport_bio {'C_num': 1, 'gamma_ratio': 2, 'gamma': '0.5427586367192363'} 0.7410698705579817 0.8595248459448687
uniport_seq {'C_num': 1, 'gamma_ratio': 2, 'gamma': '0.22444018226022353'} 0.5489770574799119 0.76619923567318
uniport_esm {'C_num': 1, 'gamma_ratio': 4, 'gamma': '0.05677617811052856'} 0.5715032389611777 0.7515987500417077
collect valid feature:  ['uniport_ppi_2019', 'ppi_2019_dw_40', 'uniport_bio']
evaluation
early fusion
uniport_ppi_2019-ppi_2019_dw_40-uniport_bio {'C_num': 1, 'gamma_ratio': 8, 'gamma': '0.08488421548601009'} 0.5793897162317883 0.7475718700773918
middle fusion
kernel fusion
grid search C for fused kernels
linear_fused 3 0.8811317676428629 0.9209978894798215
geo_fused 27 0.8474391540827835 0.9166868757013482
fused kernels evaluation
ICD10_M34 38
kernels existing
uniport_ppi_2019 {'C_num': 1, 'gamma_ratio': 4, 'gamma': '0.2526347763086942'} 0.7912122486094537 0.9290577951339453
ppi_2019_dw_40 {'C_num': 1, 'gamma_ratio': 2, 'gamma': '0.48138034733416246'} 0.7879874420967047 0.9342352664668899
uniport_bio {'C_num': 3, 'gamma_ratio': 2, 'gamma': '0.5427586367192363'} 0.5803706424439331 0.8026504314182791
uniport_seq {'C_num': 9, 'gamma_ratio': 8, 'gamma': '0.05611004556505588'} 0.4966396584004696 0.6996236107156255
uniport_esm {'C_num': 9, 'gamma_ratio': 8, 'gamma': '0.02838808905526428'} 0.5778375885021237 0.6918359344985469
collect valid feature:  ['uniport_ppi_2019', 'ppi_2019_dw_40', 'uniport_bio']
evaluation
early fusion
uniport_ppi_2019-ppi_2019_dw_40-uniport_bio {'C_num': 9, 'gamma_ratio': 8, 'gamma': '0.08488421548601009'} 0.5240695777555062 0.6849669148056244
middle fusion
kernel fusion
grid search C for fused kernels
linear_fused 0.001 0.7930099784198643 0.9312098017148255
geo_fused 0.001 0.7548279816551279 0.9410664325391983
fused kernels evaluation
ICD10_M41 27
kernels existing
uniport_ppi_2019 {'C_num': 9, 'gamma_ratio': 2, 'gamma': '0.5052695526173884'} 0.6550852047748348 0.7643728222996516
ppi_2019_dw_40 {'C_num': 9, 'gamma_ratio': 2, 'gamma': '0.48138034733416246'} 0.6849787076820291 0.786851529229578
uniport_bio {'C_num': 9, 'gamma_ratio': 2, 'gamma': '0.5427586367192363'} 0.5235745979689898 0.7102771325332301
uniport_seq {'C_num': 1, 'gamma_ratio': 8, 'gamma': '0.05611004556505588'} 0.5900833637573043 0.6682717124790295
uniport_esm {'C_num': 81, 'gamma_ratio': 8, 'gamma': '0.02838808905526428'} 0.4330606771191088 0.6682717124790295
collect valid feature:  []
evaluation
no valid features, no early fusion
no valid features, no mid fusion
ICD10_N04 73
kernels existing
uniport_ppi_2019 {'C_num': 1, 'gamma_ratio': 2, 'gamma': '0.5052695526173884'} 0.7592800749360621 0.8436998114190768
ppi_2019_dw_40 {'C_num': 3, 'gamma_ratio': 8, 'gamma': '0.12034508683354062'} 0.6858481674665606 0.7825558374658824
uniport_bio {'C_num': 1, 'gamma_ratio': 8, 'gamma': '0.13568965917980907'} 0.716154011772206 0.8037479657607095
uniport_seq {'C_num': 1, 'gamma_ratio': 2, 'gamma': '0.22444018226022353'} 0.44979717878850156 0.6233751446926109
uniport_esm {'C_num': 3, 'gamma_ratio': 2, 'gamma': '0.11355235622105712'} 0.3978270816976836 0.6670010347390408
collect valid feature:  ['uniport_ppi_2019', 'uniport_bio']
evaluation
early fusion
uniport_ppi_2019-uniport_bio {'C_num': 9, 'gamma_ratio': 2, 'gamma': '0.33953686194404037'} 0.4131118390312831 0.6801144032684512
middle fusion
kernel fusion
grid search C for fused kernels
linear_fused 1 0.7542567538881898 0.8564206144790852
geo_fused 1 0.7119798989447572 0.8504588517706959
fused kernels evaluation
ICD10_N17 88
kernels existing
uniport_ppi_2019 {'C_num': 1, 'gamma_ratio': 4, 'gamma': '0.2526347763086942'} 0.899136631903621 0.9549461190192083
ppi_2019_dw_40 {'C_num': 1, 'gamma_ratio': 8, 'gamma': '0.12034508683354062'} 0.9008828270561597 0.9484761397231422
uniport_bio {'C_num': 1, 'gamma_ratio': 2, 'gamma': '0.5427586367192363'} 0.7628853459029882 0.900491752905474
uniport_seq {'C_num': 81, 'gamma_ratio': 8, 'gamma': '0.05611004556505588'} 0.6231045079240395 0.808400484581279
uniport_esm {'C_num': 3, 'gamma_ratio': 8, 'gamma': '0.02838808905526428'} 0.590509949864004 0.7969673950280769
collect valid feature:  ['uniport_ppi_2019', 'ppi_2019_dw_40', 'uniport_bio', 'uniport_seq']
evaluation
early fusion
uniport_ppi_2019-ppi_2019_dw_40-uniport_bio-uniport_seq {'C_num': 3, 'gamma_ratio': 8, 'gamma': '0.08488421548601009'} 0.5510018191472111 0.7827615064608078
middle fusion
kernel fusion
grid search C for fused kernels
linear_fused 1 0.8895351409775701 0.949924325549912
geo_fused 9 0.8842947694030273 0.9544076264178444
fused kernels evaluation
ICD10_N18 91
kernels existing
uniport_ppi_2019 {'C_num': 1, 'gamma_ratio': 2, 'gamma': '0.5052695526173884'} 0.9400609910498168 0.968555167062457
ppi_2019_dw_40 {'C_num': 1, 'gamma_ratio': 2, 'gamma': '0.48138034733416246'} 0.9379893909357313 0.9693719407905937
uniport_bio {'C_num': 1, 'gamma_ratio': 2, 'gamma': '0.5427586367192363'} 0.8358568363214677 0.9338895942922788
uniport_seq {'C_num': 3, 'gamma_ratio': 8, 'gamma': '0.05611004556505588'} 0.6334588865328925 0.8219037656031407
uniport_esm {'C_num': 3, 'gamma_ratio': 8, 'gamma': '0.02838808905526428'} 0.6781271770725271 0.7880638796630466
collect valid feature:  ['uniport_ppi_2019', 'ppi_2019_dw_40', 'uniport_bio', 'uniport_seq']
evaluation
early fusion
uniport_ppi_2019-ppi_2019_dw_40-uniport_bio-uniport_seq {'C_num': 9, 'gamma_ratio': 8, 'gamma': '0.08488421548601009'} 0.5953932588109131 0.7661363979114499
middle fusion
kernel fusion
grid search C for fused kernels
linear_fused 9 0.9429556123673791 0.9689773145049702
geo_fused 3 0.9385534657117454 0.963996905954786
fused kernels evaluation
ICD10_N46 86
kernels existing
uniport_ppi_2019 {'C_num': 1, 'gamma_ratio': 2, 'gamma': '0.5052695526173884'} 0.7162241083814836 0.8380585228549605
ppi_2019_dw_40 {'C_num': 1, 'gamma_ratio': 4, 'gamma': '0.24069017366708123'} 0.7076080440264508 0.8420714616643369
uniport_bio {'C_num': 3, 'gamma_ratio': 2, 'gamma': '0.5427586367192363'} 0.8471501527253903 0.8889741101891229
uniport_seq {'C_num': 1, 'gamma_ratio': 2, 'gamma': '0.22444018226022353'} 0.5009377805476882 0.6394037589966343
uniport_esm {'C_num': 9, 'gamma_ratio': 2, 'gamma': '0.11355235622105712'} 0.4673028439293047 0.6721563353242742
collect valid feature:  ['uniport_ppi_2019', 'ppi_2019_dw_40', 'uniport_bio']
evaluation
early fusion
uniport_ppi_2019-ppi_2019_dw_40-uniport_bio {'C_num': 27, 'gamma_ratio': 4, 'gamma': '0.16976843097202018'} 0.4272354364195789 0.6626360987048009
middle fusion
kernel fusion
grid search C for fused kernels
linear_fused 3 0.8718822615367894 0.9036193638610941
geo_fused 9 0.8058426370723422 0.8798312939534313
fused kernels evaluation
ICD10_N80 151
kernels existing
uniport_ppi_2019 {'C_num': 1, 'gamma_ratio': 2, 'gamma': '0.5052695526173884'} 0.6971738048801663 0.8284266666666666
ppi_2019_dw_40 {'C_num': 1, 'gamma_ratio': 2, 'gamma': '0.48138034733416246'} 0.6876085516089586 0.8121866666666665
uniport_bio {'C_num': 3, 'gamma_ratio': 2, 'gamma': '0.5427586367192363'} 0.5681276436486121 0.7735733333333332
uniport_seq {'C_num': 1, 'gamma_ratio': 2, 'gamma': '0.22444018226022353'} 0.6378401263316643 0.7625066666666668
uniport_esm {'C_num': 1, 'gamma_ratio': 2, 'gamma': '0.11355235622105712'} 0.612873761986415 0.7770133333333332
collect valid feature:  ['uniport_ppi_2019', 'ppi_2019_dw_40']
evaluation
early fusion
uniport_ppi_2019-ppi_2019_dw_40 {'C_num': 3, 'gamma_ratio': 8, 'gamma': '0.08488421548601009'} 0.5749059714268177 0.7567466666666668
middle fusion
kernel fusion
grid search C for fused kernels
linear_fused 1 0.6961625707461758 0.8221066666666665
geo_fused 1 0.6948381595113219 0.82936
fused kernels evaluation
ICD10_N97 29
kernels existing
uniport_ppi_2019 {'C_num': 1, 'gamma_ratio': 2, 'gamma': '0.5052695526173884'} 0.8964633593221487 0.9415637860082304
ppi_2019_dw_40 {'C_num': 3, 'gamma_ratio': 4, 'gamma': '0.24069017366708123'} 0.8977063635591551 0.9193415637860082
uniport_bio {'C_num': 9, 'gamma_ratio': 2, 'gamma': '0.5427586367192363'} 0.6262041229036944 0.854320987654321
uniport_seq {'C_num': 1, 'gamma_ratio': 4, 'gamma': '0.11222009113011176'} 0.6701033040131533 0.77119341563786
uniport_esm {'C_num': 1, 'gamma_ratio': 8, 'gamma': '0.02838808905526428'} 0.6232718801319094 0.8337448559670783
collect valid feature:  ['uniport_ppi_2019', 'ppi_2019_dw_40', 'uniport_bio', 'uniport_esm']
evaluation
early fusion
uniport_ppi_2019-ppi_2019_dw_40-uniport_bio-uniport_esm {'C_num': 1, 'gamma_ratio': 2, 'gamma': '0.33953686194404037'} 0.719248946507677 0.7983539094650206
middle fusion
kernel fusion
grid search C for fused kernels
linear_fused 0.001 0.885161668911984 0.9176954732510287
geo_fused 0.001 0.7535922146621991 0.8880658436213991
fused kernels evaluation
ICD10_C23 18
kernels existing
uniport_ppi_2019 {'C_num': 9, 'gamma_ratio': 2, 'gamma': '0.5052695526173884'} 0.8241012205941157 0.9012999452654625
ppi_2019_dw_40 {'C_num': 3, 'gamma_ratio': 2, 'gamma': '0.48138034733416246'} 0.8500227358317964 0.9303366174055828
uniport_bio {'C_num': 3, 'gamma_ratio': 2, 'gamma': '0.5427586367192363'} 0.6979468476218519 0.8174329501915709
uniport_seq {'C_num': 27, 'gamma_ratio': 8, 'gamma': '0.05611004556505588'} 0.1641160633429989 0.602928297755884
uniport_esm {'C_num': 9, 'gamma_ratio': 8, 'gamma': '0.02838808905526428'} 0.09750728246272054 0.5018062397372742
collect valid feature:  ['uniport_ppi_2019', 'ppi_2019_dw_40', 'uniport_bio']
evaluation
early fusion
uniport_ppi_2019-ppi_2019_dw_40-uniport_bio {'C_num': 1, 'gamma_ratio': 8, 'gamma': '0.08488421548601009'} 0.30997361650308414 0.4794745484400657
middle fusion
kernel fusion
grid search C for fused kernels
linear_fused 0.001 0.727266559679907 0.8539956212370005
geo_fused 0.001 0.6907502013928029 0.8589080459770115
fused kernels evaluation
ICD10_C53 15
kernels existing
uniport_ppi_2019 {'C_num': 1, 'gamma_ratio': 2, 'gamma': '0.5052695526173884'} 0.9766318800016243 0.9416666666666668
ppi_2019_dw_40 {'C_num': 1, 'gamma_ratio': 2, 'gamma': '0.48138034733416246'} 0.9547087328236171 0.9708333333333333
uniport_bio {'C_num': 3, 'gamma_ratio': 2, 'gamma': '0.5427586367192363'} 0.5826731921373083 0.8458333333333333
uniport_seq {'C_num': 3, 'gamma_ratio': 8, 'gamma': '0.05611004556505588'} 0.7118146598924134 0.6958333333333333
uniport_esm {'C_num': 9, 'gamma_ratio': 8, 'gamma': '0.02838808905526428'} 0.5765441469986562 0.6916666666666668
collect valid feature:  ['uniport_ppi_2019', 'ppi_2019_dw_40', 'uniport_bio']
evaluation
early fusion
uniport_ppi_2019-ppi_2019_dw_40-uniport_bio {'C_num': 9, 'gamma_ratio': 8, 'gamma': '0.08488421548601009'} 0.50834296960363 0.5875
middle fusion
kernel fusion
grid search C for fused kernels
linear_fused 0.001 0.9767390610913553 0.9666666666666667
geo_fused 0.001 0.9114163264067024 0.9708333333333333
fused kernels evaluation
