['uniport_ppi_2019', 'ppi_2019_dw_40', 'uniport_bio', 'uniport_seq'] 48 15690
ICD10_C16 90
kernels existing
uniport_ppi_2019 {'C_num': 1, 'gamma_ratio': 2, 'gamma': '0.11730356420617227'} 0.4825574157032362 0.6589039146378596
ppi_2019_dw_40 {'C_num': 27, 'gamma_ratio': 8, 'gamma': '0.026603926721615736'} 0.1873917923332911 0.5380012444232627
uniport_bio {'C_num': 9, 'gamma_ratio': 2, 'gamma': '0.05853505840227169'} 0.3008811876492646 0.6697427897733709
uniport_seq {'C_num': 9, 'gamma_ratio': 8, 'gamma': '0.4331095222113521'} 0.2918655398804692 0.6076637571285889
collect valid feature:  []
evaluation
multiprocessing.pool.RemoteTraceback: 
"""
Traceback (most recent call last):
  File "/usr/lib64/python3.11/multiprocessing/pool.py", line 125, in worker
    result = (True, func(*args, **kwds))
                    ^^^^^^^^^^^^^^^^^^^
  File "/usr/lib64/python3.11/multiprocessing/pool.py", line 48, in mapstar
    return list(map(*args))
           ^^^^^^^^^^^^^^^^
  File "/itf-fi-ml/shared/users/ziyuzh/svm/src/model_reindex_fusion_weights_uniport_cv_filter.py", line 376, in neg_bagging
    X_feature_test = X_all[np.ix_(test_index_loc,train_index_loc)]
                     ~~~~~^^^^^^^^^^^^^^^^^^^^^^^^^^^^^^^^^^^^^^^^
IndexError: index 15686 is out of bounds for axis 0 with size 15686
"""

The above exception was the direct cause of the following exception:

Traceback (most recent call last):
  File "/itf-fi-ml/shared/users/ziyuzh/svm/src/main_reindex_time_fusion_weights_uniport_cv_filter.py", line 97, in <module>
    result_df, predcition_collection = evaluate_disease(disease, time, feature_list, df, y, methods,time_spilt)
                                       ^^^^^^^^^^^^^^^^^^^^^^^^^^^^^^^^^^^^^^^^^^^^^^^^^^^^^^^^^^^^^^^^^^^^^^^^
  File "/itf-fi-ml/shared/users/ziyuzh/svm/src/model_reindex_fusion_weights_uniport_cv_filter.py", line 679, in evaluate_disease
    predcition_collection = one_fold_evaluate(disease, time, feature_list, df,y,train_idx,test_idx,methods,result_df,1)
                            ^^^^^^^^^^^^^^^^^^^^^^^^^^^^^^^^^^^^^^^^^^^^^^^^^^^^^^^^^^^^^^^^^^^^^^^^^^^^^^^^^^^^^^^^^^^
  File "/itf-fi-ml/shared/users/ziyuzh/svm/src/model_reindex_fusion_weights_uniport_cv_filter.py", line 472, in one_fold_evaluate
    bagging_y_scores = pool.map(neg_bagging, args_list)
                       ^^^^^^^^^^^^^^^^^^^^^^^^^^^^^^^^
  File "/usr/lib64/python3.11/multiprocessing/pool.py", line 367, in map
    return self._map_async(func, iterable, mapstar, chunksize).get()
           ^^^^^^^^^^^^^^^^^^^^^^^^^^^^^^^^^^^^^^^^^^^^^^^^^^^^^^^^^
  File "/usr/lib64/python3.11/multiprocessing/pool.py", line 774, in get
    raise self._value
IndexError: index 15686 is out of bounds for axis 0 with size 15686
