['uniport_ppi_2019', 'ppi_2019_dw_40', 'uniport_bio', 'uniport_seq', 'uniport_esm', 'diffusion_2019_2'] 54 15686
ICD10_C16 90
train test split
early fusion
early fusion validation auc: 0.7808302808302809
mid fusion
early fusion validation auc: 0.8376068376068376
later fusion
ICD10_C18 50
train test split
early fusion
early fusion validation auc: 0.8921875
mid fusion
early fusion validation auc: 0.8531249999999999
later fusion
ICD10_C43 47
train test split
early fusion
early fusion validation auc: 0.7419753086419753
mid fusion
early fusion validation auc: 0.8950617283950617
later fusion
ICD10_C45 38
train test split
early fusion
early fusion validation auc: 0.5864661654135338
mid fusion
early fusion validation auc: 0.8120300751879699
later fusion
ICD10_C50 544
train test split
early fusion
early fusion validation auc: 0.6900075192008164
mid fusion
early fusion validation auc: 0.7642059186852141
later fusion
ICD10_C67 191
train test split
early fusion
early fusion validation auc: 0.7199003067484663
mid fusion
early fusion validation auc: 0.8340682515337423
later fusion
ICD10_C81 23
train test split
early fusion
early fusion validation auc: 0.8486842105263158
mid fusion
early fusion validation auc: 0.7763157894736842
later fusion
ICD10_D46 15
train test split
early fusion
early fusion validation auc: 0.6666666666666666
mid fusion
early fusion validation auc: 0.9047619047619048
later fusion
ICD10_D57 22
train test split
early fusion
early fusion validation auc: 0.6875
mid fusion
early fusion validation auc: 0.8625
later fusion
ICD10_D66 15
train test split
early fusion
early fusion validation auc: 0.6428571428571428
mid fusion
early fusion validation auc: 0.9642857142857143
later fusion
multiprocessing.pool.RemoteTraceback: 
"""
Traceback (most recent call last):
  File "/usr/lib64/python3.11/multiprocessing/pool.py", line 125, in worker
    result = (True, func(*args, **kwds))
                    ^^^^^^^^^^^^^^^^^^^
  File "/usr/lib64/python3.11/multiprocessing/pool.py", line 48, in mapstar
    return list(map(*args))
           ^^^^^^^^^^^^^^^^
  File "/itf-fi-ml/shared/users/ziyuzh/svm/src/model_nn_uni_inductive.py", line 764, in neg_bagging_later
    lf_mlp = later_fusion_train(np.array(train_preds).T,y_train)
             ^^^^^^^^^^^^^^^^^^^^^^^^^^^^^^^^^^^^^^^^^^^^^^^^^^^
  File "/itf-fi-ml/shared/users/ziyuzh/svm/src/model_nn_uni_inductive.py", line 628, in later_fusion_train
    best_model.load_state_dict(best_model_state)
  File "/itf-fi-ml/shared/users/ziyuzh/new_esm_env/lib64/python3.11/site-packages/torch/nn/modules/module.py", line 2513, in load_state_dict
    raise TypeError(
TypeError: Expected state_dict to be dict-like, got <class 'NoneType'>.
"""

The above exception was the direct cause of the following exception:

Traceback (most recent call last):
  File "/itf-fi-ml/shared/users/ziyuzh/svm/src/main_nn_6_features.py", line 260, in <module>
    main()
  File "/itf-fi-ml/shared/users/ziyuzh/svm/src/main_nn_6_features.py", line 241, in main
    result_df, predcition_collection = evaluate_disease(disease, time, feature_list, df, y, methods,time_spilt)
                                       ^^^^^^^^^^^^^^^^^^^^^^^^^^^^^^^^^^^^^^^^^^^^^^^^^^^^^^^^^^^^^^^^^^^^^^^^
  File "/itf-fi-ml/shared/users/ziyuzh/svm/src/main_nn_6_features.py", line 169, in evaluate_disease
    predcition_collection = one_fold_evaluate(disease, time, feature_list, df,y,train_idx,test_idx,methods,result_df,1)
                            ^^^^^^^^^^^^^^^^^^^^^^^^^^^^^^^^^^^^^^^^^^^^^^^^^^^^^^^^^^^^^^^^^^^^^^^^^^^^^^^^^^^^^^^^^^^
  File "/itf-fi-ml/shared/users/ziyuzh/svm/src/main_nn_6_features.py", line 100, in one_fold_evaluate
    bagging_y_scores = pool.map(neg_bagging_later, args_list)
                       ^^^^^^^^^^^^^^^^^^^^^^^^^^^^^^^^^^^^^^
  File "/usr/lib64/python3.11/multiprocessing/pool.py", line 367, in map
    return self._map_async(func, iterable, mapstar, chunksize).get()
           ^^^^^^^^^^^^^^^^^^^^^^^^^^^^^^^^^^^^^^^^^^^^^^^^^^^^^^^^^
  File "/usr/lib64/python3.11/multiprocessing/pool.py", line 774, in get
    raise self._value
TypeError: Expected state_dict to be dict-like, got <class 'NoneType'>.
