['uniport_ppi_2019', 'ppi_2019_dw_40', 'uniport_bio', 'uniport_seq', 'uniport_esm'] 48 15686
ICD10_C16 90
calculating kernels...
uniport_ppi_2019 {'C_num': 9, 'gamma_ratio': 2, 'gamma': '0.11730356420617227'} 0.722625683360488 0.8655743395804558
ppi_2019_dw_40 {'C_num': 1, 'gamma_ratio': 2, 'gamma': '0.10641570688646294'} 0.724360780806876 0.8727205799071243
uniport_bio {'C_num': 1, 'gamma_ratio': 8, 'gamma': '0.014633764600567922'} 0.550037534924541 0.8111071027737694
uniport_seq {'C_num': 27, 'gamma_ratio': 8, 'gamma': '0.4331095222113521'} 0.5239734151780461 0.7842900388771948
uniport_esm {'C_num': 9, 'gamma_ratio': 8, 'gamma': '0.08488421548601009'} 0.41857971302472424 0.709043250327654
collect valid feature:  ['uniport_ppi_2019', 'ppi_2019_dw_40', 'uniport_bio', 'uniport_seq', 'uniport_esm']
evaluation
early fusion
uniport_ppi_2019-ppi_2019_dw_40-uniport_bio-uniport_seq-uniport_esm {'C_num': 9, 'gamma_ratio': 8, 'gamma': '0.08488421548601009'} 0.41857971302472424 0.709043250327654
middle fusion
kernel fusion
grid search C for fused kernels
linear_fused 1 0.682062526367672 0.8962239623554608
geo_fused 9 0.6893651595927239 0.8901311057274359
weighted_linear_fused 1 0.6752550742023686 0.8979287928064686
weighted_geo_fused 9 0.6825667284671196 0.888932465767328
fused kernels evaluation
ICD10_C18 50
kernels existing
uniport_ppi_2019 {'C_num': 3, 'gamma_ratio': 2, 'gamma': '0.11730356420617227'} 0.7021344793386802 0.8355665008478308
ppi_2019_dw_40 {'C_num': 3, 'gamma_ratio': 2, 'gamma': '0.10641570688646294'} 0.7354805833487067 0.8485579850669365
uniport_bio {'C_num': 3, 'gamma_ratio': 2, 'gamma': '0.05853505840227169'} 0.6348387796430718 0.7800595433268068
uniport_seq {'C_num': 1, 'gamma_ratio': 4, 'gamma': '0.8662190444227043'} 0.6408642244324235 0.7155644866642309
uniport_esm {'C_num': 1, 'gamma_ratio': 8, 'gamma': '0.08488421548601009'} 0.5520329485349142 0.6958196322007063
collect valid feature:  ['uniport_ppi_2019', 'ppi_2019_dw_40', 'uniport_bio', 'uniport_seq']
evaluation
early fusion
uniport_ppi_2019-ppi_2019_dw_40-uniport_bio-uniport_seq {'C_num': 1, 'gamma_ratio': 8, 'gamma': '0.08488421548601009'} 0.5520329485349142 0.6958196322007063
middle fusion
kernel fusion
grid search C for fused kernels
linear_fused 9 0.8282395736943678 0.8737829022355877
geo_fused 1 0.8444381864809039 0.8762553516389834
weighted_linear_fused 9 0.8375211344419222 0.8762553516389833
weighted_geo_fused 9 0.8648165047681117 0.8769341627397894
fused kernels evaluation
ICD10_C43 47
kernels existing
uniport_ppi_2019 {'C_num': 1, 'gamma_ratio': 4, 'gamma': '0.058651782103086136'} 0.8831245023424952 0.8995110883268778
ppi_2019_dw_40 {'C_num': 9, 'gamma_ratio': 2, 'gamma': '0.10641570688646294'} 0.8823969819195948 0.8981404742917901
uniport_bio {'C_num': 1, 'gamma_ratio': 2, 'gamma': '0.05853505840227169'} 0.8324087661976031 0.8281746031746032
uniport_seq {'C_num': 1, 'gamma_ratio': 4, 'gamma': '0.8662190444227043'} 0.6989871419086277 0.7415548815219868
uniport_esm {'C_num': 9, 'gamma_ratio': 2, 'gamma': '0.33953686194404037'} 0.5429328590616861 0.6636907135262399
collect valid feature:  ['uniport_ppi_2019', 'ppi_2019_dw_40', 'uniport_bio', 'uniport_seq']
evaluation
early fusion
uniport_ppi_2019-ppi_2019_dw_40-uniport_bio-uniport_seq {'C_num': 9, 'gamma_ratio': 2, 'gamma': '0.33953686194404037'} 0.5429328590616861 0.6636907135262399
middle fusion
kernel fusion
grid search C for fused kernels
linear_fused 3 0.8930199469549377 0.9039549631654894
geo_fused 3 0.8824417873120979 0.888645619731146
weighted_linear_fused 1 0.8885344703918369 0.895037309182046
weighted_geo_fused 1 0.8822049951319512 0.8910557644110275
fused kernels evaluation
ICD10_C50 544
kernels existing
uniport_ppi_2019 {'C_num': 9, 'gamma_ratio': 2, 'gamma': '0.11730356420617227'} 0.46375681145140374 0.6714915834008462
ppi_2019_dw_40 {'C_num': 1, 'gamma_ratio': 2, 'gamma': '0.10641570688646294'} 0.5245495368965908 0.67967799596209
uniport_bio {'C_num': 1, 'gamma_ratio': 2, 'gamma': '0.05853505840227169'} 0.4096515706460951 0.6486220953409719
uniport_seq {'C_num': 27, 'gamma_ratio': 2, 'gamma': '1.7324380888454085'} 0.3384434720450568 0.6202229852243354
uniport_esm {'C_num': 9, 'gamma_ratio': 2, 'gamma': '0.33953686194404037'} 0.31979030527313484 0.5911140259506449
collect valid feature:  []
evaluation
no valid features, no early fusion
no valid features, no mid fusion
ICD10_C67 191
kernels existing
uniport_ppi_2019 {'C_num': 1, 'gamma_ratio': 2, 'gamma': '0.11730356420617227'} 0.7468429318890593 0.8382786324776498
ppi_2019_dw_40 {'C_num': 1, 'gamma_ratio': 4, 'gamma': '0.05320785344323147'} 0.7451060215165746 0.8465752569377907
uniport_bio {'C_num': 1, 'gamma_ratio': 2, 'gamma': '0.05853505840227169'} 0.6842421961521765 0.8123200433855119
uniport_seq {'C_num': 9, 'gamma_ratio': 2, 'gamma': '1.7324380888454085'} 0.45797644499541396 0.655626349265409
uniport_esm {'C_num': 9, 'gamma_ratio': 8, 'gamma': '0.08488421548601009'} 0.46916833039260036 0.7027376773846606
collect valid feature:  ['uniport_ppi_2019', 'ppi_2019_dw_40', 'uniport_bio', 'uniport_esm']
evaluation
early fusion
uniport_ppi_2019-ppi_2019_dw_40-uniport_bio-uniport_esm {'C_num': 9, 'gamma_ratio': 8, 'gamma': '0.08488421548601009'} 0.46916833039260036 0.7027376773846606
middle fusion
kernel fusion
grid search C for fused kernels
linear_fused 1 0.7811774839931287 0.856868672226558
geo_fused 1 0.7702586909555323 0.8475521510247729
weighted_linear_fused 1 0.7813852614418589 0.8572742260272692
weighted_geo_fused 1 0.7723623986391986 0.8495187915974954
fused kernels evaluation
ICD10_C81 23
kernels existing
uniport_ppi_2019 {'C_num': 1, 'gamma_ratio': 2, 'gamma': '0.11730356420617227'} 0.793307111531138 0.9224030337941628
ppi_2019_dw_40 {'C_num': 1, 'gamma_ratio': 2, 'gamma': '0.10641570688646294'} 0.7652407276149381 0.9187307987711213
uniport_bio {'C_num': 1, 'gamma_ratio': 8, 'gamma': '0.014633764600567922'} 0.4229792329708421 0.7656730030721967
uniport_seq {'C_num': 3, 'gamma_ratio': 8, 'gamma': '0.4331095222113521'} 0.5765391584540092 0.741895481310804
uniport_esm {'C_num': 3, 'gamma_ratio': 4, 'gamma': '0.16976843097202018'} 0.4993264665102139 0.662306387608807
collect valid feature:  ['uniport_ppi_2019', 'ppi_2019_dw_40', 'uniport_bio', 'uniport_seq']
evaluation
early fusion
uniport_ppi_2019-ppi_2019_dw_40-uniport_bio-uniport_seq {'C_num': 3, 'gamma_ratio': 4, 'gamma': '0.16976843097202018'} 0.4993264665102139 0.662306387608807
middle fusion
kernel fusion
grid search C for fused kernels
linear_fused 0.001 0.732615989678393 0.8931531618023553
geo_fused 0.001 0.6573788754161515 0.8795282898105478
weighted_linear_fused 0.001 0.7560966381990918 0.895289298515105
weighted_geo_fused 0.001 0.6750539947820536 0.8283090117767538
fused kernels evaluation
ICD10_D57 22
kernels existing
uniport_ppi_2019 {'C_num': 3, 'gamma_ratio': 2, 'gamma': '0.11730356420617227'} 0.7422177542897077 0.945578231292517
ppi_2019_dw_40 {'C_num': 9, 'gamma_ratio': 2, 'gamma': '0.10641570688646294'} 0.7558351769944963 0.9224489795918368
uniport_bio {'C_num': 3, 'gamma_ratio': 2, 'gamma': '0.05853505840227169'} 0.7699638555697224 0.946938775510204
uniport_seq {'C_num': 1, 'gamma_ratio': 2, 'gamma': '1.7324380888454085'} 0.5561963379913831 0.7523809523809524
uniport_esm {'C_num': 27, 'gamma_ratio': 8, 'gamma': '0.08488421548601009'} 0.6112608052374559 0.7687074829931971
collect valid feature:  ['uniport_ppi_2019', 'ppi_2019_dw_40', 'uniport_bio', 'uniport_seq', 'uniport_esm']
evaluation
early fusion
uniport_ppi_2019-ppi_2019_dw_40-uniport_bio-uniport_seq-uniport_esm {'C_num': 27, 'gamma_ratio': 8, 'gamma': '0.08488421548601009'} 0.6112608052374559 0.7687074829931971
middle fusion
kernel fusion
grid search C for fused kernels
linear_fused 0.001 0.7038278320616739 0.9183673469387755
geo_fused 0.001 0.7152167103687724 0.9360544217687075
weighted_linear_fused 0.001 0.8100693121498376 0.9102040816326532
weighted_geo_fused 0.001 0.6891039553078059 0.9428571428571427
fused kernels evaluation
ICD10_D66 15
kernels existing
uniport_ppi_2019 {'C_num': 1, 'gamma_ratio': 2, 'gamma': '0.11730356420617227'} 0.94795671645382 0.9217391304347826
ppi_2019_dw_40 {'C_num': 3, 'gamma_ratio': 8, 'gamma': '0.026603926721615736'} 0.9424967172484026 0.9327596618357489
uniport_bio {'C_num': 1, 'gamma_ratio': 2, 'gamma': '0.05853505840227169'} 0.9016266444102315 0.8724637681159421
uniport_seq {'C_num': 1, 'gamma_ratio': 8, 'gamma': '0.4331095222113521'} 0.3688348232458473 0.7798309178743962
uniport_esm {'C_num': 9, 'gamma_ratio': 4, 'gamma': '0.16976843097202018'} 0.47039317351753834 0.8290157004830917
collect valid feature:  ['uniport_ppi_2019', 'ppi_2019_dw_40', 'uniport_bio', 'uniport_seq', 'uniport_esm']
evaluation
early fusion
uniport_ppi_2019-ppi_2019_dw_40-uniport_bio-uniport_seq-uniport_esm {'C_num': 9, 'gamma_ratio': 4, 'gamma': '0.16976843097202018'} 0.47039317351753834 0.8290157004830917
middle fusion
kernel fusion
grid search C for fused kernels
linear_fused 0.001 0.9277738487831684 0.927536231884058
geo_fused 0.001 0.8147786466473038 0.8898852657004831
weighted_linear_fused 0.001 0.8447454178166197 0.8927536231884058
weighted_geo_fused 0.001 0.5928718813372917 0.8157306763285025
fused kernels evaluation
ICD10_D83 23
kernels existing
uniport_ppi_2019 {'C_num': 1, 'gamma_ratio': 4, 'gamma': '0.058651782103086136'} 0.8990139902894702 0.9197278911564627
ppi_2019_dw_40 {'C_num': 9, 'gamma_ratio': 2, 'gamma': '0.10641570688646294'} 0.915324645115331 0.942857142857143
uniport_bio {'C_num': 1, 'gamma_ratio': 2, 'gamma': '0.05853505840227169'} 0.8631304564921383 0.907482993197279
uniport_seq {'C_num': 9, 'gamma_ratio': 4, 'gamma': '0.8662190444227043'} 0.8364284168236477 0.889795918367347
uniport_esm {'C_num': 27, 'gamma_ratio': 8, 'gamma': '0.08488421548601009'} 0.6590118889211558 0.7741496598639456
collect valid feature:  ['uniport_ppi_2019', 'ppi_2019_dw_40', 'uniport_bio', 'uniport_seq', 'uniport_esm']
evaluation
early fusion
uniport_ppi_2019-ppi_2019_dw_40-uniport_bio-uniport_seq-uniport_esm {'C_num': 27, 'gamma_ratio': 8, 'gamma': '0.08488421548601009'} 0.6590118889211558 0.7741496598639456
middle fusion
kernel fusion
grid search C for fused kernels
linear_fused 0.001 0.8804139902972626 0.9210884353741496
geo_fused 0.001 0.8311949855615755 0.9129251700680271
weighted_linear_fused 0.001 0.8299845839703252 0.9115646258503401
weighted_geo_fused 0.001 0.8079288823085097 0.8721088435374149
fused kernels evaluation
ICD10_E11 269
kernels existing
uniport_ppi_2019 {'C_num': 1, 'gamma_ratio': 4, 'gamma': '0.058651782103086136'} 0.8095206347676774 0.8957974478185311
ppi_2019_dw_40 {'C_num': 1, 'gamma_ratio': 2, 'gamma': '0.10641570688646294'} 0.8130998923649028 0.8943636821098983
uniport_bio {'C_num': 1, 'gamma_ratio': 2, 'gamma': '0.05853505840227169'} 0.7227441431229349 0.8808602159667792
uniport_seq {'C_num': 1, 'gamma_ratio': 2, 'gamma': '1.7324380888454085'} 0.44415264509209895 0.696455702096057
uniport_esm {'C_num': 3, 'gamma_ratio': 8, 'gamma': '0.08488421548601009'} 0.42433801897818607 0.6473743218707139
collect valid feature:  ['uniport_ppi_2019', 'ppi_2019_dw_40', 'uniport_bio']
evaluation
early fusion
uniport_ppi_2019-ppi_2019_dw_40-uniport_bio {'C_num': 3, 'gamma_ratio': 8, 'gamma': '0.08488421548601009'} 0.42433801897818607 0.6473743218707139
middle fusion
kernel fusion
grid search C for fused kernels
linear_fused 1 0.8247475582064566 0.9218926997349547
geo_fused 3 0.8167643787722344 0.9095380612519195
weighted_linear_fused 27 0.828647719273233 0.9075841694658283
weighted_geo_fused 3 0.8166893257228646 0.9020166383308208
fused kernels evaluation
ICD10_E66 259
kernels existing
uniport_ppi_2019 {'C_num': 1, 'gamma_ratio': 4, 'gamma': '0.058651782103086136'} 0.7756046141457924 0.8727711505896796
ppi_2019_dw_40 {'C_num': 1, 'gamma_ratio': 8, 'gamma': '0.026603926721615736'} 0.7751576852536125 0.8797683081439901
uniport_bio {'C_num': 1, 'gamma_ratio': 2, 'gamma': '0.05853505840227169'} 0.7458823234057741 0.8246704288566759
uniport_seq {'C_num': 3, 'gamma_ratio': 8, 'gamma': '0.4331095222113521'} 0.4737965701490867 0.690852174426129
uniport_esm {'C_num': 3, 'gamma_ratio': 4, 'gamma': '0.16976843097202018'} 0.507116295277153 0.7022544957364721
collect valid feature:  ['uniport_ppi_2019', 'ppi_2019_dw_40', 'uniport_bio', 'uniport_esm']
evaluation
early fusion
uniport_ppi_2019-ppi_2019_dw_40-uniport_bio-uniport_esm {'C_num': 3, 'gamma_ratio': 4, 'gamma': '0.16976843097202018'} 0.507116295277153 0.7022544957364721
middle fusion
kernel fusion
grid search C for fused kernels
linear_fused 1 0.8031055123390335 0.883147303370253
geo_fused 1 0.7869762194998309 0.8867901288710319
weighted_linear_fused 1 0.8026694333000616 0.8845634433353163
weighted_geo_fused 1 0.7884727920525729 0.889694099349004
fused kernels evaluation
ICD10_F01 33
kernels existing
uniport_ppi_2019 {'C_num': 9, 'gamma_ratio': 8, 'gamma': '0.029325891051543068'} 0.41106195576428944 0.7754629629629629
ppi_2019_dw_40 {'C_num': 9, 'gamma_ratio': 8, 'gamma': '0.026603926721615736'} 0.34709489224201934 0.701388888888889
uniport_bio {'C_num': 1, 'gamma_ratio': 2, 'gamma': '0.05853505840227169'} 0.29165329868928463 0.6018518518518519
uniport_seq {'C_num': 9, 'gamma_ratio': 8, 'gamma': '0.4331095222113521'} 0.2938718487457934 0.7268518518518517
uniport_esm {'C_num': 9, 'gamma_ratio': 8, 'gamma': '0.08488421548601009'} 0.08003511244984722 0.6296296296296297
collect valid feature:  ['uniport_ppi_2019', 'ppi_2019_dw_40', 'uniport_seq']
evaluation
early fusion
uniport_ppi_2019-ppi_2019_dw_40-uniport_seq {'C_num': 9, 'gamma_ratio': 8, 'gamma': '0.4331095222113521'} 0.2938718487457934 0.7268518518518517
middle fusion
kernel fusion
Warning: All pathway overlaps are zero; using uniform weights.
grid search C for fused kernels
linear_fused 0.001 0.33388231186593204 0.5648148148148148
geo_fused 0.001 0.6671986326923828 0.8518518518518517
weighted_linear_fused 0.001 0.33388231186593204 0.5648148148148148
weighted_geo_fused 0.001 0.6671986326923828 0.8518518518518517
fused kernels evaluation
ICD10_F20 834
kernels existing
uniport_ppi_2019 {'C_num': 1, 'gamma_ratio': 2, 'gamma': '0.11730356420617227'} 0.7089226671092567 0.8048264462809916
ppi_2019_dw_40 {'C_num': 3, 'gamma_ratio': 2, 'gamma': '0.10641570688646294'} 0.7002245160917938 0.8182902479338843
uniport_bio {'C_num': 1, 'gamma_ratio': 2, 'gamma': '0.05853505840227169'} 0.668240680583569 0.8130829752066115
uniport_seq {'C_num': 3, 'gamma_ratio': 2, 'gamma': '1.7324380888454085'} 0.5078342008388798 0.7183770798898071
uniport_esm {'C_num': 27, 'gamma_ratio': 2, 'gamma': '0.33953686194404037'} 0.4768598953455239 0.6915085399449036
collect valid feature:  ['uniport_ppi_2019', 'ppi_2019_dw_40', 'uniport_bio', 'uniport_seq']
evaluation
early fusion
uniport_ppi_2019-ppi_2019_dw_40-uniport_bio-uniport_seq {'C_num': 27, 'gamma_ratio': 2, 'gamma': '0.33953686194404037'} 0.4768598953455239 0.6915085399449036
middle fusion
kernel fusion
grid search C for fused kernels
linear_fused 1 0.7552072762307597 0.8575268319559228
geo_fused 1 0.7366291336445469 0.8622809917355373
weighted_linear_fused 1 0.7497585644032948 0.8519537190082644
weighted_geo_fused 1 0.7283412265827519 0.8444156473829202
fused kernels evaluation
ICD10_F31 441
kernels existing
uniport_ppi_2019 {'C_num': 1, 'gamma_ratio': 8, 'gamma': '0.029325891051543068'} 0.7133270333526931 0.8279333522569544
ppi_2019_dw_40 {'C_num': 1, 'gamma_ratio': 2, 'gamma': '0.10641570688646294'} 0.7476898220747574 0.8335151122198036
uniport_bio {'C_num': 1, 'gamma_ratio': 2, 'gamma': '0.05853505840227169'} 0.7067717720910331 0.8172191093320991
uniport_seq {'C_num': 1, 'gamma_ratio': 2, 'gamma': '1.7324380888454085'} 0.6097044425837959 0.7482855400336401
uniport_esm {'C_num': 3, 'gamma_ratio': 4, 'gamma': '0.16976843097202018'} 0.5720494289013196 0.7345187557559839
collect valid feature:  ['uniport_ppi_2019', 'ppi_2019_dw_40', 'uniport_bio', 'uniport_seq', 'uniport_esm']
evaluation
early fusion
uniport_ppi_2019-ppi_2019_dw_40-uniport_bio-uniport_seq-uniport_esm {'C_num': 3, 'gamma_ratio': 4, 'gamma': '0.16976843097202018'} 0.5720494289013196 0.7345187557559839
middle fusion
kernel fusion
grid search C for fused kernels
linear_fused 1 0.7760414199266985 0.8704309441176291
geo_fused 3 0.764955968127455 0.8617832132426466
weighted_linear_fused 1 0.7747345252765676 0.8684192702840271
weighted_geo_fused 3 0.7629692939112162 0.8578580667082836
fused kernels evaluation
ICD10_F72 31
kernels existing
uniport_ppi_2019 {'C_num': 9, 'gamma_ratio': 2, 'gamma': '0.11730356420617227'} 0.4840761330485664 0.6666666666666666
ppi_2019_dw_40 {'C_num': 9, 'gamma_ratio': 2, 'gamma': '0.10641570688646294'} 0.5020844712000588 0.6598639455782314
uniport_bio {'C_num': 3, 'gamma_ratio': 2, 'gamma': '0.05853505840227169'} 0.5407573098570356 0.6557823129251701
uniport_seq {'C_num': 27, 'gamma_ratio': 4, 'gamma': '0.8662190444227043'} 0.3281655046302412 0.6639455782312925
uniport_esm {'C_num': 81, 'gamma_ratio': 8, 'gamma': '0.08488421548601009'} 0.4652358867294935 0.6653061224489796
collect valid feature:  []
evaluation
no valid features, no early fusion
no valid features, no mid fusion
ICD10_F90 24
kernels existing
uniport_ppi_2019 {'C_num': 1, 'gamma_ratio': 8, 'gamma': '0.029325891051543068'} 0.5762408658756829 0.6474958949096881
ppi_2019_dw_40 {'C_num': 1, 'gamma_ratio': 8, 'gamma': '0.026603926721615736'} 0.47290017188517175 0.6491652983032293
uniport_bio {'C_num': 1, 'gamma_ratio': 2, 'gamma': '0.05853505840227169'} 0.5315131396330683 0.7069239189928845
uniport_seq {'C_num': 9, 'gamma_ratio': 8, 'gamma': '0.4331095222113521'} 0.3172947771009335 0.7313902572523262
uniport_esm {'C_num': 9, 'gamma_ratio': 4, 'gamma': '0.16976843097202018'} 0.42411220876158007 0.7504789272030651
collect valid feature:  ['uniport_bio', 'uniport_seq', 'uniport_esm']
evaluation
early fusion
uniport_bio-uniport_seq-uniport_esm {'C_num': 9, 'gamma_ratio': 4, 'gamma': '0.16976843097202018'} 0.42411220876158007 0.7504789272030651
middle fusion
kernel fusion
grid search C for fused kernels
linear_fused 0.001 0.4698740588568411 0.7627257799671593
geo_fused 0.001 0.5078200494620357 0.6080049261083743
weighted_linear_fused 0.001 0.4806612233755321 0.7475779967159277
weighted_geo_fused 0.001 0.2618204390164087 0.5749042145593869
fused kernels evaluation
ICD10_G10 32
kernels existing
uniport_ppi_2019 {'C_num': 9, 'gamma_ratio': 2, 'gamma': '0.11730356420617227'} 0.8497341545712213 0.9112870789341377
ppi_2019_dw_40 {'C_num': 9, 'gamma_ratio': 2, 'gamma': '0.10641570688646294'} 0.8864508428039223 0.9453402806343983
uniport_bio {'C_num': 1, 'gamma_ratio': 2, 'gamma': '0.05853505840227169'} 0.7663268963239528 0.8819061657296952
uniport_seq {'C_num': 27, 'gamma_ratio': 8, 'gamma': '0.4331095222113521'} 0.488590553586445 0.6467046025869555
uniport_esm {'C_num': 1, 'gamma_ratio': 8, 'gamma': '0.08488421548601009'} 0.5331763311324229 0.6617167146578912
collect valid feature:  ['uniport_ppi_2019', 'ppi_2019_dw_40', 'uniport_bio']
evaluation
early fusion
uniport_ppi_2019-ppi_2019_dw_40-uniport_bio {'C_num': 1, 'gamma_ratio': 8, 'gamma': '0.08488421548601009'} 0.5331763311324229 0.6617167146578912
middle fusion
kernel fusion
grid search C for fused kernels
linear_fused 0.001 0.8622579750070187 0.918900543900544
geo_fused 0.001 0.8331693587356623 0.9477466977466977
weighted_linear_fused 0.001 0.8341715692228336 0.9294060514648749
weighted_geo_fused 0.001 0.8540697078569176 0.9423991041638101
fused kernels evaluation
ICD10_G20 137
kernels existing
uniport_ppi_2019 {'C_num': 1, 'gamma_ratio': 4, 'gamma': '0.058651782103086136'} 0.7895860198535551 0.8559999999999999
ppi_2019_dw_40 {'C_num': 1, 'gamma_ratio': 2, 'gamma': '0.10641570688646294'} 0.8179906221598351 0.8665679012345681
uniport_bio {'C_num': 9, 'gamma_ratio': 2, 'gamma': '0.05853505840227169'} 0.7810452843579921 0.8781399176954731
uniport_seq {'C_num': 1, 'gamma_ratio': 2, 'gamma': '1.7324380888454085'} 0.5334813992122807 0.6787818930041153
uniport_esm {'C_num': 9, 'gamma_ratio': 8, 'gamma': '0.08488421548601009'} 0.4315336176537447 0.6569547325102881
collect valid feature:  ['uniport_ppi_2019', 'ppi_2019_dw_40', 'uniport_bio']
evaluation
early fusion
uniport_ppi_2019-ppi_2019_dw_40-uniport_bio {'C_num': 9, 'gamma_ratio': 8, 'gamma': '0.08488421548601009'} 0.4315336176537447 0.6569547325102881
middle fusion
kernel fusion
grid search C for fused kernels
linear_fused 1 0.8492021142201369 0.8812181069958848
geo_fused 1 0.8451983627900721 0.888
weighted_linear_fused 1 0.8418355360931539 0.8769382716049382
weighted_geo_fused 1 0.8301423818606848 0.8801975308641975
fused kernels evaluation
ICD10_G24 22
kernels existing
uniport_ppi_2019 {'C_num': 1, 'gamma_ratio': 8, 'gamma': '0.029325891051543068'} 0.8536390904573251 0.8759259259259261
ppi_2019_dw_40 {'C_num': 9, 'gamma_ratio': 8, 'gamma': '0.026603926721615736'} 0.71865092062101 0.887037037037037
uniport_bio {'C_num': 1, 'gamma_ratio': 2, 'gamma': '0.05853505840227169'} 0.7525847574018117 0.7296296296296297
uniport_seq {'C_num': 3, 'gamma_ratio': 2, 'gamma': '1.7324380888454085'} 0.12759300384414493 0.4759259259259259
uniport_esm {'C_num': 9, 'gamma_ratio': 8, 'gamma': '0.08488421548601009'} 0.27728562583480276 0.5518518518518518
collect valid feature:  ['uniport_ppi_2019', 'ppi_2019_dw_40', 'uniport_bio']
evaluation
early fusion
uniport_ppi_2019-ppi_2019_dw_40-uniport_bio {'C_num': 9, 'gamma_ratio': 8, 'gamma': '0.08488421548601009'} 0.27728562583480276 0.5518518518518518
middle fusion
kernel fusion
grid search C for fused kernels
linear_fused 0.001 0.8460444571734497 0.8722222222222223
geo_fused 0.001 0.746186449476994 0.8296296296296296
weighted_linear_fused 0.001 0.7232393491786601 0.7740740740740741
weighted_geo_fused 0.001 0.7205151545199789 0.8407407407407407
fused kernels evaluation
ICD10_G30 183
kernels existing
uniport_ppi_2019 {'C_num': 1, 'gamma_ratio': 2, 'gamma': '0.11730356420617227'} 0.85227566879996 0.9236629239410057
ppi_2019_dw_40 {'C_num': 1, 'gamma_ratio': 2, 'gamma': '0.10641570688646294'} 0.8630906431388619 0.9278177666556533
uniport_bio {'C_num': 1, 'gamma_ratio': 2, 'gamma': '0.05853505840227169'} 0.7169716516094184 0.8320461202520878
uniport_seq {'C_num': 27, 'gamma_ratio': 2, 'gamma': '1.7324380888454085'} 0.6790676018473465 0.8093228443783257
uniport_esm {'C_num': 81, 'gamma_ratio': 8, 'gamma': '0.08488421548601009'} 0.585501659805245 0.7810377473767295
collect valid feature:  ['uniport_ppi_2019', 'ppi_2019_dw_40', 'uniport_bio', 'uniport_seq', 'uniport_esm']
evaluation
early fusion
uniport_ppi_2019-ppi_2019_dw_40-uniport_bio-uniport_seq-uniport_esm {'C_num': 81, 'gamma_ratio': 8, 'gamma': '0.08488421548601009'} 0.585501659805245 0.7810377473767295
middle fusion
kernel fusion
grid search C for fused kernels
linear_fused 9 0.8834282789014837 0.9407107051383443
geo_fused 81 0.8767293191393595 0.9266964302901574
weighted_linear_fused 3 0.8851312227965428 0.9426169151706169
weighted_geo_fused 81 0.8830839414370065 0.928253440362734
fused kernels evaluation
ICD10_G40 120
kernels existing
uniport_ppi_2019 {'C_num': 1, 'gamma_ratio': 4, 'gamma': '0.058651782103086136'} 0.6956053630811431 0.8090142971805409
ppi_2019_dw_40 {'C_num': 1, 'gamma_ratio': 2, 'gamma': '0.10641570688646294'} 0.6987275710207408 0.7986597430850514
uniport_bio {'C_num': 1, 'gamma_ratio': 2, 'gamma': '0.05853505840227169'} 0.704148262533562 0.814858407244194
uniport_seq {'C_num': 3, 'gamma_ratio': 8, 'gamma': '0.4331095222113521'} 0.6057187091689546 0.7647602135999526
uniport_esm {'C_num': 27, 'gamma_ratio': 8, 'gamma': '0.08488421548601009'} 0.4776706434179097 0.7086849965158523
collect valid feature:  ['uniport_ppi_2019', 'ppi_2019_dw_40', 'uniport_bio', 'uniport_seq', 'uniport_esm']
evaluation
early fusion
uniport_ppi_2019-ppi_2019_dw_40-uniport_bio-uniport_seq-uniport_esm {'C_num': 27, 'gamma_ratio': 8, 'gamma': '0.08488421548601009'} 0.4776706434179097 0.7086849965158523
middle fusion
kernel fusion
grid search C for fused kernels
linear_fused 1 0.7533851039261248 0.8545117444999605
geo_fused 3 0.7140105021462713 0.8501984126984127
weighted_linear_fused 1 0.7558223909421672 0.8539572857647549
weighted_geo_fused 3 0.7080212868141507 0.8486417357519604
fused kernels evaluation
ICD10_G43 23
kernels existing
uniport_ppi_2019 {'C_num': 3, 'gamma_ratio': 2, 'gamma': '0.11730356420617227'} 0.5995377128853988 0.8002592165898618
ppi_2019_dw_40 {'C_num': 1, 'gamma_ratio': 2, 'gamma': '0.10641570688646294'} 0.625798866201765 0.857422875064004
uniport_bio {'C_num': 3, 'gamma_ratio': 2, 'gamma': '0.05853505840227169'} 0.535820310949979 0.7628088197644649
uniport_seq {'C_num': 3, 'gamma_ratio': 8, 'gamma': '0.4331095222113521'} 0.4523831289165341 0.6788594470046082
uniport_esm {'C_num': 27, 'gamma_ratio': 8, 'gamma': '0.08488421548601009'} 0.47317746052579723 0.6955565156169996
collect valid feature:  ['uniport_ppi_2019', 'ppi_2019_dw_40', 'uniport_bio']
evaluation
early fusion
uniport_ppi_2019-ppi_2019_dw_40-uniport_bio {'C_num': 27, 'gamma_ratio': 8, 'gamma': '0.08488421548601009'} 0.47317746052579723 0.6955565156169996
middle fusion
kernel fusion
grid search C for fused kernels
linear_fused 0.001 0.4472708002177226 0.7873783922171019
geo_fused 0.001 0.5178213508613697 0.7760896697388633
weighted_linear_fused 0.001 0.510057159028694 0.788314452124936
weighted_geo_fused 0.001 0.4839683877381495 0.7959869431643624
fused kernels evaluation
ICD10_G91 22
kernels existing
uniport_ppi_2019 {'C_num': 9, 'gamma_ratio': 8, 'gamma': '0.029325891051543068'} 0.3356211984479309 0.6854044648162295
ppi_2019_dw_40 {'C_num': 9, 'gamma_ratio': 4, 'gamma': '0.05320785344323147'} 0.28553155588228446 0.5666539343009932
uniport_bio {'C_num': 3, 'gamma_ratio': 2, 'gamma': '0.05853505840227169'} 0.6983966451411548 0.8306595365418895
uniport_seq {'C_num': 9, 'gamma_ratio': 4, 'gamma': '0.8662190444227043'} 0.4664786565095551 0.6580086580086579
uniport_esm {'C_num': 9, 'gamma_ratio': 2, 'gamma': '0.33953686194404037'} 0.34639377960270396 0.5684152448858332
collect valid feature:  ['uniport_bio']
evaluation
early fusion
uniport_bio {'C_num': 9, 'gamma_ratio': 2, 'gamma': '0.33953686194404037'} 0.34639377960270396 0.5684152448858332
middle fusion
kernel fusion
Warning: All pathway overlaps are zero; using uniform weights.
grid search C for fused kernels
linear_fused 0.001 0.6221607357833691 0.7538409303115184
geo_fused 0.001 0.6221607357833691 0.7538409303115184
weighted_linear_fused 0.001 0.6221607357833691 0.7538409303115184
weighted_geo_fused 0.001 0.6221607357833691 0.7538409303115184
fused kernels evaluation
ICD10_I10 35
kernels existing
uniport_ppi_2019 {'C_num': 1, 'gamma_ratio': 2, 'gamma': '0.11730356420617227'} 0.88381396906713 0.9515321280027162
ppi_2019_dw_40 {'C_num': 3, 'gamma_ratio': 2, 'gamma': '0.10641570688646294'} 0.8727883809770566 0.9628851540616248
uniport_bio {'C_num': 1, 'gamma_ratio': 2, 'gamma': '0.05853505840227169'} 0.8089019762443851 0.8596681096681097
uniport_seq {'C_num': 9, 'gamma_ratio': 2, 'gamma': '1.7324380888454085'} 0.36248279850181575 0.785629403276462
uniport_esm {'C_num': 9, 'gamma_ratio': 8, 'gamma': '0.08488421548601009'} 0.1199850767092027 0.6922375010610304
collect valid feature:  ['uniport_ppi_2019', 'ppi_2019_dw_40', 'uniport_bio', 'uniport_seq']
evaluation
early fusion
uniport_ppi_2019-ppi_2019_dw_40-uniport_bio-uniport_seq {'C_num': 9, 'gamma_ratio': 8, 'gamma': '0.08488421548601009'} 0.1199850767092027 0.6922375010610304
middle fusion
kernel fusion
grid search C for fused kernels
linear_fused 0.001 0.826128948825243 0.949601052542229
geo_fused 0.001 0.8028536706554364 0.9494100670571258
weighted_linear_fused 0.001 0.8847196335857221 0.9469060351413293
weighted_geo_fused 0.001 0.8303733051061183 0.9429590017825311
fused kernels evaluation
ICD10_I25 138
kernels existing
uniport_ppi_2019 {'C_num': 1, 'gamma_ratio': 2, 'gamma': '0.11730356420617227'} 0.7794864324958309 0.8940155294205313
ppi_2019_dw_40 {'C_num': 1, 'gamma_ratio': 2, 'gamma': '0.10641570688646294'} 0.7832818076415725 0.9136771883599059
uniport_bio {'C_num': 1, 'gamma_ratio': 2, 'gamma': '0.05853505840227169'} 0.7712402687937274 0.8991315076608096
uniport_seq {'C_num': 27, 'gamma_ratio': 2, 'gamma': '1.7324380888454085'} 0.4538484044116962 0.6921818234808157
uniport_esm {'C_num': 3, 'gamma_ratio': 8, 'gamma': '0.08488421548601009'} 0.4876600594459357 0.709800172379493
collect valid feature:  ['uniport_ppi_2019', 'ppi_2019_dw_40', 'uniport_bio', 'uniport_esm']
evaluation
early fusion
uniport_ppi_2019-ppi_2019_dw_40-uniport_bio-uniport_esm {'C_num': 3, 'gamma_ratio': 8, 'gamma': '0.08488421548601009'} 0.4876600594459357 0.709800172379493
middle fusion
kernel fusion
grid search C for fused kernels
linear_fused 3 0.8295872635374201 0.940409954827648
geo_fused 9 0.7757076133045772 0.9232990589373568
weighted_linear_fused 1 0.8250537751641897 0.9349964799759499
weighted_geo_fused 3 0.787154344828679 0.9259918813390259
fused kernels evaluation
ICD10_I26 15
kernels existing
uniport_ppi_2019 {'C_num': 27, 'gamma_ratio': 4, 'gamma': '0.058651782103086136'} 0.910424148790396 0.9530797101449275
ppi_2019_dw_40 {'C_num': 3, 'gamma_ratio': 4, 'gamma': '0.05320785344323147'} 0.9077437388161423 0.9160326086956522
uniport_bio {'C_num': 1, 'gamma_ratio': 8, 'gamma': '0.014633764600567922'} 0.7887981266114874 0.9078804347826086
uniport_seq {'C_num': 1, 'gamma_ratio': 8, 'gamma': '0.4331095222113521'} 0.5810682135982134 0.701147342995169
uniport_esm {'C_num': 9, 'gamma_ratio': 8, 'gamma': '0.08488421548601009'} 0.4800270703588089 0.6385567632850243
collect valid feature:  ['uniport_ppi_2019', 'ppi_2019_dw_40', 'uniport_bio', 'uniport_seq']
evaluation
early fusion
uniport_ppi_2019-ppi_2019_dw_40-uniport_bio-uniport_seq {'C_num': 9, 'gamma_ratio': 8, 'gamma': '0.08488421548601009'} 0.4800270703588089 0.6385567632850243
middle fusion
kernel fusion
grid search C for fused kernels
linear_fused 0.001 0.8434518735777846 0.9368357487922706
geo_fused 0.001 0.809136874660362 0.8922101449275363
weighted_linear_fused 0.001 0.7964954582308797 0.9501811594202899
weighted_geo_fused 0.001 0.7501089323113815 0.8504830917874395
fused kernels evaluation
ICD10_I42 154
kernels existing
uniport_ppi_2019 {'C_num': 3, 'gamma_ratio': 2, 'gamma': '0.11730356420617227'} 0.8468122197432114 0.9068962407156889
ppi_2019_dw_40 {'C_num': 1, 'gamma_ratio': 2, 'gamma': '0.10641570688646294'} 0.8609138099014327 0.9131986726711764
uniport_bio {'C_num': 1, 'gamma_ratio': 2, 'gamma': '0.05853505840227169'} 0.7808265995933225 0.8673500370450982
uniport_seq {'C_num': 3, 'gamma_ratio': 8, 'gamma': '0.4331095222113521'} 0.6030818516458795 0.7240684093842606
uniport_esm {'C_num': 9, 'gamma_ratio': 8, 'gamma': '0.08488421548601009'} 0.4742240951986085 0.6966485850195502
collect valid feature:  ['uniport_ppi_2019', 'ppi_2019_dw_40', 'uniport_bio', 'uniport_seq']
evaluation
early fusion
uniport_ppi_2019-ppi_2019_dw_40-uniport_bio-uniport_seq {'C_num': 9, 'gamma_ratio': 8, 'gamma': '0.08488421548601009'} 0.4742240951986085 0.6966485850195502
middle fusion
kernel fusion
grid search C for fused kernels
linear_fused 1 0.8772974823637627 0.9277472767109426
geo_fused 3 0.8647058393835468 0.9236442978309255
weighted_linear_fused 1 0.8784793050312208 0.9276898846080961
weighted_geo_fused 27 0.8664633319418312 0.9173131698240148
fused kernels evaluation
ICD10_I50 155
kernels existing
uniport_ppi_2019 {'C_num': 1, 'gamma_ratio': 4, 'gamma': '0.058651782103086136'} 0.8338457843891259 0.9108346854155398
ppi_2019_dw_40 {'C_num': 1, 'gamma_ratio': 8, 'gamma': '0.026603926721615736'} 0.8417296039645729 0.9194519560122588
uniport_bio {'C_num': 1, 'gamma_ratio': 8, 'gamma': '0.014633764600567922'} 0.7131802911771533 0.8271498107084913
uniport_seq {'C_num': 27, 'gamma_ratio': 4, 'gamma': '0.8662190444227043'} 0.48863151132151805 0.7606994771948802
uniport_esm {'C_num': 9, 'gamma_ratio': 8, 'gamma': '0.08488421548601009'} 0.4731057772901297 0.7341265548945376
collect valid feature:  ['uniport_ppi_2019', 'ppi_2019_dw_40', 'uniport_bio', 'uniport_seq', 'uniport_esm']
evaluation
early fusion
uniport_ppi_2019-ppi_2019_dw_40-uniport_bio-uniport_seq-uniport_esm {'C_num': 9, 'gamma_ratio': 8, 'gamma': '0.08488421548601009'} 0.4731057772901297 0.7341265548945376
middle fusion
kernel fusion
grid search C for fused kernels
linear_fused 1 0.8472296555616193 0.9168920137010996
geo_fused 9 0.8298402273128836 0.9142960158644312
weighted_linear_fused 1 0.8474438772397742 0.9200648999459168
weighted_geo_fused 27 0.8369720890981994 0.9186587344510547
fused kernels evaluation
ICD10_I63 37
kernels existing
uniport_ppi_2019 {'C_num': 1, 'gamma_ratio': 2, 'gamma': '0.11730356420617227'} 0.8771411559768825 0.928856065033739
ppi_2019_dw_40 {'C_num': 1, 'gamma_ratio': 2, 'gamma': '0.10641570688646294'} 0.880085427465743 0.934360407110261
uniport_bio {'C_num': 1, 'gamma_ratio': 2, 'gamma': '0.05853505840227169'} 0.853383282352045 0.9180901652409542
uniport_seq {'C_num': 3, 'gamma_ratio': 8, 'gamma': '0.4331095222113521'} 0.8227632420726869 0.8627227860132595
uniport_esm {'C_num': 3, 'gamma_ratio': 4, 'gamma': '0.16976843097202018'} 0.7259352274130367 0.8790129524349278
collect valid feature:  ['uniport_ppi_2019', 'ppi_2019_dw_40', 'uniport_bio', 'uniport_seq', 'uniport_esm']
evaluation
early fusion
uniport_ppi_2019-ppi_2019_dw_40-uniport_bio-uniport_seq-uniport_esm {'C_num': 3, 'gamma_ratio': 4, 'gamma': '0.16976843097202018'} 0.7259352274130367 0.8790129524349278
middle fusion
kernel fusion
grid search C for fused kernels
linear_fused 0.001 0.9170806690058285 0.9542178063510619
geo_fused 0.001 0.894297102821767 0.9267735803387468
weighted_linear_fused 0.001 0.907284678140531 0.9480611196712893
weighted_geo_fused 0.001 0.866920095517007 0.9021468336196565
fused kernels evaluation
ICD10_I70 65
kernels existing
uniport_ppi_2019 {'C_num': 1, 'gamma_ratio': 4, 'gamma': '0.058651782103086136'} 0.8680600068236731 0.9372437971952534
ppi_2019_dw_40 {'C_num': 1, 'gamma_ratio': 8, 'gamma': '0.026603926721615736'} 0.8702129436421181 0.9402521426793271
uniport_bio {'C_num': 1, 'gamma_ratio': 8, 'gamma': '0.014633764600567922'} 0.6935375958090532 0.8636082364237704
uniport_seq {'C_num': 27, 'gamma_ratio': 8, 'gamma': '0.4331095222113521'} 0.6197444391820817 0.7564949411429994
uniport_esm {'C_num': 9, 'gamma_ratio': 2, 'gamma': '0.33953686194404037'} 0.5034544980214488 0.7669561358274951
collect valid feature:  ['uniport_ppi_2019', 'ppi_2019_dw_40', 'uniport_bio', 'uniport_seq', 'uniport_esm']
evaluation
early fusion
uniport_ppi_2019-ppi_2019_dw_40-uniport_bio-uniport_seq-uniport_esm {'C_num': 9, 'gamma_ratio': 2, 'gamma': '0.33953686194404037'} 0.5034544980214488 0.7669561358274951
middle fusion
kernel fusion
grid search C for fused kernels
linear_fused 3 0.8508265596233683 0.9388532516566497
geo_fused 81 0.8476335338187108 0.9375339331650011
weighted_linear_fused 3 0.8685691899002964 0.9406714173097668
weighted_geo_fused 9 0.8487143563948417 0.9411033613096719
fused kernels evaluation
ICD10_J45 187
kernels existing
uniport_ppi_2019 {'C_num': 1, 'gamma_ratio': 2, 'gamma': '0.11730356420617227'} 0.8783228763398322 0.9525667707249393
ppi_2019_dw_40 {'C_num': 1, 'gamma_ratio': 2, 'gamma': '0.10641570688646294'} 0.8813600277520425 0.9472251127297954
uniport_bio {'C_num': 1, 'gamma_ratio': 2, 'gamma': '0.05853505840227169'} 0.7727847918606471 0.9214446756850503
uniport_seq {'C_num': 1, 'gamma_ratio': 2, 'gamma': '1.7324380888454085'} 0.7097148905848033 0.8031217481789802
uniport_esm {'C_num': 3, 'gamma_ratio': 8, 'gamma': '0.08488421548601009'} 0.6979524911925905 0.7966354491848767
collect valid feature:  ['uniport_ppi_2019', 'ppi_2019_dw_40', 'uniport_bio', 'uniport_seq', 'uniport_esm']
evaluation
early fusion
uniport_ppi_2019-ppi_2019_dw_40-uniport_bio-uniport_seq-uniport_esm {'C_num': 3, 'gamma_ratio': 8, 'gamma': '0.08488421548601009'} 0.6979524911925905 0.7966354491848767
middle fusion
kernel fusion
grid search C for fused kernels
linear_fused 1 0.907003187218956 0.9609261186264307
geo_fused 9 0.8742669256047971 0.95298300381547
weighted_linear_fused 1 0.9074115989892483 0.9617585848074922
weighted_geo_fused 9 0.8813719302875836 0.9557925771765522
fused kernels evaluation
ICD10_J62 16
kernels existing
uniport_ppi_2019 {'C_num': 9, 'gamma_ratio': 2, 'gamma': '0.11730356420617227'} 0.8773205806834298 0.837012987012987
ppi_2019_dw_40 {'C_num': 1, 'gamma_ratio': 2, 'gamma': '0.10641570688646294'} 0.9118902182706133 0.8294372294372295
uniport_bio {'C_num': 1, 'gamma_ratio': 4, 'gamma': '0.029267529201135845'} 0.8579015517495959 0.8257575757575758
uniport_seq {'C_num': 3, 'gamma_ratio': 8, 'gamma': '0.4331095222113521'} 0.08683078931409142 0.6863997113997113
uniport_esm {'C_num': 9, 'gamma_ratio': 8, 'gamma': '0.08488421548601009'} 0.6129226318225826 0.7475108225108226
collect valid feature:  ['uniport_ppi_2019', 'ppi_2019_dw_40', 'uniport_bio', 'uniport_esm']
evaluation
early fusion
uniport_ppi_2019-ppi_2019_dw_40-uniport_bio-uniport_esm {'C_num': 9, 'gamma_ratio': 8, 'gamma': '0.08488421548601009'} 0.6129226318225826 0.7475108225108226
middle fusion
kernel fusion
grid search C for fused kernels
linear_fused 0.001 0.9254422832580221 0.8939393939393939
geo_fused 0.001 0.8901753887221905 0.9007936507936508
weighted_linear_fused 0.001 0.9163712053063954 0.854004329004329
weighted_geo_fused 0.001 0.8930799515633175 0.9083694083694084
fused kernels evaluation
ICD10_J80 52
kernels existing
uniport_ppi_2019 {'C_num': 1, 'gamma_ratio': 2, 'gamma': '0.11730356420617227'} 0.7580844744089911 0.8747404844290658
ppi_2019_dw_40 {'C_num': 1, 'gamma_ratio': 2, 'gamma': '0.10641570688646294'} 0.7606478056150611 0.8696655132641292
uniport_bio {'C_num': 1, 'gamma_ratio': 2, 'gamma': '0.05853505840227169'} 0.5549331055360455 0.815916955017301
uniport_seq {'C_num': 3, 'gamma_ratio': 8, 'gamma': '0.4331095222113521'} 0.6481313975349439 0.7660899653979238
uniport_esm {'C_num': 1, 'gamma_ratio': 4, 'gamma': '0.16976843097202018'} 0.7249448002618727 0.7863898500576701
collect valid feature:  ['uniport_ppi_2019', 'ppi_2019_dw_40', 'uniport_bio', 'uniport_seq', 'uniport_esm']
evaluation
early fusion
uniport_ppi_2019-ppi_2019_dw_40-uniport_bio-uniport_seq-uniport_esm {'C_num': 1, 'gamma_ratio': 4, 'gamma': '0.16976843097202018'} 0.7249448002618727 0.7863898500576701
middle fusion
kernel fusion
grid search C for fused kernels
linear_fused 1 0.7711781674455386 0.8650519031141868
geo_fused 9 0.7693519609529124 0.8738177623990774
weighted_linear_fused 9 0.7715752787243936 0.8470588235294118
weighted_geo_fused 9 0.762586782928025 0.8267589388696654
fused kernels evaluation
ICD10_K44 60
kernels existing
uniport_ppi_2019 {'C_num': 1, 'gamma_ratio': 2, 'gamma': '0.11730356420617227'} 0.841798638081901 0.9385135415370578
ppi_2019_dw_40 {'C_num': 1, 'gamma_ratio': 2, 'gamma': '0.10641570688646294'} 0.8385200674689091 0.9291445746219433
uniport_bio {'C_num': 9, 'gamma_ratio': 2, 'gamma': '0.05853505840227169'} 0.7099195129568936 0.9083743733619108
uniport_seq {'C_num': 27, 'gamma_ratio': 4, 'gamma': '0.8662190444227043'} 0.6144290001082845 0.7931903655271787
uniport_esm {'C_num': 9, 'gamma_ratio': 8, 'gamma': '0.08488421548601009'} 0.5682027062496563 0.7134038004337465
collect valid feature:  ['uniport_ppi_2019', 'ppi_2019_dw_40', 'uniport_bio', 'uniport_seq', 'uniport_esm']
evaluation
early fusion
uniport_ppi_2019-ppi_2019_dw_40-uniport_bio-uniport_seq-uniport_esm {'C_num': 9, 'gamma_ratio': 8, 'gamma': '0.08488421548601009'} 0.5682027062496563 0.7134038004337465
middle fusion
kernel fusion
grid search C for fused kernels
linear_fused 9 0.883892555486915 0.9480795139683266
geo_fused 9 0.8199253782081307 0.9440092930411899
weighted_linear_fused 9 0.8838856287586409 0.94808787583234
weighted_geo_fused 9 0.8163234047776999 0.9438206493890487
fused kernels evaluation
ICD10_K51 74
kernels existing
uniport_ppi_2019 {'C_num': 1, 'gamma_ratio': 2, 'gamma': '0.11730356420617227'} 0.8279950110922737 0.8918732782369146
ppi_2019_dw_40 {'C_num': 1, 'gamma_ratio': 8, 'gamma': '0.026603926721615736'} 0.8322747726284744 0.9166666666666666
uniport_bio {'C_num': 1, 'gamma_ratio': 2, 'gamma': '0.05853505840227169'} 0.723362444816769 0.8516528925619835
uniport_seq {'C_num': 9, 'gamma_ratio': 4, 'gamma': '0.8662190444227043'} 0.5430244474118772 0.7212121212121213
uniport_esm {'C_num': 81, 'gamma_ratio': 8, 'gamma': '0.08488421548601009'} 0.5343576631249859 0.708953168044077
collect valid feature:  ['uniport_ppi_2019', 'ppi_2019_dw_40', 'uniport_bio', 'uniport_seq', 'uniport_esm']
evaluation
early fusion
uniport_ppi_2019-ppi_2019_dw_40-uniport_bio-uniport_seq-uniport_esm {'C_num': 81, 'gamma_ratio': 8, 'gamma': '0.08488421548601009'} 0.5343576631249859 0.708953168044077
middle fusion
kernel fusion
grid search C for fused kernels
linear_fused 1 0.7919121451528981 0.9132231404958677
geo_fused 9 0.7822676988570777 0.8953168044077136
weighted_linear_fused 1 0.8043647932145159 0.9176308539944903
weighted_geo_fused 27 0.8002885777312795 0.9073002754820937
fused kernels evaluation
ICD10_L20 58
kernels existing
uniport_ppi_2019 {'C_num': 1, 'gamma_ratio': 2, 'gamma': '0.11730356420617227'} 0.8639433424245585 0.9200369344413666
ppi_2019_dw_40 {'C_num': 1, 'gamma_ratio': 2, 'gamma': '0.10641570688646294'} 0.882929712904835 0.9235457063711912
uniport_bio {'C_num': 1, 'gamma_ratio': 8, 'gamma': '0.014633764600567922'} 0.7795115699750191 0.9231763619575254
uniport_seq {'C_num': 1, 'gamma_ratio': 2, 'gamma': '1.7324380888454085'} 0.7032410932897887 0.7732225300092336
uniport_esm {'C_num': 1, 'gamma_ratio': 8, 'gamma': '0.08488421548601009'} 0.6977479572568471 0.7900277008310249
collect valid feature:  ['uniport_ppi_2019', 'ppi_2019_dw_40', 'uniport_bio', 'uniport_seq', 'uniport_esm']
evaluation
early fusion
uniport_ppi_2019-ppi_2019_dw_40-uniport_bio-uniport_seq-uniport_esm {'C_num': 1, 'gamma_ratio': 8, 'gamma': '0.08488421548601009'} 0.6977479572568471 0.7900277008310249
middle fusion
kernel fusion
grid search C for fused kernels
linear_fused 1 0.8905524113003086 0.9375807940904893
geo_fused 1 0.8749223426168875 0.9372114496768237
weighted_linear_fused 1 0.8875583204059536 0.9370267774699909
weighted_geo_fused 9 0.8728690837137841 0.9381348107109879
fused kernels evaluation
ICD10_L40 73
kernels existing
uniport_ppi_2019 {'C_num': 1, 'gamma_ratio': 2, 'gamma': '0.11730356420617227'} 0.842438868439487 0.9130584007122869
ppi_2019_dw_40 {'C_num': 1, 'gamma_ratio': 2, 'gamma': '0.10641570688646294'} 0.8447526142571706 0.9173145676841111
uniport_bio {'C_num': 9, 'gamma_ratio': 2, 'gamma': '0.05853505840227169'} 0.7298964086597094 0.8831979733676816
uniport_seq {'C_num': 3, 'gamma_ratio': 4, 'gamma': '0.8662190444227043'} 0.580011814550888 0.7755008783174286
uniport_esm {'C_num': 3, 'gamma_ratio': 4, 'gamma': '0.16976843097202018'} 0.5829468796123124 0.7548638590783895
collect valid feature:  ['uniport_ppi_2019', 'ppi_2019_dw_40', 'uniport_bio', 'uniport_seq', 'uniport_esm']
evaluation
early fusion
uniport_ppi_2019-ppi_2019_dw_40-uniport_bio-uniport_seq-uniport_esm {'C_num': 3, 'gamma_ratio': 4, 'gamma': '0.16976843097202018'} 0.5829468796123124 0.7548638590783895
middle fusion
kernel fusion
grid search C for fused kernels
linear_fused 3 0.8524796241272422 0.9301913961359537
geo_fused 3 0.8186124447704954 0.9157083614580688
weighted_linear_fused 3 0.8533103289530665 0.9338769406067512
weighted_geo_fused 3 0.8257188901924142 0.9203273547198295
fused kernels evaluation
ICD10_M32 97
kernels existing
uniport_ppi_2019 {'C_num': 1, 'gamma_ratio': 2, 'gamma': '0.11730356420617227'} 0.8440036099107319 0.9102248413570199
ppi_2019_dw_40 {'C_num': 1, 'gamma_ratio': 4, 'gamma': '0.05320785344323147'} 0.8510448495839258 0.9120894643675618
uniport_bio {'C_num': 1, 'gamma_ratio': 2, 'gamma': '0.05853505840227169'} 0.7389583908332567 0.8561192874697728
uniport_seq {'C_num': 1, 'gamma_ratio': 2, 'gamma': '1.7324380888454085'} 0.5483581892415724 0.7674731868777869
uniport_esm {'C_num': 1, 'gamma_ratio': 8, 'gamma': '0.08488421548601009'} 0.5793897162317883 0.7475718700773918
collect valid feature:  ['uniport_ppi_2019', 'ppi_2019_dw_40', 'uniport_bio', 'uniport_seq', 'uniport_esm']
evaluation
early fusion
uniport_ppi_2019-ppi_2019_dw_40-uniport_bio-uniport_seq-uniport_esm {'C_num': 1, 'gamma_ratio': 8, 'gamma': '0.08488421548601009'} 0.5793897162317883 0.7475718700773918
middle fusion
kernel fusion
grid search C for fused kernels
linear_fused 9 0.8609316645053496 0.9323738336107995
geo_fused 9 0.8141050606318069 0.9060508044979357
weighted_linear_fused 3 0.8663078387461676 0.9295795264066915
weighted_geo_fused 9 0.8236145364036238 0.9065250788495343
fused kernels evaluation
ICD10_M34 38
kernels existing
uniport_ppi_2019 {'C_num': 1, 'gamma_ratio': 4, 'gamma': '0.058651782103086136'} 0.7905996755104349 0.9312702545119255
ppi_2019_dw_40 {'C_num': 1, 'gamma_ratio': 2, 'gamma': '0.10641570688646294'} 0.790871679600264 0.9364477258448702
uniport_bio {'C_num': 3, 'gamma_ratio': 2, 'gamma': '0.05853505840227169'} 0.5952941732762024 0.8069922982006537
uniport_seq {'C_num': 9, 'gamma_ratio': 8, 'gamma': '0.4331095222113521'} 0.5061070938986784 0.6983902606589015
uniport_esm {'C_num': 9, 'gamma_ratio': 8, 'gamma': '0.08488421548601009'} 0.5240695777555062 0.6849669148056244
collect valid feature:  ['uniport_ppi_2019', 'ppi_2019_dw_40', 'uniport_bio']
evaluation
early fusion
uniport_ppi_2019-ppi_2019_dw_40-uniport_bio {'C_num': 9, 'gamma_ratio': 8, 'gamma': '0.08488421548601009'} 0.5240695777555062 0.6849669148056244
middle fusion
kernel fusion
grid search C for fused kernels
linear_fused 0.001 0.7965977438768178 0.9179904134293345
geo_fused 0.001 0.7522289359370261 0.9432788919171785
weighted_linear_fused 0.001 0.8065287198421065 0.9287154176101823
weighted_geo_fused 0.001 0.7647306779120342 0.9383505765049921
fused kernels evaluation
ICD10_M41 27
kernels existing
uniport_ppi_2019 {'C_num': 9, 'gamma_ratio': 2, 'gamma': '0.11730356420617227'} 0.6542050675605403 0.7575170989805136
ppi_2019_dw_40 {'C_num': 1, 'gamma_ratio': 2, 'gamma': '0.10641570688646294'} 0.6369050347733003 0.7917069944508969
uniport_bio {'C_num': 1, 'gamma_ratio': 2, 'gamma': '0.05853505840227169'} 0.48724236049158876 0.7065750419408956
uniport_seq {'C_num': 1, 'gamma_ratio': 8, 'gamma': '0.4331095222113521'} 0.5617252626360424 0.673054587688734
uniport_esm {'C_num': 81, 'gamma_ratio': 8, 'gamma': '0.08488421548601009'} 0.41800317042227525 0.6790634275390373
collect valid feature:  ['uniport_ppi_2019', 'ppi_2019_dw_40', 'uniport_bio']
evaluation
early fusion
uniport_ppi_2019-ppi_2019_dw_40-uniport_bio {'C_num': 81, 'gamma_ratio': 8, 'gamma': '0.08488421548601009'} 0.41800317042227525 0.6790634275390373
middle fusion
kernel fusion
grid search C for fused kernels
linear_fused 0.001 0.4886874454434269 0.697098012646793
geo_fused 0.001 0.3937093020400095 0.6025454897406116
weighted_linear_fused 0.001 0.5481468595338509 0.711003032649374
weighted_geo_fused 0.001 0.39874776245878935 0.5912617757129952
fused kernels evaluation
ICD10_N04 73
kernels existing
uniport_ppi_2019 {'C_num': 1, 'gamma_ratio': 2, 'gamma': '0.11730356420617227'} 0.7724083451357248 0.8447773976259733
ppi_2019_dw_40 {'C_num': 3, 'gamma_ratio': 8, 'gamma': '0.026603926721615736'} 0.6873397731084215 0.7854172539798476
uniport_bio {'C_num': 1, 'gamma_ratio': 8, 'gamma': '0.014633764600567922'} 0.7142012563514039 0.804487046006911
uniport_seq {'C_num': 1, 'gamma_ratio': 2, 'gamma': '1.7324380888454085'} 0.4505928624905681 0.6264840336242136
uniport_esm {'C_num': 9, 'gamma_ratio': 2, 'gamma': '0.33953686194404037'} 0.4131118390312831 0.6801144032684512
collect valid feature:  ['uniport_ppi_2019', 'ppi_2019_dw_40', 'uniport_bio']
evaluation
early fusion
uniport_ppi_2019-ppi_2019_dw_40-uniport_bio {'C_num': 9, 'gamma_ratio': 2, 'gamma': '0.33953686194404037'} 0.4131118390312831 0.6801144032684512
middle fusion
kernel fusion
grid search C for fused kernels
linear_fused 3 0.7843596798732179 0.8410819963949648
geo_fused 27 0.7108943865195053 0.8106524996048984
weighted_linear_fused 3 0.7632022487864082 0.8400620736640226
weighted_geo_fused 9 0.6968667265310962 0.8396209213769183
fused kernels evaluation
ICD10_N17 88
kernels existing
uniport_ppi_2019 {'C_num': 1, 'gamma_ratio': 4, 'gamma': '0.058651782103086136'} 0.8993716667811044 0.9541901330557362
ppi_2019_dw_40 {'C_num': 1, 'gamma_ratio': 8, 'gamma': '0.026603926721615736'} 0.900565736545948 0.9497905471344111
uniport_bio {'C_num': 1, 'gamma_ratio': 2, 'gamma': '0.05853505840227169'} 0.758886200809504 0.9017377540341777
uniport_seq {'C_num': 3, 'gamma_ratio': 8, 'gamma': '0.4331095222113521'} 0.6374258266263864 0.8095724938337806
uniport_esm {'C_num': 3, 'gamma_ratio': 8, 'gamma': '0.08488421548601009'} 0.5510018191472111 0.7827615064608078
collect valid feature:  ['uniport_ppi_2019', 'ppi_2019_dw_40', 'uniport_bio', 'uniport_seq', 'uniport_esm']
evaluation
early fusion
uniport_ppi_2019-ppi_2019_dw_40-uniport_bio-uniport_seq-uniport_esm {'C_num': 3, 'gamma_ratio': 8, 'gamma': '0.08488421548601009'} 0.5510018191472111 0.7827615064608078
middle fusion
kernel fusion
grid search C for fused kernels
linear_fused 1 0.8708850514395098 0.9460219264202164
geo_fused 9 0.8814829557129588 0.951027928519848
weighted_linear_fused 1 0.8884452921886976 0.9519798929662344
weighted_geo_fused 3 0.8897287381465077 0.9579909571307756
fused kernels evaluation
ICD10_N18 91
kernels existing
uniport_ppi_2019 {'C_num': 1, 'gamma_ratio': 2, 'gamma': '0.11730356420617227'} 0.9383207921233719 0.96697445536256
ppi_2019_dw_40 {'C_num': 1, 'gamma_ratio': 4, 'gamma': '0.05320785344323147'} 0.9353461789955749 0.9709650578604524
uniport_bio {'C_num': 1, 'gamma_ratio': 2, 'gamma': '0.05853505840227169'} 0.8312971854435554 0.9344171873794647
uniport_seq {'C_num': 3, 'gamma_ratio': 8, 'gamma': '0.4331095222113521'} 0.6386037161607158 0.8189965132918154
uniport_esm {'C_num': 9, 'gamma_ratio': 8, 'gamma': '0.08488421548601009'} 0.5953932588109131 0.7661363979114499
collect valid feature:  ['uniport_ppi_2019', 'ppi_2019_dw_40', 'uniport_bio', 'uniport_seq', 'uniport_esm']
evaluation
early fusion
uniport_ppi_2019-ppi_2019_dw_40-uniport_bio-uniport_seq-uniport_esm {'C_num': 9, 'gamma_ratio': 8, 'gamma': '0.08488421548601009'} 0.5953932588109131 0.7661363979114499
middle fusion
kernel fusion
grid search C for fused kernels
linear_fused 1 0.9421576517701391 0.9669378821079816
geo_fused 27 0.9281461524540756 0.9594675907103586
weighted_linear_fused 1 0.9438452302845306 0.9686081418145754
weighted_geo_fused 9 0.9427074814464529 0.9662615635769999
fused kernels evaluation
ICD10_N46 86
kernels existing
uniport_ppi_2019 {'C_num': 1, 'gamma_ratio': 2, 'gamma': '0.11730356420617227'} 0.7180934768898211 0.8411463430547399
ppi_2019_dw_40 {'C_num': 1, 'gamma_ratio': 4, 'gamma': '0.05320785344323147'} 0.7060688133119069 0.8390778832890792
uniport_bio {'C_num': 1, 'gamma_ratio': 2, 'gamma': '0.05853505840227169'} 0.8588866841717314 0.8919273227479335
uniport_seq {'C_num': 1, 'gamma_ratio': 2, 'gamma': '1.7324380888454085'} 0.49779427717201336 0.6401865263188419
uniport_esm {'C_num': 27, 'gamma_ratio': 4, 'gamma': '0.16976843097202018'} 0.4272354364195789 0.6626360987048009
collect valid feature:  ['uniport_ppi_2019', 'ppi_2019_dw_40', 'uniport_bio']
evaluation
early fusion
uniport_ppi_2019-ppi_2019_dw_40-uniport_bio {'C_num': 27, 'gamma_ratio': 4, 'gamma': '0.16976843097202018'} 0.4272354364195789 0.6626360987048009
middle fusion
kernel fusion
grid search C for fused kernels
linear_fused 9 0.8768581484846744 0.9038559569730054
geo_fused 3 0.8072347662766837 0.8829479468792445
weighted_linear_fused 3 0.8691218562733223 0.900966176411469
weighted_geo_fused 3 0.7951934767474563 0.8748153881741668
fused kernels evaluation
ICD10_N80 151
kernels existing
uniport_ppi_2019 {'C_num': 1, 'gamma_ratio': 2, 'gamma': '0.11730356420617227'} 0.6977578183392752 0.82768
ppi_2019_dw_40 {'C_num': 1, 'gamma_ratio': 2, 'gamma': '0.10641570688646294'} 0.686532241198559 0.81432
uniport_bio {'C_num': 3, 'gamma_ratio': 2, 'gamma': '0.05853505840227169'} 0.5674655774965628 0.77632
uniport_seq {'C_num': 1, 'gamma_ratio': 2, 'gamma': '1.7324380888454085'} 0.6283984819787168 0.7578933333333332
uniport_esm {'C_num': 3, 'gamma_ratio': 8, 'gamma': '0.08488421548601009'} 0.5749059714268177 0.7567466666666668
collect valid feature:  ['uniport_ppi_2019', 'ppi_2019_dw_40', 'uniport_bio', 'uniport_seq', 'uniport_esm']
evaluation
early fusion
uniport_ppi_2019-ppi_2019_dw_40-uniport_bio-uniport_seq-uniport_esm {'C_num': 3, 'gamma_ratio': 8, 'gamma': '0.08488421548601009'} 0.5749059714268177 0.7567466666666668
middle fusion
kernel fusion
grid search C for fused kernels
linear_fused 1 0.7035160603434166 0.85072
geo_fused 3 0.7327719427941751 0.8548
weighted_linear_fused 1 0.7028134594633743 0.8509066666666666
weighted_geo_fused 3 0.7340387994163683 0.8546399999999998
fused kernels evaluation
ICD10_N97 29
kernels existing
uniport_ppi_2019 {'C_num': 1, 'gamma_ratio': 4, 'gamma': '0.058651782103086136'} 0.8922850997508721 0.9415637860082304
ppi_2019_dw_40 {'C_num': 3, 'gamma_ratio': 4, 'gamma': '0.05320785344323147'} 0.916679851309325 0.9201646090534977
uniport_bio {'C_num': 9, 'gamma_ratio': 2, 'gamma': '0.05853505840227169'} 0.6303927213699966 0.8567901234567902
uniport_seq {'C_num': 1, 'gamma_ratio': 4, 'gamma': '0.8662190444227043'} 0.6909218794583398 0.77119341563786
uniport_esm {'C_num': 1, 'gamma_ratio': 2, 'gamma': '0.33953686194404037'} 0.719248946507677 0.7983539094650206
collect valid feature:  ['uniport_ppi_2019', 'ppi_2019_dw_40', 'uniport_bio', 'uniport_seq', 'uniport_esm']
evaluation
early fusion
uniport_ppi_2019-ppi_2019_dw_40-uniport_bio-uniport_seq-uniport_esm {'C_num': 1, 'gamma_ratio': 2, 'gamma': '0.33953686194404037'} 0.719248946507677 0.7983539094650206
middle fusion
kernel fusion
grid search C for fused kernels
linear_fused 0.001 0.8302267528215639 0.9111111111111111
geo_fused 0.001 0.77399476730964 0.908641975308642
weighted_linear_fused 0.001 0.8157538462463618 0.908641975308642
weighted_geo_fused 0.001 0.778732667446263 0.9078189300411522
fused kernels evaluation
ICD10_C23 18
kernels existing
uniport_ppi_2019 {'C_num': 9, 'gamma_ratio': 2, 'gamma': '0.11730356420617227'} 0.8269863108768437 0.9095511767925561
ppi_2019_dw_40 {'C_num': 3, 'gamma_ratio': 2, 'gamma': '0.10641570688646294'} 0.8571858054743626 0.9306513409961686
uniport_bio {'C_num': 3, 'gamma_ratio': 2, 'gamma': '0.05853505840227169'} 0.6833064930330733 0.820457033388068
uniport_seq {'C_num': 27, 'gamma_ratio': 8, 'gamma': '0.4331095222113521'} 0.15993908676915533 0.6091954022988506
uniport_esm {'C_num': 1, 'gamma_ratio': 8, 'gamma': '0.08488421548601009'} 0.30997361650308414 0.4794745484400657
collect valid feature:  ['uniport_ppi_2019', 'ppi_2019_dw_40', 'uniport_bio']
evaluation
early fusion
uniport_ppi_2019-ppi_2019_dw_40-uniport_bio {'C_num': 1, 'gamma_ratio': 8, 'gamma': '0.08488421548601009'} 0.30997361650308414 0.4794745484400657
middle fusion
kernel fusion
grid search C for fused kernels
linear_fused 0.001 0.699095706966502 0.8493979200875753
geo_fused 0.001 0.7080681240529022 0.844704433497537
weighted_linear_fused 0.001 0.6936715729029926 0.8524220032840722
weighted_geo_fused 0.001 0.6879901481752905 0.8301860974274767
fused kernels evaluation
ICD10_C53 15
kernels existing
uniport_ppi_2019 {'C_num': 1, 'gamma_ratio': 2, 'gamma': '0.11730356420617227'} 0.9766373879906816 0.9500000000000001
ppi_2019_dw_40 {'C_num': 1, 'gamma_ratio': 2, 'gamma': '0.10641570688646294'} 0.9547087328236171 0.9708333333333333
uniport_bio {'C_num': 3, 'gamma_ratio': 2, 'gamma': '0.05853505840227169'} 0.5826731921373083 0.8458333333333333
uniport_seq {'C_num': 1, 'gamma_ratio': 4, 'gamma': '0.8662190444227043'} 0.6892187604865283 0.6833333333333335
uniport_esm {'C_num': 9, 'gamma_ratio': 8, 'gamma': '0.08488421548601009'} 0.50834296960363 0.5875
collect valid feature:  ['uniport_ppi_2019', 'ppi_2019_dw_40', 'uniport_bio']
evaluation
early fusion
uniport_ppi_2019-ppi_2019_dw_40-uniport_bio {'C_num': 9, 'gamma_ratio': 8, 'gamma': '0.08488421548601009'} 0.50834296960363 0.5875
middle fusion
kernel fusion
grid search C for fused kernels
linear_fused 0.001 0.9547087328236171 0.9708333333333333
geo_fused 0.001 0.9114163264067024 0.9708333333333333
weighted_linear_fused 0.001 0.9543058491063929 0.9500000000000001
weighted_geo_fused 0.001 0.9114163264067024 0.9708333333333333
fused kernels evaluation
