2025-11-27 13:32:39,329 [ERROR] Error fetching enrichment results: GO_Molecular_Function_2021
2025-11-27 13:32:39,550 [ERROR] Error fetching enrichment results: GO_Molecular_Function_2021
2025-11-27 16:25:53,868 [ERROR] Error fetching enrichment results: GO_Cellular_Component_2021
2025-11-27 16:26:44,954 [ERROR] Error fetching enrichment results: GO_Cellular_Component_2021
2025-11-28 06:52:30,451 [ERROR] Error fetching enrichment results: GO_Molecular_Function_2021
2025-11-28 06:52:30,664 [ERROR] Error fetching enrichment results: GO_Molecular_Function_2021
2025-11-28 11:15:53,352 [ERROR] Error fetching enrichment results: GO_Biological_Process_2021
2025-11-28 11:15:53,566 [ERROR] Error fetching enrichment results: GO_Biological_Process_2021
2025-11-28 13:11:02,943 [ERROR] Error fetching enrichment results: Reactome_2022
2025-11-28 13:11:03,158 [ERROR] Error fetching enrichment results: Reactome_2022
2025-11-28 14:36:05,941 [ERROR] Error fetching enrichment results: KEGG_2019_Human
2025-11-28 14:36:06,298 [ERROR] Error fetching enrichment results: KEGG_2019_Human
2025-11-28 14:38:05,752 [ERROR] Error fetching enrichment results: GO_Cellular_Component_2021
2025-11-28 14:38:05,967 [ERROR] Error fetching enrichment results: GO_Cellular_Component_2021
2025-11-28 15:07:50,524 [ERROR] Error fetching enrichment results: GO_Cellular_Component_2021
2025-11-28 15:07:50,743 [ERROR] Error fetching enrichment results: GO_Cellular_Component_2021
2025-11-28 15:49:02,712 [ERROR] Error fetching enrichment results: KEGG_2019_Human
2025-11-28 15:49:03,283 [ERROR] Error fetching enrichment results: KEGG_2019_Human
2025-11-28 15:49:25,152 [ERROR] Error fetching enrichment results: GO_Cellular_Component_2021
2025-11-28 15:49:25,367 [ERROR] Error fetching enrichment results: GO_Cellular_Component_2021
2025-11-28 15:59:34,257 [ERROR] Error fetching enrichment results: KEGG_2019_Human
2025-11-28 15:59:34,477 [ERROR] Error fetching enrichment results: KEGG_2019_Human
2025-11-28 17:01:06,368 [ERROR] Error fetching enrichment results: Reactome_2022
2025-11-28 17:01:06,590 [ERROR] Error fetching enrichment results: Reactome_2022
2025-11-28 17:27:37,937 [ERROR] Error fetching enrichment results: KEGG_2019_Human
2025-11-28 17:27:38,184 [ERROR] Error fetching enrichment results: KEGG_2019_Human
2025-11-28 18:18:41,414 [ERROR] Error fetching enrichment results: GO_Cellular_Component_2021
2025-11-28 18:18:41,649 [ERROR] Error fetching enrichment results: GO_Cellular_Component_2021
2025-11-28 19:34:17,800 [ERROR] Error fetching enrichment results: Reactome_2022
2025-11-28 19:34:18,025 [ERROR] Error fetching enrichment results: Reactome_2022
2025-11-28 22:05:28,187 [ERROR] Error fetching enrichment results: Reactome_2022
2025-11-28 22:05:28,400 [ERROR] Error fetching enrichment results: Reactome_2022
2025-11-29 19:44:11,552 [ERROR] Error fetching enrichment results: GO_Biological_Process_2021
2025-11-29 19:44:11,773 [ERROR] Error fetching enrichment results: GO_Biological_Process_2021
2025-11-30 04:34:00,518 [ERROR] Error fetching enrichment results: GO_Molecular_Function_2021
2025-11-30 04:34:00,732 [ERROR] Error fetching enrichment results: GO_Molecular_Function_2021
2025-11-30 11:26:01,964 [ERROR] Error fetching enrichment results: GO_Cellular_Component_2021
2025-11-30 11:26:02,176 [ERROR] Error fetching enrichment results: GO_Cellular_Component_2021
2025-11-30 19:37:32,418 [ERROR] Error fetching enrichment results: Reactome_2022
2025-11-30 19:37:32,630 [ERROR] Error fetching enrichment results: Reactome_2022
2025-11-30 20:19:26,162 [ERROR] Error fetching enrichment results: Reactome_2022
2025-11-30 20:19:26,376 [ERROR] Error fetching enrichment results: Reactome_2022
2025-11-30 20:45:01,432 [ERROR] Error fetching enrichment results: KEGG_2019_Human
2025-11-30 20:45:01,645 [ERROR] Error fetching enrichment results: KEGG_2019_Human
2025-11-30 23:46:20,819 [ERROR] Error fetching enrichment results: GO_Molecular_Function_2021
2025-11-30 23:46:21,032 [ERROR] Error fetching enrichment results: GO_Molecular_Function_2021
2025-12-01 09:33:43,478 [ERROR] Error fetching enrichment results: Reactome_2022
2025-12-01 09:33:43,690 [ERROR] Error fetching enrichment results: Reactome_2022
2025-12-01 10:35:16,307 [ERROR] Error fetching enrichment results: KEGG_2019_Human
2025-12-01 10:35:16,526 [ERROR] Error fetching enrichment results: KEGG_2019_Human
2025-12-01 11:23:25,092 [ERROR] Error fetching enrichment results: KEGG_2019_Human
2025-12-01 11:23:25,307 [ERROR] Error fetching enrichment results: KEGG_2019_Human
2025-12-01 12:22:13,795 [ERROR] Error fetching enrichment results: Reactome_2022
2025-12-01 12:22:14,014 [ERROR] Error fetching enrichment results: Reactome_2022
2025-12-01 12:29:17,005 [ERROR] Error fetching enrichment results: GO_Cellular_Component_2021
2025-12-01 12:29:17,220 [ERROR] Error fetching enrichment results: GO_Cellular_Component_2021
2025-12-01 16:52:17,777 [ERROR] Error fetching enrichment results: GO_Biological_Process_2021
2025-12-01 16:52:17,990 [ERROR] Error fetching enrichment results: GO_Biological_Process_2021
2025-12-01 18:30:42,682 [ERROR] Error fetching enrichment results: GO_Molecular_Function_2021
2025-12-01 18:30:58,394 [ERROR] Error fetching enrichment results: GO_Molecular_Function_2021
