2025-11-27 18:06:24,518 [ERROR] Error fetching enrichment results: GO_Biological_Process_2021
2025-11-27 18:06:24,732 [ERROR] Error fetching enrichment results: GO_Biological_Process_2021
2025-11-27 21:03:09,359 [ERROR] Error fetching enrichment results: GO_Molecular_Function_2021
2025-11-27 21:03:09,572 [ERROR] Error fetching enrichment results: GO_Molecular_Function_2021
2025-11-27 22:35:12,392 [ERROR] Error fetching enrichment results: GO_Molecular_Function_2021
2025-11-27 22:35:12,607 [ERROR] Error fetching enrichment results: GO_Molecular_Function_2021
2025-11-28 03:31:53,938 [ERROR] Error fetching enrichment results: GO_Cellular_Component_2021
2025-11-28 03:31:54,152 [ERROR] Error fetching enrichment results: GO_Cellular_Component_2021
2025-11-28 09:01:45,497 [ERROR] Error fetching enrichment results: KEGG_2019_Human
2025-11-28 09:01:45,710 [ERROR] Error fetching enrichment results: KEGG_2019_Human
2025-11-28 09:09:11,599 [ERROR] Error fetching enrichment results: GO_Cellular_Component_2021
2025-11-28 09:09:11,811 [ERROR] Error fetching enrichment results: GO_Cellular_Component_2021
2025-11-28 09:53:09,735 [ERROR] Error fetching enrichment results: Reactome_2022
2025-11-28 09:53:09,973 [ERROR] Error fetching enrichment results: Reactome_2022
2025-11-28 10:54:48,306 [ERROR] Error fetching enrichment results: Reactome_2022
2025-11-28 10:54:48,522 [ERROR] Error fetching enrichment results: Reactome_2022
2025-11-28 12:21:21,205 [ERROR] Error fetching enrichment results: GO_Cellular_Component_2021
2025-11-28 12:21:21,420 [ERROR] Error fetching enrichment results: GO_Cellular_Component_2021
2025-11-28 12:35:13,555 [ERROR] Error fetching enrichment results: Reactome_2022
2025-11-28 12:35:13,770 [ERROR] Error fetching enrichment results: Reactome_2022
2025-11-28 14:40:12,361 [ERROR] Error fetching enrichment results: GO_Biological_Process_2021
2025-11-28 14:40:12,796 [ERROR] Error fetching enrichment results: GO_Biological_Process_2021
2025-11-28 14:56:00,186 [ERROR] Error fetching enrichment results: GO_Cellular_Component_2021
2025-11-28 14:56:00,403 [ERROR] Error fetching enrichment results: GO_Cellular_Component_2021
2025-11-28 15:03:58,215 [ERROR] Error fetching enrichment results: GO_Cellular_Component_2021
2025-11-28 15:03:58,430 [ERROR] Error fetching enrichment results: GO_Cellular_Component_2021
2025-11-28 16:14:40,198 [ERROR] Error fetching enrichment results: GO_Biological_Process_2021
2025-11-28 16:14:40,496 [ERROR] Error fetching enrichment results: GO_Biological_Process_2021
2025-11-28 17:23:01,271 [ERROR] Error fetching enrichment results: KEGG_2019_Human
2025-11-28 17:23:02,035 [ERROR] Error fetching enrichment results: KEGG_2019_Human
2025-11-28 18:20:16,247 [ERROR] Error fetching enrichment results: GO_Biological_Process_2021
2025-11-28 18:20:16,629 [ERROR] Error fetching enrichment results: GO_Biological_Process_2021
2025-11-28 18:45:40,518 [ERROR] Error fetching enrichment results: KEGG_2019_Human
2025-11-28 18:45:41,210 [ERROR] Error fetching enrichment results: KEGG_2019_Human
2025-11-28 22:18:28,381 [ERROR] Error fetching enrichment results: GO_Biological_Process_2021
2025-11-28 22:18:28,597 [ERROR] Error fetching enrichment results: GO_Biological_Process_2021
2025-11-29 15:25:26,258 [ERROR] Error fetching enrichment results: GO_Biological_Process_2021
2025-11-29 15:25:26,477 [ERROR] Error fetching enrichment results: GO_Biological_Process_2021
2025-11-30 02:08:08,192 [ERROR] Error fetching enrichment results: GO_Cellular_Component_2021
2025-11-30 02:08:08,405 [ERROR] Error fetching enrichment results: GO_Cellular_Component_2021
2025-11-30 04:56:56,488 [ERROR] Error fetching enrichment results: GO_Biological_Process_2021
2025-11-30 04:56:56,701 [ERROR] Error fetching enrichment results: GO_Biological_Process_2021
