['uniport_ppi_2019', 'uniport_bio', 'uniport_seq', 'uniport_esm'] 48 15686
ICD10_C16 90
dir exist, checking kernels
loaded kernels:  ['uniport_ppi_2019', 'uniport_bio', 'uniport_seq', 'uniport_esm', 'linear_fused', 'geo_fused']
evaluation
compute weights based on pathway enrich
compute weights based on pathway enrich
compute weights based on pathway enrich
compute weights based on pathway enrich
compute weights based on pathway enrich
compute weights based on pathway enrich
evalute weighted fused kernels
ICD10_C18 50
dir exist, checking kernels
loaded kernels:  ['uniport_ppi_2019', 'uniport_bio', 'uniport_seq', 'uniport_esm', 'linear_fused', 'geo_fused']
evaluation
compute weights based on pathway enrich
compute weights based on pathway enrich
compute weights based on pathway enrich
compute weights based on pathway enrich
compute weights based on pathway enrich
compute weights based on pathway enrich
evalute weighted fused kernels
ICD10_C43 47
dir exist, checking kernels
loaded kernels:  ['uniport_ppi_2019', 'uniport_bio', 'uniport_seq', 'uniport_esm', 'linear_fused', 'geo_fused']
evaluation
compute weights based on pathway enrich
compute weights based on pathway enrich
compute weights based on pathway enrich
compute weights based on pathway enrich
compute weights based on pathway enrich
compute weights based on pathway enrich
evalute weighted fused kernels
ICD10_C50 544
dir exist, checking kernels
loaded kernels:  ['uniport_ppi_2019', 'uniport_bio', 'uniport_seq', 'uniport_esm', 'linear_fused', 'geo_fused']
evaluation
compute weights based on pathway enrich
compute weights based on pathway enrich
compute weights based on pathway enrich
compute weights based on pathway enrich
compute weights based on pathway enrich
compute weights based on pathway enrich
evalute weighted fused kernels
ICD10_C67 191
dir exist, checking kernels
loaded kernels:  ['uniport_ppi_2019', 'uniport_bio', 'uniport_seq', 'uniport_esm', 'linear_fused', 'geo_fused']
evaluation
compute weights based on pathway enrich
compute weights based on pathway enrich
compute weights based on pathway enrich
compute weights based on pathway enrich
compute weights based on pathway enrich
compute weights based on pathway enrich
evalute weighted fused kernels
ICD10_C81 23
dir exist, checking kernels
loaded kernels:  ['uniport_ppi_2019', 'uniport_bio', 'uniport_seq', 'uniport_esm', 'linear_fused', 'geo_fused']
evaluation
compute weights based on pathway enrich
compute weights based on pathway enrich
compute weights based on pathway enrich
compute weights based on pathway enrich
compute weights based on pathway enrich
compute weights based on pathway enrich
evalute weighted fused kernels
ICD10_D57 22
dir exist, checking kernels
loaded kernels:  ['uniport_ppi_2019', 'uniport_bio', 'uniport_seq', 'uniport_esm', 'linear_fused', 'geo_fused']
evaluation
compute weights based on pathway enrich
compute weights based on pathway enrich
compute weights based on pathway enrich
compute weights based on pathway enrich
compute weights based on pathway enrich
compute weights based on pathway enrich
evalute weighted fused kernels
ICD10_D66 15
dir exist, checking kernels
loaded kernels:  ['uniport_ppi_2019', 'uniport_bio', 'uniport_seq', 'uniport_esm', 'linear_fused', 'geo_fused']
evaluation
compute weights based on pathway enrich
compute weights based on pathway enrich
compute weights based on pathway enrich
compute weights based on pathway enrich
compute weights based on pathway enrich
compute weights based on pathway enrich
evalute weighted fused kernels
ICD10_D83 23
dir exist, checking kernels
loaded kernels:  ['uniport_ppi_2019', 'uniport_bio', 'uniport_seq', 'uniport_esm', 'linear_fused', 'geo_fused']
evaluation
compute weights based on pathway enrich
compute weights based on pathway enrich
compute weights based on pathway enrich
compute weights based on pathway enrich
compute weights based on pathway enrich
compute weights based on pathway enrich
evalute weighted fused kernels
ICD10_E11 269
dir exist, checking kernels
loaded kernels:  ['uniport_ppi_2019', 'uniport_bio', 'uniport_seq', 'uniport_esm', 'linear_fused', 'geo_fused']
evaluation
compute weights based on pathway enrich
compute weights based on pathway enrich
compute weights based on pathway enrich
compute weights based on pathway enrich
compute weights based on pathway enrich
compute weights based on pathway enrich
evalute weighted fused kernels
ICD10_E66 259
dir exist, checking kernels
loaded kernels:  ['uniport_ppi_2019', 'uniport_bio', 'uniport_seq', 'uniport_esm', 'linear_fused', 'geo_fused']
evaluation
compute weights based on pathway enrich
compute weights based on pathway enrich
compute weights based on pathway enrich
compute weights based on pathway enrich
compute weights based on pathway enrich
compute weights based on pathway enrich
evalute weighted fused kernels
ICD10_F01 33
dir exist, checking kernels
loaded kernels:  ['uniport_ppi_2019', 'uniport_bio', 'uniport_seq', 'uniport_esm', 'linear_fused', 'geo_fused']
evaluation
compute weights based on pathway enrich
compute weights based on pathway enrich
compute weights based on pathway enrich
compute weights based on pathway enrich
compute weights based on pathway enrich
compute weights based on pathway enrich
evalute weighted fused kernels
Warning: All pathway overlaps are zero; using uniform weights.
ICD10_F20 834
dir exist, checking kernels
loaded kernels:  ['uniport_ppi_2019', 'uniport_bio', 'uniport_seq', 'uniport_esm', 'linear_fused', 'geo_fused']
evaluation
compute weights based on pathway enrich
compute weights based on pathway enrich
compute weights based on pathway enrich
compute weights based on pathway enrich
compute weights based on pathway enrich
compute weights based on pathway enrich
evalute weighted fused kernels
ICD10_F31 441
dir exist, checking kernels
loaded kernels:  ['uniport_ppi_2019', 'uniport_bio', 'uniport_seq', 'uniport_esm', 'linear_fused', 'geo_fused']
evaluation
compute weights based on pathway enrich
compute weights based on pathway enrich
compute weights based on pathway enrich
compute weights based on pathway enrich
compute weights based on pathway enrich
compute weights based on pathway enrich
evalute weighted fused kernels
ICD10_F72 31
dir exist, checking kernels
loaded kernels:  ['uniport_ppi_2019', 'uniport_bio', 'uniport_seq', 'uniport_esm', 'linear_fused', 'geo_fused']
evaluation
compute weights based on pathway enrich
compute weights based on pathway enrich
compute weights based on pathway enrich
compute weights based on pathway enrich
compute weights based on pathway enrich
compute weights based on pathway enrich
evalute weighted fused kernels
ICD10_F90 24
dir exist, checking kernels
loaded kernels:  ['uniport_ppi_2019', 'uniport_bio', 'uniport_seq', 'uniport_esm', 'linear_fused', 'geo_fused']
evaluation
compute weights based on pathway enrich
compute weights based on pathway enrich
compute weights based on pathway enrich
compute weights based on pathway enrich
compute weights based on pathway enrich
compute weights based on pathway enrich
evalute weighted fused kernels
ICD10_G10 32
dir exist, checking kernels
loaded kernels:  ['uniport_ppi_2019', 'uniport_bio', 'uniport_seq', 'uniport_esm', 'linear_fused', 'geo_fused']
evaluation
compute weights based on pathway enrich
compute weights based on pathway enrich
compute weights based on pathway enrich
compute weights based on pathway enrich
compute weights based on pathway enrich
compute weights based on pathway enrich
evalute weighted fused kernels
ICD10_G20 137
dir exist, checking kernels
loaded kernels:  ['uniport_ppi_2019', 'uniport_bio', 'uniport_seq', 'uniport_esm', 'linear_fused', 'geo_fused']
evaluation
compute weights based on pathway enrich
compute weights based on pathway enrich
compute weights based on pathway enrich
compute weights based on pathway enrich
compute weights based on pathway enrich
compute weights based on pathway enrich
evalute weighted fused kernels
ICD10_G24 22
dir exist, checking kernels
loaded kernels:  ['uniport_ppi_2019', 'uniport_bio', 'uniport_seq', 'uniport_esm', 'linear_fused', 'geo_fused']
evaluation
compute weights based on pathway enrich
compute weights based on pathway enrich
compute weights based on pathway enrich
compute weights based on pathway enrich
compute weights based on pathway enrich
compute weights based on pathway enrich
evalute weighted fused kernels
ICD10_G30 183
dir exist, checking kernels
loaded kernels:  ['uniport_ppi_2019', 'uniport_bio', 'uniport_seq', 'uniport_esm', 'linear_fused', 'geo_fused']
evaluation
compute weights based on pathway enrich
compute weights based on pathway enrich
compute weights based on pathway enrich
compute weights based on pathway enrich
compute weights based on pathway enrich
compute weights based on pathway enrich
evalute weighted fused kernels
ICD10_G40 120
dir exist, checking kernels
loaded kernels:  ['uniport_ppi_2019', 'uniport_bio', 'uniport_seq', 'uniport_esm', 'linear_fused', 'geo_fused']
evaluation
compute weights based on pathway enrich
compute weights based on pathway enrich
compute weights based on pathway enrich
compute weights based on pathway enrich
compute weights based on pathway enrich
compute weights based on pathway enrich
evalute weighted fused kernels
ICD10_G43 23
dir exist, checking kernels
loaded kernels:  ['uniport_ppi_2019', 'uniport_bio', 'uniport_seq', 'uniport_esm', 'linear_fused', 'geo_fused']
evaluation
compute weights based on pathway enrich
compute weights based on pathway enrich
compute weights based on pathway enrich
compute weights based on pathway enrich
compute weights based on pathway enrich
compute weights based on pathway enrich
evalute weighted fused kernels
ICD10_G91 22
dir exist, checking kernels
loaded kernels:  ['uniport_ppi_2019', 'uniport_bio', 'uniport_seq', 'uniport_esm', 'linear_fused', 'geo_fused']
evaluation
compute weights based on pathway enrich
compute weights based on pathway enrich
compute weights based on pathway enrich
compute weights based on pathway enrich
compute weights based on pathway enrich
compute weights based on pathway enrich
evalute weighted fused kernels
Warning: All pathway overlaps are zero; using uniform weights.
ICD10_I10 35
dir exist, checking kernels
loaded kernels:  ['uniport_ppi_2019', 'uniport_bio', 'uniport_seq', 'uniport_esm', 'linear_fused', 'geo_fused']
evaluation
compute weights based on pathway enrich
compute weights based on pathway enrich
compute weights based on pathway enrich
compute weights based on pathway enrich
compute weights based on pathway enrich
compute weights based on pathway enrich
evalute weighted fused kernels
ICD10_I25 138
dir exist, checking kernels
loaded kernels:  ['uniport_ppi_2019', 'uniport_bio', 'uniport_seq', 'uniport_esm', 'linear_fused', 'geo_fused']
evaluation
compute weights based on pathway enrich
compute weights based on pathway enrich
compute weights based on pathway enrich
compute weights based on pathway enrich
compute weights based on pathway enrich
compute weights based on pathway enrich
evalute weighted fused kernels
ICD10_I26 15
dir exist, checking kernels
loaded kernels:  ['uniport_ppi_2019', 'uniport_bio', 'uniport_seq', 'uniport_esm', 'linear_fused', 'geo_fused']
evaluation
compute weights based on pathway enrich
compute weights based on pathway enrich
compute weights based on pathway enrich
compute weights based on pathway enrich
compute weights based on pathway enrich
compute weights based on pathway enrich
evalute weighted fused kernels
ICD10_I42 154
dir exist, checking kernels
loaded kernels:  ['uniport_ppi_2019', 'uniport_bio', 'uniport_seq', 'uniport_esm', 'linear_fused', 'geo_fused']
evaluation
compute weights based on pathway enrich
compute weights based on pathway enrich
compute weights based on pathway enrich
compute weights based on pathway enrich
compute weights based on pathway enrich
compute weights based on pathway enrich
evalute weighted fused kernels
ICD10_I50 155
dir exist, checking kernels
loaded kernels:  ['uniport_ppi_2019', 'uniport_bio', 'uniport_seq', 'uniport_esm', 'linear_fused', 'geo_fused']
evaluation
compute weights based on pathway enrich
compute weights based on pathway enrich
compute weights based on pathway enrich
compute weights based on pathway enrich
compute weights based on pathway enrich
compute weights based on pathway enrich
evalute weighted fused kernels
ICD10_I63 37
dir exist, checking kernels
loaded kernels:  ['uniport_ppi_2019', 'uniport_bio', 'uniport_seq', 'uniport_esm', 'linear_fused', 'geo_fused']
evaluation
compute weights based on pathway enrich
compute weights based on pathway enrich
compute weights based on pathway enrich
compute weights based on pathway enrich
compute weights based on pathway enrich
compute weights based on pathway enrich
evalute weighted fused kernels
ICD10_I70 65
dir exist, checking kernels
loaded kernels:  ['uniport_ppi_2019', 'uniport_bio', 'uniport_seq', 'uniport_esm', 'linear_fused', 'geo_fused']
evaluation
compute weights based on pathway enrich
compute weights based on pathway enrich
compute weights based on pathway enrich
compute weights based on pathway enrich
compute weights based on pathway enrich
compute weights based on pathway enrich
evalute weighted fused kernels
ICD10_J45 187
dir exist, checking kernels
loaded kernels:  ['uniport_ppi_2019', 'uniport_bio', 'uniport_seq', 'uniport_esm', 'linear_fused', 'geo_fused']
evaluation
compute weights based on pathway enrich
compute weights based on pathway enrich
compute weights based on pathway enrich
compute weights based on pathway enrich
compute weights based on pathway enrich
compute weights based on pathway enrich
evalute weighted fused kernels
ICD10_J62 16
dir exist, checking kernels
loaded kernels:  ['uniport_ppi_2019', 'uniport_bio', 'uniport_seq', 'uniport_esm', 'linear_fused', 'geo_fused']
evaluation
compute weights based on pathway enrich
compute weights based on pathway enrich
compute weights based on pathway enrich
compute weights based on pathway enrich
compute weights based on pathway enrich
compute weights based on pathway enrich
evalute weighted fused kernels
ICD10_J80 52
dir exist, checking kernels
loaded kernels:  ['uniport_ppi_2019', 'uniport_bio', 'uniport_seq', 'uniport_esm', 'linear_fused', 'geo_fused']
evaluation
compute weights based on pathway enrich
compute weights based on pathway enrich
compute weights based on pathway enrich
compute weights based on pathway enrich
compute weights based on pathway enrich
compute weights based on pathway enrich
evalute weighted fused kernels
ICD10_K44 60
dir exist, checking kernels
loaded kernels:  ['uniport_ppi_2019', 'uniport_bio', 'uniport_seq', 'uniport_esm', 'linear_fused', 'geo_fused']
evaluation
compute weights based on pathway enrich
compute weights based on pathway enrich
compute weights based on pathway enrich
compute weights based on pathway enrich
compute weights based on pathway enrich
compute weights based on pathway enrich
evalute weighted fused kernels
ICD10_K51 74
dir exist, checking kernels
loaded kernels:  ['uniport_ppi_2019', 'uniport_bio', 'uniport_seq', 'uniport_esm', 'linear_fused', 'geo_fused']
evaluation
compute weights based on pathway enrich
compute weights based on pathway enrich
compute weights based on pathway enrich
compute weights based on pathway enrich
compute weights based on pathway enrich
compute weights based on pathway enrich
evalute weighted fused kernels
ICD10_L20 58
dir exist, checking kernels
loaded kernels:  ['uniport_ppi_2019', 'uniport_bio', 'uniport_seq', 'uniport_esm', 'linear_fused', 'geo_fused']
evaluation
compute weights based on pathway enrich
compute weights based on pathway enrich
compute weights based on pathway enrich
compute weights based on pathway enrich
compute weights based on pathway enrich
compute weights based on pathway enrich
evalute weighted fused kernels
ICD10_L40 73
dir exist, checking kernels
loaded kernels:  ['uniport_ppi_2019', 'uniport_bio', 'uniport_seq', 'uniport_esm', 'linear_fused', 'geo_fused']
evaluation
compute weights based on pathway enrich
compute weights based on pathway enrich
compute weights based on pathway enrich
compute weights based on pathway enrich
compute weights based on pathway enrich
compute weights based on pathway enrich
evalute weighted fused kernels
ICD10_M32 97
dir exist, checking kernels
loaded kernels:  ['uniport_ppi_2019', 'uniport_bio', 'uniport_seq', 'uniport_esm', 'linear_fused', 'geo_fused']
evaluation
compute weights based on pathway enrich
compute weights based on pathway enrich
compute weights based on pathway enrich
compute weights based on pathway enrich
compute weights based on pathway enrich
compute weights based on pathway enrich
evalute weighted fused kernels
ICD10_M34 38
dir exist, checking kernels
loaded kernels:  ['uniport_ppi_2019', 'uniport_bio', 'uniport_seq', 'uniport_esm', 'linear_fused', 'geo_fused']
evaluation
compute weights based on pathway enrich
compute weights based on pathway enrich
compute weights based on pathway enrich
compute weights based on pathway enrich
compute weights based on pathway enrich
compute weights based on pathway enrich
evalute weighted fused kernels
ICD10_M41 27
dir exist, checking kernels
loaded kernels:  ['uniport_ppi_2019', 'uniport_bio', 'uniport_seq', 'uniport_esm', 'linear_fused', 'geo_fused']
evaluation
compute weights based on pathway enrich
compute weights based on pathway enrich
compute weights based on pathway enrich
compute weights based on pathway enrich
compute weights based on pathway enrich
compute weights based on pathway enrich
evalute weighted fused kernels
ICD10_N04 73
dir exist, checking kernels
loaded kernels:  ['uniport_ppi_2019', 'uniport_bio', 'uniport_seq', 'uniport_esm', 'linear_fused', 'geo_fused']
evaluation
compute weights based on pathway enrich
compute weights based on pathway enrich
compute weights based on pathway enrich
compute weights based on pathway enrich
compute weights based on pathway enrich
compute weights based on pathway enrich
evalute weighted fused kernels
ICD10_N17 88
dir exist, checking kernels
loaded kernels:  ['uniport_ppi_2019', 'uniport_bio', 'uniport_seq', 'uniport_esm', 'linear_fused', 'geo_fused']
evaluation
compute weights based on pathway enrich
compute weights based on pathway enrich
compute weights based on pathway enrich
compute weights based on pathway enrich
compute weights based on pathway enrich
compute weights based on pathway enrich
evalute weighted fused kernels
ICD10_N18 91
dir exist, checking kernels
loaded kernels:  ['uniport_ppi_2019', 'uniport_bio', 'uniport_seq', 'uniport_esm', 'linear_fused', 'geo_fused']
evaluation
compute weights based on pathway enrich
compute weights based on pathway enrich
compute weights based on pathway enrich
compute weights based on pathway enrich
compute weights based on pathway enrich
compute weights based on pathway enrich
evalute weighted fused kernels
ICD10_N46 86
dir exist, checking kernels
loaded kernels:  ['uniport_ppi_2019', 'uniport_bio', 'uniport_seq', 'uniport_esm', 'linear_fused', 'geo_fused']
evaluation
compute weights based on pathway enrich
compute weights based on pathway enrich
compute weights based on pathway enrich
compute weights based on pathway enrich
compute weights based on pathway enrich
compute weights based on pathway enrich
evalute weighted fused kernels
ICD10_N80 151
dir exist, checking kernels
loaded kernels:  ['uniport_ppi_2019', 'uniport_bio', 'uniport_seq', 'uniport_esm', 'linear_fused', 'geo_fused']
evaluation
compute weights based on pathway enrich
compute weights based on pathway enrich
compute weights based on pathway enrich
compute weights based on pathway enrich
compute weights based on pathway enrich
compute weights based on pathway enrich
evalute weighted fused kernels
ICD10_N97 29
dir exist, checking kernels
loaded kernels:  ['uniport_ppi_2019', 'uniport_bio', 'uniport_seq', 'uniport_esm', 'linear_fused', 'geo_fused']
evaluation
compute weights based on pathway enrich
compute weights based on pathway enrich
compute weights based on pathway enrich
compute weights based on pathway enrich
compute weights based on pathway enrich
compute weights based on pathway enrich
evalute weighted fused kernels
ICD10_C23 18
dir exist, checking kernels
loaded kernels:  ['uniport_ppi_2019', 'uniport_bio', 'uniport_seq', 'uniport_esm', 'linear_fused', 'geo_fused']
evaluation
compute weights based on pathway enrich
compute weights based on pathway enrich
compute weights based on pathway enrich
compute weights based on pathway enrich
compute weights based on pathway enrich
compute weights based on pathway enrich
evalute weighted fused kernels
ICD10_C53 15
dir exist, checking kernels
loaded kernels:  ['uniport_ppi_2019', 'uniport_bio', 'uniport_seq', 'uniport_esm', 'linear_fused', 'geo_fused']
evaluation
compute weights based on pathway enrich
compute weights based on pathway enrich
compute weights based on pathway enrich
compute weights based on pathway enrich
compute weights based on pathway enrich
compute weights based on pathway enrich
evalute weighted fused kernels
