['uniport_ppi_2019', 'uniport_bio', 'uniport_seq', 'uniport_esm'] 48 15686
ICD10_N80 151
evaluation
Epoch 1/100 - Train Loss: 0.6955 - Val Loss: 0.6734
Epoch 2/100 - Train Loss: 0.6369 - Val Loss: 0.6298
Epoch 3/100 - Train Loss: 0.5860 - Val Loss: 0.5885
Epoch 4/100 - Train Loss: 0.5359 - Val Loss: 0.5496
Epoch 5/100 - Train Loss: 0.4855 - Val Loss: 0.5138
Epoch 6/100 - Train Loss: 0.4364 - Val Loss: 0.4828
Epoch 7/100 - Train Loss: 0.3907 - Val Loss: 0.4569
Epoch 8/100 - Train Loss: 0.3497 - Val Loss: 0.4400
Epoch 9/100 - Train Loss: 0.3131 - Val Loss: 0.4315
Epoch 10/100 - Train Loss: 0.2801 - Val Loss: 0.4271
Epoch 11/100 - Train Loss: 0.2510 - Val Loss: 0.4266
Epoch 12/100 - Train Loss: 0.2240 - Val Loss: 0.4265
Epoch 13/100 - Train Loss: 0.1998 - Val Loss: 0.4344
Epoch 14/100 - Train Loss: 0.1775 - Val Loss: 0.4436
Epoch 15/100 - Train Loss: 0.1585 - Val Loss: 0.4482
Epoch 16/100 - Train Loss: 0.1376 - Val Loss: 0.4628
Epoch 17/100 - Train Loss: 0.1201 - Val Loss: 0.4767
Epoch 18/100 - Train Loss: 0.1028 - Val Loss: 0.4901
Epoch 19/100 - Train Loss: 0.0892 - Val Loss: 0.5007
Epoch 20/100 - Train Loss: 0.0752 - Val Loss: 0.5155
Epoch 21/100 - Train Loss: 0.0636 - Val Loss: 0.5327
Epoch 22/100 - Train Loss: 0.0537 - Val Loss: 0.5433
Early stopping triggered at epoch 22
ICD10_N97 29
evaluation
ICD10_C23 18
evaluation
Epoch 1/100 - Train Loss: 0.7201 - Val Loss: 0.7096
Epoch 2/100 - Train Loss: 0.6910 - Val Loss: 0.7015
Epoch 3/100 - Train Loss: 0.6704 - Val Loss: 0.6939
Epoch 4/100 - Train Loss: 0.6559 - Val Loss: 0.6866
Epoch 5/100 - Train Loss: 0.6483 - Val Loss: 0.6794
Epoch 6/100 - Train Loss: 0.6361 - Val Loss: 0.6727
Epoch 7/100 - Train Loss: 0.6148 - Val Loss: 0.6663
Epoch 8/100 - Train Loss: 0.6054 - Val Loss: 0.6599
Epoch 9/100 - Train Loss: 0.5893 - Val Loss: 0.6534
Epoch 10/100 - Train Loss: 0.5838 - Val Loss: 0.6472
Epoch 11/100 - Train Loss: 0.5679 - Val Loss: 0.6413
Epoch 12/100 - Train Loss: 0.5585 - Val Loss: 0.6358
Epoch 13/100 - Train Loss: 0.5486 - Val Loss: 0.6304
Epoch 14/100 - Train Loss: 0.5373 - Val Loss: 0.6251
Epoch 15/100 - Train Loss: 0.5211 - Val Loss: 0.6199
Epoch 16/100 - Train Loss: 0.5020 - Val Loss: 0.6148
Epoch 17/100 - Train Loss: 0.4916 - Val Loss: 0.6096
Epoch 18/100 - Train Loss: 0.4801 - Val Loss: 0.6044
Epoch 19/100 - Train Loss: 0.4665 - Val Loss: 0.5992
Epoch 20/100 - Train Loss: 0.4588 - Val Loss: 0.5939
Epoch 21/100 - Train Loss: 0.4375 - Val Loss: 0.5885
Epoch 22/100 - Train Loss: 0.4243 - Val Loss: 0.5830
Epoch 23/100 - Train Loss: 0.4138 - Val Loss: 0.5777
Epoch 24/100 - Train Loss: 0.3971 - Val Loss: 0.5725
Epoch 25/100 - Train Loss: 0.3969 - Val Loss: 0.5675
Epoch 26/100 - Train Loss: 0.3724 - Val Loss: 0.5624
Epoch 27/100 - Train Loss: 0.3873 - Val Loss: 0.5574
Epoch 28/100 - Train Loss: 0.3447 - Val Loss: 0.5525
Epoch 29/100 - Train Loss: 0.3479 - Val Loss: 0.5478
Epoch 30/100 - Train Loss: 0.3275 - Val Loss: 0.5433
Epoch 31/100 - Train Loss: 0.3285 - Val Loss: 0.5389
Epoch 32/100 - Train Loss: 0.3082 - Val Loss: 0.5349
Epoch 33/100 - Train Loss: 0.2759 - Val Loss: 0.5311
Epoch 34/100 - Train Loss: 0.2769 - Val Loss: 0.5275
Epoch 35/100 - Train Loss: 0.2685 - Val Loss: 0.5242
Epoch 36/100 - Train Loss: 0.2532 - Val Loss: 0.5215
Epoch 37/100 - Train Loss: 0.2375 - Val Loss: 0.5193
Epoch 38/100 - Train Loss: 0.2210 - Val Loss: 0.5176
Epoch 39/100 - Train Loss: 0.2287 - Val Loss: 0.5162
Epoch 40/100 - Train Loss: 0.2143 - Val Loss: 0.5151
Epoch 41/100 - Train Loss: 0.1777 - Val Loss: 0.5142
Epoch 42/100 - Train Loss: 0.1791 - Val Loss: 0.5136
Epoch 43/100 - Train Loss: 0.2002 - Val Loss: 0.5130
Epoch 44/100 - Train Loss: 0.1583 - Val Loss: 0.5125
Epoch 45/100 - Train Loss: 0.1455 - Val Loss: 0.5126
Epoch 46/100 - Train Loss: 0.1581 - Val Loss: 0.5128
Epoch 47/100 - Train Loss: 0.1425 - Val Loss: 0.5133
Epoch 48/100 - Train Loss: 0.1360 - Val Loss: 0.5138
Epoch 49/100 - Train Loss: 0.1269 - Val Loss: 0.5145
Epoch 50/100 - Train Loss: 0.1150 - Val Loss: 0.5155
Epoch 51/100 - Train Loss: 0.1103 - Val Loss: 0.5168
Epoch 52/100 - Train Loss: 0.0960 - Val Loss: 0.5184
Epoch 5ICD10_C53 15
evaluation
