['uniport_ppi_2017', 'uniport_exp', 'uniport_seq', 'uniport_esm'] 54 15328
ICD10_C16 89
train test split
early fusion
early fusion validation auc: 0.9285714285714286
mid fusion
Epoch 1/100, Train Loss: 0.5704, Val Loss: 0.4707, Train AUC: 0.4649, Val AUC: 0.5287
Epoch 2/100, Train Loss: 0.4336, Val Loss: 0.4433, Train AUC: 0.7490, Val AUC: 0.6984
Epoch 3/100, Train Loss: 0.3880, Val Loss: 0.4220, Train AUC: 0.9607, Val AUC: 0.8181
Epoch 4/100, Train Loss: 0.3346, Val Loss: 0.3937, Train AUC: 0.9853, Val AUC: 0.8498
Epoch 5/100, Train Loss: 0.2734, Val Loss: 0.3624, Train AUC: 0.9920, Val AUC: 0.8535
Epoch 6/100, Train Loss: 0.2071, Val Loss: 0.3324, Train AUC: 0.9935, Val AUC: 0.8681
Epoch 7/100, Train Loss: 0.1416, Val Loss: 0.3158, Train AUC: 0.9985, Val AUC: 0.8742
Epoch 8/100, Train Loss: 0.0886, Val Loss: 0.3042, Train AUC: 0.9999, Val AUC: 0.8889
Epoch 9/100, Train Loss: 0.0502, Val Loss: 0.3196, Train AUC: 1.0000, Val AUC: 0.8938
Epoch 10/100, Train Loss: 0.0270, Val Loss: 0.3116, Train AUC: 1.0000, Val AUC: 0.8987
Epoch 11/100, Train Loss: 0.0163, Val Loss: 0.3270, Train AUC: 1.0000, Val AUC: 0.8999
Epoch 12/100, Train Loss: 0.0101, Val Loss: 0.3294, Train AUC: 1.0000, Val AUC: 0.9048
Epoch 13/100, Train Loss: 0.0069, Val Loss: 0.3517, Train AUC: 1.0000, Val AUC: 0.8987
Epoch 14/100, Train Loss: 0.0053, Val Loss: 0.3499, Train AUC: 1.0000, Val AUC: 0.9011
Epoch 15/100, Train Loss: 0.0041, Val Loss: 0.3643, Train AUC: 1.0000, Val AUC: 0.8999
Epoch 16/100, Train Loss: 0.0033, Val Loss: 0.3694, Train AUC: 1.0000, Val AUC: 0.8987
Early stopping triggered at epoch 16
Best Train AUC: 0.9999, Best Val AUC: 0.8889
early fusion validation auc: 0.9072039072039072
later fusion
ICD10_C18 48
train test split
early fusion
early fusion validation auc: 0.7401315789473684
mid fusion
early fusion validation auc: 0.725328947368421
later fusion
ICD10_C43 45
train test split
early fusion
early fusion validation auc: 0.7312661498708011
mid fusion
early fusion validation auc: 0.838501291989664
later fusion
Feature: uniport_ppi_2017, Epoch 1/100, Train Loss: 0.6460, Val Loss: 0.5600, Train AUC: 0.5039, Val AUC: 0.3798
Feature: uniport_ppi_2017, Epoch 2/100, Train Loss: 0.5363, Val Loss: 0.4927, Train AUC: 0.4827, Val AUC: 0.4574
Feature: uniport_ppi_2017, Epoch 3/100, Train Loss: 0.4574, Val Loss: 0.4609, Train AUC: 0.6402, Val AUC: 0.6253
Feature: uniport_ppi_2017, Epoch 4/100, Train Loss: 0.4119, Val Loss: 0.4415, Train AUC: 0.7413, Val AUC: 0.7416
Feature: uniport_ppi_2017, Epoch 5/100, Train Loss: 0.3958, Val Loss: 0.4253, Train AUC: 0.7842, Val AUC: 0.7597
Feature: uniport_ppi_2017, Epoch 6/100, Train Loss: 0.3647, Val Loss: 0.4092, Train AUC: 0.8464, Val AUC: 0.8062
Feature: uniport_ppi_2017, Epoch 7/100, Train Loss: 0.3192, Val Loss: 0.3956, Train AUC: 0.9167, Val AUC: 0.8295
Feature: uniport_ppi_2017, Epoch 8/100, Train Loss: 0.3107, Val Loss: 0.3844, Train AUC: 0.9338, Val AUC: 0.8295
Feature: uniport_ppi_2017, Epoch 9/100, Train Loss: 0.2725, Val Loss: 0.3749, Train AUC: 0.9608, Val AUC: 0.8295
Feature: uniport_ppi_2017, Epoch 10/100, Train Loss: 0.2513, Val Loss: 0.3652, Train AUC: 0.9684, Val AUC: 0.8398
Feature: uniport_ppi_2017, Epoch 11/100, Train Loss: 0.2204, Val Loss: 0.3570, Train AUC: 0.9856, Val AUC: 0.8346
Feature: uniport_ppi_2017, Epoch 12/100, Train Loss: 0.2127, Val Loss: 0.3482, Train AUC: 0.9778, Val AUC: 0.8320
Feature: uniport_ppi_2017, Epoch 13/100, Train Loss: 0.1909, Val Loss: 0.3400, Train AUC: 0.9767, Val AUC: 0.8346
Feature: uniport_ppi_2017, Epoch 14/100, Train Loss: 0.1634, Val Loss: 0.3346, Train AUC: 0.9969, Val AUC: 0.8320
Feature: uniport_ppi_2017, Epoch 15/100, Train Loss: 0.1496, Val Loss: 0.3289, Train AUC: 0.9966, Val AUC: 0.8320
Feature: uniport_ppi_2017, Epoch 16/100, Train Loss: 0.1299, Val Loss: 0.3215, Train AUC: 0.9978, Val AUC: 0.8295
Feature: uniport_ppi_2017, Epoch 17/100, Train Loss: 0.1265, Val Loss: 0.3182, Train AUC: 0.9986, Val AUC: 0.8320
Feature: uniport_ppi_2017, Epoch 18/100, Train Loss: 0.1008, Val Loss: 0.3162, Train AUC: 1.0000, Val AUC: 0.8295
Feature: uniport_ppi_2017, Epoch 19/100, Train Loss: 0.0916, Val Loss: 0.3164, Train AUC: 0.9995, Val AUC: 0.8320
Feature: uniport_ppi_2017, Epoch 20/100, Train Loss: 0.0868, Val Loss: 0.3172, Train AUC: 0.9997, Val AUC: 0.8320
Feature: uniport_ppi_2017, Epoch 21/100, Train Loss: 0.0774, Val Loss: 0.3204, Train AUC: 0.9997, Val AUC: 0.8372
Feature: uniport_ppi_2017, Epoch 22/100, Train Loss: 0.0679, Val Loss: 0.3257, Train AUC: 1.0000, Val AUC: 0.8320
Feature: uniport_ppi_2017, Epoch 23/100, Train Loss: 0.0653, Val Loss: 0.3297, Train AUC: 0.9998, Val AUC: 0.8295
Early stopping for feature uniport_ppi_2017 at epoch 23
Best Train AUC for feature uniport_ppi_2017: 1.0000
Best Val AUC for feature uniport_ppi_2017: 0.8295
Feature: uniport_exp, Epoch 1/100, Train Loss: 0.6038, Val Loss: 0.5104, Train AUC: 0.5653, Val AUC: 0.5220
Feature: uniport_exp, Epoch 2/100, Train Loss: 0.4729, Val Loss: 0.4672, Train AUC: 0.5940, Val AUC: 0.4987
Feature: uniport_exp, Epoch 3/100, Train Loss: 0.4161, Val Loss: 0.4591, Train AUC: 0.7341, Val AUC: 0.5245
Feature: uniport_exp, Epoch 4/100, Train Loss: 0.3941, Val Loss: 0.4559, Train AUC: 0.7958, Val AUC: 0.5426
Feature: uniport_exp, Epoch 5/100, Train Loss: 0.3923, Val Loss: 0.4539, Train AUC: 0.7929, Val AUC: 0.6176
Feature: uniport_exp, Epoch 6/100, Train Loss: 0.3460, Val Loss: 0.4543, Train AUC: 0.8880, Val AUC: 0.6305
Feature: uniport_exp, Epoch 7/100, Train Loss: 0.3298, Val Loss: 0.4570, Train AUC: 0.9073, Val AUC: 0.6460
Feature: uniport_exp, Epoch 8/100, Train Loss: 0.3086, Val Loss: 0.4620, Train AUC: 0.9412, Val AUC: 0.6512
Feature: uniport_exp, Epoch 9/100, Train Loss: 0.2735, Val Loss: 0.4666, Train AUC: 0.9466, Val AUC: 0.6486
Feature: uniport_exp, Epoch 10/100, Train Loss: 0.2504, Val Loss: 0.4685, Train AUC: 0.9583, Val AUC: 0.6641
Early stopping for feature uniport_exp at epoch 10
Best Train AUC for feature uniport_exp: 0.7929
Best Val AUC for feature uniport_exp: 0.6176
Feature uniport_exp excluded from fusion due to low Val AUC: 0.6176
Feature: uniport_seq, Epoch 1/100, Train Loss: 0.4279, Val Loss: 0.4262, Train AUC: 0.6742, Val AUC: 0.6357
Feature: uniport_seq, Epoch 2/100, Train Loss: 0.3544, Val Loss: 0.4254, Train AUC: 0.8157, Val AUC: 0.6589
Feature: uniport_seq, Epoch 3/100, Train Loss: 0.3036, Val Loss: 0.4331, Train AUC: 0.8875, Val AUC: 0.6486
Feature: uniport_seq, Epoch 4/100, Train Loss: 0.2935, Val Loss: 0.4361, Train AUC: 0.8866, Val AUC: 0.6253
Feature: uniport_seq, Epoch 5/100, Train Loss: 0.2979, Val Loss: 0.4426, Train AUC: 0.8788, Val AUC: 0.6460
Feature: uniport_seq, Epoch 6/100, Train Loss: 0.2593, Val Loss: 0.4316, Train AUC: 0.9118, Val AUC: 0.6718
Feature: uniport_seq, Epoch 7/100, Train Loss: 0.2407, Val Loss: 0.4293, Train AUC: 0.9309, Val AUC: 0.7390
Early stopping for feature uniport_seq at epoch 7
Best Train AUC for feature uniport_seq: 0.8157
Best Val AUC for feature uniport_seq: 0.6589
Feature uniport_seq excluded from fusion due to low Val AUC: 0.6589
Feature: uniport_esm, Epoch 1/100, Train Loss: 0.5079, Val Loss: 0.4466, Train AUC: 0.5164, Val AUC: 0.6537
Feature: uniport_esm, Epoch 2/100, Train Loss: 0.4563, Val Loss: 0.4395, Train AUC: 0.5233, Val AUC: 0.6305
Feature: uniport_esm, Epoch 3/100, Train Loss: 0.4055, Val Loss: 0.4322, Train AUC: 0.7469, Val AUC: 0.6537
Feature: uniport_esm, Epoch 4/100, Train Loss: 0.4129, Val Loss: 0.4283, Train AUC: 0.7184, Val AUC: 0.6434
Feature: uniport_esm, Epoch 5/100, Train Loss: 0.3756, Val Loss: 0.4255, Train AUC: 0.8004, Val AUC: 0.6434
Feature: uniport_esm, Epoch 6/100, Train Loss: 0.3838, Val Loss: 0.4225, Train AUC: 0.7758, Val AUC: 0.6512
Feature: uniport_esm, Epoch 7/100, Train Loss: 0.3578, Val Loss: 0.4186, Train AUC: 0.8068, Val AUC: 0.6434
Feature: uniport_esm, Epoch 8/100, Train Loss: 0.3551, Val Loss: 0.4181, Train AUC: 0.7845, Val AUC: 0.6408
Feature: uniport_esm, Epoch 9/100, Train Loss: 0.2966, Val Loss: 0.4073, Train AUC: 0.8960, Val AUC: 0.6460
Feature: uniport_esm, Epoch 10/100, Train Loss: 0.2831, Val Loss: 0.4021, Train AUC: 0.8996, Val AUC: 0.6512
Feature: uniport_esm, Epoch 11/100, Train Loss: 0.2987, Val Loss: 0.4246, Train AUC: 0.8623, Val AUC: 0.6434
Feature: uniport_esm, Epoch 12/100, Train Loss: 0.2633, Val Loss: 0.3996, Train AUC: 0.9126, Val AUC: 0.6744
Feature: uniport_esm, Epoch 13/100, Train Loss: 0.2492, Val Loss: 0.4236, Train AUC: 0.9420, Val AUC: 0.6589
Feature: uniport_esm, Epoch 14/100, Train Loss: 0.2138, Val Loss: 0.4146, Train AUC: 0.9608, Val AUC: 0.6822
Feature: uniport_esm, Epoch 15/100, Train Loss: 0.2232, Val Loss: 0.4190, Train AUC: 0.9549, Val AUC: 0.6796
Feature: uniport_esm, Epoch 16/100, Train Loss: 0.1763, Val Loss: 0.4298, Train AUC: 0.9771, Val AUC: 0.7003
Feature: uniport_esm, Epoch 17/100, Train Loss: 0.1749, Val Loss: 0.4238, Train AUC: 0.9637, Val AUC: 0.7106
Early stopping for feature uniport_esm at epoch 17
Best Train AUC for feature uniport_esm: 0.9126
Best Val AUC for feature uniport_esm: 0.6744
Feature uniport_esm excluded from fusion due to low Val AUC: 0.6744
ICD10_C45 38
train test split
early fusion
early fusion validation auc: 0.7274436090225563
mid fusion
early fusion validation auc: 0.8157894736842104
later fusion
ICD10_C50 529
train test split
early fusion
Epoch 1/100, Train Loss: 0.4611, Val Loss: 0.4363, Train AUC: 0.5495, Val AUC: 0.6516
Epoch 2/100, Train Loss: 0.4117, Val Loss: 0.4139, Train AUC: 0.7114, Val AUC: 0.7064
Epoch 3/100, Train Loss: 0.3823, Val Loss: 0.4044, Train AUC: 0.7715, Val AUC: 0.7340
Epoch 4/100, Train Loss: 0.3511, Val Loss: 0.4034, Train AUC: 0.8182, Val AUC: 0.7436
Epoch 5/100, Train Loss: 0.3301, Val Loss: 0.4084, Train AUC: 0.8488, Val AUC: 0.7262
Epoch 6/100, Train Loss: 0.3034, Val Loss: 0.4129, Train AUC: 0.8775, Val AUC: 0.7348
Epoch 7/100, Train Loss: 0.2860, Val Loss: 0.4272, Train AUC: 0.8925, Val AUC: 0.7288
Epoch 8/100, Train Loss: 0.2589, Val Loss: 0.4398, Train AUC: 0.9157, Val AUC: 0.7068
Epoch 9/100, Train Loss: 0.2464, Val Loss: 0.4570, Train AUC: 0.9288, Val AUC: 0.7197
Early stopping triggered at epoch 9
Best Train AUC: 0.8182, Best Val AUC: 0.7436
early fusion validation auc: 0.7274092970521542
mid fusion
early fusion validation auc: 0.7176020408163266
later fusion
Feature: uniport_ppi_2017, Epoch 1/100, Train Loss: 0.5015, Val Loss: 0.4418, Train AUC: 0.5001, Val AUC: 0.5905
Feature: uniport_ppi_2017, Epoch 2/100, Train Loss: 0.4377, Val Loss: 0.4211, Train AUC: 0.6272, Val AUC: 0.6860
Feature: uniport_ppi_2017, Epoch 3/100, Train Loss: 0.4179, Val Loss: 0.4144, Train AUC: 0.6863, Val AUC: 0.6899
Feature: uniport_ppi_2017, Epoch 4/100, Train Loss: 0.3894, Val Loss: 0.4148, Train AUC: 0.7558, Val AUC: 0.6934
Feature: uniport_ppi_2017, Epoch 5/100, Train Loss: 0.3813, Val Loss: 0.4171, Train AUC: 0.7720, Val AUC: 0.6911
Feature: uniport_ppi_2017, Epoch 6/100, Train Loss: 0.3644, Val Loss: 0.4202, Train AUC: 0.8026, Val AUC: 0.6900
Feature: uniport_ppi_2017, Epoch 7/100, Train Loss: 0.3492, Val Loss: 0.4218, Train AUC: 0.8237, Val AUC: 0.6910
Feature: uniport_ppi_2017, Epoch 8/100, Train Loss: 0.3488, Val Loss: 0.4273, Train AUC: 0.8221, Val AUC: 0.6890
Early stopping for feature uniport_ppi_2017 at epoch 8
Best Train AUC for feature uniport_ppi_2017: 0.6863
Best Val AUC for feature uniport_ppi_2017: 0.6899
Feature uniport_ppi_2017 excluded from fusion due to low Val AUC: 0.6899
Feature: uniport_exp, Epoch 1/100, Train Loss: 0.4753, Val Loss: 0.4493, Train AUC: 0.5427, Val AUC: 0.5427
Feature: uniport_exp, Epoch 2/100, Train Loss: 0.4448, Val Loss: 0.4488, Train AUC: 0.5987, Val AUC: 0.5576
Feature: uniport_exp, Epoch 3/100, Train Loss: 0.4216, Val Loss: 0.4475, Train AUC: 0.6827, Val AUC: 0.5815
Feature: uniport_exp, Epoch 4/100, Train Loss: 0.4023, Val Loss: 0.4528, Train AUC: 0.7340, Val AUC: 0.5828
Feature: uniport_exp, Epoch 5/100, Train Loss: 0.3793, Val Loss: 0.4589, Train AUC: 0.7795, Val AUC: 0.5906
Feature: uniport_exp, Epoch 6/100, Train Loss: 0.3599, Val Loss: 0.4610, Train AUC: 0.8100, Val AUC: 0.5963
Feature: uniport_exp, Epoch 7/100, Train Loss: 0.3441, Val Loss: 0.4706, Train AUC: 0.8329, Val AUC: 0.5950
Feature: uniport_exp, Epoch 8/100, Train Loss: 0.3247, Val Loss: 0.4693, Train AUC: 0.8579, Val AUC: 0.5983
Early stopping for feature uniport_exp at epoch 8
Best Train AUC for feature uniport_exp: 0.6827
Best Val AUC for feature uniport_exp: 0.5815
Feature uniport_exp excluded from fusion due to low Val AUC: 0.5815
Feature: uniport_seq, Epoch 1/100, Train Loss: 0.4549, Val Loss: 0.4366, Train AUC: 0.5828, Val AUC: 0.6246
Feature: uniport_seq, Epoch 2/100, Train Loss: 0.4327, Val Loss: 0.4307, Train AUC: 0.6436, Val AUC: 0.6605
Feature: uniport_seq, Epoch 3/100, Train Loss: 0.4239, Val Loss: 0.4252, Train AUC: 0.6680, Val AUC: 0.6689
Feature: uniport_seq, Epoch 4/100, Train Loss: 0.4164, Val Loss: 0.4229, Train AUC: 0.6930, Val AUC: 0.6812
Feature: uniport_seq, Epoch 5/100, Train Loss: 0.3873, Val Loss: 0.4241, Train AUC: 0.7614, Val AUC: 0.6765
Feature: uniport_seq, Epoch 6/100, Train Loss: 0.3837, Val Loss: 0.4209, Train AUC: 0.7691, Val AUC: 0.6903
Feature: uniport_seq, Epoch 7/100, Train Loss: 0.3808, Val Loss: 0.4224, Train AUC: 0.7713, Val AUC: 0.6875
Feature: uniport_seq, Epoch 8/100, Train Loss: 0.3571, Val Loss: 0.4332, Train AUC: 0.8138, Val AUC: 0.6742
Feature: uniport_seq, Epoch 9/100, Train Loss: 0.3466, Val Loss: 0.4310, Train AUC: 0.8277, Val AUC: 0.6902
Feature: uniport_seq, Epoch 10/100, Train Loss: 0.3361, Val Loss: 0.4421, Train AUC: 0.8415, Val AUC: 0.6858
Feature: uniport_seq, Epoch 11/100, Train Loss: 0.3300, Val Loss: 0.4329, Train AUC: 0.8430, Val AUC: 0.6946
Early stopping for feature uniport_seq at epoch 11
Best Train AUC for feature uniport_seq: 0.7691
Best Val AUC for feature uniport_seq: 0.6903
Feature uniport_seq excluded from fusion due to low Val AUC: 0.6903
Feature: uniport_esm, Epoch 1/100, Train Loss: 0.4675, Val Loss: 0.4467, Train AUC: 0.5223, Val AUC: 0.5994
Feature: uniport_esm, Epoch 2/100, Train Loss: 0.4535, Val Loss: 0.4423, Train AUC: 0.5414, Val AUC: 0.6025
Feature: uniport_esm, Epoch 3/100, Train Loss: 0.4450, Val Loss: 0.4412, Train AUC: 0.5897, Val AUC: 0.6048
Feature: uniport_esm, Epoch 4/100, Train Loss: 0.4383, Val Loss: 0.4401, Train AUC: 0.6248, Val AUC: 0.6160
Feature: uniport_esm, Epoch 5/100, Train Loss: 0.4294, Val Loss: 0.4340, Train AUC: 0.6600, Val AUC: 0.6375
Feature: uniport_esm, Epoch 6/100, Train Loss: 0.4245, Val Loss: 0.4341, Train AUC: 0.6652, Val AUC: 0.6384
Feature: uniport_esm, Epoch 7/100, Train Loss: 0.4186, Val Loss: 0.4311, Train AUC: 0.6883, Val AUC: 0.6502
Feature: uniport_esm, Epoch 8/100, Train Loss: 0.4130, Val Loss: 0.4323, Train AUC: 0.7062, Val AUC: 0.6479
Feature: uniport_esm, Epoch 9/100, Train Loss: 0.4137, Val Loss: 0.4321, Train AUC: 0.7025, Val AUC: 0.6517
Feature: uniport_esm, Epoch 10/100, Train Loss: 0.4016, Val Loss: 0.4316, Train AUC: 0.7299, Val AUC: 0.6589
Feature: uniport_esm, Epoch 11/100, Train Loss: 0.4035, Val Loss: 0.4332, Train AUC: 0.7295, Val AUC: 0.6494
Feature: uniport_esm, Epoch 12/100, Train Loss: 0.3902, Val Loss: 0.4374, Train AUC: 0.7562, Val AUC: 0.6437
Early stopping for feature uniport_esm at epoch 12
Best Train AUC for feature uniport_esm: 0.6883
Best Val AUC for feature uniport_esm: 0.6502
Feature uniport_esm excluded from fusion due to low Val AUC: 0.6502
No features passed the AUC threshold. Fusion result is None.
ICD10_C67 183
train test split
early fusion
early fusion validation auc: 0.8667557016642695
mid fusion
early fusion validation auc: 0.8568933634682556
later fusion
Feature: uniport_ppi_2017, Epoch 1/100, Train Loss: 0.5594, Val Loss: 0.4472, Train AUC: 0.4611, Val AUC: 0.5739
Feature: uniport_ppi_2017, Epoch 2/100, Train Loss: 0.4343, Val Loss: 0.4035, Train AUC: 0.6464, Val AUC: 0.8095
Feature: uniport_ppi_2017, Epoch 3/100, Train Loss: 0.3819, Val Loss: 0.3714, Train AUC: 0.8008, Val AUC: 0.8274
Feature: uniport_ppi_2017, Epoch 4/100, Train Loss: 0.3508, Val Loss: 0.3466, Train AUC: 0.8417, Val AUC: 0.8362
Feature: uniport_ppi_2017, Epoch 5/100, Train Loss: 0.3188, Val Loss: 0.3307, Train AUC: 0.8769, Val AUC: 0.8344
Feature: uniport_ppi_2017, Epoch 6/100, Train Loss: 0.2937, Val Loss: 0.3233, Train AUC: 0.8921, Val AUC: 0.8342
Feature: uniport_ppi_2017, Epoch 7/100, Train Loss: 0.2630, Val Loss:ICD10_C81 23
train test split
early fusion
early fusion validation auc: 0.8947368421052633
mid fusion
early fusion validation auc: 0.8289473684210527
later fusion
ICD10_D46 15
train test split
early fusion
early fusion validation auc: 0.7023809523809523
mid fusion
early fusion validation auc: 0.6547619047619048
later fusion
ICD10_D57 22
train test split
early fusion
early fusion validation auc: 0.8500000000000001
mid fusion
early fusion validation auc: 0.925
later fusion
Feature: uniport_ppi_2017, Epoch 1/100, Train Loss: 0.6584, Val Loss: 0.6093, Train AUC: 0.7008, Val AUC: 0.4875
Feature: uniport_ppi_2017, Epoch 2/100, Train Loss: 0.5885, Val Loss: 0.5430, Train AUC: 0.6375, Val AUC: 0.5250
Feature: uniport_ppi_2017, Epoch 3/100, Train Loss: 0.5127, Val Loss: 0.4990, Train AUC: 0.6539, Val AUC: 0.5750
Feature: uniport_ppi_2017, Epoch 4/100, Train Loss: 0.4674, Val Loss: 0.4688, Train AUC: 0.7648, Val AUC: 0.6125
Feature: uniport_ppi_2017, Epoch 5/100, Train Loss: 0.4339, Val Loss: 0.4470, Train AUC: 0.7461, Val AUC: 0.6625
Feature: uniport_ppi_2017, Epoch 6/100, Train Loss: 0.3965, Val Loss: 0.4302, Train AUC: 0.8180, Val AUC: 0.6750
Feature: uniport_ppi_2017, Epoch 7/100, Train Loss: 0.3453, Val Loss: 0.4166, Train AUC: 0.9086, Val AUC: 0.6875
Feature: uniport_ppi_2017, Epoch 8/100, Train Loss: 0.3459, Val Loss: 0.4050, Train AUC: 0.8750, Val AUC: 0.7500
Feature: uniport_ppi_2017, Epoch 9/100, Train Loss: 0.3414, Val Loss: 0.3956, Train AUC: 0.8930, Val AUC: 0.7500
Feature: uniport_ppi_2017, Epoch 10/100, Train Loss: 0.3072, Val Loss: 0.3875, Train AUC: 0.9219, Val AUC: 0.7375
Feature: uniport_ppi_2017, Epoch 11/100, Train Loss: 0.2633, Val Loss: 0.3806, Train AUC: 0.9695, Val AUC: 0.7375
Feature: uniport_ppi_2017, Epoch 12/100, Train Loss: 0.2437, Val Loss: 0.3753, Train AUC: 0.9766, Val AUC: 0.7625
Feature: uniport_ppi_2017, Epoch 13/100, Train Loss: 0.2606, Val Loss: 0.3704, Train AUC: 0.9672, Val AUC: 0.7750
Feature: uniport_ppi_2017, Epoch 14/100, Train Loss: 0.2347, Val Loss: 0.3661, Train AUC: 0.9523, Val AUC: 0.8000
Feature: uniport_ppi_2017, Epoch 15/100, Train Loss: 0.2367, Val Loss: 0.3627, Train AUC: 0.9508, Val AUC: 0.8000
Feature: uniport_ppi_2017, Epoch 16/100, Train Loss: 0.2228, Val Loss: 0.3591, Train AUC: 0.9469, Val AUC: 0.8000
Feature: uniport_ppi_2017, Epoch 17/100, Train Loss: 0.1992, Val Loss: 0.3557, Train AUC: 0.9820, Val AUC: 0.8125
Feature: uniport_ppi_2017, Epoch 18/100, Train Loss: 0.1921, Val Loss: 0.3526, Train AUC: 0.9859, Val AUC: 0.8125
Feature: uniport_ppi_2017, Epoch 19/100, Train Loss: 0.1830, Val Loss: 0.3494, Train AUC: 0.9898, Val AUC: 0.8125
Feature: uniport_ppi_2017, Epoch 20/100, Train Loss: 0.1657, Val Loss: 0.3465, Train AUC: 0.9781, Val AUC: 0.8125
Feature: uniport_ppi_2017, Epoch 21/100, Train Loss: 0.1445, Val Loss: 0.3423, Train AUC: 0.9805, Val AUC: 0.8125
Feature: uniport_ppi_2017, Epoch 22/100, Train Loss: 0.1623, Val Loss: 0.3367, Train AUC: 0.9586, Val AUC: 0.8125
Feature: uniport_ppi_2017, Epoch 23/100, Train Loss: 0.1300, Val Loss: 0.3321, Train AUC: 0.9977, Val AUC: 0.8375
Feature: uniport_ppi_2017, Epoch 24/100, Train Loss: 0.1394, Val Loss: 0.3294, Train AUC: 0.9969, Val AUC: 0.8750
Feature: uniport_ppi_2017, Epoch 25/100, Train Loss: 0.1435, Val Loss: 0.3259, Train AUC: 0.9961, Val AUC: 0.8875
Feature: uniport_ppi_2017, Epoch 26/100, Train Loss: 0.1149, Val Loss: 0.3227, Train AUC: 0.9953, Val AUC: 0.8875
Feature: uniport_ppi_2017, Epoch 27/100, Train Loss: 0.1132, Val Loss: 0.3170, Train AUC: 0.9977, Val AUC: 0.8875
Feature: uniport_ppi_2017, Epoch 28/100, Train Loss: 0.1018, Val Loss: 0.3129, Train AUC: 0.9992, Val AUC: 0.9000
Feature: uniport_ppi_2017, Epoch 29/100, Train Loss: 0.1124, Val Loss: 0.3096, Train AUC: 0.9984, Val AUC: 0.9000
Feature: uniport_ppi_2017, Epoch 30/100, Train Loss: 0.1003, Val Loss: 0.3066, Train AUC: 1.0000, Val AUC: 0.9000
Feature: uniport_ppi_2017, Epoch 31/100, Train Loss: 0.0865, Val Loss: 0.3039, Train AUC: 1.0000, Val AUC: 0.9125
Feature: uniport_ppi_2017, Epoch 32/100, Train Loss: 0.1010, Val Loss: 0.3007, Train AUC: 0.9930, Val AUC: 0.9125
Feature: uniport_ppi_2017, Epoch 33/100, Train Loss: 0.0832, Val Loss: 0.2977, Train AUC: 1.0000, Val AUC: 0.9125
Feature: uniport_ppi_2017, Epoch 34/100, Train Loss: 0.0956, Val Loss: 0.2949, Train AUC: 0.9953, Val AUC: 0.9125
Feature: uniport_ppi_2017, Epoch 35/100, Train Loss: 0.0745, Val Loss: 0.2924, Train AUC: 0.9961, Val AUC: 0.9125
Feature: uniport_ppi_2017, Epoch 36/100, Train Loss: 0.0638, Val Loss: 0.2896, Train AUC: 1.0000, Val AUC: 0.9125
Feature: uniport_ppi_2017, Epoch 37/100, Train Loss: 0.0728, Val Loss: 0.2865, Train AUC: 0.9992, Val AUC: 0.9125
Feature: uniport_ppi_2017, Epoch 38/100, Train Loss: 0.0775, Val Loss: 0.2847, Train AUC: 0.9984, Val AUC: 0.9125
Feature: uniport_ppi_2017, Epoch 39/100, Train Loss: 0.0633, Val Loss: 0.2821, Train AUC: 1.0000, Val AUC: 0.9125
Feature: uniport_ppi_2017, Epoch 40/100, Train Loss: 0.0573, Val Loss: 0.2784, Train AUC: 1.0000, Val AUC: 0.9125
Feature: uniport_ppi_2017, Epoch 41/100, Train Loss: 0.0605, Val Loss: 0.2777, Train AUC: 1.0000, Val AUC: 0.9125
Feature: uniport_ppi_2017, Epoch 42/100, Train Loss: 0.0567, Val Loss: 0.2766, Train AUC: 1.0000, Val AUC: 0.9125
Feature: uniport_ppi_2017, Epoch 43/100, Train Loss: 0.0468, Val Loss: 0.2771, Train AUC: 1.0000, Val AUC: 0.9125
Feature: uniport_ppi_2017, Epoch 44/100, Train Loss: 0.0483, Val Loss: 0.2770, Train AUC: 1.0000, Val AUC: 0.9125
Feature: uniport_ppi_2017, Epoch 45/100, Train Loss: 0.0499, Val Loss: 0.2726, Train AUC: 1.0000, Val AUC: 0.9250
Feature: uniport_ppi_2017, Epoch 46/100, Train Loss: 0.0386, Val Loss: 0.2668, Train AUC: 1.0000, Val AUC: 0.9250
Feature: uniport_ppi_2017, Epoch 47/100, Train Loss: 0.0369, Val Loss: 0.2607, Train AUC: 1.0000, Val AUC: 0.9250
Feature: uniport_ppi_2017, Epoch 48/100, Train Loss: 0.0458, Val Loss: 0.2538, Train AUC: 1.0000, Val AUC: 0.9375
Feature: uniport_ppi_2017, Epoch 49/100, Train Loss: 0.0436, Val Loss: 0.2500, Train AUC: 1.0000, Val AUC: 0.9375
Feature: uniport_ppi_2017, Epoch 50/100, Train Loss: 0.0476, Val Loss: 0.2468, Train AUC: 1.0000, Val AUC: 0.9375
Feature: uniport_ppi_2017, Epoch 51/100, Train Loss: 0.0443, Val Loss: 0.2398, Train AUC: 1.0000, Val AUC: 0.9375
Feature: uniport_ppi_2017, Epoch 52/100, Train Loss: 0.0272, Val Loss: 0.2355, Train AUC: 1.0000, Val AUC: 0.9375
Feature: uniport_ppi_2017, Epoch 53/100, Train Loss: 0.0429, Val Loss: 0.2344, Train AUC: 1.0000, Val AUC: 0.9375
Feature: uniport_ppi_2017, Epoch 54/100, Train Loss: 0.0312, Val Loss: 0.2350, Train AUC: 1.0000, Val AUC: 0.9375
Feature: uniport_ppi_2017, Epoch 55/100, Train Loss: 0.0315, Val Loss: 0.2359, Train AUC: 1.0000, Val AUC: 0.9375
Feature: uniport_ppi_2017, Epoch 56/100, Train Loss: 0.0350, Val Loss: 0.2358, Train AUC: 1.0000, Val AUC: 0.9375
Feature: uniport_ppi_2017, Epoch 57/100, Train Loss: 0.0369, Val Loss: 0.2363, Train AUC: 1.0000, Val AUC: 0.9375
Feature: uniport_ppi_2017, Epoch 58/100, Train Loss: 0.0274, Val Loss: 0.2359, Train AUC: 1.0000, Val AUC: 0.9375
Early stopping for feature uniport_ppi_2017 at epoch 58
Best Train AUC for feature uniport_ppi_2017: 1.0000
Best Val AUC for feature uniport_ppi_2017: 0.9375
Feature: uniport_exp, Epoch 1/100, Train Loss: 0.9209, Val Loss: 0.7297, Train AUC: 0.4523, Val AUC: 0.6875
Feature: uniport_exp, Epoch 2/100, Train Loss: 0.7211, Val Loss: 0.6026, Train AUC: 0.5367, Val AUC: 0.6875
Feature: uniport_exp, Epoch 3/100, Train Loss: 0.5646, Val Loss: 0.5263, Train AUC: 0.6914, Val AUC: 0.7375
Feature: uniport_exp, Epoch 4/100, Train Loss: 0.5031, Val Loss: 0.4815, Train AUC: 0.6961, Val AUC: 0.7625
Feature: uniport_exp, Epoch 5/100, Train Loss: 0.4450, Val Loss: 0.4565, Train AUC: 0.8086, Val AUC: 0.7625
Feature: uniport_exp, Epoch 6/100, Train Loss: 0.4300, Val Loss: 0.4416, Train AUC: 0.7844, Val AUC: 0.7500
Feature: uniport_exp, Epoch 7/100, Train Loss: 0.4044, Val Loss: 0.4333, Train AUC: 0.7937, Val AUC: 0.7500
Feature: uniport_exp, Epoch 8/100, Train Loss: 0.3645, Val Loss: 0.4284, Train AUC: 0.8906, Val AUC: 0.7375
Feature: uniport_exp, Epoch 9/100, Train Loss: 0.3641, Val Loss: 0.4251, Train AUC: 0.8727, Val AUC: 0.7500
Feature: uniport_exp, Epoch 10/100, Train Loss: 0.3724, Val Loss: 0.4238, Train AUC: 0.8594, Val AUC: 0.7500
Feature: uniport_exp, Epoch 11/100, Train Loss: 0.3262, Val Loss: 0.4225, Train AUC: 0.9375, Val AUC: 0.7500
Feature: uniport_exp, Epoch 12/100, Train Loss: 0.2904, Val Loss: 0.4217, Train AUC: 0.9937, Val AUC: 0.7250
Feature: uniport_exp, Epoch 13/100, Train Loss: 0.2581, Val Loss: 0.4210, Train AUC: 0.9969, Val AUC: 0.7000
Feature: uniport_exp, Epoch 14/100, Train Loss: 0.2508, Val Loss: 0.4203, Train AUC: 0.9953, Val AUC: 0.7000
Feature: uniport_exp, Epoch 15/100, Train Loss: 0.2601, Val Loss: 0.4191, Train AUC: 0.9703, Val AUC: 0.6875
Feature: uniport_exp, Epoch 16/100, Train Loss: 0.2359, Val Loss: 0.4179, Train AUC: 0.9938, Val AUC: 0.6875
Feature: uniport_exp, Epoch 17/100, Train Loss: 0.2172, Val Loss: 0.4165, Train AUC: 1.0000, Val AUC: 0.6875
Feature: uniport_exp, Epoch 18/100, Train Loss: 0.2199, Val Loss: 0.4153, Train AUC: 0.9938, Val AUC: 0.6875
Feature: uniport_exp, Epoch 19/100, Train Loss: 0.1899, Val Loss: 0.4138, Train AUC: 0.9984, Val AUC: 0.7000
Feature: uniport_exp, Epoch 20/100, Train Loss: 0.1903, Val Loss: 0.4120, Train AUC: 0.9992, Val AUC: 0.7125
Feature: uniport_exp, Epoch 21/100, Train Loss: 0.1725, Val Loss: 0.4106, Train AUC: 1.0000, Val AUC: 0.7375
Feature: uniport_exp, Epoch 22/100, Train Loss: 0.1478, Val Loss: 0.4090, Train AUC: 1.0000, Val AUC: 0.7375
Feature: uniport_exp, Epoch 23/100, Train Loss: 0.1383, Val Loss: 0.4078, Train AUC: 1.0000, Val AUC: 0.7375
Feature: uniport_exp, Epoch 24/100, Train Loss: 0.1303, Val Loss: 0.4070, Train AUC: 1.0000, Val AUC: 0.7375
Feature: uniport_exp, Epoch 25/100, Train Loss: 0.1354, Val Loss: 0.4070, Train AUC: 1.0000, Val AUC: 0.7375
Feature: uniport_exp, Epoch 26/100, Train Loss: 0.1269, Val Loss: 0.4073, Train AUC: 1.0000, Val AUC: 0.7375
Feature: uniport_exp, Epoch 27/100, Train Loss: 0.1069, Val Loss: 0.4079, Train AUC: 1.0000, Val AUC: 0.7375
Feature: uniport_exp, Epoch 28/100, Train Loss: 0.1000, Val Loss: 0.4081, Train AUC: 1.0000, Val AUC: 0.7375
Feature: uniport_exp, Epoch 29/100, Train Loss: 0.1033, Val Loss: 0.4084, Train AUC: 1.0000, Val AUC: 0.7375
Feature: uniport_exp, Epoch 30/100, Train Loss: 0.0890, Val Loss: 0.4094, Train AUC: 1.0000, Val AUC: 0.7375
Early stopping for feature uniport_exp at epoch 30
Best Train AUC for feature uniport_exp: 1.0000
Best Val AUC for feature uniport_exp: 0.7375
Feature: uniport_seq, Epoch 1/100, Train Loss: 0.4984, Val Loss: 0.3910, Train AUC: 0.5305, Val AUC: 0.9125
Feature: uniport_seq, Epoch 2/100, Train Loss: 0.4012, Val Loss: 0.3651, Train AUC: 0.7102, Val AUC: 0.9250
Feature: uniport_seq, Epoch 3/100, Train Loss: 0.3494, Val Loss: 0.3474, Train AUC: 0.8508, Val AUC: 0.9250
Feature: uniport_seq, Epoch 4/100, Train Loss: 0.3200, Val Loss: 0.3264, Train AUC: 0.9164, Val AUC: 0.9500
Feature: uniport_seq, Epoch 5/100, Train Loss: 0.3142, Val Loss: 0.3055, Train AUC: 0.9133, Val AUC: 0.9500
Feature: uniport_seq, Epoch 6/100, Train Loss: 0.2798, Val Loss: 0.2874, Train AUC: 0.9461, Val AUC: 0.9500
Feature: uniport_seq, Epoch 7/100, Train Loss: 0.2524, Val Loss: 0.2784, Train AUC: 0.9703, Val AUC: 0.9500
Feature: uniport_seq, Epoch 8/100, Train Loss: 0.2446, Val Loss: 0.2647, Train AUC: 0.9797, Val AUC: 0.9500
Feature: uniport_seq, Epoch 9/100, Train Loss: 0.2372, Val Loss: 0.2567, Train AUC: 0.9539, Val AUC: 0.9500
Feature: uniport_seq, Epoch 10/100, Train Loss: 0.2029, Val Loss: 0.2460, Train AUC: 0.9750, Val AUC: 0.9500
Feature: uniport_seq, Epoch 11/100, Train Loss: 0.1808, Val Loss: 0.2389, Train AUC: 0.9883, Val AUC: 0.9750
Feature: uniport_seq, Epoch 12/100, Train Loss: 0.1778, Val Loss: 0.2346, Train AUC: 0.9812, Val AUC: 0.9750
Feature: uniport_seq, Epoch 13/100, Train Loss: 0.1426, Val Loss: 0.2350, Train AUC: 1.0000, Val AUC: 0.9625
Feature: uniport_seq, Epoch 14/100, Train Loss: 0.1370, Val Loss: 0.2331, Train AUC: 0.9820, Val AUC: 0.9625
Feature: uniport_seq, Epoch 15/100, Train Loss: 0.1101, Val Loss: 0.2333, Train AUC: 1.0000, Val AUC: 0.9625
Feature: uniport_seq, Epoch 16/100, Train Loss: 0.1012, Val Loss: 0.2331, Train AUC: 1.0000, Val AUC: 0.9625
Feature: uniport_seq, Epoch 17/100, Train Loss: 0.1001, Val Loss: 0.2322, Train AUC: 0.9984, Val AUC: 0.9625
Feature: uniport_seq, Epoch 18/100, Train Loss: 0.0832, Val Loss: 0.2313, Train AUC: 1.0000, Val AUC: 0.9625
Feature: uniport_seq, Epoch 19/100, Train Loss: 0.0818, Val Loss: 0.2302, Train AUC: 1.0000, Val AUC: 0.9625
Feature: uniport_seq, Epoch 20/100, Train Loss: 0.0730, Val Loss: 0.2271, Train AUC: 1.0000, Val AUC: 0.9625
Feature: uniport_seq, Epoch 21/100, Train Loss: 0.0721, Val Loss: 0.2271, Train AUC: 1.0000, Val AUC: 0.9625
Feature: uniport_seq, Epoch 22/100, Train Loss: 0.0774, Val Loss: 0.2289, Train AUC: 1.0000, Val AUC: 0.9625
Feature: uniport_seq, Epoch 23/100, Train Loss: 0.0612, Val Loss: 0.2351, Train AUC: 1.0000, Val AUC: 0.9625
Feature: uniport_seq, Epoch 24/100, Train Loss: 0.0652, Val Loss: 0.2414, Train AUC: 1.0000, Val AUC: 0.9625
Feature: uniport_seq, Epoch 25/100, Train Loss: 0.0487, Val Loss: 0.2420, Train AUC: 1.0000, Val AUC: 0.9625
Feature: uniport_seq, Epoch 26/100, Train Loss: 0.0501, Val Loss: 0.2416, Train AUC: 1.0000, Val AUC: 0.9625
Early stopping for feature uniport_seq at epoch 26
Best Train AUC for feature uniport_seq: 1.0000
Best Val AUC for feature uniport_seq: 0.9625
Feature: uniport_esm, Epoch 1/100, Train Loss: 0.5982, Val Loss: 0.4534, Train AUC: 0.4609, Val AUC: 0.5750
Feature: uniport_esm, Epoch 2/100, Train Loss: 0.4218, Val Loss: 0.4301, Train AUC: 0.6617, Val AUC: 0.6500
Feature: uniport_esm, Epoch 3/100, Train Loss: 0.4032, Val Loss: 0.4154, Train AUC: 0.7750, Val AUC: 0.7250
Feature: uniport_esm, Epoch 4/100, Train Loss: 0.4045, Val Loss: 0.4055, Train AUC: 0.7680, Val AUC: 0.7250
Feature: uniport_esm, Epoch 5/100, Train Loss: 0.4093, Val Loss: 0.3941, Train AUC: 0.7266, Val AUC: 0.7625
Feature: uniport_esm, Epoch 6/100, Train Loss: 0.3773, Val Loss: 0.3830, Train AUC: 0.8438, Val AUC: 0.8250
Feature: uniport_esm, Epoch 7/100, Train Loss: 0.3715, Val Loss: 0.3730, Train AUC: 0.7914, Val AUC: 0.8375
Feature: uniport_esm, Epoch 8/100, Train Loss: 0.3897, Val Loss: 0.3619, Train AUC: 0.7789, Val AUC: 0.8750
Feature: uniport_esm, Epoch 9/100, Train Loss: 0.3744, Val Loss: 0.3517, Train AUC: 0.7844, Val AUC: 0.9000
Feature: uniport_esm, Epoch 10/100, Train Loss: 0.3264, Val Loss: 0.3405, Train AUC: 0.9016, Val AUC: 0.9125
Feature: uniport_esm, Epoch 11/100, Train Loss: 0.3186, Val Loss: 0.3284, Train AUC: 0.8773, Val AUC: 0.9250
Feature: uniport_esm, Epoch 12/100, Train Loss: 0.3105, Val Loss: 0.3191, Train AUC: 0.8562, Val AUC: 0.9125
Feature: uniport_esm, Epoch 13/100, Train Loss: 0.3093, Val Loss: 0.3070, Train AUC: 0.8422, Val AUC: 0.9250
Feature: uniport_esm, Epoch 14/100, Train Loss: 0.2496, Val Loss: 0.2975, Train AUC: 0.9656, Val AUC: 0.9250
Feature: uniport_esm, Epoch 15/100, Train Loss: 0.2313, Val Loss: 0.2867, Train AUC: 0.9336, Val AUC: 0.9375
Feature: uniport_esm, Epoch 16/100, Train Loss: 0.2112, Val Loss: 0.2889, Train AUC: 0.9680, Val AUC: 0.9500
Feature: uniport_esm, Epoch 17/100, Train Loss: 0.2022, Val Loss: 0.2758, Train AUC: 0.9563, Val AUC: 0.9500
Feature: uniport_esm, Epoch 18/100, Train Loss: 0.1942, Val Loss: 0.2595, Train AUC: 0.9859, Val AUC: 0.9500
Feature: uniport_esm, Epoch 19/100, Train Loss: 0.1869, Val Loss: 0.2600, Train AUC: 0.9703, Val AUC: 0.9375
Feature: uniport_esm, Epoch 20/100, Train Loss: 0.1469, Val Loss: 0.2579, Train AUC: 0.9977, Val AUC: 0.9375
Feature: uniport_esm, Epoch 21/100, Train Loss: 0.1430, Val Loss: 0.2379, Train AUC: 0.9922, Val AUC: 0.9500
Feature: uniport_esm, Epoch 22/100, Train Loss: 0.1194, Val Loss: 0.2365, Train AUC: 1.0000, Val AUC: 0.9625
Feature: uniport_esm, Epoch 23/100, Train Loss: 0.1073, Val Loss: 0.2483, Train AUC: 1.0000, Val AUC: 0.9500
Feature: uniport_esm, Epoch 24/100, Train Loss: 0.1122, Val Loss: 0.2365, Train AUC: 0.9984, Val AUC: 0.9375
Feature: uniport_esm, Epoch 25/100, Train Loss: 0.1099, Val Loss: 0.2342, Train AUC: 1.0000, Val AUC: 0.9125
Feature: uniport_esm, Epoch 26/100, Train Loss: 0.1045, Val Loss: 0.2397, Train AUC: 1.0000, Val AUC: 0.9250
Feature: uniport_esm, Epoch 27/100, Train Loss: 0.0697, Val Loss: 0.2369, Train AUC: 1.0000, Val AUC: 0.9250
Feature: uniport_esm, Epoch 28/100, Train Loss: 0.0827, Val Loss: 0.2380, Train AUC: 1.0000, Val AUC: 0.9250
Feature: uniport_esm, Epoch 29/100, Train Loss: 0.0763, Val Loss: 0.2316, Train AUC: 1.0000, Val AUC: 0.9375
Feature: uniport_esm, Epoch 30/100, Train Loss: 0.0681, Val Loss: 0.2326, Train AUC: 1.0000, Val AUC: 0.9500
Feature: uniport_esm, Epoch 31/100, Train Loss: 0.0623, Val Loss: 0.2163, Train AUC: 1.0000, Val AUC: 0.9500
Feature: uniport_esm, Epoch 32/100, Train Loss: 0.0621, Val Loss: 0.1934, Train AUC: 1.0000, Val AUC: 0.9500
Feature: uniport_esm, Epoch 33/100, Train Loss: 0.0452, Val Loss: 0.1834, Train AUC: 1.0000, Val AUC: 0.9750
Feature: uniport_esm, Epoch 34/100, Train Loss: 0.0479, Val Loss: 0.1792, Train AUC: 1.0000, Val AUC: 0.9750
Feature: uniport_esm, Epoch 35/100, Train Loss: 0.0489, Val Loss: 0.1822, Train AUC: 1.0000, Val AUC: 0.9750
Feature: uniport_esm, Epoch 36/100, Train Loss: 0.0366, Val Loss: 0.1910, Train AUC: 1.0000, Val AUC: 0.9750
Feature: uniport_esm, Epoch 37/100, Train Loss: 0.0431, Val Loss: 0.2005, Train AUC: 1.0000, Val AUC: 0.9625
Feature: uniport_esm, Epoch 38/100, Train Loss: 0.0465, Val Loss: 0.1995, Train AUC: 1.0000, Val AUC: 0.9625
Feature: uniport_esm, Epoch 39/100, Train Loss: 0.0401, Val Loss: 0.1889, Train AUC: 1.0000, Val AUC: 0.9625
Early stopping for feature uniport_esm at epoch 39
Best Train AUC for feature uniport_esm: 1.0000
Best Val AUC for feature uniport_esm: 0.9750
ICD10_D66 15
train test split
early fusion
early fusion validation auc: 0.6547619047619048
mid fusion
early fusion validation auc: 0.5714285714285714
later fusion
ICD10_D83 23
train test split
early fusion
early fusion validation auc: 0.8693181818181819
mid fusion
early fusion validation auc: 0.9204545454545455
later fusion
ICD10_E10 104
train test split
early fusion
Epoch 1/100, Train Loss: 0.4525, Val Loss: 0.4164, Train AUC: 0.5992, Val AUC: 0.7319
Epoch 2/100, Train Loss: 0.3850, Val Loss: 0.3920, Train AUC: 0.7753, Val AUC: 0.7628
Epoch 3/100, Train Loss: 0.3449, Val Loss: 0.3597, Train AUC: 0.8471, Val AUC: 0.8095
Epoch 4/100, Train Loss: 0.2760, Val Loss: 0.3350, Train AUC: 0.9120, Val AUC: 0.8322
Epoch 5/100, Train Loss: 0.2180, Val Loss: 0.3297, Train AUC: 0.9579, Val AUC: 0.8322
Epoch 6/100, Train Loss: 0.1855, Val Loss: 0.3201, Train AUC: 0.9633, Val AUC: 0.8571
Epoch 7/100, Train Loss: 0.1372, Val Loss: 0.3303, Train AUC: 0.9889, Val AUC: 0.8396
Epoch 8/100, Train Loss: 0.1186, Val Loss: 0.3450, Train AUC: 0.9884, Val AUC: 0.8423
Epoch 9/100, Train Loss: 0.0892, Val Loss: 0.3403, Train AUC: 0.9968, Val AUC: 0.8484
Epoch 10/100, Train Loss: 0.0802, Val Loss: 0.3531, Train AUC: 0.9977, Val AUC: 0.8451
Epoch 11/100, Train Loss: 0.0564, Val Loss: 0.3948, Train AUC: 0.9999, Val AUC: 0.8479
Early stopping triggered at epoch 11
Best Train AUC: 0.9633, Best Val AUC: 0.8571
early fusion validation auc: 0.872168284789644
mid fusion
Epoch 1/100, Train Loss: 0.5187, Val Loss: 0.4335, Train AUC: 0.5355, Val AUC: 0.7323
Epoch 2/100, Train Loss: 0.3916, Val Loss: 0.3825, Train AUC: 0.8408, Val AUC: 0.7712
Epoch 3/100, Train Loss: 0.3154, Val Loss: 0.3481, Train AUC: 0.9009, Val AUC: 0.8058
Epoch 4/100, Train Loss: 0.2496, Val Loss: 0.3320, Train AUC: 0.9473, Val AUC: 0.8433
Epoch 5/100, Train Loss: 0.1856, Val Loss: 0.3132, Train AUC: 0.9745, Val AUC: 0.8641
Epoch 6/100, Train Loss: 0.1314, Val Loss: 0.2872, Train AUC: 0.9887, Val AUC: 0.8724
Epoch 7/100, Train Loss: 0.0830, Val Loss: 0.3455, Train AUC: 0.9969, Val AUC: 0.8803
Epoch 8/100, Train Loss: 0.0511, Val Loss: 0.3103, Train AUC: 0.9997, Val AUC: 0.8784
Epoch 9/100, Train Loss: 0.0317, Val Loss: 0.3854, Train AUC: 1.0000, Val AUC: 0.8775
Epoch 10/100, Train Loss: 0.0165, Val Loss: 0.4115, Train AUC: 1.0000, Val AUC: 0.8775
Epoch 11/100, Train Loss: 0.0098, Val Loss: 0.3916, Train AUC: 1.0000, Val AUC: 0.8659
Epoch 12/100, Train Loss: 0.0074, Val Loss: 0.4749, Train AUC: 1.0000, Val AUC: 0.8673
Epoch 13/100, Train Loss: 0.0050, Val Loss: 0.4540, Train AUC: 1.0000, Val AUC: 0.8562
Epoch 14/100, Train Loss: 0.0037, Val Loss: 0.4910, Train AUC: 1.0000, Val AUC: 0.8558
Early stopping triggered at epoch 14
Best Train AUC: 0.9887, Best Val AUC: 0.8724
early fusion validation auc: 0.8705501618122977
later fusion
ICD10_E11 266
train test split
early fusion
Epoch 1/100, Train Loss: 0.4576, Val Loss: 0.4171, Train AUC: 0.5920, Val AUC: 0.8506
Epoch 2/100, Train Loss: 0.3863, Val Loss: 0.3568, Train AUC: 0.7757, Val AUC: 0.8498
Epoch 3/100, Train Loss: 0.3086, Val Loss: 0.3018, Train AUC: 0.8831, Val AUC: 0.8919
Epoch 4/100, Train Loss: 0.2562, Val Loss: 0.2992, Train AUC: 0.9162, Val AUC: 0.8919
Epoch 5/100, Train Loss: 0.2120, Val Loss: 0.2750, Train AUC: 0.9490, Val AUC: 0.8999
Epoch 6/100, Train Loss: 0.1764, Val Loss: 0.2814, Train AUC: 0.9714, Val AUC: 0.8991
Epoch 7/100, Train Loss: 0.1527, Val Loss: 0.2832, Train AUC: 0.9699, Val AUC: 0.8903
Epoch 8/100, Train Loss: 0.1211, Val Loss: 0.2986, Train AUC: 0.9843, Val AUC: 0.8858
Epoch 9/100, Train Loss: 0.1015, Val Loss: 0.2940, Train AUC: 0.9917, Val AUC: 0.8948
Epoch 10/100, Train Loss: 0.0890, Val Loss: 0.3357, Train AUC: 0.9906, Val AUC: 0.8844
Early stopping triggered at epoch 10
Best Train AUC: 0.9490, Best Val AUC: 0.8999
early fusion validation auc: 0.8955435235318617
mid fusion
early fusion validation auc: 0.8937526030820491
later fusion
ICD10_E66 255
train test split
early fusion
early fusion validation auc: 0.9057017543859649
mid fusion
Epoch 1/100, Train Loss: 0.4728, Val Loss: 0.3962, Train AUC: 0.5727, Val AUC: 0.8405
Epoch 2/100, Train Loss: 0.3534, Val Loss: 0.3174, Train AUC: 0.8523, Val AUC: 0.8809
Epoch 3/100, Train Loss: 0.2599, Val Loss: 0.2764, Train AUC: 0.9259, Val AUC: 0.9026
Epoch 4/100, Train Loss: 0.1913, Val Loss: 0.2662, Train AUC: 0.9633, Val AUC: 0.9113
Epoch 5/100, Train Loss: 0.1351, Val Loss: 0.2676, Train AUC: 0.9826, Val AUC: 0.9135
Epoch 6/100, Train Loss: 0.1121, Val Loss: 0.2890, Train AUC: 0.9870, Val AUC: 0.9100
Epoch 7/100, Train Loss: 0.0817, Val Loss: 0.2971, Train AUC: 0.9954, Val AUC: 0.9076
Epoch 8/100, Train Loss: 0.0497, Val Loss: 0.3113, Train AUC: 0.9983, Val AUC: 0.9075
Epoch 9/100, Train Loss: 0.0292, Val Loss: 0.3128, Train AUC: 0.9998, Val AUC: 0.9136
Epoch 10/100, Train Loss: 0.0183, Val Loss: 0.3433, Train AUC: 1.0000, Val AUC: 0.9078
Epoch 11/100, Train Loss: 0.0119, Val Loss: 0.3496, Train AUC: 1.0000, Val AUC: 0.9105
Epoch 12/100, Train Loss: 0.0078, Val Loss: 0.3652, Train AUC: 1.0000, Val AUC: 0.9096
Early stopping triggered at epoch 12
Best Train AUC: 0.9633, Best Val AUC: 0.9113
early fusion validation auc: 0.9096491228070176
later fusion
ICD10_E84 42
train test split
early fusion
early fusion validation auc: 0.9330357142857143
mid fusion
early fusion validation auc: 0.8913690476190477
later fusion
ICD10_F01 33
train test split
early fusion
early fusion validation auc: 0.9
mid fusion
early fusion validation auc: 0.8
later fusion
ICD10_F20 816
train test split
early fusion
early fusion validation auc: 0.8072252345629356
mid fusion
early fusion validation auc: 0.799434187016081
later fusion
ICD10_F31 428
train test split
early fusion
early fusion validation auc: 0.8375400091449474
mid fusion
early fusion validation auc: 0.8307575064776711
later fusion
ICD10_F72 31
train test split
early fusion
early fusion validation auc: 0.7039473684210527
mid fusion
early fusion validation auc: 0.7828947368421053
later fusion
Feature: uniport_ppi_2017, Epoch 1/100, Train Loss: 0.6946, Val Loss: 0.5907, Train AUC: 0.4500, Val AUC: 0.7105
Feature: uniport_ppi_2017, Epoch 2/100, Train Loss: 0.5901, Val Loss: 0.5301, Train AUC: 0.5079, Val AUC: 0.7105
Feature: uniport_ppi_2017, Epoch 3/100, Train Loss: 0.5707, Val Loss: 0.4935, Train AUC: 0.3789, Val AUC: 0.7237
Feature: uniport_ppi_2017, Epoch 4/100, Train Loss: 0.5286, Val Loss: 0.4690, Train AUC: 0.4658, Val AUC: 0.7500
Feature: uniport_ppi_2017, Epoch 5/100, Train Loss: 0.4703, Val Loss: 0.4534, Train AUC: 0.6132, Val AUC: 0.7500
Feature: uniport_ppi_2017, Epoch 6/100, Train Loss: 0.4438, Val Loss: 0.4429, Train AUC: 0.6825, Val AUC: 0.7500
Feature: uniport_ppi_2017, Epoch 7/100, Train Loss: 0.4074, Val Loss: 0.4353, Train AUC: 0.7833, Val AUC: 0.7500
Feature: uniport_ppi_2017, Epoch 8/100, Train Loss: 0.3750, Val Loss: 0.4299, Train AUC: 0.8579, Val AUC: 0.7632
Feature: uniport_ppi_2017, Epoch 9/100, Train Loss: 0.3808, Val Loss: 0.4254, Train AUC: 0.8281, Val AUC: 0.7895
Feature: uniport_ppi_2017, Epoch 10/100, Train Loss: 0.3901, Val Loss: 0.4211, Train AUC: 0.7307, Val AUC: 0.7895
Feature: uniport_ppi_2017, Epoch 11/100, Train Loss: 0.3450, Val Loss: 0.4169, Train AUC: 0.9167, Val AUC: 0.8026
Feature: uniport_ppi_2017, Epoch 12/100, Train Loss: 0.3553, Val Loss: 0.4119, Train AUC: 0.8658, Val AUC: 0.8289
Feature: uniport_ppi_2017, Epoch 13/100, Train Loss: 0.3310, Val Loss: 0.4069, Train AUC: 0.9263, Val AUC: 0.8158
Feature: uniport_ppi_2017, Epoch 14/100, Train Loss: 0.3112, Val Loss: 0.4012, Train AUC: 0.9140, Val AUC: 0.8553
Feature: uniport_ppi_2017, Epoch 15/100, Train Loss: 0.2883, Val Loss: 0.3959, Train AUC: 0.9605, Val AUC: 0.8553
Feature: uniport_ppi_2017, Epoch 16/100, Train Loss: 0.2996, Val Loss: 0.3903, Train AUC: 0.9386, Val AUC: 0.8684
Feature: uniport_ppi_2017, Epoch 17/100, Train Loss: 0.3050, Val Loss: 0.3852, Train AUC: 0.9246, Val AUC: 0.8684
Feature: uniport_ppi_2017, Epoch 18/100, Train Loss: 0.2818, Val Loss: 0.3797, Train AUC: 0.9658, Val AUC: 0.8684
Feature: uniport_ppi_2017, Epoch 19/100, Train Loss: 0.2497, Val Loss: 0.3746, Train AUC: 0.9781, Val AUC: 0.8684
Feature: uniport_ppi_2017, Epoch 20/100, Train Loss: 0.2309, Val Loss: 0.3696, Train AUC: 0.9860, Val AUC: 0.8684
Feature: uniport_ppi_2017, Epoch 21/100, Train Loss: 0.2443, Val Loss: 0.3644, Train AUC: 0.9877, Val AUC: 0.8684
Feature: uniport_ppi_2017, Epoch 22/100, Train Loss: 0.2366, Val Loss: 0.3594, Train AUC: 0.9807, Val AUC: 0.8816
Feature: uniport_ppi_2017, Epoch 23/100, Train Loss: 0.2210, Val Loss: 0.3546, Train AUC: 0.9623, Val AUC: 0.8816
Feature: uniport_ppi_2017, Epoch 24/100, Train Loss: 0.1927, Val Loss: 0.3504, Train AUC: 0.9921, Val AUC: 0.8816
Feature: uniport_ppi_2017, Epoch 25/100, Train Loss: 0.1844, Val Loss: 0.3461, Train AUC: 0.9982, Val AUC: 0.8816
Feature: uniport_ppi_2017, Epoch 26/100, Train Loss: 0.1508, Val Loss: 0.3421, Train AUC: 0.9982, Val AUC: 0.8816
Feature: uniport_ppi_2017, Epoch 27/100, Train Loss: 0.1430, Val Loss: 0.3382, Train AUC: 1.0000, Val AUC: 0.8816
Feature: uniport_ppi_2017, Epoch 28/100, Train Loss: 0.1551, Val Loss: 0.3353, Train AUC: 1.0000, Val AUC: 0.8816
Feature: uniport_ppi_2017, Epoch 29/100, Train Loss: 0.1730, Val Loss: 0.3330, Train AUC: 0.9912, Val AUC: 0.8816
Feature: uniport_ppi_2017, Epoch 30/100, Train Loss: 0.1225, Val Loss: 0.3307, Train AUC: 1.0000, Val AUC: 0.8816
Feature: uniport_ppi_2017, Epoch 31/100, Train Loss: 0.1275, Val Loss: 0.3290, Train AUC: 1.0000, Val AUC: 0.8684
Feature: uniport_ppi_2017, Epoch 32/100, Train Loss: 0.1329, Val Loss: 0.3285, Train AUC: 0.9991, Val AUC: 0.8684
Feature: uniport_ppi_2017, Epoch 33/100, Train Loss: 0.1325, Val Loss: 0.3285, Train AUC: 0.9974, Val AUC: 0.8684
Feature: uniport_ppi_2017, Epoch 34/100, Train Loss: 0.1200, Val Loss: 0.3292, Train AUC: 0.9982, Val AUC: 0.8684
Feature: uniport_ppi_2017, Epoch 35/100, Train Loss: 0.1021, Val Loss: 0.3295, Train AUC: 1.0000, Val AUC: 0.8684
Feature: uniport_ppi_2017, Epoch 36/100, Train Loss: 0.0980, Val Loss: 0.3302, Train AUC: 1.0000, Val AUC: 0.8684
Feature: uniport_ppi_2017, Epoch 37/100, Train Loss: 0.0959, Val Loss: 0.3302, Train AUC: 1.0000, Val AUC: 0.8684
Early stopping for feature uniport_ppi_2017 at epoch 37
Best Train AUC for feature uniport_ppi_2017: 0.9991
Best Val AUC for feature uniport_ppi_2017: 0.8684
Feature: uniport_exp, Epoch 1/100, Train Loss: 0.5302, Val Loss: 0.5728, Train AUC: 0.4675, Val AUC: 0.1316
Feature: uniport_exp, Epoch 2/100, Train Loss: 0.4688, Val Loss: 0.5549, Train AUC: 0.6061, Val AUC: 0.0921
Feature: uniport_exp, Epoch 3/100, Train Loss: 0.4256, Val Loss: 0.5448, Train AUC: 0.6982, Val AUC: 0.0921
FeaICD10_F90 20
train test split
early fusion
early fusion validation auc: 0.5
mid fusion
Epoch 1/100, Train Loss: 0.6839, Val Loss: 0.6383, Train AUC: 0.7231, Val AUC: 0.3846
Epoch 2/100, Train Loss: 0.5665, Val Loss: 0.5807, Train AUC: 0.6385, Val AUC: 0.3333
Epoch 3/100, Train Loss: 0.5030, Val Loss: 0.5488, Train AUC: 0.7750, Val AUC: 0.2308
Epoch 4/100, Train Loss: 0.4584, Val Loss: 0.5297, Train AUC: 0.8981, Val AUC: 0.2308
Epoch 5/100, Train Loss: 0.4251, Val Loss: 0.5180, Train AUC: 0.9538, Val AUC: 0.2564
Epoch 6/100, Train Loss: 0.3983, Val Loss: 0.5108, Train AUC: 0.9692, Val AUC: 0.2564
Epoch 7/100, Train Loss: 0.3732, Val Loss: 0.5081, Train AUC: 0.9904, Val AUC: 0.2564
Epoch 8/100, Train Loss: 0.3514, Val Loss: 0.5083, Train AUC: 0.9942, Val AUC: 0.2308
Epoch 9/100, Train Loss: 0.3279, Val Loss: 0.5106, Train AUC: 1.0000, Val AUC: 0.2308
Epoch 10/100, Train Loss: 0.3035, Val Loss: 0.5136, Train AUC: 1.0000, Val AUC: 0.3077
Epoch 11/100, Train Loss: 0.2780, Val Loss: 0.5183, Train AUC: 1.0000, Val AUC: 0.3077
Epoch 12/100, Train Loss: 0.2520, Val Loss: 0.5239, Train AUC: 1.0000, Val AUC: 0.3077
Epoch 13/100, Train Loss: 0.2273, Val Loss: 0.5281, Train AUC: 1.0000, Val AUC: 0.3077
Epoch 14/100, Train Loss: 0.2016, Val Loss: 0.5342, Train AUC: 1.0000, Val AUC: 0.3590
Epoch 15/100, Train Loss: 0.1792, Val Loss: 0.5415, Train AUC: 1.0000, Val AUC: 0.3846
Early stopping triggered at epoch 15
Best Train AUC: 0.9904, Best Val AUC: 0.2564
early fusion validation auc: 0.5
later fusion
ICD10_G10 32
train test split
early fusion
early fusion validation auc: 0.7395833333333333
mid fusion
early fusion validation auc: 0.6796875
later fusion
ICD10_G20 128
train test split
early fusion
early fusion validation auc: 0.7648305084745762
mid fusion
early fusion validation auc: 0.7831920903954803
later fusion
ICD10_G24 21
train test split
early fusion
Epoch 1/100, Train Loss: 0.6645, Val Loss: 0.4245, Train AUC: 0.4659, Val AUC: 0.3704
Epoch 2/100, Train Loss: 0.4213, Val Loss: 0.4191, Train AUC: 0.7569, Val AUC: 0.3889
Epoch 3/100, Train Loss: 0.4084, Val Loss: 0.4163, Train AUC: 0.7452, Val AUC: 0.4815
Epoch 4/100, Train Loss: 0.3790, Val Loss: 0.4161, Train AUC: 0.8433, Val AUC: 0.5000
Epoch 5/100, Train Loss: 0.3687, Val Loss: 0.4166, Train AUC: 0.8134, Val AUC: 0.5556
Epoch 6/100, Train Loss: 0.3649, Val Loss: 0.4207, Train AUC: 0.8603, Val AUC: 0.5556
Epoch 7/100, Train Loss: 0.2969, Val Loss: 0.4218, Train AUC: 0.9883, Val AUC: 0.5000
Epoch 8/100, Train Loss: 0.2930, Val Loss: 0.4213, Train AUC: 0.9691, Val AUC: 0.5000
Epoch 9/100, Train Loss: 0.2657, Val Loss: 0.4234, Train AUC: 0.9542, Val AUC: 0.4815
Early stopping triggered at epoch 9
Best Train AUC: 0.8433, Best Val AUC: 0.5000
early fusion validation auc: 0.5277777777777778
mid fusion
early fusion validation auc: 0.4722222222222222
later fusion
ICD10_G30 179
train test split
early fusion
early fusion validation auc: 0.864279155188246
mid fusion
early fusion validation auc: 0.8611570247933884
later fusion
ICD10_G35 102
train test split
early fusion
early fusion validation auc: 0.947909284195606
mid fusion
early fusion validation auc: 0.9372785258681786
later fusion
ICD10_G40 114
train test split
early fusion
early fusion validation auc: 0.8766711229946524
mid fusion
early fusion validation auc: 0.9147727272727273
later fusion
ICD10_G43 21
train test split
early fusion
Epoch 1/100, Train Loss: 0.6489, Val Loss: 0.4283, Train AUC: 0.4603, Val AUC: 0.4902
Epoch 2/100, Train Loss: 0.4599, Val Loss: 0.4224, Train AUC: 0.5934, Val AUC: 0.5490
Epoch 3/100, Train Loss: 0.3488, Val Loss: 0.4181, Train AUC: 0.9121, Val AUC: 0.5882
Epoch 4/100, Train Loss: 0.3450, Val Loss: 0.4166, Train AUC: 0.8779, Val AUC: 0.5686
Epoch 5/100, Train Loss: 0.3099, Val Loss: 0.4154, Train AUC: 0.9451, Val AUC: 0.6078
Epoch 6/100, Train Loss: 0.3199, Val Loss: 0.4143, Train AUC: 0.9414, Val AUC: 0.5882
Epoch 7/100, Train Loss: 0.2659, Val Loss: 0.4145, Train AUC: 0.9780, Val AUC: 0.6078
Epoch 8/100, Train Loss: 0.2479, Val Loss: 0.4170, Train AUC: 0.9915, Val AUC: 0.6078
Epoch 9/100, Train Loss: 0.2412, Val Loss: 0.4221, Train AUC: 0.9756, Val AUC: 0.6078
Epoch 10/100, Train Loss: 0.1890, Val Loss: 0.4282, Train AUC: 0.9963, Val AUC: 0.5882
Epoch 11/100, Train Loss: 0.1763, Val Loss: 0.4348, Train AUC: 1.0000, Val AUC: 0.6078
Early stopping triggered at epoch 11
Best Train AUC: 0.9414, Best Val AUC: 0.5882
early fusion validation auc: 0.6470588235294118
mid fusion
early fusion validation auc: 0.6274509803921569
later fusion
ICD10_G91 20
train test split
early fusion
early fusion validation auc: 0.7619047619047619
mid fusion
early fusion validation auc: 0.6904761904761905
later fusion
ICD10_H40 18
train test split
early fusion
early fusion validation auc: 0.8425925925925926
mid fusion
early fusion validation auc: 0.6481481481481481
later fusion
ICD10_I10 35
train test split
early fusion
early fusion validation auc: 0.6944444444444444
mid fusion
early fusion validation auc: 0.7291666666666667
later fusion
ICD10_I25 134
train test split
early fusion
early fusion validation auc: 0.8776145972407654
mid fusion
early fusion validation auc: 0.8613707165109035
later fusion
ICD10_I26 15
train test split
early fusion
early fusion validation auc: 0.8214285714285714
mid fusion
early fusion validation auc: 0.8214285714285714
later fusion
ICD10_I42 152
train test split
early fusion
early fusion validation auc: 0.7938632062719653
mid fusion
early fusion validation auc: 0.8314409299810759
later fusion
Feature: uniport_ppi_2017, Epoch 1/100, Train Loss: 0.5360, Val Loss: 0.4432, Train AUC: 0.5795, Val AUC: 0.6091
Feature: uniport_ppi_2017, Epoch 2/100, Train Loss: 0.4264, Val Loss: 0.4007, Train AUC: 0.6734, Val AUC: 0.7578
Feature: uniport_ppi_2017, Epoch 3/100, Train Loss: 0.3759, Val Loss: 0.3685, Train AUC: 0.7920, Val AUC: 0.8075
Feature: uniport_ppi_2017, Epoch 4/100, Train Loss: 0.3199, Val Loss: 0.3428, Train AUC: 0.8810, Val AUC: 0.8237
Feature: uniport_ppi_2017, Epoch 5/100, Train Loss: 0.2929, Val Loss: 0.3276, Train AUC: 0.9023, Val AUC: 0.8367
Feature: uniport_ppi_2017, Epoch 6/100, Train Loss: 0.2349, Val Loss: 0.3164, Train AUC: 0.9482, Val AUC: 0.8459
Feature: uniport_ppi_2017, Epoch 7/100, Train Loss: 0.2188, Val Loss: 0.3160, Train AUC: 0.9482, Val AUC: 0.8513
Feature: uniport_ppi_2017, Epoch 8/100, Train Loss: 0.2109, Val Loss: 0.3180, Train AUC: 0.9514, Val AUC: 0.8551
Feature: uniport_ppi_2017, Epoch 9/100, Train Loss: 0.1814, Val Loss: 0.3194, Train AUC: 0.9659, Val AUC: 0.8497
Feature: uniport_ppi_2017, Epoch 10/100, Train Loss: 0.1692, Val Loss: 0.3280, Train AUC: 0.9678, Val AUC: 0.8464
Feature: uniport_ppi_2017, Epoch 11/100, Train Loss: 0.1384, Val Loss: 0.3397, Train AUC: 0.9834, Val AUC: 0.8386
Feature: uniport_ppi_2017, Epoch 12/100, Train Loss: 0.1273, Val Loss: 0.3494, Train AUC: 0.9837, Val AUC: 0.8354
Early stopping for feature uniport_ppi_2017 at epoch 12
Best Train AUC for feature uniport_ppi_2017: 0.9482
Best Val AUC for feature uniport_ppi_2017: 0.8513
Feature: uniport_exp, Epoch 1/100, Train Loss: 0.5137, Val Loss: 0.4363, Train AUC: 0.5384, Val AUC: 0.5761
Feature: uniport_exp, Epoch 2/100, Train Loss: 0.4309, Val Loss: 0.4245, Train AUC: 0.6453, Val AUC: 0.6150
Feature: uniport_exp, Epoch 3/100, Train Loss: 0.3875, Val Loss: 0.4151, Train AUC: 0.7658, Val AUC: 0.6483
Feature: uniport_exp, Epoch 4/100, Train Loss: 0.3644, Val Loss: 0.4140, Train AUC: 0.8030, Val AUC: 0.6548
Feature: uniport_exp, Epoch 5/100, Train Loss: 0.3385, Val Loss: 0.4178, Train AUC: 0.8381, Val AUC: 0.6456
Feature: uniport_exp, Epoch 6/100, Train Loss: 0.3256, Val Loss: 0.4193, Train AUC: 0.8460, Val AUC: 0.6499
Feature: uniport_exp, Epoch 7/100, Train Loss: 0.2856, Val Loss: 0.4213, Train AUC: 0.9045, Val AUC: 0.6523
Feature: uniport_exp, Epoch 8/100, Train Loss: 0.2629, Val Loss: 0.4321, Train AUC: 0.9310, Val AUC: 0.6369
Feature: uniport_exp, Epoch 9/100, Train Loss: 0.2486, Val Loss: 0.4389, Train AUC: 0.9286, Val AUC: 0.6342
Early stopping for feature uniport_exp at epoch 9
Best Train AUC for feature uniport_exp: 0.8030
Best Val AUC for feature uniport_exp: 0.6548
Feature uniport_exp excluded from fusion due to low Val AUC: 0.6548
Feature: uniport_seq, Epoch 1/100, Train Loss: 0.4911, Val Loss: 0.4396, Train AUC: 0.4864, Val AUC: 0.6061
Feature: uniport_seq, Epoch 2/100, Train Loss: 0.4280, Val Loss: 0.4252, Train AUC: 0.6640, Val AUC: 0.6431
Feature: uniport_seq, Epoch 3/100, Train Loss: 0.4001, Val Loss: 0.4246, Train AUC: 0.7382, Val AUC: 0.6302
Feature: uniport_seq, Epoch 4/100, Train Loss: 0.3513, Val Loss: 0.4268, Train AUC: 0.8238, Val AUC: 0.6237
Feature: uniport_seq, Epoch 5/100, Train Loss: 0.3280, Val Loss: 0.4286, Train AUC: 0.8414, Val AUC: 0.6645
Feature: uniport_seq, Epoch 6/100, Train Loss: 0.3062, Val Loss: 0.4233, Train AUC: 0.8627, Val AUC: 0.6572
Feature: uniport_seq, Epoch 7/100, Train Loss: 0.2930, Val Loss: 0.4285, Train AUC: 0.8709, Val AUC: 0.6550
Feature: uniport_seq, Epoch 8/100, Train Loss: 0.2574, Val Loss: 0.4241, Train AUC: 0.9211, Val AUC: 0.6778
Feature: uniport_seq, Epoch 9/100, Train Loss: 0.2464, Val Loss: 0.4262, Train AUC: 0.9288, Val AUC: 0.6723
Feature: uniport_seq, Epoch 10/100, Train Loss: 0.2199, Val Loss: 0.4257, Train AUC: 0.9415, Val AUC: 0.6772
Feature: uniport_seq, Epoch 11/100, Train Loss: 0.2054, Val Loss: 0.4283, Train AUC: 0.9559, Val AUC: 0.6848
Early stopping for feature uniport_seq at epoch 11
Best Train AUC for feature uniport_seq: 0.8627
Best Val AUC for feature uniport_seq: 0.6572
Feature uniport_seq excluded from fusion due to low Val AUC: 0.6572
Feature: uniport_esm, Epoch 1/100, Train Loss: 0.4773, Val Loss: 0.4397, Train AUC: 0.5357, Val AUC: 0.6421
Feature: uniport_esm, Epoch 2/100, Train Loss: 0.4467, Val Loss: 0.4340, Train AUC: 0.5772, Val AUC: 0.6640
Feature: uniport_esm, Epoch 3/100, Train Loss: 0.4306, Val Loss: 0.4284, Train AUC: 0.6654, Val AUC: 0.6504
Feature: uniport_esm, Epoch 4/100, Train Loss: 0.4178, Val Loss: 0.4261, Train AUC: 0.6892, Val AUC: 0.6488
Feature: uniport_esm, Epoch 5/100, Train Loss: 0.4122, Val Loss: 0.4261, Train AUC: 0.7048, Val AUC: 0.6437
Feature: uniport_esm, Epoch 6/100, Train Loss: 0.4038, Val Loss: 0.4355, Train AUC: 0.7113, Val AUC: 0.6304
Feature: uniport_esm, Epoch 7/100, Train Loss: 0.3774, Val Loss: 0.4352, Train AUC: 0.7805, Val AUC: 0.6129
Feature: uniport_esm, Epoch 8/100, Train Loss: 0.3351, Val Loss: 0.4463, Train AUC: 0.8451, Val AUC: 0.6034
Feature: uniport_esm, Epoch 9/100, Train Loss: 0.3414, Val Loss: 0.4500, Train AUC: 0.8170, Val AUC: 0.6004
Early stopping for feature uniport_esm at epoch 9
Best Train AUC for feature uniport_esm: 0.6892
Best Val AUC for feature uniport_esm: 0.6488
Feature uniport_esm excluded from fusion due to low Val AUC: 0.6488
ICD10_I50 152
train test split
early fusion
early fusion validation auc: 0.8921257062146892
mid fusion
early fusion validation auc: 0.8917725988700564
later fusion
ICD10_I63 37
train test split
early fusion
Epoch 1/100, Train Loss: 0.5356, Val Loss: 0.4072, Train AUC: 0.5207, Val AUC: 0.9265
Epoch 2/100, Train Loss: 0.3902, Val Loss: 0.3909, Train AUC: 0.8099, Val AUC: 0.9265
Epoch 3/100, Train Loss: 0.3731, Val Loss: 0.3699, Train AUC: 0.8712, Val AUC: 0.9388
Epoch 4/100, Train Loss: 0.3364, Val Loss: 0.3460, Train AUC: 0.9283, Val AUC: 0.9388
Epoch 5/100, Train Loss: 0.3228, Val Loss: 0.3253, Train AUC: 0.9520, Val AUC: 0.9306
Epoch 6/100, Train Loss: 0.2806, Val Loss: 0.3041, Train AUC: 0.9548, Val AUC: 0.9265
Epoch 7/100, Train Loss: 0.2449, Val Loss: 0.2788, Train AUC: 0.9480, Val AUC: 0.9306
Epoch 8/100, Train Loss: 0.2160, Val Loss: 0.2714, Train AUC: 0.9625, Val AUC: 0.9306
Epoch 9/100, Train Loss: 0.1935, Val Loss: 0.2827, Train AUC: 0.9671, Val AUC: 0.9265
Epoch 10/100, Train Loss: 0.1700, Val Loss: 0.3193, Train AUC: 0.9745, Val AUC: 0.9184
Epoch 11/100, Train Loss: 0.1309, Val Loss: 0.2898, Train AUC: 0.9982, Val AUC: 0.9184
Epoch 12/100, Train Loss: 0.1038, Val Loss: 0.2849, Train AUC: 0.9916, Val AUC: 0.9224
Epoch 13/100, Train Loss: 0.0991, Val Loss: 0.3019, Train AUC: 0.9911, Val AUC: 0.9306
Early stopping triggered at epoch 13
Best Train AUC: 0.9625, Best Val AUC: 0.9306
early fusion validation auc: 0.9142857142857144
mid fusion
early fusion validation auc: 0.9224489795918367
later fusion
ICD10_I70 64
train test split
early fusion
early fusion validation auc: 0.9467084639498433
mid fusion
early fusion validation auc: 0.9733542319749215
later fusion
ICD10_J45 185
train test split
early fusion
early fusion validation auc: 0.9212191358024691
mid fusion
early fusion validation auc: 0.9489197530864197
later fusion
ICD10_J62 16
train test split
early fusion
early fusion validation auc: 0.8205128205128205
mid fusion
early fusion validation auc: 0.8717948717948718
later fusion
ICD10_J80 51
train test split
early fusion
early fusion validation auc: 0.803
mid fusion
early fusion validation auc: 0.81
later fusion
ICD10_K44 59
train test split
early fusion
early fusion validation auc: 0.8910806174957119
mid fusion
early fusion validation auc: 0.8867924528301887
later fusion
ICD10_K51 74
train test split
early fusion
Epoch 1/100, Train Loss: 0.4686, Val Loss: 0.4171, Train AUC: 0.6314, Val AUC: 0.7633
Epoch 2/100, Train Loss: 0.3791, Val Loss: 0.4039, Train AUC: 0.7913, Val AUC: 0.7645
Epoch 3/100, Train Loss: 0.3274, Val Loss: 0.3913, Train AUC: 0.8558, Val AUC: 0.7834
Epoch 4/100, Train Loss: 0.2852, Val Loss: 0.3826, Train AUC: 0.9087, Val AUC: 0.8000
Epoch 5/100, Train Loss: 0.2510, Val Loss: 0.3395, Train AUC: 0.9357, Val AUC: 0.8473
Epoch 6/100, Train Loss: 0.1933, Val Loss: 0.3272, Train AUC: 0.9746, Val AUC: 0.8604
Epoch 7/100, Train Loss: 0.1563, Val Loss: 0.3087, Train AUC: 0.9891, Val AUC: 0.8876
Epoch 8/100, Train Loss: 0.1169, Val Loss: 0.2790, Train AUC: 0.9973, Val AUC: 0.8982
Epoch 9/100, Train Loss: 0.0943, Val Loss: 0.2897, Train AUC: 0.9982, Val AUC: 0.9053
Epoch 10/100, Train Loss: 0.0746, Val Loss: 0.2896, Train AUC: 0.9999, Val AUC: 0.9018
Epoch 11/100, Train Loss: 0.0549, Val Loss: 0.2936, Train AUC: 1.0000, Val AUC: 0.9195
Epoch 12/100, Train Loss: 0.0435, Val Loss: 0.2949, Train AUC: 1.0000, Val AUC: 0.9231
Epoch 13/100, Train Loss: 0.0391, Val Loss: 0.3041, Train AUC: 1.0000, Val AUC: 0.9231
Early stopping triggered at epoch 13
Best Train AUC: 0.9973, Best Val AUC: 0.8982
early fusion validation auc: 0.9106508875739645
mid fusion
early fusion validation auc: 0.9378698224852071
later fusion
ICD10_L20 56
train test split
early fusion
early fusion validation auc: 0.7644628099173554
mid fusion
early fusion validation auc: 0.8
later fusion
ICD10_L40 70
train test split
early fusion
early fusion validation auc: 0.8846153846153846
mid fusion
early fusion validation auc: 0.9015837104072397
later fusion
ICD10_M32 95
train test split
early fusion
early fusion validation auc: 0.9541062801932367
mid fusion
Epoch 1/100, Train Loss: 0.5198, Val Loss: 0.4233, Train AUC: 0.5700, Val AUC: 0.7977
Epoch 2/100, Train Loss: 0.4035, Val Loss: 0.3582, Train AUC: 0.8348, Val AUC: 0.8829
Epoch 3/100, Train Loss: 0.3284, Val Loss: 0.3040, Train AUC: 0.9228, Val AUC: 0.9173
Epoch 4/100, Train Loss: 0.2578, Val Loss: 0.2589, Train AUC: 0.9623, Val AUC: 0.9366
Epoch 5/100, Train Loss: 0.1857, Val Loss: 0.2313, Train AUC: 0.9834, Val AUC: 0.9396
Epoch 6/100, Train Loss: 0.1204, Val Loss: 0.2123, Train AUC: 0.9959, Val AUC: 0.9420
Epoch 7/100, Train Loss: 0.0728, Val Loss: 0.2182, Train AUC: 0.9991, Val AUC: 0.9354
Epoch 8/100, Train Loss: 0.0440, Val Loss: 0.2379, Train AUC: 0.9999, Val AUC: 0.9402
Epoch 9/100, Train Loss: 0.0261, Val Loss: 0.2428, Train AUC: 1.0000, Val AUC: 0.9450
Epoch 10/100, Train Loss: 0.0153, Val Loss: 0.2480, Train AUC: 1.0000, Val AUC: 0.9450
Epoch 11/100, Train Loss: 0.0101, Val Loss: 0.2634, Train AUC: 1.0000, Val AUC: 0.9444
Epoch 12/100, Train Loss: 0.0074, Val Loss: 0.2767, Train AUC: 1.0000, Val AUC: 0.9420
Epoch 13/100, Train Loss: 0.0053, Val Loss: 0.2826, Train AUC: 1.0000, Val AUC: 0.9457
Epoch 14/100, Train Loss: 0.0041, Val Loss: 0.2877, Train AUC: 1.0000, Val AUC: 0.9450
Early stopping triggered at epoch 14
Best Train AUC: 0.9959, Best Val AUC: 0.9420
early fusion validation auc: 0.9359903381642511
later fusion
ICD10_M34 35
train test split
early fusion
early fusion validation auc: 0.8256302521008404
mid fusion
early fusion validation auc: 0.8781512605042017
later fusion
ICD10_M41 26
train test split
early fusion
early fusion validation auc: 0.7934782608695652
mid fusion
early fusion validation auc: 0.7119565217391304
later fusion
ICD10_N04 72
train test split
early fusion
early fusion validation auc: 0.9061224489795918
mid fusion
early fusion validation auc: 0.9653061224489796
later fusion
ICD10_N17 87
train test split
early fusion
early fusion validation auc: 0.8633814102564102
mid fusion
early fusion validation auc: 0.9002403846153846
later fusion
ICD10_N18 91
train test split
early fusion
early fusion validation auc: 0.913510101010101
mid fusion
early fusion validation auc: 0.9359217171717171
later fusion
ICD10_N46 81
train test split
early fusion
early fusion validation auc: 0.796938775510204
mid fusion
early fusion validation auc: 0.8153061224489796
later fusion
ICD10_N80 148
train test split
early fusion
early fusion validation auc: 0.875125754527163
mid fusion
early fusion validation auc: 0.8877012072434607
later fusion
ICD10_N97 28
train test split
early fusion
early fusion validation auc: 0.384
mid fusion
early fusion validation auc: 0.492
later fusion
ICD10_C23 18
train test split
early fusion
early fusion validation auc: 0.7777777777777778
mid fusion
early fusion validation auc: 0.7777777777777778
later fusion
ICD10_C53 15
train test split
early fusion
early fusion validation auc: 0.375
mid fusion
early fusion validation auc: 0.625
later fusion
