['ppi_2016', 'gene2vec', 'uniport', 'esm2'] 47 12925
ICD10_C16 77
dir exist, checking kernels
loaded kernels:  ['ppi_2016', 'gene2vec', 'uniport', 'esm2', 'linear_fused', 'geo_fused']
evaluation
compute weights based on pathway enrich
Process ForkPoolWorker-19:
Process ForkPoolWorker-2:
Process ForkPoolWorker-17:
Process ForkPoolWorker-20:
Process ForkPoolWorker-8:
Process ForkPoolWorker-5:
Process ForkPoolWorker-4:
Process ForkPoolWorker-13:
Process ForkPoolWorker-18:
Process ForkPoolWorker-9:
Process ForkPoolWorker-3:
Process ForkPoolWorker-10:
Process ForkPoolWorker-1:
Process ForkPoolWorker-14:
Process ForkPoolWorker-15:
Process ForkPoolWorker-12:
Process ForkPoolWorker-16:
Process ForkPoolWorker-11:
Process ForkPoolWorker-6:
Process ForkPoolWorker-7:
Traceback (most recent call last):
  File "/itf-fi-ml/shared/users/ziyuzh/svm/src/model_reindex_fusion_weights.py", line 547, in one_fold_evaluate
Traceback (most recent call last):
Traceback (most recent call last):
Traceback (most recent call last):
Traceback (most recent call last):
Traceback (most recent call last):
Traceback (most recent call last):
Traceback (most recent call last):
Traceback (most recent call last):
Traceback (most recent call last):
Traceback (most recent call last):
  File "/usr/lib64/python3.11/multiprocessing/process.py", line 314, in _bootstrap
    self.run()
  File "/usr/lib64/python3.11/multiprocessing/process.py", line 314, in _bootstrap
    self.run()
  File "/usr/lib64/python3.11/multiprocessing/process.py", line 108, in run
    self._target(*self._args, **self._kwargs)
  File "/usr/lib64/python3.11/multiprocessing/process.py", line 314, in _bootstrap
    self.run()
  File "/usr/lib64/python3.11/multiprocessing/pool.py", line 114, in worker
    task = get()
           ^^^^^
    bagging_y_scores = pool.map(neg_bagging, args_list)
  File "/usr/lib64/python3.11/multiprocessing/queues.py", line 364, in get
    with self._rlock:
  File "/usr/lib64/python3.11/multiprocessing/process.py", line 314, in _bootstrap
    self.run()
  File "/usr/lib64/python3.11/multiprocessing/synchronize.py", line 95, in __enter__
    return self._semlock.__enter__()
           ^^^^^^^^^^^^^^^^^^^^^^^^^
  File "/usr/lib64/python3.11/multiprocessing/process.py", line 314, in _bootstrap
    self.run()
  File "/usr/lib64/python3.11/multiprocessing/process.py", line 108, in run
    self._target(*self._args, **self._kwargs)
  File "/usr/lib64/python3.11/multiprocessing/process.py", line 314, in _bootstrap
    self.run()
Traceback (most recent call last):
  File "/usr/lib64/python3.11/multiprocessing/process.py", line 108, in run
    self._target(*self._args, **self._kwargs)
Traceback (most recent call last):
  File "/usr/lib64/python3.11/multiprocessing/pool.py", line 114, in worker
    task = get()
           ^^^^^
Traceback (most recent call last):
Traceback (most recent call last):
Traceback (most recent call last):
Traceback (most recent call last):
  File "/usr/lib64/python3.11/multiprocessing/process.py", line 314, in _bootstrap
    self.run()
  File "/usr/lib64/python3.11/multiprocessing/process.py", line 108, in run
    self._target(*self._args, **self._kwargs)
  File "/usr/lib64/python3.11/multiprocessing/process.py", line 314, in _bootstrap
    self.run()
  File "/usr/lib64/python3.11/multiprocessing/process.py", line 314, in _bootstrap
    self.run()
  File "/usr/lib64/python3.11/multiprocessing/process.py", line 108, in run
    self._target(*self._args, **self._kwargs)
  File "/usr/lib64/python3.11/multiprocessing/process.py", line 108, in run
    self._target(*self._args, **self._kwargs)
  File "/usr/lib64/python3.11/multiprocessing/pool.py", line 114, in worker
    task = get()
           ^^^^^
                       ^^^^^^^^^^^^^^^^^^^^^^^^^^^^^^^^
  File "/usr/lib64/python3.11/multiprocessing/process.py", line 108, in run
    self._target(*self._args, **self._kwargs)
Traceback (most recent call last):
  File "/usr/lib64/python3.11/multiprocessing/process.py", line 314, in _bootstrap
    self.run()
  File "/usr/lib64/python3.11/multiprocessing/pool.py", line 114, in worker
    task = get()
           ^^^^^
KeyboardInterrupt
  File "/usr/lib64/python3.11/multiprocessing/process.py", line 108, in run
    self._target(*self._args, **self._kwargs)
Traceback (most recent call last):
  File "/usr/lib64/python3.11/multiprocessing/pool.py", line 114, in worker
    task = get()
           ^^^^^
  File "/usr/lib64/python3.11/multiprocessing/queues.py", line 364, in get
    with self._rlock:
  File "/usr/lib64/python3.11/multiprocessing/synchronize.py", line 95, in __enter__
    return self._semlock.__enter__()
           ^^^^^^^^^^^^^^^^^^^^^^^^^
  File "/usr/lib64/python3.11/multiprocessing/queues.py", line 364, in get
    with self._rlock:
Traceback (most recent call last):
KeyboardInterrupt
  File "/usr/lib64/python3.11/multiprocessing/synchronize.py", line 95, in __enter__
    return self._semlock.__enter__()
           ^^^^^^^^^^^^^^^^^^^^^^^^^
  File "/usr/lib64/python3.11/multiprocessing/pool.py", line 114, in worker
    task = get()
           ^^^^^
  File "/usr/lib64/python3.11/multiprocessing/process.py", line 108, in run
    self._target(*self._args, **self._kwargs)
  File "/usr/lib64/python3.11/multiprocessing/process.py", line 314, in _bootstrap
    self.run()
  File "/usr/lib64/python3.11/multiprocessing/process.py", line 314, in _bootstrap
    self.run()
  File "/usr/lib64/python3.11/multiprocessing/process.py", line 108, in run
    self._target(*self._args, **self._kwargs)
  File "/usr/lib64/python3.11/multiprocessing/process.py", line 108, in run
    self._target(*self._args, **self._kwargs)
  File "/usr/lib64/python3.11/multiprocessing/pool.py", line 114, in worker
    task = get()
           ^^^^^
  File "/usr/lib64/python3.11/multiprocessing/pool.py", line 114, in worker
    task = get()
           ^^^^^
  File "/usr/lib64/python3.11/multiprocessing/process.py", line 314, in _bootstrap
    self.run()
  File "/usr/lib64/python3.11/multiprocessing/queues.py", line 364, in get
    with self._rlock:
  File "/usr/lib64/python3.11/multiprocessing/process.py", line 314, in _bootstrap
    self.run()
  File "/usr/lib64/python3.11/multiprocessing/synchronize.py", line 95, in __enter__
    return self._semlock.__enter__()
           ^^^^^^^^^^^^^^^^^^^^^^^^^
  File "/usr/lib64/python3.11/multiprocessing/process.py", line 314, in _bootstrap
    self.run()
  File "/usr/lib64/python3.11/multiprocessing/process.py", line 108, in run
    self._target(*self._args, **self._kwargs)
  File "/usr/lib64/python3.11/multiprocessing/pool.py", line 114, in worker
    task = get()
           ^^^^^
  File "/usr/lib64/python3.11/multiprocessing/pool.py", line 114, in worker
    task = get()
           ^^^^^
  File "/usr/lib64/python3.11/multiprocessing/queues.py", line 364, in get
    with self._rlock:
  File "/usr/lib64/python3.11/multiprocessing/synchronize.py", line 95, in __enter__
    return self._semlock.__enter__()
           ^^^^^^^^^^^^^^^^^^^^^^^^^
  File "/usr/lib64/python3.11/multiprocessing/queues.py", line 364, in get
    with self._rlock:
  File "/usr/lib64/python3.11/multiprocessing/pool.py", line 367, in map
KeyboardInterrupt
  File "/usr/lib64/python3.11/multiprocessing/process.py", line 314, in _bootstrap
    self.run()
  File "/usr/lib64/python3.11/multiprocessing/pool.py", line 114, in worker
    task = get()
           ^^^^^
  File "/usr/lib64/python3.11/multiprocessing/process.py", line 108, in run
    self._target(*self._args, **self._kwargs)
  File "/usr/lib64/python3.11/multiprocessing/queues.py", line 364, in get
    with self._rlock:
  File "/usr/lib64/python3.11/multiprocessing/process.py", line 314, in _bootstrap
    self.run()
Traceback (most recent call last):
  File "/usr/lib64/python3.11/multiprocessing/process.py", line 314, in _bootstrap
    self.run()
  File "/usr/lib64/python3.11/multiprocessing/process.py", line 108, in run
    self._target(*self._args, **self._kwargs)
  File "/usr/lib64/python3.11/multiprocessing/queues.py", line 364, in get
    with self._rlock:
  File "/usr/lib64/python3.11/multiprocessing/pool.py", line 114, in worker
    task = get()
           ^^^^^
KeyboardInterrupt
  File "/usr/lib64/python3.11/multiprocessing/queues.py", line 364, in get
    with self._rlock:
  File "/usr/lib64/python3.11/multiprocessing/pool.py", line 114, in worker
    task = get()
           ^^^^^
  File "/usr/lib64/python3.11/multiprocessing/synchronize.py", line 95, in __enter__
    return self._semlock.__enter__()
           ^^^^^^^^^^^^^^^^^^^^^^^^^
  File "/usr/lib64/python3.11/multiprocessing/process.py", line 314, in _bootstrap
    self.run()
  File "/usr/lib64/python3.11/multiprocessing/queues.py", line 364, in get
    with self._rlock:
  File "/usr/lib64/python3.11/multiprocessing/process.py", line 108, in run
    self._target(*self._args, **self._kwargs)
  File "/usr/lib64/python3.11/multiprocessing/synchronize.py", line 95, in __enter__
    return self._semlock.__enter__()
           ^^^^^^^^^^^^^^^^^^^^^^^^^
  File "/usr/lib64/python3.11/multiprocessing/pool.py", line 114, in worker
    task = get()
           ^^^^^
  File "/usr/lib64/python3.11/multiprocessing/queues.py", line 364, in get
    with self._rlock:
  File "/usr/lib64/python3.11/multiprocessing/synchronize.py", line 95, in __enter__
    return self._semlock.__enter__()
           ^^^^^^^^^^^^^^^^^^^^^^^^^
KeyboardInterrupt
  File "/usr/lib64/python3.11/multiprocessing/process.py", line 108, in run
    self._target(*self._args, **self._kwargs)
KeyboardInterrupt
  File "/usr/lib64/python3.11/multiprocessing/pool.py", line 114, in worker
    task = get()
           ^^^^^
  File "/usr/lib64/python3.11/multiprocessing/queues.py", line 364, in get
    with self._rlock:
  File "/usr/lib64/python3.11/multiprocessing/queues.py", line 364, in get
    with self._rlock:
  File "/usr/lib64/python3.11/multiprocessing/synchronize.py", line 95, in __enter__
    return self._semlock.__enter__()
           ^^^^^^^^^^^^^^^^^^^^^^^^^
  File "/usr/lib64/python3.11/multiprocessing/synchronize.py", line 95, in __enter__
    return self._semlock.__enter__()
           ^^^^^^^^^^^^^^^^^^^^^^^^^
    return self._map_async(func, iterable, mapstar, chunksize).get()
KeyboardInterrupt
  File "/usr/lib64/python3.11/multiprocessing/process.py", line 108, in run
    self._target(*self._args, **self._kwargs)
  File "/usr/lib64/python3.11/multiprocessing/queues.py", line 364, in get
    with self._rlock:
  File "/usr/lib64/python3.11/multiprocessing/synchronize.py", line 95, in __enter__
    return self._semlock.__enter__()
           ^^^^^^^^^^^^^^^^^^^^^^^^^
  File "/usr/lib64/python3.11/multiprocessing/pool.py", line 114, in worker
    task = get()
           ^^^^^
  File "/usr/lib64/python3.11/multiprocessing/process.py", line 108, in run
    self._target(*self._args, **self._kwargs)
  File "/usr/lib64/python3.11/multiprocessing/pool.py", line 114, in worker
    task = get()
           ^^^^^
  File "/usr/lib64/python3.11/multiprocessing/synchronize.py", line 95, in __enter__
    return self._semlock.__enter__()
           ^^^^^^^^^^^^^^^^^^^^^^^^^
  File "/usr/lib64/python3.11/multiprocessing/queues.py", line 364, in get
    with self._rlock:
  File "/usr/lib64/python3.11/multiprocessing/process.py", line 314, in _bootstrap
    self.run()
  File "/usr/lib64/python3.11/multiprocessing/synchronize.py", line 95, in __enter__
    return self._semlock.__enter__()
           ^^^^^^^^^^^^^^^^^^^^^^^^^
  File "/usr/lib64/python3.11/multiprocessing/queues.py", line 364, in get
    with self._rlock:
KeyboardInterrupt
  File "/usr/lib64/python3.11/multiprocessing/process.py", line 108, in run
    self._target(*self._args, **self._kwargs)
  File "/usr/lib64/python3.11/multiprocessing/synchronize.py", line 95, in __enter__
    return self._semlock.__enter__()
           ^^^^^^^^^^^^^^^^^^^^^^^^^
KeyboardInterrupt
KeyboardInterrupt
  File "/usr/lib64/python3.11/multiprocessing/synchronize.py", line 95, in __enter__
    return self._semlock.__enter__()
           ^^^^^^^^^^^^^^^^^^^^^^^^^
KeyboardInterrupt
           ^^^^^^^^^^^^^^^^^^^^^^^^^^^^^^^^^^^^^^^^^^^^^^^^^^^^^^^^^
  File "/usr/lib64/python3.11/multiprocessing/pool.py", line 114, in worker
    task = get()
           ^^^^^
  File "/usr/lib64/python3.11/multiprocessing/pool.py", line 768, in get
  File "/usr/lib64/python3.11/multiprocessing/synchronize.py", line 95, in __enter__
    return self._semlock.__enter__()
           ^^^^^^^^^^^^^^^^^^^^^^^^^
  File "/usr/lib64/python3.11/multiprocessing/queues.py", line 364, in get
    with self._rlock:
KeyboardInterrupt
  File "/usr/lib64/python3.11/multiprocessing/process.py", line 108, in run
    self._target(*self._args, **self._kwargs)
  File "/usr/lib64/python3.11/multiprocessing/queues.py", line 364, in get
    with self._rlock:
KeyboardInterrupt
  File "/usr/lib64/python3.11/multiprocessing/synchronize.py", line 95, in __enter__
    return self._semlock.__enter__()
           ^^^^^^^^^^^^^^^^^^^^^^^^^
  File "/usr/lib64/python3.11/multiprocessing/pool.py", line 125, in worker
    result = (True, func(*args, **kwds))
                    ^^^^^^^^^^^^^^^^^^^
KeyboardInterrupt
  File "/usr/lib64/python3.11/multiprocessing/synchronize.py", line 95, in __enter__
    return self._semlock.__enter__()
           ^^^^^^^^^^^^^^^^^^^^^^^^^
  File "/usr/lib64/python3.11/multiprocessing/pool.py", line 48, in mapstar
    return list(map(*args))
           ^^^^^^^^^^^^^^^^
  File "/itf-fi-ml/shared/users/ziyuzh/svm/src/model_reindex_fusion_weights.py", line 436, in neg_bagging
    train_df = pd.concat([train_pos_df, train_neg_df])
               ^^^^^^^^^^^^^^^^^^^^^^^^^^^^^^^^^^^^^^^
KeyboardInterrupt
  File "/itf-fi-ml/shared/users/ziyuzh/.venv/lib64/python3.11/site-packages/pandas/core/reshape/concat.py", line 395, in concat
    return op.get_result()
           ^^^^^^^^^^^^^^^
KeyboardInterrupt
KeyboardInterrupt
  File "/usr/lib64/python3.11/multiprocessing/pool.py", line 114, in worker
    task = get()
           ^^^^^
  File "/itf-fi-ml/shared/users/ziyuzh/.venv/lib64/python3.11/site-packages/pandas/core/reshape/concat.py", line 684, in get_result
    new_data = concatenate_managers(
               ^^^^^^^^^^^^^^^^^^^^^
KeyboardInterrupt
  File "/itf-fi-ml/shared/users/ziyuzh/.venv/lib64/python3.11/site-packages/pandas/core/internals/concat.py", line 177, in concatenate_managers
    values = np.concatenate(vals, axis=1)  # type: ignore[arg-type]
             ^^^^^^^^^^^^^^^^^^^^^^^^^^^^
  File "/usr/lib64/python3.11/multiprocessing/queues.py", line 365, in get
    res = self._reader.recv_bytes()
          ^^^^^^^^^^^^^^^^^^^^^^^^^
  File "/usr/lib64/python3.11/multiprocessing/connection.py", line 220, in recv_bytes
    buf = self._recv_bytes(maxlength)
          ^^^^^^^^^^^^^^^^^^^^^^^^^^^
  File "/usr/lib64/python3.11/multiprocessing/connection.py", line 441, in _recv_bytes
    return self._recv(size)
           ^^^^^^^^^^^^^^^^
KeyboardInterrupt
  File "/usr/lib64/python3.11/multiprocessing/connection.py", line 399, in _recv
    chunk = read(handle, remaining)
            ^^^^^^^^^^^^^^^^^^^^^^^
KeyboardInterrupt
    self.wait(timeout)
  File "/usr/lib64/python3.11/multiprocessing/pool.py", line 765, in wait
    self._event.wait(timeout)
  File "/usr/lib64/python3.11/threading.py", line 629, in wait
    signaled = self._cond.wait(timeout)
               ^^^^^^^^^^^^^^^^^^^^^^^^
  File "/usr/lib64/python3.11/threading.py", line 327, in wait
    waiter.acquire()
KeyboardInterrupt

During handling of the above exception, another exception occurred:

Traceback (most recent call last):
  File "/itf-fi-ml/shared/users/ziyuzh/svm/src/main_reindex_time_fusion_weights.py", line 83, in <module>
    result_df = evaluate_disease(disease, time, feature_list, df, y, methods,time_spilt)
                ^^^^^^^^^^^^^^^^^^^^^^^^^^^^^^^^^^^^^^^^^^^^^^^^^^^^^^^^^^^^^^^^^^^^^^^^
  File "/itf-fi-ml/shared/users/ziyuzh/svm/src/model_reindex_fusion_weights.py", line 706, in evaluate_disease
    one_fold_evaluate(disease, time, feature_list, df,y,train_idx,test_idx,methods,result_df,1)
  File "/itf-fi-ml/shared/users/ziyuzh/svm/src/model_reindex_fusion_weights.py", line 546, in one_fold_evaluate
    with Pool(processes=num_processes) as pool:
  File "/usr/lib64/python3.11/multiprocessing/pool.py", line 739, in __exit__
    self.terminate()
  File "/usr/lib64/python3.11/multiprocessing/pool.py", line 657, in terminate
    self._terminate()
  File "/usr/lib64/python3.11/multiprocessing/util.py", line 227, in __call__
    res = self._callback(*self._args, **self._kwargs)
          ^^^^^^^^^^^^^^^^^^^^^^^^^^^^^^^^^^^^^^^^^^^
  File "/usr/lib64/python3.11/multiprocessing/pool.py", line 695, in _terminate_pool
    cls._help_stuff_finish(inqueue, task_handler, len(pool))
  File "/usr/lib64/python3.11/multiprocessing/pool.py", line 677, in _help_stuff_finish
    inqueue._reader.recv()
  File "/usr/lib64/python3.11/multiprocessing/connection.py", line 255, in recv
    return _ForkingPickler.loads(buf.getbuffer())
           ^^^^^^^^^^^^^^^^^^^^^^^^^^^^^^^^^^^^^^
EOFError: Ran out of input
