['ppi_2019', 'bioconcept', 'uniport', 'esm2'] 40 12134
ICD10_C16 67
evaluation
ICD10_C18 38
evaluation
ICD10_C43 27
evaluation
ICD10_C50 398
evaluation
ICD10_C56 84
evaluation
ICD10_C67 138
evaluation
ICD10_C81 17
evaluation
ICD10_D57 16
evaluation
ICD10_D83 16
evaluation
ICD10_E11 183
evaluation
ICD10_E66 199
evaluation
ICD10_F20 605
evaluation
ICD10_F31 321
evaluation
ICD10_F72 24
evaluation
ICD10_F90 17
evaluation
ICD10_G10 24
evaluation
ICD10_G20 96
evaluation
ICD10_G24 20
evaluation
ICD10_G30 138
evaluation
ICD10_G40 89
evaluation
ICD10_G43 17
evaluation
ICD10_G91 18
evaluation
ICD10_I10 24
evaluation
ICD10_I25 101
evaluation
ICD10_I42 115
evaluation
ICD10_I50 116
evaluation
ICD10_I63 25
evaluation
ICD10_I70 51
evaluation
ICD10_J80 41
evaluation
ICD10_K44 42
evaluation
ICD10_K51 50
evaluation
ICD10_L20 43
evaluation
ICD10_L40 47
evaluation
ICD10_M32 66
evaluation
ICD10_N04 63
evaluation
ICD10_N17 67
evaluation
ICD10_N18 69
evaluation
ICD10_N46 59
evaluation
ICD10_N80 109
evaluation
ICD10_N97 24
evaluation
