['uniport_ppi_2019', 'uniport_bio', 'uniport_seq', 'uniport_esm'] 48 15686
ICD10_C16 90
dir exist, checking kernels
loaded kernels:  ['uniport_ppi_2019', 'uniport_bio', 'uniport_seq', 'uniport_esm', 'linear_fused', 'geo_fused']
evaluation
compute weights based on pathway enrich
Process ForkPoolWorker-13:
Process ForkPoolWorker-14:
Process ForkPoolWorker-9:
Process ForkPoolWorker-11:
Process ForkPoolWorker-12:
Process ForkPoolWorker-6:
Process ForkPoolWorker-7:
Process ForkPoolWorker-5:
Process ForkPoolWorker-3:
Process ForkPoolWorker-4:
Process ForkPoolWorker-2:
Process ForkPoolWorker-10:
Process ForkPoolWorker-15:
Process ForkPoolWorker-1:
Traceback (most recent call last):
Traceback (most recent call last):
Traceback (most recent call last):
Traceback (most recent call last):
Traceback (most recent call last):
Traceback (most recent call last):
Traceback (most recent call last):
Traceback (most recent call last):
Traceback (most recent call last):
Traceback (most recent call last):
Traceback (most recent call last):
Traceback (most recent call last):
Traceback (most recent call last):
  File "/usr/lib64/python3.11/multiprocessing/process.py", line 314, in _bootstrap
    self.run()
  File "/usr/lib64/python3.11/multiprocessing/process.py", line 314, in _bootstrap
    self.run()
  File "/usr/lib64/python3.11/multiprocessing/process.py", line 108, in run
    self._target(*self._args, **self._kwargs)
  File "/usr/lib64/python3.11/multiprocessing/process.py", line 314, in _bootstrap
    self.run()
  File "/usr/lib64/python3.11/multiprocessing/pool.py", line 114, in worker
    task = get()
           ^^^^^
  File "/usr/lib64/python3.11/multiprocessing/process.py", line 108, in run
    self._target(*self._args, **self._kwargs)
  File "/usr/lib64/python3.11/multiprocessing/process.py", line 314, in _bootstrap
    self.run()
  File "/usr/lib64/python3.11/multiprocessing/pool.py", line 114, in worker
    task = get()
           ^^^^^
  File "/usr/lib64/python3.11/multiprocessing/process.py", line 108, in run
    self._target(*self._args, **self._kwargs)
  File "/usr/lib64/python3.11/multiprocessing/process.py", line 314, in _bootstrap
    self.run()
  File "/usr/lib64/python3.11/multiprocessing/process.py", line 314, in _bootstrap
    self.run()
  File "/usr/lib64/python3.11/multiprocessing/process.py", line 108, in run
    self._target(*self._args, **self._kwargs)
  File "/usr/lib64/python3.11/multiprocessing/process.py", line 314, in _bootstrap
    self.run()
  File "/usr/lib64/python3.11/multiprocessing/process.py", line 108, in run
    self._target(*self._args, **self._kwargs)
  File "/usr/lib64/python3.11/multiprocessing/pool.py", line 114, in worker
    task = get()
           ^^^^^
Traceback (most recent call last):
  File "/usr/lib64/python3.11/multiprocessing/pool.py", line 114, in worker
    task = get()
           ^^^^^
  File "/usr/lib64/python3.11/multiprocessing/process.py", line 314, in _bootstrap
    self.run()
  File "/usr/lib64/python3.11/multiprocessing/queues.py", line 364, in get
    with self._rlock:
  File "/usr/lib64/python3.11/multiprocessing/process.py", line 314, in _bootstrap
    self.run()
  File "/usr/lib64/python3.11/multiprocessing/process.py", line 108, in run
    self._target(*self._args, **self._kwargs)
  File "/usr/lib64/python3.11/multiprocessing/synchronize.py", line 95, in __enter__
    return self._semlock.__enter__()
           ^^^^^^^^^^^^^^^^^^^^^^^^^
  File "/usr/lib64/python3.11/multiprocessing/process.py", line 314, in _bootstrap
    self.run()
  File "/usr/lib64/python3.11/multiprocessing/pool.py", line 114, in worker
    task = get()
           ^^^^^
  File "/usr/lib64/python3.11/multiprocessing/process.py", line 108, in run
    self._target(*self._args, **self._kwargs)
  File "/usr/lib64/python3.11/multiprocessing/process.py", line 314, in _bootstrap
    self.run()
  File "/usr/lib64/python3.11/multiprocessing/queues.py", line 364, in get
    with self._rlock:
  File "/usr/lib64/python3.11/multiprocessing/pool.py", line 114, in worker
    task = get()
           ^^^^^
  File "/usr/lib64/python3.11/multiprocessing/synchronize.py", line 95, in __enter__
    return self._semlock.__enter__()
           ^^^^^^^^^^^^^^^^^^^^^^^^^
  File "/usr/lib64/python3.11/multiprocessing/process.py", line 108, in run
    self._target(*self._args, **self._kwargs)
  File "/usr/lib64/python3.11/multiprocessing/process.py", line 108, in run
    self._target(*self._args, **self._kwargs)
  File "/usr/lib64/python3.11/multiprocessing/queues.py", line 364, in get
    with self._rlock:
  File "/usr/lib64/python3.11/multiprocessing/synchronize.py", line 95, in __enter__
    return self._semlock.__enter__()
           ^^^^^^^^^^^^^^^^^^^^^^^^^
  File "/usr/lib64/python3.11/multiprocessing/process.py", line 314, in _bootstrap
    self.run()
  File "/usr/lib64/python3.11/multiprocessing/process.py", line 314, in _bootstrap
    self.run()
  File "/usr/lib64/python3.11/multiprocessing/process.py", line 108, in run
    self._target(*self._args, **self._kwargs)
  File "/usr/lib64/python3.11/multiprocessing/process.py", line 108, in run
    self._target(*self._args, **self._kwargs)
  File "/usr/lib64/python3.11/multiprocessing/pool.py", line 114, in worker
    task = get()
           ^^^^^
  File "/usr/lib64/python3.11/multiprocessing/queues.py", line 364, in get
    with self._rlock:
  File "/usr/lib64/python3.11/multiprocessing/queues.py", line 364, in get
    with self._rlock:
  File "/usr/lib64/python3.11/multiprocessing/queues.py", line 364, in get
    with self._rlock:
  File "/usr/lib64/python3.11/multiprocessing/process.py", line 108, in run
    self._target(*self._args, **self._kwargs)
  File "/usr/lib64/python3.11/multiprocessing/synchronize.py", line 95, in __enter__
    return self._semlock.__enter__()
           ^^^^^^^^^^^^^^^^^^^^^^^^^
  File "/usr/lib64/python3.11/multiprocessing/pool.py", line 114, in worker
    task = get()
           ^^^^^
  File "/usr/lib64/python3.11/multiprocessing/process.py", line 314, in _bootstrap
    self.run()
  File "/usr/lib64/python3.11/multiprocessing/process.py", line 108, in run
    self._target(*self._args, **self._kwargs)
KeyboardInterrupt
  File "/usr/lib64/python3.11/multiprocessing/pool.py", line 114, in worker
    task = get()
           ^^^^^
  File "/usr/lib64/python3.11/multiprocessing/queues.py", line 364, in get
    with self._rlock:
  File "/usr/lib64/python3.11/multiprocessing/queues.py", line 364, in get
    with self._rlock:
  File "/usr/lib64/python3.11/multiprocessing/synchronize.py", line 95, in __enter__
    return self._semlock.__enter__()
           ^^^^^^^^^^^^^^^^^^^^^^^^^
  File "/usr/lib64/python3.11/multiprocessing/pool.py", line 114, in worker
    task = get()
           ^^^^^
  File "/usr/lib64/python3.11/multiprocessing/pool.py", line 114, in worker
    task = get()
           ^^^^^
  File "/usr/lib64/python3.11/multiprocessing/queues.py", line 364, in get
    with self._rlock:
KeyboardInterrupt
  File "/usr/lib64/python3.11/multiprocessing/synchronize.py", line 95, in __enter__
    return self._semlock.__enter__()
           ^^^^^^^^^^^^^^^^^^^^^^^^^
KeyboardInterrupt
KeyboardInterrupt
  File "/usr/lib64/python3.11/multiprocessing/process.py", line 108, in run
    self._target(*self._args, **self._kwargs)
  File "/usr/lib64/python3.11/multiprocessing/pool.py", line 114, in worker
    task = get()
           ^^^^^
  File "/usr/lib64/python3.11/multiprocessing/pool.py", line 114, in worker
    task = get()
           ^^^^^
  File "/usr/lib64/python3.11/multiprocessing/queues.py", line 364, in get
    with self._rlock:
  File "/usr/lib64/python3.11/multiprocessing/synchronize.py", line 95, in __enter__
    return self._semlock.__enter__()
           ^^^^^^^^^^^^^^^^^^^^^^^^^
  File "/usr/lib64/python3.11/multiprocessing/queues.py", line 364, in get
    with self._rlock:
  File "/usr/lib64/python3.11/multiprocessing/synchronize.py", line 95, in __enter__
    return self._semlock.__enter__()
           ^^^^^^^^^^^^^^^^^^^^^^^^^
  File "/usr/lib64/python3.11/multiprocessing/synchronize.py", line 95, in __enter__
    return self._semlock.__enter__()
           ^^^^^^^^^^^^^^^^^^^^^^^^^
  File "/usr/lib64/python3.11/multiprocessing/synchronize.py", line 95, in __enter__
    return self._semlock.__enter__()
           ^^^^^^^^^^^^^^^^^^^^^^^^^
  File "/usr/lib64/python3.11/multiprocessing/pool.py", line 114, in worker
    task = get()
           ^^^^^
  File "/usr/lib64/python3.11/multiprocessing/queues.py", line 364, in get
    with self._rlock:
  File "/usr/lib64/python3.11/multiprocessing/synchronize.py", line 95, in __enter__
    return self._semlock.__enter__()
           ^^^^^^^^^^^^^^^^^^^^^^^^^
  File "/usr/lib64/python3.11/multiprocessing/queues.py", line 364, in get
    with self._rlock:
KeyboardInterrupt
  File "/usr/lib64/python3.11/multiprocessing/synchronize.py", line 95, in __enter__
    return self._semlock.__enter__()
           ^^^^^^^^^^^^^^^^^^^^^^^^^
  File "/usr/lib64/python3.11/multiprocessing/synchronize.py", line 95, in __enter__
    return self._semlock.__enter__()
           ^^^^^^^^^^^^^^^^^^^^^^^^^
KeyboardInterrupt
  File "/usr/lib64/python3.11/multiprocessing/queues.py", line 364, in get
    with self._rlock:
  File "/usr/lib64/python3.11/multiprocessing/synchronize.py", line 95, in __enter__
    return self._semlock.__enter__()
           ^^^^^^^^^^^^^^^^^^^^^^^^^
KeyboardInterrupt
KeyboardInterrupt
KeyboardInterrupt
KeyboardInterrupt
KeyboardInterrupt
KeyboardInterrupt
KeyboardInterrupt
KeyboardInterrupt
Process ForkPoolWorker-8:
Traceback (most recent call last):
  File "/itf-fi-ml/shared/users/ziyuzh/svm/src/model_reindex_fusion_weights_uniport.py", line 403, in one_fold_evaluate
    bagging_y_scores = pool.map(neg_bagging, args_list)
                       ^^^^^^^^^^^^^^^^^^^^^^^^^^^^^^^^
Traceback (most recent call last):
  File "/usr/lib64/python3.11/multiprocessing/pool.py", line 367, in map
    return self._map_async(func, iterable, mapstar, chunksize).get()
  File "/usr/lib64/python3.11/multiprocessing/process.py", line 314, in _bootstrap
    self.run()
  File "/usr/lib64/python3.11/multiprocessing/process.py", line 108, in run
    self._target(*self._args, **self._kwargs)
  File "/usr/lib64/python3.11/multiprocessing/pool.py", line 114, in worker
    task = get()
           ^^^^^
  File "/usr/lib64/python3.11/multiprocessing/queues.py", line 365, in get
    res = self._reader.recv_bytes()
          ^^^^^^^^^^^^^^^^^^^^^^^^^
  File "/usr/lib64/python3.11/multiprocessing/connection.py", line 220, in recv_bytes
    buf = self._recv_bytes(maxlength)
          ^^^^^^^^^^^^^^^^^^^^^^^^^^^
  File "/usr/lib64/python3.11/multiprocessing/connection.py", line 441, in _recv_bytes
    return self._recv(size)
           ^^^^^^^^^^^^^^^^
  File "/usr/lib64/python3.11/multiprocessing/connection.py", line 406, in _recv
    buf.write(chunk)
           ^^^^^^^^^^^^^^^^^^^^^^^^^^^^^^^^^^^^^^^^^^^^^^^^^^^^^^^^^
KeyboardInterrupt
  File "/usr/lib64/python3.11/multiprocessing/pool.py", line 768, in get
    self.wait(timeout)
  File "/usr/lib64/python3.11/multiprocessing/pool.py", line 765, in wait
    self._event.wait(timeout)
  File "/usr/lib64/python3.11/threading.py", line 629, in wait
    signaled = self._cond.wait(timeout)
               ^^^^^^^^^^^^^^^^^^^^^^^^
  File "/usr/lib64/python3.11/threading.py", line 327, in wait
    waiter.acquire()
KeyboardInterrupt

During handling of the above exception, another exception occurred:

Traceback (most recent call last):
  File "/itf-fi-ml/shared/users/ziyuzh/svm/src/main_reindex_time_fusion_weights_uniport.py", line 84, in <module>
    result_df = evaluate_disease(disease, time, feature_list, df, y, methods,time_spilt)
                ^^^^^^^^^^^^^^^^^^^^^^^^^^^^^^^^^^^^^^^^^^^^^^^^^^^^^^^^^^^^^^^^^^^^^^^^
  File "/itf-fi-ml/shared/users/ziyuzh/svm/src/model_reindex_fusion_weights_uniport.py", line 473, in evaluate_disease
    one_fold_evaluate(disease, time, feature_list, df,y,train_idx,test_idx,methods,result_df,1)
  File "/itf-fi-ml/shared/users/ziyuzh/svm/src/model_reindex_fusion_weights_uniport.py", line 402, in one_fold_evaluate
    with Pool(processes=num_processes) as pool:
  File "/usr/lib64/python3.11/multiprocessing/pool.py", line 739, in __exit__
    self.terminate()
  File "/usr/lib64/python3.11/multiprocessing/pool.py", line 657, in terminate
    self._terminate()
  File "/usr/lib64/python3.11/multiprocessing/util.py", line 227, in __call__
    res = self._callback(*self._args, **self._kwargs)
          ^^^^^^^^^^^^^^^^^^^^^^^^^^^^^^^^^^^^^^^^^^^
  File "/usr/lib64/python3.11/multiprocessing/pool.py", line 695, in _terminate_pool
    cls._help_stuff_finish(inqueue, task_handler, len(pool))
  File "/usr/lib64/python3.11/multiprocessing/pool.py", line 677, in _help_stuff_finish
    inqueue._reader.recv()
  File "/usr/lib64/python3.11/multiprocessing/connection.py", line 255, in recv
    return _ForkingPickler.loads(buf.getbuffer())
           ^^^^^^^^^^^^^^^^^^^^^^^^^^^^^^^^^^^^^^
EOFError: Ran out of input
